Encountered two children with the same key, `101`. Keys should be unique so that components maintain their identity across updates. Non-unique keys may cause children to be duplicated and/or omitted — the behavior is unsupported and could change in a future version.
TAP version 13
Encountered two children with the same key, `101`. Keys should be unique so that components maintain their identity across updates. Non-unique keys may cause children to be duplicated and/or omitted — the behavior is unsupported and could change in a future version.
Encountered two children with the same key, `101`. Keys should be unique so that components maintain their identity across updates. Non-unique keys may cause children to be duplicated and/or omitted — the behavior is unsupported and could change in a future version.
Encountered two children with the same key, `101`. Keys should be unique so that components maintain their identity across updates. Non-unique keys may cause children to be duplicated and/or omitted — the behavior is unsupported and could change in a future version.
Encountered two children with the same key, `101`. Keys should be unique so that components maintain their identity across updates. Non-unique keys may cause children to be duplicated and/or omitted — the behavior is unsupported and could change in a future version.
Encountered two children with the same key, `101`. Keys should be unique so that components maintain their identity across updates. Non-unique keys may cause children to be duplicated and/or omitted — the behavior is unsupported and could change in a future version.
# Subtest: E5-RECEPTION-DOCUMENT-UNIQUE
not ok 1 - E5-RECEPTION-DOCUMENT-UNIQUE
  ---
  duration_ms: 276.731121
  type: 'test'
  location: '/tmp/e5-node-2x4non/E5-RECEPTION-DOCUMENT-UNIQUE-red/artifacts/mariana-textil/case.test.cjs:61520:27'
  failureType: 'testCodeFailure'
  error: |-
    E5-RECEPTION-DOCUMENT-UNIQUE
    
    4 !== 3
    
  code: 'ERR_ASSERTION'
  name: 'AssertionError'
  expected: 3
  actual: 4
  operator: 'strictEqual'
  stack: |-
    TestContext.<anonymous> (/tmp/e5-node-2x4non/E5-RECEPTION-DOCUMENT-UNIQUE-red/artifacts/mariana-textil/case.test.cjs:61523:25)
    async Test.run (node:internal/test_runner/test:1113:7)
    async startSubtestAfterBootstrap (node:internal/test_runner/harness:358:3)
  ...
1..1
# tests 1
# suites 0
# pass 0
# fail 1
# cancelled 0
# skipped 0
# todo 0
# duration_ms 3150.119389
