TAP version 13
# Subtest: E5-RECEPTION-TRANSFER-OPERATIVE
not ok 1 - E5-RECEPTION-TRANSFER-OPERATIVE
  ---
  duration_ms: 400.397089
  type: 'test'
  location: '/tmp/e5-node-2x4non/E5-RECEPTION-TRANSFER-OPERATIVE-red/artifacts/mariana-textil/case.test.cjs:61543:27'
  failureType: 'testCodeFailure'
  error: |-
    E5-RECEPTION-TRANSFER-OPERATIVE
    
    undefined !== 456
    
  code: 'ERR_ASSERTION'
  name: 'AssertionError'
  expected: 456
  operator: 'strictEqual'
  stack: |-
    TestContext.<anonymous> (/tmp/e5-node-2x4non/E5-RECEPTION-TRANSFER-OPERATIVE-red/artifacts/mariana-textil/case.test.cjs:61549:25)
    async Test.run (node:internal/test_runner/test:1113:7)
    async startSubtestAfterBootstrap (node:internal/test_runner/harness:358:3)
  ...
1..1
# tests 1
# suites 0
# pass 0
# fail 1
# cancelled 0
# skipped 0
# todo 0
# duration_ms 5208.42218
