TAP version 13
# Subtest: E11-FINANCE-ACCOUNT-PAGE
not ok 1 - E11-FINANCE-ACCOUNT-PAGE
  ---
  duration_ms: 221.555576
  type: 'test'
  location: '/tmp/e11-node-m0yxCb/E11-FINANCE-ACCOUNT-PAGE-red/artifacts/mariana-textil/case.test.cjs:71497:27'
  failureType: 'testCodeFailure'
  error: |-
    E11-FINANCE-ACCOUNT-PAGE
    
    false !== true
    
  code: 'ERR_ASSERTION'
  name: 'AssertionError'
  expected: true
  actual: false
  operator: 'strictEqual'
  stack: |-
    check (/tmp/e11-node-m0yxCb/E11-FINANCE-ACCOUNT-PAGE-red/artifacts/mariana-textil/case.test.cjs:70738:46)
    paginate (/tmp/e11-node-m0yxCb/E11-FINANCE-ACCOUNT-PAGE-red/artifacts/mariana-textil/case.test.cjs:71489:3)
    async TestContext.<anonymous> (/tmp/e11-node-m0yxCb/E11-FINANCE-ACCOUNT-PAGE-red/artifacts/mariana-textil/case.test.cjs:71501:3)
    async Test.run (node:internal/test_runner/test:1113:7)
    async startSubtestAfterBootstrap (node:internal/test_runner/harness:358:3)
  ...
1..1
# tests 1
# suites 0
# pass 0
# fail 1
# cancelled 0
# skipped 0
# todo 0
# duration_ms 2601.405525
