TAP version 13
# Subtest: E11-CALENDAR-MONTH-FIRST
not ok 1 - E11-CALENDAR-MONTH-FIRST
  ---
  duration_ms: 166.265896
  type: 'test'
  location: '/tmp/e11-node-m0yxCb/E11-CALENDAR-MONTH-FIRST-red/artifacts/mariana-textil/case.test.cjs:71369:27'
  failureType: 'testCodeFailure'
  error: |-
    E11-CALENDAR-MONTH-FIRST
    
    false !== true
    
  code: 'ERR_ASSERTION'
  name: 'AssertionError'
  expected: true
  actual: false
  operator: 'strictEqual'
  stack: |-
    periodButton (/tmp/e11-node-m0yxCb/E11-CALENDAR-MONTH-FIRST-red/artifacts/mariana-textil/case.test.cjs:71367:25)
    async TestContext.<anonymous> (/tmp/e11-node-m0yxCb/E11-CALENDAR-MONTH-FIRST-red/artifacts/mariana-textil/case.test.cjs:71370:3)
    async Test.run (node:internal/test_runner/test:1113:7)
    async startSubtestAfterBootstrap (node:internal/test_runner/harness:358:3)
  ...
1..1
# tests 1
# suites 0
# pass 0
# fail 1
# cancelled 0
# skipped 0
# todo 0
# duration_ms 2392.044959
