TAP version 13
# Subtest: E11-WRITE-RETRY-EXACT
not ok 1 - E11-WRITE-RETRY-EXACT
  ---
  duration_ms: 486.82115
  type: 'test'
  location: '/tmp/e11-node-m0yxCb/E11-WRITE-RETRY-EXACT-red/artifacts/mariana-textil/case.test.cjs:71168:27'
  failureType: 'testCodeFailure'
  error: |-
    E11-WRITE-RETRY-EXACT
    + actual - expected
    
    + undefined
    - {
    -   motivo: 'Asignación explícita',
    -   perfil: 'A',
    -   revisionEsperada: 3,
    -   uuid: '4267a18c-f946-40c5-9920-6d33a8b01143'
    - }
    
  code: 'ERR_ASSERTION'
  name: 'AssertionError'
  expected:
    revisionEsperada: 3
    perfil: 'A'
    motivo: 'Asignación explícita'
    uuid: '4267a18c-f946-40c5-9920-6d33a8b01143'
  operator: 'deepStrictEqual'
  stack: |-
    TestContext.<anonymous> (/tmp/e11-node-m0yxCb/E11-WRITE-RETRY-EXACT-red/artifacts/mariana-textil/case.test.cjs:71178:25)
    async Test.run (node:internal/test_runner/test:1113:7)
    async startSubtestAfterBootstrap (node:internal/test_runner/harness:358:3)
  ...
1..1
# tests 1
# suites 0
# pass 0
# fail 1
# cancelled 0
# skipped 0
# todo 0
# duration_ms 2748.615678
