TAP version 13
# Subtest: E11-F-DOCUMENT
not ok 1 - E11-F-DOCUMENT
  ---
  duration_ms: 76.111987
  type: 'test'
  location: '/tmp/e11-node-m0yxCb/E11-F-DOCUMENT-red/artifacts/mariana-textil/case.test.cjs:70879:27'
  failureType: 'testCodeFailure'
  error: |-
    E11-F-DOCUMENT
    
    false !== true
    
  code: 'ERR_ASSERTION'
  name: 'AssertionError'
  expected: true
  actual: false
  operator: 'strictEqual'
  stack: |-
    check (/tmp/e11-node-m0yxCb/E11-F-DOCUMENT-red/artifacts/mariana-textil/case.test.cjs:70702:46)
    TestContext.<anonymous> (/tmp/e11-node-m0yxCb/E11-F-DOCUMENT-red/artifacts/mariana-textil/case.test.cjs:70881:3)
    async Test.run (node:internal/test_runner/test:1113:7)
    async startSubtestAfterBootstrap (node:internal/test_runner/harness:358:3)
  ...
1..1
# tests 1
# suites 0
# pass 0
# fail 1
# cancelled 0
# skipped 0
# todo 0
# duration_ms 2408.17828
