TAP version 13
# Subtest: E11-RECOVERY-POST-UNCERTAIN
not ok 1 - E11-RECOVERY-POST-UNCERTAIN
  ---
  duration_ms: 232.731456
  type: 'test'
  location: '/tmp/e11-node-m0yxCb/E11-RECOVERY-POST-UNCERTAIN-red/artifacts/mariana-textil/case.test.cjs:71965:27'
  failureType: 'testCodeFailure'
  error: |-
    E11-RECOVERY-POST-UNCERTAIN
    + actual - expected
    
    + undefined
    - {
    -   identidadVersion: 'bbbbbbbbbbbbbbbbbbbbbbbbbbbbbbbbbbbbbbbbbbbbbbbbbbbbbbbbbbbbbbbb',
    -   motivo: 'Evidencia documental revisada',
    -   revisionEsperada: 'cccccccccccccccccccccccccccccccccccccccccccccccccccccccccccccccc',
    -   uuid: 'c7b1ebc7-a4e5-4a50-bc90-88600a14f4a6'
    - }
    
  code: 'ERR_ASSERTION'
  name: 'AssertionError'
  expected:
    uuid: 'c7b1ebc7-a4e5-4a50-bc90-88600a14f4a6'
    revisionEsperada: 'cccccccccccccccccccccccccccccccccccccccccccccccccccccccccccccccc'
    identidadVersion: 'bbbbbbbbbbbbbbbbbbbbbbbbbbbbbbbbbbbbbbbbbbbbbbbbbbbbbbbbbbbbbbbb'
    motivo: 'Evidencia documental revisada'
  operator: 'deepStrictEqual'
  stack: |-
    TestContext.<anonymous> (/tmp/e11-node-m0yxCb/E11-RECOVERY-POST-UNCERTAIN-red/artifacts/mariana-textil/case.test.cjs:71970:25)
    async Test.run (node:internal/test_runner/test:1113:7)
    async startSubtestAfterBootstrap (node:internal/test_runner/harness:358:3)
  ...
1..1
# tests 1
# suites 0
# pass 0
# fail 1
# cancelled 0
# skipped 0
# todo 0
# duration_ms 2440.050342
