TAP version 13
# Subtest: E11-RECOVERY-POST-OUTCOME-ERRORS
not ok 1 - E11-RECOVERY-POST-OUTCOME-ERRORS
  ---
  duration_ms: 223.306362
  type: 'test'
  location: '/tmp/e11-node-m0yxCb/E11-RECOVERY-POST-OUTCOME-ERRORS-red/artifacts/mariana-textil/case.test.cjs:71973:27'
  failureType: 'testCodeFailure'
  error: |-
    E11-RECOVERY-POST-OUTCOME-ERRORS
    + actual - expected
    
    + undefined
    - {
    -   identidadVersion: 'bbbbbbbbbbbbbbbbbbbbbbbbbbbbbbbbbbbbbbbbbbbbbbbbbbbbbbbbbbbbbbbb',
    -   motivo: 'Evidencia documental revisada',
    -   revisionEsperada: 'cccccccccccccccccccccccccccccccccccccccccccccccccccccccccccccccc',
    -   uuid: '69ebb0b9-df47-4903-9cf2-04227369648b'
    - }
    
  code: 'ERR_ASSERTION'
  name: 'AssertionError'
  expected:
    uuid: '69ebb0b9-df47-4903-9cf2-04227369648b'
    revisionEsperada: 'cccccccccccccccccccccccccccccccccccccccccccccccccccccccccccccccc'
    identidadVersion: 'bbbbbbbbbbbbbbbbbbbbbbbbbbbbbbbbbbbbbbbbbbbbbbbbbbbbbbbbbbbbbbbb'
    motivo: 'Evidencia documental revisada'
  operator: 'deepStrictEqual'
  stack: |-
    TestContext.<anonymous> (/tmp/e11-node-m0yxCb/E11-RECOVERY-POST-OUTCOME-ERRORS-red/artifacts/mariana-textil/case.test.cjs:71979:25)
    async Test.run (node:internal/test_runner/test:1113:7)
    async startSubtestAfterBootstrap (node:internal/test_runner/harness:358:3)
  ...
1..1
# tests 1
# suites 0
# pass 0
# fail 1
# cancelled 0
# skipped 0
# todo 0
# duration_ms 2458.8043
