TAP version 13
# Subtest: E11-PERIOD-OPEN
not ok 1 - E11-PERIOD-OPEN
  ---
  duration_ms: 177.725501
  type: 'test'
  location: '/tmp/e11-node-m0yxCb/E11-PERIOD-OPEN-red/artifacts/mariana-textil/case.test.cjs:71032:27'
  failureType: 'testCodeFailure'
  error: |-
    E11-PERIOD-OPEN
    
    false !== true
    
  code: 'ERR_ASSERTION'
  name: 'AssertionError'
  expected: true
  actual: false
  operator: 'strictEqual'
  stack: |-
    check (/tmp/e11-node-m0yxCb/E11-PERIOD-OPEN-red/artifacts/mariana-textil/case.test.cjs:70738:46)
    TestContext.<anonymous> (/tmp/e11-node-m0yxCb/E11-PERIOD-OPEN-red/artifacts/mariana-textil/case.test.cjs:71035:3)
    async Test.run (node:internal/test_runner/test:1113:7)
    async startSubtestAfterBootstrap (node:internal/test_runner/harness:358:3)
  ...
1..1
# tests 1
# suites 0
# pass 0
# fail 1
# cancelled 0
# skipped 0
# todo 0
# duration_ms 2431.482819
