TAP version 13
# Subtest: E11-PAGE-ERROR-RESTART
not ok 1 - E11-PAGE-ERROR-RESTART
  ---
  duration_ms: 289.912306
  type: 'test'
  location: '/tmp/e11-node-m0yxCb/E11-PAGE-ERROR-RESTART-red/artifacts/mariana-textil/case.test.cjs:71527:27'
  failureType: 'testCodeFailure'
  error: |-
    E11-PAGE-ERROR-RESTART
    
    false !== true
    
  code: 'ERR_ASSERTION'
  name: 'AssertionError'
  expected: true
  actual: false
  operator: 'strictEqual'
  stack: |-
    check (/tmp/e11-node-m0yxCb/E11-PAGE-ERROR-RESTART-red/artifacts/mariana-textil/case.test.cjs:70739:46)
    TestContext.<anonymous> (/tmp/e11-node-m0yxCb/E11-PAGE-ERROR-RESTART-red/artifacts/mariana-textil/case.test.cjs:71536:3)
    async Test.run (node:internal/test_runner/test:1113:7)
    async startSubtestAfterBootstrap (node:internal/test_runner/harness:358:3)
  ...
1..1
# tests 1
# suites 0
# pass 0
# fail 1
# cancelled 0
# skipped 0
# todo 0
# duration_ms 2561.386258
