TAP version 13
# Subtest: E11-E5-LAST-PROFILE-RECHECK
not ok 1 - E11-E5-LAST-PROFILE-RECHECK
  ---
  duration_ms: 463.43212
  type: 'test'
  location: '/tmp/e11-node-m0yxCb/E11-E5-LAST-PROFILE-RECHECK-red/artifacts/mariana-textil/case.test.cjs:71663:27'
  failureType: 'testCodeFailure'
  error: |-
    E11-E5-LAST-PROFILE-RECHECK
    
    false !== true
    
  code: 'ERR_ASSERTION'
  name: 'AssertionError'
  expected: true
  actual: false
  operator: 'strictEqual'
  stack: |-
    check (/tmp/e11-node-m0yxCb/E11-E5-LAST-PROFILE-RECHECK-red/artifacts/mariana-textil/case.test.cjs:70738:46)
    TestContext.<anonymous> (/tmp/e11-node-m0yxCb/E11-E5-LAST-PROFILE-RECHECK-red/artifacts/mariana-textil/case.test.cjs:71671:3)
    async Test.run (node:internal/test_runner/test:1113:7)
    async startSubtestAfterBootstrap (node:internal/test_runner/harness:358:3)
  ...
1..1
# tests 1
# suites 0
# pass 0
# fail 1
# cancelled 0
# skipped 0
# todo 0
# duration_ms 2667.11044
