BUILD=PASS
TYPECHECK_API=PASS
TYPECHECK_UI=PASS
LOGIN_ERROR_FOCUSED=PASS
GATES=PASS
BUILD_INPUTS_UNCHANGED=PASS
API_ENTRY=PASS artifacts/api-server/dist-tanda-e-20260923/index.mjs
UI_ENTRY=PASS artifacts/mariana-textil/dist-tanda-e-20260923/index.html
API_FILE_COUNT=12
UI_FILE_COUNT=11
API_BYTES=27548886
UI_BYTES=5579669
PRESERVED_API_DIST_DIRS:
  dist
  dist-e2-20260927
  dist-e2-control-7cb77f8-20260927
  dist-e3-20260922
  dist-e3-apertura-20260922
  dist-e4-20260923
  dist-e7-e11-20260923
  dist-e9-e7-20260923
  dist-e9-e7-e11-20260923
  dist-simple-e3-tanda-b-20260923
  dist-tanda-b-b0-b1-20260923
  dist-tanda-b-off-20260923
  dist-tanda-d-20260923
  dist-tanda-e-20260923
PRESERVED_UI_DIST_DIRS:
  dist
  dist-e3-20260922
  dist-e3-apertura-20260922
  dist-e4-20260923
  dist-e7-e11-20260923
  dist-e9-e7-20260923
  dist-e9-e7-e11-20260923
  dist-simple-e3-tanda-b-20260923
  dist-tanda-b-b0-b1-20260923
  dist-tanda-b-off-20260923
  dist-tanda-d-20260923
  dist-tanda-e-20260923
PASS no workflow, .replit, artifact.toml, runtime, or database operation performed
