[06:27:04.927] [32mINFO[39m (13886): [36mrequest completed[39m
    [35mreq[39m: {
      "id": 1,
      "method": "POST",
      "url": "/api/auth/login"
    }
    [35mres[39m: {
      "statusCode": 200
    }
    [35mresponseTime[39m: 52
[06:27:04.965] [32mINFO[39m (13886): [36mrequest completed[39m
    [35mreq[39m: {
      "id": 2,
      "method": "POST",
      "url": "/api/auth/login"
    }
    [35mres[39m: {
      "statusCode": 200
    }
    [35mresponseTime[39m: 29
[06:27:04.998] [32mINFO[39m (13886): [36mrequest completed[39m
    [35mreq[39m: {
      "id": 3,
      "method": "POST",
      "url": "/api/auth/login"
    }
    [35mres[39m: {
      "statusCode": 200
    }
    [35mresponseTime[39m: 31
[06:27:05.032] [32mINFO[39m (13886): [36mrequest completed[39m
    [35mreq[39m: {
      "id": 4,
      "method": "POST",
      "url": "/api/auth/login"
    }
    [35mres[39m: {
      "statusCode": 200
    }
    [35mresponseTime[39m: 32
✔ S-01: All four roles login → 200 + permisos array present (215.15584ms)
[06:27:05.063] [32mINFO[39m (13886): [36mrequest completed[39m
    [35mreq[39m: {
      "id": 5,
      "method": "POST",
      "url": "/api/auth/login"
    }
    [35mres[39m: {
      "statusCode": 200
    }
    [35mresponseTime[39m: 29
[06:27:05.094] [32mINFO[39m (13886): [36mrequest completed[39m
    [35mreq[39m: {
      "id": 6,
      "method": "POST",
      "url": "/api/auth/login"
    }
    [35mres[39m: {
      "statusCode": 200
    }
    [35mresponseTime[39m: 28
[06:27:05.107] [32mINFO[39m (13886): [36mrequest completed[39m
    [35mreq[39m: {
      "id": 7,
      "method": "GET",
      "url": "/api/auth/me"
    }
    [35mres[39m: {
      "statusCode": 200
    }
    [35mresponseTime[39m: 7
[06:27:05.127] [32mINFO[39m (13886): [36mrequest completed[39m
    [35mreq[39m: {
      "id": 8,
      "method": "POST",
      "url": "/api/auth/logout"
    }
    [35mres[39m: {
      "statusCode": 204
    }
    [35mresponseTime[39m: 19
[06:27:05.131] [32mINFO[39m (13886): [36mrequest completed[39m
    [35mreq[39m: {
      "id": 9,
      "method": "GET",
      "url": "/api/auth/me"
    }
    [35mres[39m: {
      "statusCode": 401
    }
    [35mresponseTime[39m: 2
✔ S-01A: session lasts eight idle hours, stops at sixteen, and logout invalidates it (67.96762ms)
[06:27:05.164] [32mINFO[39m (13886): [36mrequest completed[39m
    [35mreq[39m: {
      "id": 10,
      "method": "POST",
      "url": "/api/auth/login"
    }
    [35mres[39m: {
      "statusCode": 200
    }
    [35mresponseTime[39m: 30
✔ S-02: ADMIN /auth/me effective matrix — all modules have full access (38.911069ms)
[06:27:05.171] [32mINFO[39m (13886): [36mrequest completed[39m
    [35mreq[39m: {
      "id": 11,
      "method": "GET",
      "url": "/api/auth/me"
    }
    [35mres[39m: {
      "statusCode": 200
    }
    [35mresponseTime[39m: 6
[06:27:05.198] [32mINFO[39m (13886): [36mrequest completed[39m
    [35mreq[39m: {
      "id": 12,
      "method": "POST",
      "url": "/api/auth/login"
    }
    [35mres[39m: {
      "statusCode": 200
    }
    [35mresponseTime[39m: 25
✔ S-03: CAJA /auth/me effective matrix — cobros OK, POS/proveedores denied (35.458364ms)
[06:27:05.207] [32mINFO[39m (13886): [36mrequest completed[39m
    [35mreq[39m: {
      "id": 13,
      "method": "GET",
      "url": "/api/auth/me"
    }
    [35mres[39m: {
      "statusCode": 200
    }
    [35mresponseTime[39m: 8
[06:27:05.269] [32mINFO[39m (13886): [36mrequest completed[39m
    [35mreq[39m: {
      "id": 14,
      "method": "POST",
      "url": "/api/auth/login"
    }
    [35mres[39m: {
      "statusCode": 200
    }
    [35mresponseTime[39m: 38
[06:27:05.281] [32mINFO[39m (13886): [36mrequest completed[39m
    [35mreq[39m: {
      "id": 15,
      "method": "GET",
      "url": "/api/caja/tickets"
    }
    [35mres[39m: {
      "statusCode": 200
    }
    [35mresponseTime[39m: 10
[06:27:05.291] [32mINFO[39m (13886): [36mrequest completed[39m
    [35mreq[39m: {
      "id": 16,
      "method": "GET",
      "url": "/api/caja/tickets"
    }
    [35mres[39m: {
      "statusCode": 200
    }
    [35mresponseTime[39m: 9
[06:27:05.319] [32mINFO[39m (13886): [36mrequest completed[39m
    [35mreq[39m: {
      "id": 17,
      "method": "POST",
      "url": "/api/auth/login"
    }
    [35mres[39m: {
      "statusCode": 200
    }
    [35mresponseTime[39m: 27
[06:27:05.327] [32mINFO[39m (13886): [36mrequest completed[39m
    [35mreq[39m: {
      "id": 18,
      "method": "GET",
      "url": "/api/caja/tickets"
    }
    [35mres[39m: {
      "statusCode": 403
    }
    [35mresponseTime[39m: 7
✔ S-03A: Caja ticket list is location-scoped and denied to BODEGA (120.648313ms)
[06:27:05.376] [32mINFO[39m (13886): [36mrequest completed[39m
    [35mreq[39m: {
      "id": 19,
      "method": "POST",
      "url": "/api/auth/login"
    }
    [35mres[39m: {
      "statusCode": 200
    }
    [35mresponseTime[39m: 26
[06:27:05.391] [32mINFO[39m (13886): [36mrequest completed[39m
    [35mreq[39m: {
      "id": 20,
      "method": "GET",
      "url": "/api/caja/tiendas/1/ventas"
    }
    [35mres[39m: {
      "statusCode": 403
    }
    [35mresponseTime[39m: 14
[06:27:05.451] [32mINFO[39m (13886): [36mrequest completed[39m
    [35mreq[39m: {
      "id": 21,
      "method": "POST",
      "url": "/api/auth/login"
    }
    [35mres[39m: {
      "statusCode": 200
    }
    [35mresponseTime[39m: 28
[06:27:05.475] [32mINFO[39m (13886): [36mrequest completed[39m
    [35mreq[39m: {
      "id": 22,
      "method": "GET",
      "url": "/api/caja/tiendas/1/ventas"
    }
    [35mres[39m: {
      "statusCode": 200
    }
    [35mresponseTime[39m: 23
[06:27:05.489] [32mINFO[39m (13886): [36mrequest completed[39m
    [35mreq[39m: {
      "id": 23,
      "method": "GET",
      "url": "/api/caja/tiendas/10/ventas"
    }
    [35mres[39m: {
      "statusCode": 403
    }
    [35mresponseTime[39m: 13
[06:27:05.518] [32mINFO[39m (13886): [36mrequest completed[39m
    [35mreq[39m: {
      "id": 24,
      "method": "POST",
      "url": "/api/auth/login"
    }
    [35mres[39m: {
      "statusCode": 200
    }
    [35mresponseTime[39m: 27
✔ S-03AA: Store sales requires an explicit override for CAJA and remains scoped (205.667845ms)
[06:27:05.533] [32mINFO[39m (13886): [36mrequest completed[39m
    [35mreq[39m: {
      "id": 25,
      "method": "GET",
      "url": "/api/caja/tiendas/10/ventas"
    }
    [35mres[39m: {
      "statusCode": 200
    }
    [35mresponseTime[39m: 14
[06:27:05.559] [32mINFO[39m (13886): [36mrequest completed[39m
    [35mreq[39m: {
      "id": 26,
      "method": "POST",
      "url": "/api/auth/login"
    }
    [35mres[39m: {
      "statusCode": 200
    }
    [35mresponseTime[39m: 24
[06:27:05.572] [32mINFO[39m (13886): [36mrequest completed[39m
    [35mreq[39m: {
      "id": 27,
      "method": "GET",
      "url": "/api/inventario/rollos"
    }
    [35mres[39m: {
      "statusCode": 200
    }
    [35mresponseTime[39m: 12
[06:27:05.586] [32mINFO[39m (13886): [36mrequest completed[39m
    [35mreq[39m: {
      "id": 28,
      "method": "GET",
      "url": "/api/inventario/rollos/1"
    }
    [35mres[39m: {
      "statusCode": 200
    }
    [35mresponseTime[39m: 12
[06:27:05.596] [32mINFO[39m (13886): [36mrequest completed[39m
    [35mreq[39m: {
      "id": 29,
      "method": "GET",
      "url": "/api/inventario/existencias"
    }
    [35mres[39m: {
      "statusCode": 200
    }
    [35mresponseTime[39m: 9
[06:27:05.606] [32mINFO[39m (13886): [36mrequest completed[39m
    [35mreq[39m: {
      "id": 30,
      "method": "GET",
      "url": "/api/productos"
    }
    [35mres[39m: {
      "statusCode": 200
    }
    [35mresponseTime[39m: 10
[06:27:05.620] [32mINFO[39m (13886): [36mrequest completed[39m
    [35mreq[39m: {
      "id": 31,
      "method": "GET",
      "url": "/api/productos/1"
    }
    [35mres[39m: {
      "statusCode": 200
    }
    [35mresponseTime[39m: 13
[06:27:05.629] [32mINFO[39m (13886): [36mrequest completed[39m
    [35mreq[39m: {
      "id": 32,
      "method": "GET",
      "url": "/api/inventario/entradas"
    }
    [35mres[39m: {
      "statusCode": 403
    }
    [35mresponseTime[39m: 8
[06:27:05.637] [32mINFO[39m (13886): [36mrequest completed[39m
    [35mreq[39m: {
      "id": 33,
      "method": "GET",
      "url": "/api/inventario/kardex"
    }
    [35mres[39m: {
      "statusCode": 403
    }
    [35mresponseTime[39m: 7
[06:27:05.647] [32mINFO[39m (13886): [36mrequest completed[39m
    [35mreq[39m: {
      "id": 34,
      "method": "GET",
      "url": "/api/dashboard"
    }
    [35mres[39m: {
      "statusCode": 200
    }
    [35mresponseTime[39m: 9
[06:27:05.660] [32mINFO[39m (13886): [36mrequest completed[39m
    [35mreq[39m: {
      "id": 35,
      "method": "GET",
      "url": "/api/tickets"
    }
    [35mres[39m: {
      "statusCode": 200
    }
    [35mresponseTime[39m: 10
✔ S-03B: TERMINAL API responses omit costs, margins and profits (127.021399ms)
[06:27:05.691] [32mINFO[39m (13886): [36mrequest completed[39m
    [35mreq[39m: {
      "id": 36,
      "method": "POST",
      "url": "/api/auth/login"
    }
    [35mres[39m: {
      "statusCode": 200
    }
    [35mresponseTime[39m: 29
[06:27:05.715] [32mINFO[39m (13886): [36mrequest completed[39m
    [35mreq[39m: {
      "id": 37,
      "method": "POST",
      "url": "/api/pos/validar-precio"
    }
    [35mres[39m: {
      "statusCode": 404
    }
    [35mresponseTime[39m: 8
[06:27:05.728] [32mINFO[39m (13886): [36mrequest completed[39m
    [35mreq[39m: {
      "id": 38,
      "method": "POST",
      "url": "/api/tickets"
    }
    [35mres[39m: {
      "statusCode": 404
    }
    [35mresponseTime[39m: 11
[06:27:05.736] [32mINFO[39m (13886): [36mrequest completed[39m
    [35mreq[39m: {
      "id": 39,
      "method": "POST",
      "url": "/api/pos/validar-precio"
    }
    [35mres[39m: {
      "statusCode": 200
    }
    [35mresponseTime[39m: 7
[06:27:05.751] [32mINFO[39m (13886): [36mrequest completed[39m
    [35mreq[39m: {
      "id": 40,
      "method": "POST",
      "url": "/api/tickets"
    }
    [35mres[39m: {
      "statusCode": 400
    }
    [35mresponseTime[39m: 14
[06:27:05.759] [33mWARN[39m (13886): [36mInvalid API request[39m
    [35mreq[39m: {
      "id": 41,
      "method": "POST",
      "url": "/api/pos/validar-precio"
    }
    [35missues[39m: [
      {
        "code": "too_small",
        "path": "precioUnitario"
      }
    ]
[06:27:05.759] [32mINFO[39m (13886): [36mrequest completed[39m
    [35mreq[39m: {
      "id": 41,
      "method": "POST",
      "url": "/api/pos/validar-precio"
    }
    [35mres[39m: {
      "statusCode": 400
    }
    [35mresponseTime[39m: 7
✔ S-03C: POS price rejection is JSON, visible and contains no cost (99.124693ms)
[06:27:05.816] [32mINFO[39m (13886): [36mrequest completed[39m
    [35mreq[39m: {
      "id": 42,
      "method": "POST",
      "url": "/api/auth/login"
    }
    [35mres[39m: {
      "statusCode": 200
    }
    [35mresponseTime[39m: 32
[06:27:05.824] [32mINFO[39m (13886): [36mrequest completed[39m
    [35mreq[39m: {
      "id": 43,
      "method": "POST",
      "url": "/api/pos/validar-precio"
    }
    [35mres[39m: {
      "statusCode": 200
    }
    [35mresponseTime[39m: 7
✔ S-03D: legacy zero-cost roll is blocked by advance and definitive POS validation (76.749819ms)
[06:27:05.836] [32mINFO[39m (13886): [36mrequest completed[39m
    [35mreq[39m: {
      "id": 44,
      "method": "POST",
      "url": "/api/tickets"
    }
    [35mres[39m: {
      "statusCode": 400
    }
    [35mresponseTime[39m: 11
[06:27:05.868] [32mINFO[39m (13886): [36mrequest completed[39m
    [35mreq[39m: {
      "id": 45,
      "method": "POST",
      "url": "/api/auth/login"
    }
    [35mres[39m: {
      "statusCode": 200
    }
    [35mresponseTime[39m: 25
[06:27:05.875] [32mINFO[39m (13886): [36mrequest completed[39m
    [35mreq[39m: {
      "id": 46,
      "method": "POST",
      "url": "/api/inventario/entradas"
    }
    [35mres[39m: {
      "statusCode": 400
    }
    [35mresponseTime[39m: 6
✔ S-03E: entrada without costoUnitario is rejected without creating a roll (38.861774ms)
[06:27:05.903] [32mINFO[39m (13886): [36mrequest completed[39m
    [35mreq[39m: {
      "id": 47,
      "method": "POST",
      "url": "/api/auth/login"
    }
    [35mres[39m: {
      "statusCode": 200
    }
    [35mresponseTime[39m: 26
[06:27:05.912] [32mINFO[39m (13886): [36mrequest completed[39m
    [35mreq[39m: {
      "id": 48,
      "method": "GET",
      "url": "/api/inventario/rollos"
    }
    [35mres[39m: {
      "statusCode": 200
    }
    [35mresponseTime[39m: 8
[06:27:05.919] [32mINFO[39m (13886): [36mrequest completed[39m
    [35mreq[39m: {
      "id": 49,
      "method": "POST",
      "url": "/api/inventario/rollos/1/vender"
    }
    [35mres[39m: {
      "statusCode": 403
    }
    [35mresponseTime[39m: 6
✔ S-04: BODEGA — POST /inventario/rollos/:id/vender → 403 (43.122737ms)
[06:27:05.945] [32mINFO[39m (13886): [36mrequest completed[39m
    [35mreq[39m: {
      "id": 50,
      "method": "POST",
      "url": "/api/auth/login"
    }
    [35mres[39m: {
      "statusCode": 200
    }
    [35mresponseTime[39m: 25
✔ S-05: BODEGA GET /clientes → 403 (37.022986ms)
[06:27:05.956] [32mINFO[39m (13886): [36mrequest completed[39m
    [35mreq[39m: {
      "id": 51,
      "method": "GET",
      "url": "/api/clientes"
    }
    [35mres[39m: {
      "statusCode": 403
    }
    [35mresponseTime[39m: 10
[06:27:05.982] [32mINFO[39m (13886): [36mrequest completed[39m
    [35mreq[39m: {
      "id": 52,
      "method": "POST",
      "url": "/api/auth/login"
    }
    [35mres[39m: {
      "statusCode": 200
    }
    [35mresponseTime[39m: 25
✔ S-05A: BODEGA POST /clientes → 403 (37.921056ms)
[06:27:05.994] [32mINFO[39m (13886): [36mrequest completed[39m
    [35mreq[39m: {
      "id": 53,
      "method": "POST",
      "url": "/api/clientes"
    }
    [35mres[39m: {
      "statusCode": 403
    }
    [35mresponseTime[39m: 11
[06:27:06.019] [32mINFO[39m (13886): [36mrequest completed[39m
    [35mreq[39m: {
      "id": 54,
      "method": "POST",
      "url": "/api/auth/login"
    }
    [35mres[39m: {
      "statusCode": 200
    }
    [35mresponseTime[39m: 24
[06:27:06.042] [32mINFO[39m (13886): [36mrequest completed[39m
    [35mreq[39m: {
      "id": 56,
      "method": "POST",
      "url": "/api/clientes"
    }
    [35mres[39m: {
      "statusCode": 409
    }
    [35mresponseTime[39m: 21
[06:27:06.043] [32mINFO[39m (13886): [36mrequest completed[39m
    [35mreq[39m: {
      "id": 55,
      "method": "POST",
      "url": "/api/clientes"
    }
    [35mres[39m: {
      "statusCode": 201
    }
    [35mresponseTime[39m: 23
✔ S-05B: concurrent normalized client creates → 201 + structured 409 (55.229021ms)
✔ S-06: CAJA direct inventory sale is denied; ticketing is mandatory (146.664366ms)
✔ S-07: CAJA GET /proveedores → 403 (34.860759ms)
✔ S-08: SUPERVISOR GET /proveedores → 200, no financial JSON keys (36.719219ms)
[06:27:06.189] [32mINFO[39m (13886): [36mrequest completed[39m
    [35mreq[39m: {
      "id": 57,
      "method": "POST",
      "url": "/api/auth/login"
    }
    [35mres[39m: {
      "statusCode": 200
    }
    [35mresponseTime[39m: 122
[06:27:06.196] [32mINFO[39m (13886): [36mrequest completed[39m
    [35mreq[39m: {
      "id": 58,
      "method": "POST",
      "url": "/api/inventario/rollos/4/vender"
    }
    [35mres[39m: {
      "statusCode": 403
    }
    [35mresponseTime[39m: 6
[06:27:06.223] [32mINFO[39m (13886): [36mrequest completed[39m
    [35mreq[39m: {
      "id": 59,
      "method": "POST",
      "url": "/api/auth/login"
    }
    [35mres[39m: {
      "statusCode": 200
    }
    [35mresponseTime[39m: 26
[06:27:06.231] [32mINFO[39m (13886): [36mrequest completed[39m
    [35mreq[39m: {
      "id": 60,
      "method": "GET",
      "url": "/api/proveedores"
    }
    [35mres[39m: {
      "statusCode": 403
    }
    [35mresponseTime[39m: 7
[06:27:06.258] [32mINFO[39m (13886): [36mrequest completed[39m
    [35mreq[39m: {
      "id": 61,
      "method": "POST",
      "url": "/api/auth/login"
    }
    [35mres[39m: {
      "statusCode": 200
    }
    [35mresponseTime[39m: 25
[06:27:06.268] [32mINFO[39m (13886): [36mrequest completed[39m
    [35mreq[39m: {
      "id": 62,
      "method": "GET",
      "url": "/api/proveedores"
    }
    [35mres[39m: {
      "statusCode": 200
    }
    [35mresponseTime[39m: 9
[06:27:06.294] [32mINFO[39m (13886): [36mrequest completed[39m
    [35mreq[39m: {
      "id": 63,
      "method": "POST",
      "url": "/api/auth/login"
    }
    [35mres[39m: {
      "statusCode": 200
    }
    [35mresponseTime[39m: 25
[06:27:06.304] [32mINFO[39m (13886): [36mrequest completed[39m
    [35mreq[39m: {
      "id": 64,
      "method": "GET",
      "url": "/api/productos"
    }
    [35mres[39m: {
      "statusCode": 200
    }
    [35mresponseTime[39m: 9
[06:27:06.323] [32mINFO[39m (13886): [36mrequest completed[39m
    [35mreq[39m: {
      "id": 65,
      "method": "GET",
      "url": "/api/productos/1"
    }
    [35mres[39m: {
      "statusCode": 200
    }
    [35mresponseTime[39m: 17
[06:27:06.334] [32mINFO[39m (13886): [36mrequest completed[39m
    [35mreq[39m: {
      "id": 66,
      "method": "GET",
      "url": "/api/inventario/rollos"
    }
    [35mres[39m: {
      "statusCode": 200
    }
    [35mresponseTime[39m: 10
[06:27:06.344] [32mINFO[39m (13886): [36mrequest completed[39m
    [35mreq[39m: {
      "id": 67,
      "method": "GET",
      "url": "/api/inventario/rollos/1"
    }
    [35mres[39m: {
      "statusCode": 200
    }
    [35mresponseTime[39m: 9
[06:27:06.354] [32mINFO[39m (13886): [36mrequest completed[39m
    [35mreq[39m: {
      "id": 68,
      "method": "GET",
      "url": "/api/inventario/entradas"
    }
    [35mres[39m: {
      "statusCode": 200
    }
    [35mresponseTime[39m: 9
[06:27:06.362] [32mINFO[39m (13886): [36mrequest completed[39m
    [35mreq[39m: {
      "id": 69,
      "method": "GET",
      "url": "/api/inventario/existencias"
    }
    [35mres[39m: {
      "statusCode": 200
    }
    [35mresponseTime[39m: 7
[06:27:06.371] [32mINFO[39m (13886): [36mrequest completed[39m
    [35mreq[39m: {
      "id": 70,
      "method": "GET",
      "url": "/api/dashboard"
    }
    [35mres[39m: {
      "statusCode": 200
    }
    [35mresponseTime[39m: 9
✔ S-08A: SUPERVISOR operational JSON is recursively redacted (129.799061ms)
[06:27:06.396] [32mINFO[39m (13886): [36mrequest completed[39m
    [35mreq[39m: {
      "id": 71,
      "method": "GET",
      "url": "/api/reportes/inventario"
    }
    [35mres[39m: {
      "statusCode": 200
    }
    [35mresponseTime[39m: 25
[06:27:06.425] [32mINFO[39m (13886): [36mrequest completed[39m
    [35mreq[39m: {
      "id": 72,
      "method": "POST",
      "url": "/api/auth/login"
    }
    [35mres[39m: {
      "statusCode": 200
    }
    [35mresponseTime[39m: 26
[06:27:06.445] [32mINFO[39m (13886): [36mrequest completed[39m
    [35mreq[39m: {
      "id": 73,
      "method": "POST",
      "url": "/api/clientes"
    }
    [35mres[39m: {
      "statusCode": 201
    }
    [35mresponseTime[39m: 19
[06:27:06.471] [32mINFO[39m (13886): [36mrequest completed[39m
    [35mreq[39m: {
      "id": 74,
      "method": "PATCH",
      "url": "/api/clientes/10"
    }
    [35mres[39m: {
      "statusCode": 200
    }
    [35mresponseTime[39m: 23
[06:27:06.481] [32mINFO[39m (13886): [36mrequest completed[39m
    [35mreq[39m: {
      "id": 75,
      "method": "POST",
      "url": "/api/clientes/10/baja"
    }
    [35mres[39m: {
      "statusCode": 403
    }
    [35mresponseTime[39m: 9
[06:27:06.496] [32mINFO[39m (13886): [36mrequest completed[39m
    [35mreq[39m: {
      "id": 76,
      "method": "POST",
      "url": "/api/proveedores"
    }
    [35mres[39m: {
      "statusCode": 201
    }
    [35mresponseTime[39m: 14
✔ S-08AA: SUPERVISOR creates and edits clients/providers without sensitive data (112.955838ms)
[06:27:06.511] [32mINFO[39m (13886): [36mrequest completed[39m
    [35mreq[39m: {
      "id": 77,
      "method": "PATCH",
      "url": "/api/proveedores/1"
    }
    [35mres[39m: {
      "statusCode": 200
    }
    [35mresponseTime[39m: 15
[06:27:06.565] [32mINFO[39m (13886): [36mrequest completed[39m
    [35mreq[39m: {
      "id": 78,
      "method": "POST",
      "url": "/api/auth/login"
    }
    [35mres[39m: {
      "statusCode": 200
    }
    [35mresponseTime[39m: 34
[06:27:06.572] [32mINFO[39m (13886): [36mrequest completed[39m
    [35mreq[39m: {
      "id": 79,
      "method": "GET",
      "url": "/api/auth/me"
    }
    [35mres[39m: {
      "statusCode": 200
    }
    [35mresponseTime[39m: 6
✔ S-08AB: SUPERVISOR role-matrix grants flow into the effective matrix (73.63925ms)
✔ S-08B: SUPERVISOR creates a pending-cost entry at any real location (54.508717ms)
[06:27:06.611] [32mINFO[39m (13886): [36mrequest completed[39m
    [35mreq[39m: {
      "id": 80,
      "method": "POST",
      "url": "/api/auth/login"
    }
    [35mres[39m: {
      "statusCode": 200
    }
    [35mresponseTime[39m: 25
[06:27:06.638] [32mINFO[39m (13886): [36mrequest completed[39m
    [35mreq[39m: {
      "id": 81,
      "method": "POST",
      "url": "/api/inventario/entradas"
    }
    [35mres[39m: {
      "statusCode": 201
    }
    [35mresponseTime[39m: 26
[06:27:06.668] [32mINFO[39m (13886): [36mrequest completed[39m
    [35mreq[39m: {
      "id": 82,
      "method": "POST",
      "url": "/api/auth/login"
    }
    [35mres[39m: {
      "statusCode": 200
    }
    [35mresponseTime[39m: 28
[06:27:06.768] [32mINFO[39m (13886): [36mrequest completed[39m
    [35mreq[39m: {
      "id": 83,
      "method": "GET",
      "url": "/api/reportes/inventario/export.xlsx"
    }
    [35mres[39m: {
      "statusCode": 200
    }
    [35mresponseTime[39m: 99
✔ S-08C: SUPERVISOR XLSX/PDF exports contain no financial fields or sentinel (397.697647ms)
[06:27:07.036] [32mINFO[39m (13886): [36mrequest completed[39m
    [35mreq[39m: {
      "id": 84,
      "method": "GET",
      "url": "/api/reportes/inventario/export.pdf"
    }
    [35mres[39m: {
      "statusCode": 200
    }
    [35mresponseTime[39m: 218
[06:27:07.070] [32mINFO[39m (13886): [36mrequest completed[39m
    [35mreq[39m: {
      "id": 85,
      "method": "POST",
      "url": "/api/auth/login"
    }
    [35mres[39m: {
      "statusCode": 200
    }
    [35mresponseTime[39m: 31
[06:27:07.078] [32mINFO[39m (13886): [36mrequest completed[39m
    [35mreq[39m: {
      "id": 86,
      "method": "GET",
      "url": "/api/inventario/entradas/catalogos"
    }
    [35mres[39m: {
      "statusCode": 200
    }
    [35mresponseTime[39m: 8
[06:27:07.089] [32mINFO[39m (13886): [36mrequest completed[39m
    [35mreq[39m: {
      "id": 87,
      "method": "GET",
      "url": "/api/productos"
    }
    [35mres[39m: {
      "statusCode": 403
    }
    [35mresponseTime[39m: 10
[06:27:07.097] [32mINFO[39m (13886): [36mrequest completed[39m
    [35mreq[39m: {
      "id": 88,
      "method": "GET",
      "url": "/api/proveedores"
    }
    [35mres[39m: {
      "statusCode": 403
    }
    [35mresponseTime[39m: 6
✔ S-09: BODEGA entry catalogs → 200; /productos and /proveedores → 403 (59.754055ms)
[06:27:07.129] [32mINFO[39m (13886): [36mrequest completed[39m
    [35mreq[39m: {
      "id": 89,
      "method": "POST",
      "url": "/api/auth/login"
    }
    [35mres[39m: {
      "statusCode": 200
    }
    [35mresponseTime[39m: 31
[06:27:07.137] [32mINFO[39m (13886): [36mrequest completed[39m
    [35mreq[39m: {
      "id": 90,
      "method": "GET",
      "url": "/api/salidas/ubicaciones"
    }
    [35mres[39m: {
      "statusCode": 200
    }
    [35mresponseTime[39m: 8
[06:27:07.143] [32mINFO[39m (13886): [36mrequest completed[39m
    [35mreq[39m: {
      "id": 91,
      "method": "GET",
      "url": "/api/locations"
    }
    [35mres[39m: {
      "statusCode": 403
    }
    [35mresponseTime[39m: 5
[06:27:07.197] [32mINFO[39m (13886): [36mrequest completed[39m
    [35mreq[39m: {
      "id": 92,
      "method": "POST",
      "url": "/api/salidas/borrador/rollos"
    }
    [35mres[39m: {
      "statusCode": 200
    }
    [35mresponseTime[39m: 32
[06:27:07.224] [32mINFO[39m (13886): [36mrequest completed[39m
    [35mreq[39m: {
      "id": 93,
      "method": "POST",
      "url": "/api/auth/login"
    }
    [35mres[39m: {
      "statusCode": 200
    }
    [35mresponseTime[39m: 25
[06:27:07.235] [32mINFO[39m (13886): [36mrequest completed[39m
    [35mreq[39m: {
      "id": 94,
      "method": "DELETE",
      "url": "/api/salidas/1/rollos/6"
    }
    [35mres[39m: {
      "statusCode": 403
    }
    [35mresponseTime[39m: 10
[06:27:07.245] [32mINFO[39m (13886): [36mrequest completed[39m
    [35mreq[39m: {
      "id": 95,
      "method": "POST",
      "url": "/api/salidas/1/enviar"
    }
    [35mres[39m: {
      "statusCode": 403
    }
    [35mresponseTime[39m: 9
[06:27:07.253] [32mINFO[39m (13886): [36mrequest completed[39m
    [35mreq[39m: {
      "id": 96,
      "method": "GET",
      "url": "/api/salidas/1/documento"
    }
    [35mres[39m: {
      "statusCode": 409
    }
    [35mresponseTime[39m: 7
✔ S-09A: BODEGA stages, owns, and sends a null-cost roll in one final action (184.855067ms)
[06:27:07.280] [32mINFO[39m (13886): [36mrequest completed[39m
    [35mreq[39m: {
      "id": 97,
      "method": "POST",
      "url": "/api/salidas/1/enviar"
    }
    [35mres[39m: {
      "statusCode": 200
    }
    [35mresponseTime[39m: 26
[06:27:07.331] [32mINFO[39m (13886): [36mrequest completed[39m
    [35mreq[39m: {
      "id": 98,
      "method": "POST",
      "url": "/api/auth/login"
    }
    [35mres[39m: {
      "statusCode": 200
    }
    [35mresponseTime[39m: 24
[06:27:07.366] [32mINFO[39m (13886): [36mrequest completed[39m
    [35mreq[39m: {
      "id": 99,
      "method": "POST",
      "url": "/api/auth/login"
    }
    [35mres[39m: {
      "statusCode": 200
    }
    [35mresponseTime[39m: 34
[06:27:07.403] [32mINFO[39m (13886): [36mrequest completed[39m
    [35mreq[39m: {
      "id": 100,
      "method": "POST",
      "url": "/api/salidas/borrador/rollos"
    }
    [35mres[39m: {
      "statusCode": 200
    }
    [35mresponseTime[39m: 21
[06:27:07.432] [32mINFO[39m (13886): [36mrequest completed[39m
    [35mreq[39m: {
      "id": 101,
      "method": "POST",
      "url": "/api/salidas/2/enviar"
    }
    [35mres[39m: {
      "statusCode": 200
    }
    [35mresponseTime[39m: 28
[06:27:07.467] [32mINFO[39m (13886): [36mrequest completed[39m
    [35mreq[39m: {
      "id": 102,
      "method": "POST",
      "url": "/api/salidas/borrador/rollos"
    }
    [35mres[39m: {
      "statusCode": 200
    }
    [35mresponseTime[39m: 19
[06:27:07.492] [32mINFO[39m (13886): [36mrequest completed[39m
    [35mreq[39m: {
      "id": 103,
      "method": "POST",
      "url": "/api/salidas/3/enviar"
    }
    [35mres[39m: {
      "statusCode": 200
    }
    [35mresponseTime[39m: 23
[06:27:07.518] [32mINFO[39m (13886): [36mrequest completed[39m
    [35mreq[39m: {
      "id": 104,
      "method": "POST",
      "url": "/api/auth/login"
    }
    [35mres[39m: {
      "statusCode": 200
    }
    [35mresponseTime[39m: 25
[06:27:07.531] [32mINFO[39m (13886): [36mrequest completed[39m
    [35mreq[39m: {
      "id": 105,
      "method": "GET",
      "url": "/api/salidas"
    }
    [35mres[39m: {
      "statusCode": 200
    }
    [35mresponseTime[39m: 12
[06:27:07.543] [32mINFO[39m (13886): [36mrequest completed[39m
    [35mreq[39m: {
      "id": 106,
      "method": "GET",
      "url": "/api/salidas/3"
    }
    [35mres[39m: {
      "statusCode": 200
    }
    [35mresponseTime[39m: 11
[06:27:07.552] [32mINFO[39m (13886): [36mrequest completed[39m
    [35mreq[39m: {
      "id": 107,
      "method": "GET",
      "url": "/api/salidas/2"
    }
    [35mres[39m: {
      "statusCode": 403
    }
    [35mresponseTime[39m: 8
[06:27:07.567] [32mINFO[39m (13886): [36mrequest completed[39m
    [35mreq[39m: {
      "id": 108,
      "method": "POST",
      "url": "/api/salidas/borrador/rollos"
    }
    [35mres[39m: {
      "statusCode": 403
    }
    [35mresponseTime[39m: 14
[06:27:07.574] [32mINFO[39m (13886): [36mrequest completed[39m
    [35mreq[39m: {
      "id": 109,
      "method": "POST",
      "url": "/api/salidas/3/cancelar"
    }
    [35mres[39m: {
      "statusCode": 403
    }
    [35mresponseTime[39m: 6
✔ S-09B: CAJA only lists and opens outputs received at its assigned store (291.971572ms)
[06:27:07.600] [32mINFO[39m (13886): [36mrequest completed[39m
    [35mreq[39m: {
      "id": 110,
      "method": "POST",
      "url": "/api/auth/login"
    }
    [35mres[39m: {
      "statusCode": 200
    }
    [35mresponseTime[39m: 25
[06:27:07.611] [32mINFO[39m (13886): [36mrequest completed[39m
    [35mreq[39m: {
      "id": 111,
      "method": "GET",
      "url": "/api/proveedores/resumen"
    }
    [35mres[39m: {
      "statusCode": 403
    }
    [35mresponseTime[39m: 5
[06:27:07.618] [32mINFO[39m (13886): [36mrequest completed[39m
    [35mreq[39m: {
      "id": 112,
      "method": "GET",
      "url": "/api/proveedores/analitica-global"
    }
    [35mres[39m: {
      "statusCode": 403
    }
    [35mresponseTime[39m: 6
[06:27:07.623] [32mINFO[39m (13886): [36mrequest completed[39m
    [35mreq[39m: {
      "id": 113,
      "method": "GET",
      "url": "/api/proveedores/1/compras"
    }
    [35mres[39m: {
      "statusCode": 403
    }
    [35mresponseTime[39m: 4
[06:27:07.633] [32mINFO[39m (13886): [36mrequest completed[39m
    [35mreq[39m: {
      "id": 114,
      "method": "GET",
      "url": "/api/proveedores/1/pagos"
    }
    [35mres[39m: {
      "statusCode": 403
    }
    [35mresponseTime[39m: 9
[06:27:07.640] [32mINFO[39m (13886): [36mrequest completed[39m
    [35mreq[39m: {
      "id": 115,
      "method": "POST",
      "url": "/api/proveedores/1/pagos"
    }
    [35mres[39m: {
      "statusCode": 403
    }
    [35mresponseTime[39m: 6
[06:27:07.646] [32mINFO[39m (13886): [36mrequest completed[39m
    [35mreq[39m: {
      "id": 116,
      "method": "GET",
      "url": "/api/proveedores/1/estado-cuenta"
    }
    [35mres[39m: {
      "statusCode": 403
    }
    [35mresponseTime[39m: 5
[06:27:07.657] [32mINFO[39m (13886): [36mrequest completed[39m
    [35mreq[39m: {
      "id": 117,
      "method": "GET",
      "url": "/api/clientes/resumen"
    }
    [35mres[39m: {
      "statusCode": 403
    }
    [35mresponseTime[39m: 10
[06:27:07.671] [32mINFO[39m (13886): [36mrequest completed[39m
    [35mreq[39m: {
      "id": 118,
      "method": "GET",
      "url": "/api/clientes/cartera"
    }
    [35mres[39m: {
      "statusCode": 403
    }
    [35mresponseTime[39m: 13
[06:27:07.682] [32mINFO[39m (13886): [36mrequest completed[39m
    [35mreq[39m: {
      "id": 119,
      "method": "GET",
      "url": "/api/clientes/analitica"
    }
    [35mres[39m: {
      "statusCode": 403
    }
    [35mresponseTime[39m: 10
[06:27:07.698] [32mINFO[39m (13886): [36mrequest completed[39m
    [35mreq[39m: {
      "id": 120,
      "method": "GET",
      "url": "/api/clientes/1/credito"
    }
    [35mres[39m: {
      "statusCode": 403
    }
    [35mresponseTime[39m: 15
[06:27:07.709] [32mINFO[39m (13886): [36mrequest completed[39m
    [35mreq[39m: {
      "id": 121,
      "method": "GET",
      "url": "/api/clientes/1/precios"
    }
    [35mres[39m: {
      "statusCode": 403
    }
    [35mresponseTime[39m: 10
[06:27:07.719] [32mINFO[39m (13886): [36mrequest completed[39m
    [35mreq[39m: {
      "id": 122,
      "method": "GET",
      "url": "/api/clientes/1/estado-cuenta"
    }
    [35mres[39m: {
      "statusCode": 403
    }
    [35mresponseTime[39m: 10
[06:27:07.728] [32mINFO[39m (13886): [36mrequest completed[39m
    [35mreq[39m: {
      "id": 123,
      "method": "GET",
      "url": "/api/clientes/1/pagos"
    }
    [35mres[39m: {
      "statusCode": 403
    }
    [35mresponseTime[39m: 8
[06:27:07.739] [32mINFO[39m (13886): [36mrequest completed[39m
    [35mreq[39m: {
      "id": 124,
      "method": "POST",
      "url": "/api/clientes/1/pagos"
    }
    [35mres[39m: {
      "statusCode": 403
    }
    [35mresponseTime[39m: 10
[06:27:07.745] [32mINFO[39m (13886): [36mrequest completed[39m
    [35mreq[39m: {
      "id": 125,
      "method": "GET",
      "url": "/api/pos/buscar"
    }
    [35mres[39m: {
      "statusCode": 403
    }
    [35mresponseTime[39m: 5
[06:27:07.761] [32mINFO[39m (13886): [36mrequest completed[39m
    [35mreq[39m: {
      "id": 126,
      "method": "GET",
      "url": "/api/tickets/1"
    }
    [35mres[39m: {
      "statusCode": 403
    }
    [35mresponseTime[39m: 15
[06:27:07.769] [32mINFO[39m (13886): [36mrequest completed[39m
    [35mreq[39m: {
      "id": 127,
      "method": "GET",
      "url": "/api/caja/tickets"
    }
    [35mres[39m: {
      "statusCode": 403
    }
    [35mresponseTime[39m: 7
[06:27:07.783] [32mINFO[39m (13886): [36mrequest completed[39m
    [35mreq[39m: {
      "id": 128,
      "method": "GET",
      "url": "/api/caja/tiendas/1/ventas"
    }
    [35mres[39m: {
      "statusCode": 403
    }
    [35mresponseTime[39m: 13
[06:27:07.790] [32mINFO[39m (13886): [36mrequest completed[39m
    [35mreq[39m: {
      "id": 129,
      "method": "GET",
      "url": "/api/sesiones-caja/actual"
    }
    [35mres[39m: {
      "statusCode": 403
    }
    [35mresponseTime[39m: 6
[06:27:07.796] [32mINFO[39m (13886): [36mrequest completed[39m
    [35mreq[39m: {
      "id": 130,
      "method": "GET",
      "url": "/api/precios"
    }
    [35mres[39m: {
      "statusCode": 403
    }
    [35mresponseTime[39m: 6
[06:27:07.802] [32mINFO[39m (13886): [36mrequest completed[39m
    [35mreq[39m: {
      "id": 131,
      "method": "GET",
      "url": "/api/locations"
    }
    [35mres[39m: {
      "statusCode": 403
    }
    [35mresponseTime[39m: 5
[06:27:07.808] [32mINFO[39m (13886): [36mrequest completed[39m
    [35mreq[39m: {
      "id": 132,
      "method": "GET",
      "url": "/api/users"
    }
    [35mres[39m: {
      "statusCode": 403
    }
    [35mresponseTime[39m: 5
[06:27:07.815] [32mINFO[39m (13886): [36mrequest completed[39m
    [35mreq[39m: {
      "id": 133,
      "method": "GET",
      "url": "/api/permisos/roles"
    }
    [35mres[39m: {
      "statusCode": 403
    }
    [35mresponseTime[39m: 6
[06:27:07.821] [32mINFO[39m (13886): [36mrequest completed[39m
    [35mreq[39m: {
      "id": 134,
      "method": "GET",
      "url": "/api/inventario/conciliacion"
    }
    [35mres[39m: {
      "statusCode": 403
    }
    [35mresponseTime[39m: 5
[06:27:07.828] [32mINFO[39m (13886): [36mrequest completed[39m
    [35mreq[39m: {
      "id": 135,
      "method": "GET",
      "url": "/api/inventario/entradas/pendientes-costo"
    }
    [35mres[39m: {
      "statusCode": 403
    }
    [35mresponseTime[39m: 6
[06:27:07.835] [32mINFO[39m (13886): [36mrequest completed[39m
    [35mreq[39m: {
      "id": 136,
      "method": "POST",
      "url": "/api/inventario/entradas/1/costos"
    }
    [35mres[39m: {
      "statusCode": 403
    }
    [35mresponseTime[39m: 6
✔ S-10: SUPERVISOR GET /proveedores/resumen → 403 (proveedores_finanzas.ver denied by matrix) (278.393701ms)
[06:27:07.846] [32mINFO[39m (13886): [36mrequest completed[39m
    [35mreq[39m: {
      "id": 137,
      "method": "GET",
      "url": "/api/clientes/1/documentos"
    }
    [35mres[39m: {
      "statusCode": 403
    }
    [35mresponseTime[39m: 10
[06:27:07.852] [32mINFO[39m (13886): [36mrequest completed[39m
    [35mreq[39m: {
      "id": 138,
      "method": "POST",
      "url": "/api/productos"
    }
    [35mres[39m: {
      "statusCode": 403
    }
    [35mresponseTime[39m: 5
[06:27:07.878] [32mINFO[39m (13886): [36mrequest completed[39m
    [35mreq[39m: {
      "id": 139,
      "method": "POST",
      "url": "/api/auth/login"
    }
    [35mres[39m: {
      "statusCode": 200
    }
    [35mresponseTime[39m: 25
[06:27:07.886] [32mINFO[39m (13886): [36mrequest completed[39m
    [35mreq[39m: {
      "id": 140,
      "method": "GET",
      "url": "/api/auth/me"
    }
    [35mres[39m: {
      "statusCode": 200
    }
    [35mresponseTime[39m: 7
✔ S-10A: SUPERVISOR matrix denies store-sales without resumen_caja grant (44.207845ms)
[06:27:07.896] [32mINFO[39m (13886): [36mrequest completed[39m
    [35mreq[39m: {
      "id": 141,
      "method": "GET",
      "url": "/api/caja/tiendas/1/ventas"
    }
    [35mres[39m: {
      "statusCode": 403
    }
    [35mresponseTime[39m: 9
[06:27:07.921] [32mINFO[39m (13886): [36mrequest completed[39m
    [35mreq[39m: {
      "id": 142,
      "method": "POST",
      "url": "/api/auth/login"
    }
    [35mres[39m: {
      "statusCode": 200
    }
    [35mresponseTime[39m: 23
[06:27:07.933] [32mINFO[39m (13886): [36mrequest completed[39m
    [35mreq[39m: {
      "id": 143,
      "method": "PUT",
      "url": "/api/permisos/usuarios/5/proveedores_finanzas"
    }
    [35mres[39m: {
      "statusCode": 200
    }
    [35mresponseTime[39m: 11
[06:27:07.959] [32mINFO[39m (13886): [36mrequest completed[39m
    [35mreq[39m: {
      "id": 144,
      "method": "POST",
      "url": "/api/auth/login"
    }
    [35mres[39m: {
      "statusCode": 200
    }
    [35mresponseTime[39m: 25
[06:27:07.972] [32mINFO[39m (13886): [36mrequest completed[39m
    [35mreq[39m: {
      "id": 145,
      "method": "GET",
      "url": "/api/proveedores/resumen"
    }
    [35mres[39m: {
      "statusCode": 200
    }
    [35mresponseTime[39m: 12
✔ S-11: SUPERVISOR finance override is honored by the matrix (84.643933ms)
[06:27:07.981] [32mINFO[39m (13886): [36mrequest completed[39m
    [35mreq[39m: {
      "id": 146,
      "method": "GET",
      "url": "/api/auth/me"
    }
    [35mres[39m: {
      "statusCode": 200
    }
    [35mresponseTime[39m: 8
[06:27:08.005] [32mINFO[39m (13886): [36mrequest completed[39m
    [35mreq[39m: {
      "id": 147,
      "method": "POST",
      "url": "/api/auth/login"
    }
    [35mres[39m: {
      "statusCode": 200
    }
    [35mresponseTime[39m: 22
[06:27:08.016] [32mINFO[39m (13886): [36mrequest completed[39m
    [35mreq[39m: {
      "id": 148,
      "method": "PUT",
      "url": "/api/permisos/usuarios/5/proveedores_finanzas"
    }
    [35mres[39m: {
      "statusCode": 200
    }
    [35mresponseTime[39m: 10
[06:27:08.043] [32mINFO[39m (13886): [36mrequest completed[39m
    [35mreq[39m: {
      "id": 149,
      "method": "POST",
      "url": "/api/auth/login"
    }
    [35mres[39m: {
      "statusCode": 200
    }
    [35mresponseTime[39m: 26
[06:27:08.050] [32mINFO[39m (13886): [36mrequest completed[39m
    [35mreq[39m: {
      "id": 150,
      "method": "GET",
      "url": "/api/proveedores/resumen"
    }
    [35mres[39m: {
      "statusCode": 403
    }
    [35mresponseTime[39m: 6
[06:27:08.057] [32mINFO[39m (13886): [36mrequest completed[39m
    [35mreq[39m: {
      "id": 151,
      "method": "GET",
      "url": "/api/auth/me"
    }
    [35mres[39m: {
      "statusCode": 200
    }
    [35mresponseTime[39m: 7
[06:27:08.068] [32mINFO[39m (13886): [36mrequest completed[39m
    [35mreq[39m: {
      "id": 152,
      "method": "DELETE",
      "url": "/api/permisos/usuarios/5/proveedores_finanzas"
    }
    [35mres[39m: {
      "statusCode": 204
    }
    [35mresponseTime[39m: 10
✔ S-12: false override denies and DELETE restores the matrix role default (118.143004ms)
[06:27:08.094] [32mINFO[39m (13886): [36mrequest completed[39m
    [35mreq[39m: {
      "id": 153,
      "method": "POST",
      "url": "/api/auth/login"
    }
    [35mres[39m: {
      "statusCode": 200
    }
    [35mresponseTime[39m: 25
[06:27:08.099] [32mINFO[39m (13886): [36mrequest completed[39m
    [35mreq[39m: {
      "id": 154,
      "method": "GET",
      "url": "/api/proveedores/resumen"
    }
    [35mres[39m: {
      "statusCode": 403
    }
    [35mresponseTime[39m: 5
[06:27:08.125] [32mINFO[39m (13886): [36mrequest completed[39m
    [35mreq[39m: {
      "id": 155,
      "method": "POST",
      "url": "/api/auth/login"
    }
    [35mres[39m: {
      "statusCode": 200
    }
    [35mresponseTime[39m: 24
[06:27:08.136] [32mINFO[39m (13886): [36mrequest completed[39m
    [35mreq[39m: {
      "id": 156,
      "method": "GET",
      "url": "/api/clientes"
    }
    [35mres[39m: {
      "statusCode": 403
    }
    [35mresponseTime[39m: 10
[06:27:08.160] [32mINFO[39m (13886): [36mrequest completed[39m
    [35mreq[39m: {
      "id": 157,
      "method": "POST",
      "url": "/api/auth/login"
    }
    [35mres[39m: {
      "statusCode": 200
    }
    [35mresponseTime[39m: 23
[06:27:08.171] [32mINFO[39m (13886): [36mrequest completed[39m
    [35mreq[39m: {
      "id": 158,
      "method": "PUT",
      "url": "/api/permisos/usuarios/6/clientes"
    }
    [35mres[39m: {
      "statusCode": 200
    }
    [35mresponseTime[39m: 10
[06:27:08.198] [32mINFO[39m (13886): [36mrequest completed[39m
    [35mreq[39m: {
      "id": 159,
      "method": "POST",
      "url": "/api/auth/login"
    }
    [35mres[39m: {
      "statusCode": 200
    }
    [35mresponseTime[39m: 26
[06:27:08.211] [32mINFO[39m (13886): [36mrequest completed[39m
    [35mreq[39m: {
      "id": 160,
      "method": "GET",
      "url": "/api/clientes"
    }
    [35mres[39m: {
      "statusCode": 200
    }
    [35mresponseTime[39m: 12
✔ S-13: Override true beats role false: BODEGA clientes 403 → override → 200 (111.714094ms)
[06:27:08.236] [32mINFO[39m (13886): [36mrequest completed[39m
    [35mreq[39m: {
      "id": 161,
      "method": "POST",
      "url": "/api/auth/login"
    }
    [35mres[39m: {
      "statusCode": 200
    }
    [35mresponseTime[39m: 24
[06:27:08.247] [32mINFO[39m (13886): [36mrequest completed[39m
    [35mreq[39m: {
      "id": 162,
      "method": "DELETE",
      "url": "/api/permisos/usuarios/6/clientes"
    }
    [35mres[39m: {
      "statusCode": 204
    }
    [35mresponseTime[39m: 10
[06:27:08.272] [32mINFO[39m (13886): [36mrequest completed[39m
    [35mreq[39m: {
      "id": 163,
      "method": "POST",
      "url": "/api/auth/login"
    }
    [35mres[39m: {
      "statusCode": 200
    }
    [35mresponseTime[39m: 24
[06:27:08.282] [32mINFO[39m (13886): [36mrequest completed[39m
    [35mreq[39m: {
      "id": 164,
      "method": "GET",
      "url": "/api/clientes"
    }
    [35mres[39m: {
      "statusCode": 403
    }
    [35mresponseTime[39m: 10
✔ S-14: DELETE override → BODEGA clientes reverts to role 403 (70.624666ms)
[06:27:08.306] [32mINFO[39m (13886): [36mrequest completed[39m
    [35mreq[39m: {
      "id": 165,
      "method": "POST",
      "url": "/api/auth/login"
    }
    [35mres[39m: {
      "statusCode": 200
    }
    [35mresponseTime[39m: 23
[06:27:08.313] [32mINFO[39m (13886): [36mrequest completed[39m
    [35mreq[39m: {
      "id": 166,
      "method": "GET",
      "url": "/api/permisos/preview/6"
    }
    [35mres[39m: {
      "statusCode": 200
    }
    [35mresponseTime[39m: 6
[06:27:08.323] [32mINFO[39m (13886): [36mrequest completed[39m
    [35mreq[39m: {
      "id": 167,
      "method": "GET",
      "url": "/api/permisos/preview/6"
    }
    [35mres[39m: {
      "statusCode": 200
    }
    [35mresponseTime[39m: 6
[06:27:08.333] [32mINFO[39m (13886): [36mrequest completed[39m
    [35mreq[39m: {
      "id": 168,
      "method": "GET",
      "url": "/api/permisos/preview/6"
    }
    [35mres[39m: {
      "statusCode": 200
    }
    [35mresponseTime[39m: 5
✔ S-15: Deny-by-default — BODEGA inventario allowed; remove denies; restore allows (51.235384ms)
[06:27:08.358] [32mINFO[39m (13886): [36mrequest completed[39m
    [35mreq[39m: {
      "id": 169,
      "method": "POST",
      "url": "/api/auth/login"
    }
    [35mres[39m: {
      "statusCode": 200
    }
    [35mresponseTime[39m: 24
[06:27:08.368] [32mINFO[39m (13886): [36mrequest completed[39m
    [35mreq[39m: {
      "id": 170,
      "method": "PUT",
      "url": "/api/permisos/roles/ADMIN/usuarios"
    }
    [35mres[39m: {
      "statusCode": 403
    }
    [35mresponseTime[39m: 10
[06:27:08.375] [32mINFO[39m (13886): [36mrequest completed[39m
    [35mreq[39m: {
      "id": 171,
      "method": "GET",
      "url": "/api/users"
    }
    [35mres[39m: {
      "statusCode": 200
    }
    [35mresponseTime[39m: 6
✔ S-16: PUT /permisos/roles/ADMIN/usuarios with puedeVer=false → 403 (49.10267ms)
[06:27:08.382] [32mINFO[39m (13886): [36mrequest completed[39m
    [35mreq[39m: {
      "id": 172,
      "method": "GET",
      "url": "/api/auth/me"
    }
    [35mres[39m: {
      "statusCode": 200
    }
    [35mresponseTime[39m: 6
[06:27:08.408] [32mINFO[39m (13886): [36mrequest completed[39m
    [35mreq[39m: {
      "id": 173,
      "method": "POST",
      "url": "/api/auth/login"
    }
    [35mres[39m: {
      "statusCode": 200
    }
    [35mresponseTime[39m: 24
[06:27:08.418] [32mINFO[39m (13886): [36mrequest completed[39m
    [35mreq[39m: {
      "id": 174,
      "method": "PUT",
      "url": "/api/permisos/roles/ADMIN/permisos"
    }
    [35mres[39m: {
      "statusCode": 403
    }
    [35mresponseTime[39m: 9
[06:27:08.431] [32mINFO[39m (13886): [36mrequest completed[39m
    [35mreq[39m: {
      "id": 175,
      "method": "GET",
      "url": "/api/permisos/roles"
    }
    [35mres[39m: {
      "statusCode": 200
    }
    [35mresponseTime[39m: 9
[06:27:08.436] [32mINFO[39m (13886): [36mrequest completed[39m
    [35mreq[39m: {
      "id": 176,
      "method": "GET",
      "url": "/api/auth/me"
    }
    [35mres[39m: {
      "statusCode": 200
    }
    [35mresponseTime[39m: 5
✔ S-17: PUT /permisos/roles/ADMIN/permisos with puedeCrear=false → 403 (57.177478ms)
[06:27:08.464] [32mINFO[39m (13886): [36mrequest completed[39m
    [35mreq[39m: {
      "id": 177,
      "method": "POST",
      "url": "/api/auth/login"
    }
    [35mres[39m: {
      "statusCode": 200
    }
    [35mresponseTime[39m: 23
✔ S-18: Self-override modification → 403 (cannot modify own permissions) (34.018836ms)
[06:27:08.474] [32mINFO[39m (13886): [36mrequest completed[39m
    [35mreq[39m: {
      "id": 178,
      "method": "PUT",
      "url": "/api/permisos/usuarios/2/dashboard"
    }
    [35mres[39m: {
      "statusCode": 403
    }
    [35mresponseTime[39m: 9
[06:27:08.497] [32mINFO[39m (13886): [36mrequest completed[39m
    [35mreq[39m: {
      "id": 179,
      "method": "POST",
      "url": "/api/auth/login"
    }
    [35mres[39m: {
      "statusCode": 200
    }
    [35mresponseTime[39m: 22
[06:27:08.512] [32mINFO[39m (13886): [36mrequest completed[39m
    [35mreq[39m: {
      "id": 180,
      "method": "PATCH",
      "url": "/api/users/2"
    }
    [35mres[39m: {
      "statusCode": 409
    }
    [35mresponseTime[39m: 10
✔ S-19: Last active ADMIN — deactivate → 409 (must keep at least one) (41.41183ms)
[06:27:08.541] [32mINFO[39m (13886): [36mrequest completed[39m
    [35mreq[39m: {
      "id": 181,
      "method": "POST",
      "url": "/api/auth/login"
    }
    [35mres[39m: {
      "statusCode": 200
    }
    [35mresponseTime[39m: 25
✔ S-20: BODEGA PROPIA — GET /inventario/rollos?ubicacionId=other → forced to own (32.787623ms)
[06:27:08.548] [32mINFO[39m (13886): [36mrequest completed[39m
    [35mreq[39m: {
      "id": 182,
      "method": "GET",
      "url": "/api/inventario/rollos"
    }
    [35mres[39m: {
      "statusCode": 200
    }
    [35mresponseTime[39m: 7
✔ S-21: BODEGA PROPIA — GET /inventario/existencias?ubicacionId=other → forced to own (44.12931ms)
[06:27:08.583] [32mINFO[39m (13886): [36mrequest completed[39m
    [35mreq[39m: {
      "id": 183,
      "method": "POST",
      "url": "/api/auth/login"
    }
    [35mres[39m: {
      "statusCode": 200
    }
    [35mresponseTime[39m: 25
[06:27:08.592] [32mINFO[39m (13886): [36mrequest completed[39m
    [35mreq[39m: {
      "id": 184,
      "method": "GET",
      "url": "/api/inventario/existencias"
    }
    [35mres[39m: {
      "statusCode": 200
    }
    [35mresponseTime[39m: 8
[06:27:08.617] [32mINFO[39m (13886): [36mrequest completed[39m
    [35mreq[39m: {
      "id": 185,
      "method": "POST",
      "url": "/api/auth/login"
    }
    [35mres[39m: {
      "statusCode": 200
    }
    [35mresponseTime[39m: 24
[06:27:08.629] [32mINFO[39m (13886): [36mrequest completed[39m
    [35mreq[39m: {
      "id": 186,
      "method": "GET",
      "url": "/api/inventario/kardex"
    }
    [35mres[39m: {
      "statusCode": 200
    }
    [35mresponseTime[39m: 11
✔ S-22: BODEGA PROPIA — GET /inventario/kardex → ignores other ubicacionId param (36.35042ms)
[06:27:08.656] [32mINFO[39m (13886): [36mrequest completed[39m
    [35mreq[39m: {
      "id": 187,
      "method": "POST",
      "url": "/api/auth/login"
    }
    [35mres[39m: {
      "statusCode": 200
    }
    [35mresponseTime[39m: 26
[06:27:08.664] [32mINFO[39m (13886): [36mrequest completed[39m
    [35mreq[39m: {
      "id": 188,
      "method": "GET",
      "url": "/api/inventario/rollos"
    }
    [35mres[39m: {
      "statusCode": 200
    }
    [35mresponseTime[39m: 7
✔ S-23: BODEGA alcanceConsulta=TODAS — GET /inventario/rollos?ubicacionId=other → honors filter (44.90709ms)
[06:27:08.673] [32mINFO[39m (13886): [36mrequest completed[39m
    [35mreq[39m: {
      "id": 189,
      "method": "GET",
      "url": "/api/inventario/rollos"
    }
    [35mres[39m: {
      "statusCode": 200
    }
    [35mresponseTime[39m: 8
[06:27:08.703] [32mINFO[39m (13886): [36mrequest completed[39m
    [35mreq[39m: {
      "id": 190,
      "method": "POST",
      "url": "/api/auth/login"
    }
    [35mres[39m: {
      "statusCode": 200
    }
    [35mresponseTime[39m: 28
[06:27:08.711] [32mINFO[39m (13886): [36mrequest completed[39m
    [35mreq[39m: {
      "id": 191,
      "method": "GET",
      "url": "/api/inventario/ubicaciones"
    }
    [35mres[39m: {
      "statusCode": 200
    }
    [35mresponseTime[39m: 7
[06:27:08.766] [32mINFO[39m (13886): [36mrequest completed[39m
    [35mreq[39m: {
      "id": 192,
      "method": "POST",
      "url": "/api/auth/login"
    }
    [35mres[39m: {
      "statusCode": 200
    }
    [35mresponseTime[39m: 27
[06:27:08.773] [32mINFO[39m (13886): [36mrequest completed[39m
    [35mreq[39m: {
      "id": 193,
      "method": "GET",
      "url": "/api/locations"
    }
    [35mres[39m: {
      "statusCode": 403
    }
    [35mresponseTime[39m: 6
[06:27:08.780] [32mINFO[39m (13886): [36mrequest completed[39m
    [35mreq[39m: {
      "id": 194,
      "method": "GET",
      "url": "/api/inventario/ubicaciones"
    }
    [35mres[39m: {
      "statusCode": 200
    }
    [35mresponseTime[39m: 6
[06:27:08.788] [32mINFO[39m (13886): [36mrequest completed[39m
    [35mreq[39m: {
      "id": 195,
      "method": "GET",
      "url": "/api/inventario/rollos"
    }
    [35mres[39m: {
      "statusCode": 200
    }
    [35mresponseTime[39m: 7
[06:27:08.823] [32mINFO[39m (13886): [36mrequest completed[39m
    [35mreq[39m: {
      "id": 196,
      "method": "GET",
      "url": "/api/inventario/rollos/10"
    }
    [35mres[39m: {
      "statusCode": 404
    }
    [35mresponseTime[39m: 6
[06:27:08.829] [32mINFO[39m (13886): [36mrequest completed[39m
    [35mreq[39m: {
      "id": 197,
      "method": "POST",
      "url": "/api/inventario/rollos/1/ajustar"
    }
    [35mres[39m: {
      "statusCode": 403
    }
    [35mresponseTime[39m: 5
[06:27:08.855] [32mINFO[39m (13886): [36mrequest completed[39m
    [35mreq[39m: {
      "id": 198,
      "method": "POST",
      "url": "/api/auth/login"
    }
    [35mres[39m: {
      "statusCode": 200
    }
    [35mresponseTime[39m: 25
✔ S-23A: operational locations allow TODAS selection; grouped inventory still enforces PROPIA (188.322918ms)
[06:27:08.862] [32mINFO[39m (13886): [36mrequest completed[39m
    [35mreq[39m: {
      "id": 199,
      "method": "GET",
      "url": "/api/inventario/existencias/agrupadas"
    }
    [35mres[39m: {
      "statusCode": 200
    }
    [35mresponseTime[39m: 7
[06:27:08.901] [32mINFO[39m (13886): [36mrequest completed[39m
    [35mreq[39m: {
      "id": 200,
      "method": "POST",
      "url": "/api/auth/login"
    }
    [35mres[39m: {
      "statusCode": 200
    }
    [35mresponseTime[39m: 24
[06:27:08.911] [32mINFO[39m (13886): [36mrequest completed[39m
    [35mreq[39m: {
      "id": 201,
      "method": "POST",
      "url": "/api/salidas/mostrador"
    }
    [35mres[39m: {
      "statusCode": 403
    }
    [35mresponseTime[39m: 9
[06:27:08.934] [32mINFO[39m (13886): [36mrequest completed[39m
    [35mreq[39m: {
      "id": 202,
      "method": "POST",
      "url": "/api/auth/login"
    }
    [35mres[39m: {
      "statusCode": 200
    }
    [35mresponseTime[39m: 22
✔ S-24: Non-ADMIN mutation on other-location → 403; ADMIN same → succeeds (100.777424ms)
[06:27:08.962] [32mINFO[39m (13886): [36mrequest completed[39m
    [35mreq[39m: {
      "id": 203,
      "method": "POST",
      "url": "/api/salidas/mostrador"
    }
    [35mres[39m: {
      "statusCode": 201
    }
    [35mresponseTime[39m: 26
[06:27:08.988] [32mINFO[39m (13886): [36mrequest completed[39m
    [35mreq[39m: {
      "id": 204,
      "method": "POST",
      "url": "/api/auth/login"
    }
    [35mres[39m: {
      "statusCode": 200
    }
    [35mresponseTime[39m: 24
[06:27:09.004] [32mINFO[39m (13886): [36mrequest completed[39m
    [35mreq[39m: {
      "id": 205,
      "method": "POST",
      "url": "/api/clientes"
    }
    [35mres[39m: {
      "statusCode": 201
    }
    [35mresponseTime[39m: 15
✔ S-25: GET /clientes/:id — no limiteCredito / saldoCredito in response (53.030933ms)
[06:27:09.016] [32mINFO[39m (13886): [36mrequest completed[39m
    [35mreq[39m: {
      "id": 206,
      "method": "GET",
      "url": "/api/clientes/11"
    }
    [35mres[39m: {
      "statusCode": 200
    }
    [35mresponseTime[39m: 11
[06:27:09.043] [32mINFO[39m (13886): [36mrequest completed[39m
    [35mreq[39m: {
      "id": 207,
      "method": "POST",
      "url": "/api/auth/login"
    }
    [35mres[39m: {
      "statusCode": 200
    }
    [35mresponseTime[39m: 26
[06:27:09.072] [32mINFO[39m (13886): [36mrequest completed[39m
    [35mreq[39m: {
      "id": 208,
      "method": "POST",
      "url": "/api/auth/login"
    }
    [35mres[39m: {
      "statusCode": 200
    }
    [35mresponseTime[39m: 26
[06:27:09.095] [32mINFO[39m (13886): [36mrequest completed[39m
    [35mreq[39m: {
      "id": 209,
      "method": "POST",
      "url": "/api/auth/login"
    }
    [35mres[39m: {
      "statusCode": 200
    }
    [35mresponseTime[39m: 22
[06:27:09.105] [32mINFO[39m (13886): [36mrequest completed[39m
    [35mreq[39m: {
      "id": 210,
      "method": "GET",
      "url": "/api/clientes/11/credito"
    }
    [35mres[39m: {
      "statusCode": 403
    }
    [35mresponseTime[39m: 9
[06:27:09.113] [32mINFO[39m (13886): [36mrequest completed[39m
    [35mreq[39m: {
      "id": 211,
      "method": "GET",
      "url": "/api/clientes/11/precios"
    }
    [35mres[39m: {
      "statusCode": 403
    }
    [35mresponseTime[39m: 8
[06:27:09.126] [32mINFO[39m (13886): [36mrequest completed[39m
    [35mreq[39m: {
      "id": 212,
      "method": "GET",
      "url": "/api/clientes/11/estado-cuenta"
    }
    [35mres[39m: {
      "statusCode": 403
    }
    [35mresponseTime[39m: 12
[06:27:09.153] [32mINFO[39m (13886): [36mrequest completed[39m
    [35mreq[39m: {
      "id": 213,
      "method": "POST",
      "url": "/api/auth/login"
    }
    [35mres[39m: {
      "statusCode": 200
    }
    [35mresponseTime[39m: 25
[06:27:09.164] [32mINFO[39m (13886): [36mrequest completed[39m
    [35mreq[39m: {
      "id": 214,
      "method": "GET",
      "url": "/api/clientes/11/precios"
    }
    [35mres[39m: {
      "statusCode": 200
    }
    [35mresponseTime[39m: 11
[06:27:09.177] [32mINFO[39m (13886): [36mrequest completed[39m
    [35mreq[39m: {
      "id": 215,
      "method": "GET",
      "url": "/api/pos/clientes/11/credito-disponible"
    }
    [35mres[39m: {
      "statusCode": 200
    }
    [35mresponseTime[39m: 12
[06:27:09.225] [32mINFO[39m (13886): [36mrequest completed[39m
    [35mreq[39m: {
      "id": 216,
      "method": "POST",
      "url": "/api/auth/login"
    }
    [35mres[39m: {
      "statusCode": 200
    }
    [35mresponseTime[39m: 24
[06:27:09.238] [32mINFO[39m (13886): [36mrequest completed[39m
    [35mreq[39m: {
      "id": 217,
      "method": "GET",
      "url": "/api/clientes/11/credito"
    }
    [35mres[39m: {
      "statusCode": 403
    }
    [35mresponseTime[39m: 12
[06:27:09.244] [32mINFO[39m (13886): [36mrequest completed[39m
    [35mreq[39m: {
      "id": 218,
      "method": "GET",
      "url": "/api/pos/clientes/11/credito-disponible"
    }
    [35mres[39m: {
      "statusCode": 403
    }
    [35mresponseTime[39m: 6
[06:27:09.253] [32mINFO[39m (13886): [36mrequest completed[39m
    [35mreq[39m: {
      "id": 219,
      "method": "GET",
      "url": "/api/clientes/11"
    }
    [35mres[39m: {
      "statusCode": 403
    }
    [35mresponseTime[39m: 8
[06:27:09.264] [32mINFO[39m (13886): [36mrequest completed[39m
    [35mreq[39m: {
      "id": 220,
      "method": "GET",
      "url": "/api/clientes/11/credito"
    }
    [35mres[39m: {
      "statusCode": 403
    }
    [35mresponseTime[39m: 10
[06:27:09.274] [32mINFO[39m (13886): [36mrequest completed[39m
    [35mreq[39m: {
      "id": 221,
      "method": "GET",
      "url": "/api/clientes/11/precios"
    }
    [35mres[39m: {
      "statusCode": 403
    }
    [35mresponseTime[39m: 9
[06:27:09.285] [32mINFO[39m (13886): [36mrequest completed[39m
    [35mreq[39m: {
      "id": 222,
      "method": "GET",
      "url": "/api/clientes/11/credito"
    }
    [35mres[39m: {
      "statusCode": 200
    }
    [35mresponseTime[39m: 11
[06:27:09.304] [32mINFO[39m (13886): [36mrequest completed[39m
    [35mreq[39m: {
      "id": 223,
      "method": "GET",
      "url": "/api/clientes/11/estado-cuenta"
    }
    [35mres[39m: {
      "statusCode": 200
    }
    [35mresponseTime[39m: 19
[06:27:09.328] [32mINFO[39m (13886): [36mrequest completed[39m
    [35mreq[39m: {
      "id": 224,
      "method": "POST",
      "url": "/api/clientes/11/ajustes"
    }
    [35mres[39m: {
      "statusCode": 201
    }
    [35mresponseTime[39m: 23
[06:27:09.363] [32mINFO[39m (13886): [36mrequest completed[39m
    [35mreq[39m: {
      "id": 225,
      "method": "GET",
      "url": "/api/clientes/analitica.xlsx"
    }
    [35mres[39m: {
      "statusCode": 200
    }
    [35mresponseTime[39m: 19
[06:27:09.400] [32mINFO[39m (13886): [36mrequest completed[39m
    [35mreq[39m: {
      "id": 226,
      "method": "GET",
      "url": "/api/clientes/11/estado-cuenta.xlsx"
    }
    [35mres[39m: {
      "statusCode": 200
    }
    [35mresponseTime[39m: 17
[06:27:09.426] [32mINFO[39m (13886): [36mrequest completed[39m
    [35mreq[39m: {
      "id": 227,
      "method": "GET",
      "url": "/api/clientes/cartera.xlsx"
    }
    [35mres[39m: {
      "statusCode": 200
    }
    [35mresponseTime[39m: 19
[06:27:09.442] [32mINFO[39m (13886): [36mrequest completed[39m
    [35mreq[39m: {
      "id": 228,
      "method": "GET",
      "url": "/api/clientes/cartera.xlsx"
    }
    [35mres[39m: {
      "statusCode": 200
    }
    [35mresponseTime[39m: 15
✖ S-26: clientes_credito / clientes_precios / clientes_finanzas independently gated (436.677663ms)
[06:27:09.489] [32mINFO[39m (13886): [36mrequest completed[39m
    [35mreq[39m: {
      "id": 229,
      "method": "POST",
      "url": "/api/auth/login"
    }
    [35mres[39m: {
      "statusCode": 200
    }
    [35mresponseTime[39m: 26
[06:27:09.534] [32mINFO[39m (13886): [36mrequest completed[39m
    [35mreq[39m: {
      "id": 230,
      "method": "POST",
      "url": "/api/salidas/mostrador"
    }
    [35mres[39m: {
      "statusCode": 201
    }
    [35mresponseTime[39m: 26
[06:27:09.546] [32mINFO[39m (13886): [36mrequest completed[39m
    [35mreq[39m: {
      "id": 231,
      "method": "POST",
      "url": "/api/inventario/rollos/12/revertir"
    }
    [35mres[39m: {
      "statusCode": 400
    }
    [35mresponseTime[39m: 10
[06:27:09.554] [32mINFO[39m (13886): [36mrequest completed[39m
    [35mreq[39m: {
      "id": 232,
      "method": "GET",
      "url": "/api/inventario/rollos/12"
    }
    [35mres[39m: {
      "statusCode": 200
    }
    [35mresponseTime[39m: 7
[06:27:09.574] [32mINFO[39m (13886): [36mrequest completed[39m
    [35mreq[39m: {
      "id": 233,
      "method": "GET",
      "url": "/api/inventario/rollos/13"
    }
    [35mres[39m: {
      "statusCode": 200
    }
    [35mresponseTime[39m: 5
[06:27:09.590] [32mINFO[39m (13886): [36mrequest completed[39m
    [35mreq[39m: {
      "id": 234,
      "method": "POST",
      "url": "/api/inventario/rollos/13/vender"
    }
    [35mres[39m: {
      "statusCode": 200
    }
    [35mresponseTime[39m: 15
[06:27:09.607] [32mINFO[39m (13886): [36mrequest completed[39m
    [35mreq[39m: {
      "id": 235,
      "method": "POST",
      "url": "/api/inventario/rollos/13/revertir"
    }
    [35mres[39m: {
      "statusCode": 200
    }
    [35mresponseTime[39m: 15
[06:27:09.626] [32mINFO[39m (13886): [36mrequest completed[39m
    [35mreq[39m: {
      "id": 236,
      "method": "GET",
      "url": "/api/inventario/rollos/14"
    }
    [35mres[39m: {
      "statusCode": 200
    }
    [35mresponseTime[39m: 6
[06:27:09.645] [32mINFO[39m (13886): [36mrequest completed[39m
    [35mreq[39m: {
      "id": 237,
      "method": "POST",
      "url": "/api/inventario/rollos/14/ajustar"
    }
    [35mres[39m: {
      "statusCode": 200
    }
    [35mresponseTime[39m: 18
[06:27:09.661] [32mINFO[39m (13886): [36mrequest completed[39m
    [35mreq[39m: {
      "id": 238,
      "method": "POST",
      "url": "/api/inventario/rollos/14/revertir"
    }
    [35mres[39m: {
      "statusCode": 200
    }
    [35mresponseTime[39m: 15
✔ S-27: SALIDA_MOSTRADOR reversal fails (MOSTRADOR stays); VENTA+BAJA revert + cache reconcile (221.724884ms)
[06:27:09.674] [32mINFO[39m (13886): [36mrequest completed[39m
    [35mreq[39m: {
      "id": 239,
      "method": "GET",
      "url": "/api/inventario/kardex"
    }
    [35mres[39m: {
      "statusCode": 200
    }
    [35mresponseTime[39m: 12
[06:27:09.703] [32mINFO[39m (13886): [36mrequest completed[39m
    [35mreq[39m: {
      "id": 240,
      "method": "POST",
      "url": "/api/auth/login"
    }
    [35mres[39m: {
      "statusCode": 200
    }
    [35mresponseTime[39m: 24
[06:27:09.719] [32mINFO[39m (13886): [36mrequest completed[39m
    [35mreq[39m: {
      "id": 241,
      "method": "POST",
      "url": "/api/users"
    }
    [35mres[39m: {
      "statusCode": 403
    }
    [35mresponseTime[39m: 15
[06:27:09.732] [32mINFO[39m (13886): [36mrequest completed[39m
    [35mreq[39m: {
      "id": 242,
      "method": "PATCH",
      "url": "/api/users/6"
    }
    [35mres[39m: {
      "statusCode": 403
    }
    [35mresponseTime[39m: 12
[06:27:09.750] [32mINFO[39m (13886): [36mrequest completed[39m
    [35mreq[39m: {
      "id": 243,
      "method": "PATCH",
      "url": "/api/users/8"
    }
    [35mres[39m: {
      "statusCode": 403
    }
    [35mresponseTime[39m: 17
[06:27:09.761] [32mINFO[39m (13886): [36mrequest completed[39m
    [35mreq[39m: {
      "id": 244,
      "method": "PATCH",
      "url": "/api/users/2"
    }
    [35mres[39m: {
      "statusCode": 403
    }
    [35mresponseTime[39m: 10
✔ S-28: Non-ADMIN with usuarios permissions cannot escalate to ADMIN (89.70671ms)
[06:27:09.811] [32mINFO[39m (13886): [36mrequest completed[39m
    [35mreq[39m: {
      "id": 245,
      "method": "POST",
      "url": "/api/auth/login"
    }
    [35mres[39m: {
      "statusCode": 200
    }
    [35mresponseTime[39m: 22
[06:27:09.822] [32mINFO[39m (13886): [36mrequest completed[39m
    [35mreq[39m: {
      "id": 246,
      "method": "PATCH",
      "url": "/api/users/14"
    }
    [35mres[39m: {
      "statusCode": 200
    }
    [35mresponseTime[39m: 10
[06:27:09.828] [32mINFO[39m (13886): [36mrequest completed[39m
    [35mreq[39m: {
      "id": 247,
      "method": "GET",
      "url": "/api/permisos/usuarios/14"
    }
    [35mres[39m: {
      "statusCode": 403
    }
    [35mresponseTime[39m: 5
[06:27:09.836] [32mINFO[39m (13886): [36mrequest completed[39m
    [35mreq[39m: {
      "id": 248,
      "method": "PUT",
      "url": "/api/permisos/usuarios/14/dashboard"
    }
    [35mres[39m: {
      "statusCode": 403
    }
    [35mresponseTime[39m: 8
[06:27:09.845] [32mINFO[39m (13886): [36mrequest completed[39m
    [35mreq[39m: {
      "id": 249,
      "method": "DELETE",
      "url": "/api/permisos/usuarios/14/dashboard"
    }
    [35mres[39m: {
      "statusCode": 403
    }
    [35mresponseTime[39m: 8
✔ S-29: promotion to ADMIN removes overrides and ADMIN override routes → 403 (80.335524ms)
[06:27:09.902] [32mINFO[39m (13886): [36mrequest completed[39m
    [35mreq[39m: {
      "id": 250,
      "method": "POST",
      "url": "/api/auth/login"
    }
    [35mres[39m: {
      "statusCode": 200
    }
    [35mresponseTime[39m: 27
[06:27:09.908] [32mINFO[39m (13886): [36mrequest completed[39m
    [35mreq[39m: {
      "id": 251,
      "method": "POST",
      "url": "/api/sesiones-caja/abrir"
    }
    [35mres[39m: {
      "statusCode": 403
    }
    [35mresponseTime[39m: 5
[06:27:09.959] [32mINFO[39m (13886): [36mrequest completed[39m
    [35mreq[39m: {
      "id": 252,
      "method": "POST",
      "url": "/api/auth/login"
    }
    [35mres[39m: {
      "statusCode": 200
    }
    [35mresponseTime[39m: 26
[06:27:09.982] [32mINFO[39m (13886): [36mrequest completed[39m
    [35mreq[39m: {
      "id": 253,
      "method": "POST",
      "url": "/api/auth/login"
    }
    [35mres[39m: {
      "statusCode": 200
    }
    [35mresponseTime[39m: 22
[06:27:09.997] [32mINFO[39m (13886): [36mrequest completed[39m
    [35mreq[39m: {
      "id": 254,
      "method": "POST",
      "url": "/api/sesiones-caja/abrir"
    }
    [35mres[39m: {
      "statusCode": 201
    }
    [35mresponseTime[39m: 14
[06:27:10.015] [32mINFO[39m (13886): [36mrequest completed[39m
    [35mreq[39m: {
      "id": 255,
      "method": "GET",
      "url": "/api/sesiones-caja/1/corte"
    }
    [35mres[39m: {
      "statusCode": 200
    }
    [35mresponseTime[39m: 17
[06:27:10.038] [32mINFO[39m (13886): [36mrequest completed[39m
    [35mreq[39m: {
      "id": 256,
      "method": "POST",
      "url": "/api/sesiones-caja/1/cerrar"
    }
    [35mres[39m: {
      "statusCode": 200
    }
    [35mresponseTime[39m: 22
[06:27:10.052] [32mINFO[39m (13886): [36mrequest completed[39m
    [35mreq[39m: {
      "id": 257,
      "method": "GET",
      "url": "/api/sesiones-caja/1/corte"
    }
    [35mres[39m: {
      "statusCode": 200
    }
    [35mresponseTime[39m: 13
[06:27:10.069] [32mINFO[39m (13886): [36mrequest completed[39m
    [35mreq[39m: {
      "id": 258,
      "method": "POST",
      "url": "/api/sesiones-caja/abrir"
    }
    [35mres[39m: {
      "statusCode": 201
    }
    [35mresponseTime[39m: 16
[06:27:10.075] [32mINFO[39m (13886): [36mrequest completed[39m
    [35mreq[39m: {
      "id": 259,
      "method": "GET",
      "url": "/api/sesiones-caja"
    }
    [35mres[39m: {
      "statusCode": 403
    }
    [35mresponseTime[39m: 5
[06:27:10.085] [32mINFO[39m (13886): [36mrequest completed[39m
    [35mreq[39m: {
      "id": 260,
      "method": "GET",
      "url": "/api/sesiones-caja"
    }
    [35mres[39m: {
      "statusCode": 200
    }
    [35mresponseTime[39m: 9
[06:27:10.096] [32mINFO[39m (13886): [36mrequest completed[39m
    [35mreq[39m: {
      "id": 261,
      "method": "GET",
      "url": "/api/sesiones-caja/1/corte"
    }
    [35mres[39m: {
      "statusCode": 200
    }
    [35mresponseTime[39m: 10
[06:27:10.108] [32mINFO[39m (13886): [36mrequest completed[39m
    [35mreq[39m: {
      "id": 262,
      "method": "GET",
      "url": "/api/sesiones-caja/2/corte"
    }
    [35mres[39m: {
      "statusCode": 200
    }
    [35mresponseTime[39m: 11
✔ S-30: explicit CAJA CORTES override authorizes cash management while location rules remain enforced (263.025586ms)
[06:27:10.152] [32mINFO[39m (13886): [36mrequest completed[39m
    [35mreq[39m: {
      "id": 264,
      "method": "POST",
      "url": "/api/auth/login"
    }
    [35mres[39m: {
      "statusCode": 200
    }
    [35mresponseTime[39m: 25
[06:27:10.154] [32mINFO[39m (13886): [36mrequest completed[39m
    [35mreq[39m: {
      "id": 263,
      "method": "POST",
      "url": "/api/auth/login"
    }
    [35mres[39m: {
      "statusCode": 200
    }
    [35mresponseTime[39m: 26
[06:27:10.156] [32mINFO[39m (13886): [36mrequest completed[39m
    [35mreq[39m: {
      "id": 265,
      "method": "POST",
      "url": "/api/auth/login"
    }
    [35mres[39m: {
      "statusCode": 200
    }
    [35mresponseTime[39m: 28
[06:27:10.163] [32mINFO[39m (13886): [36mrequest completed[39m
    [35mreq[39m: {
      "id": 266,
      "method": "POST",
      "url": "/api/inventario/salidas-extraordinarias"
    }
    [35mres[39m: {
      "statusCode": 403
    }
    [35mresponseTime[39m: 6
[06:27:10.170] [32mINFO[39m (13886): [36mrequest completed[39m
    [35mreq[39m: {
      "id": 267,
      "method": "GET",
      "url": "/api/inventario/salidas-extraordinarias"
    }
    [35mres[39m: {
      "statusCode": 403
    }
    [35mresponseTime[39m: 6
[06:27:10.177] [32mINFO[39m (13886): [36mrequest completed[39m
    [35mreq[39m: {
      "id": 268,
      "method": "POST",
      "url": "/api/inventario/salidas-extraordinarias"
    }
    [35mres[39m: {
      "statusCode": 403
    }
    [35mresponseTime[39m: 6
[06:27:10.183] [32mINFO[39m (13886): [36mrequest completed[39m
    [35mreq[39m: {
      "id": 269,
      "method": "GET",
      "url": "/api/inventario/salidas-extraordinarias"
    }
    [35mres[39m: {
      "statusCode": 403
    }
    [35mresponseTime[39m: 5
[06:27:10.210] [32mINFO[39m (13886): [36mrequest completed[39m
    [35mreq[39m: {
      "id": 270,
      "method": "POST",
      "url": "/api/inventario/salidas-extraordinarias"
    }
    [35mres[39m: {
      "statusCode": 201
    }
    [35mresponseTime[39m: 26
[06:27:10.218] [32mINFO[39m (13886): [36mrequest completed[39m
    [35mreq[39m: {
      "id": 271,
      "method": "GET",
      "url": "/api/inventario/salidas-extraordinarias"
    }
    [35mres[39m: {
      "statusCode": 200
    }
    [35mresponseTime[39m: 7
[06:27:10.227] [32mINFO[39m (13886): [36mrequest completed[39m
    [35mreq[39m: {
      "id": 272,
      "method": "POST",
      "url": "/api/inventario/salidas-extraordinarias/28/revertir"
    }
    [35mres[39m: {
      "statusCode": 400
    }
    [35mresponseTime[39m: 9
[06:27:10.234] [32mINFO[39m (13886): [36mrequest completed[39m
    [35mreq[39m: {
      "id": 273,
      "method": "POST",
      "url": "/api/inventario/rollos/15/revertir"
    }
    [35mres[39m: {
      "statusCode": 400
    }
    [35mresponseTime[39m: 6
[06:27:10.241] [32mINFO[39m (13886): [36mrequest completed[39m
    [35mreq[39m: {
      "id": 274,
      "method": "POST",
      "url": "/api/inventario/salidas-extraordinarias/28/revertir"
    }
    [35mres[39m: {
      "statusCode": 403
    }
    [35mresponseTime[39m: 6
[06:27:10.248] [32mINFO[39m (13886): [36mrequest completed[39m
    [35mreq[39m: {
      "id": 275,
      "method": "POST",
      "url": "/api/inventario/salidas-extraordinarias/28/revertir"
    }
    [35mres[39m: {
      "statusCode": 403
    }
    [35mresponseTime[39m: 7
[06:27:10.263] [32mINFO[39m (13886): [36mrequest completed[39m
    [35mreq[39m: {
      "id": 276,
      "method": "POST",
      "url": "/api/inventario/salidas-extraordinarias/28/revertir"
    }
    [35mres[39m: {
      "statusCode": 200
    }
    [35mresponseTime[39m: 15
✔ S-30A: extraordinary exits require direct ADMIN despite full salidas overrides (171.760506ms)
[06:27:10.279] [32mINFO[39m (13886): [36mrequest completed[39m
    [35mreq[39m: {
      "id": 277,
      "method": "POST",
      "url": "/api/inventario/salidas-extraordinarias/28/revertir"
    }
    [35mres[39m: {
      "statusCode": 200
    }
    [35mresponseTime[39m: 15
ℹ tests 49
ℹ suites 0
ℹ pass 48
ℹ fail 1
ℹ cancelled 0
ℹ skipped 0
ℹ todo 0
ℹ duration_ms 8391.259568

✖ failing tests:

test at artifacts/api-server/src/security-api.test.ts:1:2726
✖ S-26: clientes_credito / clientes_precios / clientes_finanzas independently gated (436.677663ms)
  AssertionError [ERR_ASSERTION]: Expected values to be strictly equal:
  + actual - expected
  
  + undefined
  - '"$"#,##0.00'
  
      at <anonymous> (/home/runner/workspace/artifacts/api-server/src/security-api.test.ts:2626:10)
      at async TestContext.<anonymous> (/home/runner/workspace/artifacts/api-server/src/security-api.test.ts:129:7)
      at async Test.run (node:internal/test_runner/test:1113:7)
      at async Test.processPendingSubtests (node:internal/test_runner/test:788:7) {
    generatedMessage: true,
    code: 'ERR_ASSERTION',
    actual: undefined,
    expected: '"$"#,##0.00',
    operator: 'strictEqual',
    diff: 'simple'
  }
