commit=173b7cf1373c7fb568209453721dbf510c5b1d38
tree=59e3dabc238191b9426fd6ed2a4a46c5810a6a2e
node=v24.13.0
command=/nix/store/9cyx2v23dip6p9q98384k9v06c96qskb-nodejs-24.13.0/bin/node --require /home/runner/workspace/reports/tanda-nocturna-20260919/tarea-5/no-io.cjs --test --test-reporter=tap artifacts/api-server/src/lib/tarea5-permissions-redaction.no-db.test.mjs
sourceRoot=/home/runner/workspace
TAP version 13
# Subtest: T5 permisos: resolution, matrix, overrides and middleware without persisted actors
not ok 1 - T5 permisos: resolution, matrix, overrides and middleware without persisted actors
  ---
  duration_ms: 91.643165
  type: 'test'
  location: '/home/runner/workspace/artifacts/api-server/src/lib/tarea5-permissions-redaction.no-db.test.mjs:32:1'
  failureType: 'testCodeFailure'
  error: 'Unreviewed import: ./tarea4-gates'
  code: 'ERR_ASSERTION'
  name: 'AssertionError'
  expected: true
  actual: false
  operator: '=='
  stack: |-
    require (file:///home/runner/workspace/artifacts/api-server/src/lib/tarea5-permissions-redaction.no-db.test.mjs:22:14)
    /home/runner/workspace/artifacts/api-server/src/lib/permisos.ts:22:24
    Script.runInContext (node:vm:149:12)
    Script.runInNewContext (node:vm:154:17)
    Object.runInNewContext (node:vm:310:38)
    load (file:///home/runner/workspace/artifacts/api-server/src/lib/tarea5-permissions-redaction.no-db.test.mjs:19:6)
    TestContext.<anonymous> (file:///home/runner/workspace/artifacts/api-server/src/lib/tarea5-permissions-redaction.no-db.test.mjs:54:15)
    Test.runInAsyncScope (node:async_hooks:214:14)
    Test.run (node:internal/test_runner/test:1106:25)
    Test.start (node:internal/test_runner/test:1003:17)
  ...
# Subtest: T5 productos-cache: TERMINAL redaction preserves stock and source payload
ok 2 - T5 productos-cache: TERMINAL redaction preserves stock and source payload
  ---
  duration_ms: 19.60113
  type: 'test'
  ...
# Subtest: T5 role-access-matrix: SUPERVISOR nested confidentiality without login
ok 3 - T5 role-access-matrix: SUPERVISOR nested confidentiality without login
  ---
  duration_ms: 11.680524
  type: 'test'
  ...
1..3
# tests 3
# suites 0
# pass 2
# fail 1
# cancelled 0
# skipped 0
# todo 0
# duration_ms 378.017638

EXIT_CODE=1
