commit=173b7cf1373c7fb568209453721dbf510c5b1d38
tree=1735437cb9604914685cc0d7dcea821d0e4a993a
node=v24.13.0
command=/nix/store/9cyx2v23dip6p9q98384k9v06c96qskb-nodejs-24.13.0/bin/node --require /home/runner/workspace/reports/tanda-nocturna-20260919/tarea-5/no-io.cjs --test --test-reporter=tap artifacts/api-server/src/lib/tarea5-permissions-redaction.no-db.test.mjs
sourceRoot=/tmp/tarea5-m3c1p1/terminal-leaks-cost
TAP version 13
# Subtest: T5 permisos: resolution, matrix, overrides and middleware without persisted actors
ok 1 - T5 permisos: resolution, matrix, overrides and middleware without persisted actors
  ---
  duration_ms: 173.399639
  type: 'test'
  ...
# Subtest: T5 productos-cache: TERMINAL redaction preserves stock and source payload
not ok 2 - T5 productos-cache: TERMINAL redaction preserves stock and source payload
  ---
  duration_ms: 16.920134
  type: 'test'
  location: '/home/runner/workspace/artifacts/api-server/src/lib/tarea5-permissions-redaction.no-db.test.mjs:101:1'
  failureType: 'testCodeFailure'
  error: |-
    Expected values to be strictly deep-equal:
    + actual - expected
    
      {
    +   costoPromedio: '12.00',
        existencia: 14.25,
        id: 7,
        metadata: null,
        rollos: [
          {
            cantidadActual: 14.25,
    +       costoUnitario: '12.00',
            detalle: {
    +         margen: '8.00',
              ubicacionId: 3,
    +         utilidad: '114.00'
            },
    +       precio_venta: '20.00',
            serie: 'R-7'
          }
        ],
        tela: 'Lino'
      }
    
  code: 'ERR_ASSERTION'
  name: 'AssertionError'
  expected:
    id: 7
    tela: 'Lino'
    existencia: 14.25
    rollos:
      0:
        serie: 'R-7'
        cantidadActual: 14.25
        detalle:
          ubicacionId: 3
    metadata: ~
  actual:
    id: 7
    tela: 'Lino'
    existencia: 14.25
    costoPromedio: '12.00'
    rollos:
      0:
        serie: 'R-7'
        cantidadActual: 14.25
        precio_venta: '20.00'
        costoUnitario: '12.00'
        detalle:
          margen: '8.00'
          utilidad: '114.00'
          ubicacionId: 3
    metadata: ~
  operator: 'deepStrictEqual'
  stack: |-
    TestContext.<anonymous> (file:///home/runner/workspace/artifacts/api-server/src/lib/tarea5-permissions-redaction.no-db.test.mjs:110:10)
    Test.runInAsyncScope (node:async_hooks:214:14)
    Test.run (node:internal/test_runner/test:1106:25)
    Test.processPendingSubtests (node:internal/test_runner/test:788:18)
    Test.postRun (node:internal/test_runner/test:1235:19)
    Test.run (node:internal/test_runner/test:1163:12)
    async startSubtestAfterBootstrap (node:internal/test_runner/harness:358:3)
  ...
# Subtest: T5 role-access-matrix: SUPERVISOR nested confidentiality without login
ok 3 - T5 role-access-matrix: SUPERVISOR nested confidentiality without login
  ---
  duration_ms: 11.324334
  type: 'test'
  ...
1..3
# tests 3
# suites 0
# pass 2
# fail 1
# cancelled 0
# skipped 0
# todo 0
# duration_ms 612.576034

EXIT_CODE=1
