commit=173b7cf1373c7fb568209453721dbf510c5b1d38
tree=1735437cb9604914685cc0d7dcea821d0e4a993a
node=v24.13.0
command=/nix/store/9cyx2v23dip6p9q98384k9v06c96qskb-nodejs-24.13.0/bin/node --require /home/runner/workspace/reports/tanda-nocturna-20260919/tarea-5/no-io.cjs --test --test-reporter=tap artifacts/api-server/src/lib/tarea5-permissions-redaction.no-db.test.mjs
sourceRoot=/tmp/tarea5-m3c1p1/supervisor-leaks-finance
TAP version 13
# Subtest: T5 permisos: resolution, matrix, overrides and middleware without persisted actors
ok 1 - T5 permisos: resolution, matrix, overrides and middleware without persisted actors
  ---
  duration_ms: 99.241406
  type: 'test'
  ...
# Subtest: T5 productos-cache: TERMINAL redaction preserves stock and source payload
ok 2 - T5 productos-cache: TERMINAL redaction preserves stock and source payload
  ---
  duration_ms: 12.361691
  type: 'test'
  ...
# Subtest: T5 role-access-matrix: SUPERVISOR nested confidentiality without login
not ok 3 - T5 role-access-matrix: SUPERVISOR nested confidentiality without login
  ---
  duration_ms: 13.431617
  type: 'test'
  location: '/home/runner/workspace/artifacts/api-server/src/lib/tarea5-permissions-redaction.no-db.test.mjs:118:1'
  failureType: 'testCodeFailure'
  error: |-
    Expected values to be strictly deep-equal:
    + actual - expected
    
      {
        id: 7,
        lineas: [
          {
            cantidad: 5,
    +       costoUnitario: 'private',
    +       creditoDisponible: 'private',
    +       documentoUrl: 'private',
    +       efectivo: 'private',
    +       formaPago: 'private',
    +       importe: 'private',
    +       ineUrl: 'private',
    +       limiteCredito: 'private',
    +       margen: 'private',
    +       mimeType: 'private',
    +       nombreArchivo: 'private',
    +       objectKey: 'private',
    +       pagos: 'private',
    +       precio_sugerido: 'private',
    +       saldo: 'private',
            serie: 'R7',
    +       storageMetadata: 'private',
    +       totalDeuda: 'private',
    +       totalPagado: 'private',
    +       utilidad: 'private'
          }
        ],
        nombre: 'Producto'
      }
    
  code: 'ERR_ASSERTION'
  name: 'AssertionError'
  expected:
    id: 7
    nombre: 'Producto'
    lineas:
      0:
        serie: 'R7'
        cantidad: 5
  actual:
    id: 7
    nombre: 'Producto'
    lineas:
      0:
        serie: 'R7'
        cantidad: 5
        costoUnitario: 'private'
        precio_sugerido: 'private'
        margen: 'private'
        utilidad: 'private'
        saldo: 'private'
        limiteCredito: 'private'
        creditoDisponible: 'private'
        totalDeuda: 'private'
        totalPagado: 'private'
        importe: 'private'
        formaPago: 'private'
        pagos: 'private'
        efectivo: 'private'
        ineUrl: 'private'
        documentoUrl: 'private'
        nombreArchivo: 'private'
        mimeType: 'private'
        objectKey: 'private'
        storageMetadata: 'private'
  operator: 'deepStrictEqual'
  stack: |-
    TestContext.<anonymous> (file:///home/runner/workspace/artifacts/api-server/src/lib/tarea5-permissions-redaction.no-db.test.mjs:126:10)
    Test.runInAsyncScope (node:async_hooks:214:14)
    Test.run (node:internal/test_runner/test:1106:25)
    Test.processPendingSubtests (node:internal/test_runner/test:788:18)
    Test.postRun (node:internal/test_runner/test:1235:19)
    Test.run (node:internal/test_runner/test:1163:12)
    async Test.processPendingSubtests (node:internal/test_runner/test:788:7)
  ...
1..3
# tests 3
# suites 0
# pass 2
# fail 1
# cancelled 0
# skipped 0
# todo 0
# duration_ms 489.042606

EXIT_CODE=1
