commit=173b7cf1373c7fb568209453721dbf510c5b1d38
tree=1735437cb9604914685cc0d7dcea821d0e4a993a
node=v24.13.0
command=/nix/store/9cyx2v23dip6p9q98384k9v06c96qskb-nodejs-24.13.0/bin/node --require /home/runner/workspace/reports/tanda-nocturna-20260919/tarea-5/no-io.cjs --test --test-reporter=tap artifacts/api-server/src/lib/tarea5-permissions-redaction.no-db.test.mjs
sourceRoot=/tmp/tarea5-m3c1p1/terminal-leaks-cost
TAP version 13
# Subtest: T5 permisos: resolution, matrix, overrides and middleware without persisted actors
ok 1 - T5 permisos: resolution, matrix, overrides and middleware without persisted actors
  ---
  duration_ms: 130.358878
  type: 'test'
  ...
# Subtest: T5 productos-cache: TERMINAL redaction preserves stock and source payload
ok 2 - T5 productos-cache: TERMINAL redaction preserves stock and source payload
  ---
  duration_ms: 25.818505
  type: 'test'
  ...
# Subtest: T5 role-access-matrix: SUPERVISOR nested confidentiality without login
ok 3 - T5 role-access-matrix: SUPERVISOR nested confidentiality without login
  ---
  duration_ms: 10.395842
  type: 'test'
  ...
1..3
# tests 3
# suites 0
# pass 3
# fail 0
# cancelled 0
# skipped 0
# todo 0
# duration_ms 515.233307

EXIT_CODE=0
