TAP version 13
Encountered two children with the same key, `[7,"CONTADOR","F",3,"permissions-v3",["FISCAL_CONCILIAR","FISCAL_LEER"]]`. Keys should be unique so that components maintain their identity across updates. Non-unique keys may cause children to be duplicated and/or omitted — the behavior is unsupported and could change in a future version.
E11_UNCONFIGURED_TRANSPORT GET /api/e11/conciliaciones/22222222-2222-4222-8222-222222222222/ventas
# Subtest: E11-SNAPSHOT-ID
not ok 1 - E11-SNAPSHOT-ID
  ---
  duration_ms: 94.786661
  type: 'test'
  location: '/tmp/e11-node-iO1BkS/E11-SNAPSHOT-ID-red/artifacts/mariana-textil/case.test.cjs:71052:27'
  failureType: 'testCodeFailure'
  error: |-
    E11-SNAPSHOT-ID
    
    false !== true
    
  code: 'ERR_ASSERTION'
  name: 'AssertionError'
  expected: true
  actual: false
  operator: 'strictEqual'
  stack: |-
    check (/tmp/e11-node-iO1BkS/E11-SNAPSHOT-ID-red/artifacts/mariana-textil/case.test.cjs:70738:46)
    TestContext.<anonymous> (/tmp/e11-node-iO1BkS/E11-SNAPSHOT-ID-red/artifacts/mariana-textil/case.test.cjs:71055:3)
    async Test.run (node:internal/test_runner/test:1113:7)
    async startSubtestAfterBootstrap (node:internal/test_runner/harness:358:3)
  ...
1..1
# tests 1
# suites 0
# pass 0
# fail 1
# cancelled 0
# skipped 0
# todo 0
# duration_ms 2452.795218
