▲ [WARNING] Cannot find base config file "../../tsconfig.base.json" [tsconfig.json]

    ../../lib/api-client-react/tsconfig.json:2:13:
      2 │   "extends": "../../tsconfig.base.json",
        ╵              ~~~~~~~~~~~~~~~~~~~~~~~~~~

▲ [WARNING] Cannot find base config file "../../tsconfig.base.json" [tsconfig.json]

    ../../lib/number-format/tsconfig.json:2:13:
      2 │   "extends": "../../tsconfig.base.json",
        ╵              ~~~~~~~~~~~~~~~~~~~~~~~~~~

▲ [WARNING] Cannot find base config file "../../tsconfig.base.json" [tsconfig.json]

    ../../lib/api-zod/tsconfig.json:2:13:
      2 │   "extends": "../../tsconfig.base.json",
        ╵              ~~~~~~~~~~~~~~~~~~~~~~~~~~

▲ [WARNING] Cannot find base config file "../../tsconfig.base.json" [tsconfig.json]

    ../../lib/scanned-code/tsconfig.json:2:13:
      2 │   "extends": "../../tsconfig.base.json",
        ╵              ~~~~~~~~~~~~~~~~~~~~~~~~~~

▲ [WARNING] Cannot find base config file "../../tsconfig.base.json" [tsconfig.json]

    ../../lib/metered-pricing/tsconfig.json:2:13:
      2 │   "extends": "../../tsconfig.base.json",
        ╵              ~~~~~~~~~~~~~~~~~~~~~~~~~~

BUNDLE_ONLY_OK 1209; zero test execution
