✖ symlink CLI must execute checks and reject missing inspection environment (66.461143ms)
ℹ tests 1
ℹ suites 0
ℹ pass 0
ℹ fail 1
ℹ cancelled 0
ℹ skipped 0
ℹ todo 0
ℹ duration_ms 233.854011

✖ failing tests:

test at reports/e2-paquete-liberacion-preparado-20260921/preflight-cli-regression.test.mjs:9:1
✖ symlink CLI must execute checks and reject missing inspection environment (66.461143ms)
  AssertionError [ERR_ASSERTION]: A skipped preflight must never return success.
      at TestContext.<anonymous> (file:///home/runner/workspace/reports/e2-paquete-liberacion-preparado-20260921/preflight-cli-regression.test.mjs:17:10)
      at Test.runInAsyncScope (node:async_hooks:214:14)
      at Test.run (node:internal/test_runner/test:1106:25)
      at Test.start (node:internal/test_runner/test:1003:17)
      at startSubtestAfterBootstrap (node:internal/test_runner/harness:358:17) {
    generatedMessage: false,
    code: 'ERR_ASSERTION',
    actual: 0,
    expected: 0,
    operator: 'notStrictEqual',
    diff: 'simple'
  }
