✔ exec same PID, inspection mode, exact bundle hash and append log (350.674013ms)
✔ preflight failure stays fatal with original exit (121.429364ms)
✔ bundle hash failure prevents exec (57.028859ms)
✔ preflight hash failure prevents exec (59.905552ms)
✔ manifest hash failure prevents exec (61.282062ms)
✔ missing hash failure prevents exec (81.830409ms)
✔ post-preflight bundle change blocks exec (105.884856ms)
✔ append failure never blocks stub exec or masks fatal preflight (224.053597ms)
✖ zero exit without positive preflight proof is fatal (137.545855ms)
ℹ tests 9
ℹ suites 0
ℹ pass 8
ℹ fail 1
ℹ cancelled 0
ℹ skipped 0
ℹ todo 0
ℹ duration_ms 1284.396841

✖ failing tests:

test at ../../../tmp/e2-wrapper-proof-before-om7NEW/release-wrapper.test.mjs:88:1
✖ zero exit without positive preflight proof is fatal (137.545855ms)
  AssertionError [ERR_ASSERTION]: Expected values to be strictly equal:
  
  0 !== 1
  
      at TestContext.<anonymous> (file:///tmp/e2-wrapper-proof-before-om7NEW/release-wrapper.test.mjs:91:10)
      at Test.runInAsyncScope (node:async_hooks:214:14)
      at Test.run (node:internal/test_runner/test:1106:25)
      at Test.processPendingSubtests (node:internal/test_runner/test:788:18)
      at Test.postRun (node:internal/test_runner/test:1235:19)
      at Test.run (node:internal/test_runner/test:1163:12)
      at async Test.processPendingSubtests (node:internal/test_runner/test:788:7) {
    generatedMessage: true,
    code: 'ERR_ASSERTION',
    actual: 0,
    expected: 1,
    operator: 'strictEqual',
    diff: 'simple'
  }
