TAP version 13
Encountered two children with the same key, `[7,"ADMIN",null,3,"permissions-v3",["PERFILES_ADMINISTRAR"]]`. Keys should be unique so that components maintain their identity across updates. Non-unique keys may cause children to be duplicated and/or omitted — the behavior is unsupported and could change in a future version.
# Subtest: E11-WRITE-RETRY-EXACT
not ok 1 - E11-WRITE-RETRY-EXACT
  ---
  duration_ms: 492.256764
  type: 'test'
  location: '/tmp/e11-node-CiTZ8s/E11-WRITE-RETRY-EXACT-red/artifacts/mariana-textil/case.test.cjs:71168:27'
  failureType: 'testCodeFailure'
  error: |-
    E11-WRITE-RETRY-EXACT
    + actual - expected
    
    + undefined
    - {
    -   motivo: 'Asignación explícita',
    -   perfil: 'A',
    -   revisionEsperada: 3,
    -   uuid: '8db1246f-076e-4664-9f57-a4254cada5f1'
    - }
    
  code: 'ERR_ASSERTION'
  name: 'AssertionError'
  expected:
    revisionEsperada: 3
    perfil: 'A'
    motivo: 'Asignación explícita'
    uuid: '8db1246f-076e-4664-9f57-a4254cada5f1'
  operator: 'deepStrictEqual'
  stack: |-
    TestContext.<anonymous> (/tmp/e11-node-CiTZ8s/E11-WRITE-RETRY-EXACT-red/artifacts/mariana-textil/case.test.cjs:71178:25)
    async Test.run (node:internal/test_runner/test:1113:7)
    async startSubtestAfterBootstrap (node:internal/test_runner/harness:358:3)
  ...
1..1
# tests 1
# suites 0
# pass 0
# fail 1
# cancelled 0
# skipped 0
# todo 0
# duration_ms 2735.0296
