TAP version 13
# Subtest: E5-AUTHORIZE-FAVOR-CEILING
not ok 1 - E5-AUTHORIZE-FAVOR-CEILING
  ---
  duration_ms: 235.31492
  type: 'test'
  location: '/tmp/e5-node-1fHLJx/E5-AUTHORIZE-FAVOR-CEILING-red/artifacts/mariana-textil/case.test.cjs:61596:27'
  failureType: 'testCodeFailure'
  error: |-
    E5-AUTHORIZE-FAVOR-CEILING
    
    true !== false
    
  code: 'ERR_ASSERTION'
  name: 'AssertionError'
  expected: false
  actual: true
  operator: 'strictEqual'
  stack: |-
    TestContext.<anonymous> (/tmp/e5-node-1fHLJx/E5-AUTHORIZE-FAVOR-CEILING-red/artifacts/mariana-textil/case.test.cjs:61601:25)
    async Test.run (node:internal/test_runner/test:1113:7)
    async startSubtestAfterBootstrap (node:internal/test_runner/harness:358:3)
  ...
1..1
# tests 1
# suites 0
# pass 0
# fail 1
# cancelled 0
# skipped 0
# todo 0
# duration_ms 2616.424864
