TAP version 13
# Subtest: E5-OFF-ENTRY
not ok 1 - E5-OFF-ENTRY
  ---
  duration_ms: 51.027113
  type: 'test'
  location: '/tmp/e5-node-1fHLJx/E5-OFF-ENTRY-red/artifacts/mariana-textil/case.test.cjs:61659:27'
  failureType: 'testCodeFailure'
  error: |-
    E5-OFF-ENTRY
    
    5 !== 0
    
  code: 'ERR_ASSERTION'
  name: 'AssertionError'
  expected: 0
  actual: 5
  operator: 'strictEqual'
  stack: |-
    TestContext.<anonymous> (/tmp/e5-node-1fHLJx/E5-OFF-ENTRY-red/artifacts/mariana-textil/case.test.cjs:61662:25)
    Test.runInAsyncScope (node:async_hooks:214:14)
    Test.run (node:internal/test_runner/test:1106:25)
    async startSubtestAfterBootstrap (node:internal/test_runner/harness:358:3)
  ...
1..1
# tests 1
# suites 0
# pass 0
# fail 1
# cancelled 0
# skipped 0
# todo 0
# duration_ms 2376.622915
