TAP version 13
# Subtest: E5-PROPOSAL-FAVOR-EXPLICIT
not ok 1 - E5-PROPOSAL-FAVOR-EXPLICIT
  ---
  duration_ms: 226.970363
  type: 'test'
  location: '/tmp/e5-node-1fHLJx/E5-PROPOSAL-FAVOR-EXPLICIT-red/artifacts/mariana-textil/case.test.cjs:61586:27'
  failureType: 'testCodeFailure'
  error: |-
    E5-PROPOSAL-FAVOR-EXPLICIT
    + actual - expected
    
    + undefined
    - '20.00'
    
  code: 'ERR_ASSERTION'
  name: 'AssertionError'
  expected: '20.00'
  operator: 'strictEqual'
  stack: |-
    TestContext.<anonymous> (/tmp/e5-node-1fHLJx/E5-PROPOSAL-FAVOR-EXPLICIT-red/artifacts/mariana-textil/case.test.cjs:61593:25)
    async Test.run (node:internal/test_runner/test:1113:7)
    async startSubtestAfterBootstrap (node:internal/test_runner/harness:358:3)
  ...
1..1
# tests 1
# suites 0
# pass 0
# fail 1
# cancelled 0
# skipped 0
# todo 0
# duration_ms 2815.893118
