TAP version 13
# Subtest: E5-RECEPTION-ATOMIC-EXACT-MOVEMENT
not ok 1 - E5-RECEPTION-ATOMIC-EXACT-MOVEMENT
  ---
  duration_ms: 301.093708
  type: 'test'
  location: '/tmp/e5-node-1fHLJx/E5-RECEPTION-ATOMIC-EXACT-MOVEMENT-red/artifacts/mariana-textil/case.test.cjs:61574:27'
  failureType: 'testCodeFailure'
  error: |-
    E5-RECEPTION-ATOMIC-EXACT-MOVEMENT
    + actual - expected
    
      [
        {
          importe: '25.00',
    +     movimientoVentaId: 101,
    -     movimientoVentaId: 903,
          notaId: 101
        }
      ]
    
  code: 'ERR_ASSERTION'
  name: 'AssertionError'
  expected:
    0:
      notaId: 101
      movimientoVentaId: 903
      importe: '25.00'
  actual:
    0:
      notaId: 101
      movimientoVentaId: 101
      importe: '25.00'
  operator: 'deepStrictEqual'
  stack: |-
    TestContext.<anonymous> (/tmp/e5-node-1fHLJx/E5-RECEPTION-ATOMIC-EXACT-MOVEMENT-red/artifacts/mariana-textil/case.test.cjs:61580:25)
    async Test.run (node:internal/test_runner/test:1113:7)
    async startSubtestAfterBootstrap (node:internal/test_runner/harness:358:3)
  ...
1..1
# tests 1
# suites 0
# pass 0
# fail 1
# cancelled 0
# skipped 0
# todo 0
# duration_ms 3464.880864
