✖ Task 57: auditoría concurrente y purga fail-closed usan únicamente la DB aislada (749.412578ms)
✔ Task 57: caja diaria serializa aperturas y descuenta salidas una vez (238.88574ms)
ℹ tests 2
ℹ suites 0
ℹ pass 1
ℹ fail 1
ℹ cancelled 0
ℹ skipped 0
ℹ todo 0
ℹ duration_ms 1464.271

✖ failing tests:

test at artifacts/api-server/src/task57.integration.test.ts:1:1246
✖ Task 57: auditoría concurrente y purga fail-closed usan únicamente la DB aislada (749.412578ms)
  AssertionError [ERR_ASSERTION]: Expected values to be strictly equal:
  
  true !== false
  
      at TestContext.<anonymous> (/home/runner/workspace/artifacts/api-server/src/task57.integration.test.ts:241:12)
      at process.processTicksAndRejections (node:internal/process/task_queues:103:5)
      at async Test.run (node:internal/test_runner/test:1113:7)
      at async startSubtestAfterBootstrap (node:internal/test_runner/harness:358:3) {
    generatedMessage: true,
    code: 'ERR_ASSERTION',
    actual: true,
    expected: false,
    operator: 'strictEqual',
    diff: 'simple'
  }
