TAP version 13
# Subtest: E7-GROUP1-FOUR
not ok 1 - E7-GROUP1-FOUR
  ---
  duration_ms: 389.393113
  type: 'test'
  location: '/tmp/e7-native-qXLLxP/E7-GROUP1-FOUR-red/artifacts/mariana-textil/case.test.cjs:71623:27'
  failureType: 'testCodeFailure'
  error: |-
    E7-GROUP1-FOUR
    
    false !== true
    
  code: 'ERR_ASSERTION'
  name: 'AssertionError'
  expected: true
  actual: false
  operator: 'strictEqual'
  stack: |-
    check (/tmp/e7-native-qXLLxP/E7-GROUP1-FOUR-red/artifacts/mariana-textil/case.test.cjs:71518:46)
    TestContext.<anonymous> (/tmp/e7-native-qXLLxP/E7-GROUP1-FOUR-red/artifacts/mariana-textil/case.test.cjs:71628:3)
    async Test.run (node:internal/test_runner/test:1113:7)
    async startSubtestAfterBootstrap (node:internal/test_runner/harness:358:3)
  ...
1..1
# tests 1
# suites 0
# pass 0
# fail 1
# cancelled 0
# skipped 0
# todo 0
# duration_ms 2478.165101
