TAP version 13
# Subtest: E11-ASSIGN-STALE-CAS-NO-WRITE
not ok 1 - E11-ASSIGN-STALE-CAS-NO-WRITE
  ---
  duration_ms: 7.003137
  type: 'test'
  location: '/tmp/e11-native-AhRFKZ/E11-ASSIGN-STALE-CAS-NO-WRITE-red/test.mjs:38422:1'
  failureType: 'testCodeFailure'
  error: 'Missing expected rejection.'
  code: 'ERR_ASSERTION'
  name: 'AssertionError'
  expected: [Function (anonymous)]
  operator: 'rejects'
  stack: |-
    async TestContext.<anonymous> (file:///tmp/e11-native-AhRFKZ/E11-ASSIGN-STALE-CAS-NO-WRITE-red/test.mjs:38431:3)
    async Test.run (node:internal/test_runner/test:1113:7)
    async startSubtestAfterBootstrap (node:internal/test_runner/harness:358:3)
  ...
1..1
# tests 1
# suites 0
# pass 0
# fail 1
# cancelled 0
# skipped 0
# todo 0
# duration_ms 87.633088

