TAP version 13
# Subtest: E5-PARENT-CLIENT
not ok 1 - E5-PARENT-CLIENT
  ---
  duration_ms: 125.146969
  type: 'test'
  location: '/tmp/e5-node-ZeWJ3I/E5-PARENT-CLIENT-green/artifacts/mariana-textil/case.test.cjs:61722:27'
  failureType: 'testCodeFailure'
  error: 'E5_UNCONFIGURED_INFRASTRUCTURE_HOOK useGetClienteEvidenciaCredito'
  code: 'ERR_TEST_FAILURE'
  stack: |-
    dispatchHook (/tmp/e5-node-ZeWJ3I/E5-PARENT-CLIENT-green/artifacts/mariana-textil/case.test.cjs:15190:27)
    useGetClienteEvidenciaCredito (/tmp/e5-node-ZeWJ3I/E5-PARENT-CLIENT-green/artifacts/mariana-textil/case.test.cjs:15475:50)
    ClienteCreditEvidence (/tmp/e5-node-ZeWJ3I/E5-PARENT-CLIENT-green/artifacts/mariana-textil/case.test.cjs:27261:21)
    react-stack-bottom-frame (/home/runner/workspace/node_modules/.pnpm/react-dom@19.1.0_react@19.1.0/node_modules/react-dom/cjs/react-dom-client.development.js:23863:20)
    renderWithHooks (/home/runner/workspace/node_modules/.pnpm/react-dom@19.1.0_react@19.1.0/node_modules/react-dom/cjs/react-dom-client.development.js:5529:22)
    updateFunctionComponent (/home/runner/workspace/node_modules/.pnpm/react-dom@19.1.0_react@19.1.0/node_modules/react-dom/cjs/react-dom-client.development.js:8897:19)
    beginWork (/home/runner/workspace/node_modules/.pnpm/react-dom@19.1.0_react@19.1.0/node_modules/react-dom/cjs/react-dom-client.development.js:10522:18)
    runWithFiberInDEV (/home/runner/workspace/node_modules/.pnpm/react-dom@19.1.0_react@19.1.0/node_modules/react-dom/cjs/react-dom-client.development.js:1519:30)
    performUnitOfWork (/home/runner/workspace/node_modules/.pnpm/react-dom@19.1.0_react@19.1.0/node_modules/react-dom/cjs/react-dom-client.development.js:15140:22)
    workLoopSync (/home/runner/workspace/node_modules/.pnpm/react-dom@19.1.0_react@19.1.0/node_modules/react-dom/cjs/react-dom-client.development.js:14956:41)
  ...
1..1
# tests 1
# suites 0
# pass 0
# fail 1
# cancelled 0
# skipped 0
# todo 0
# duration_ms 2573.834392
