✔ E5-OFF-COMMAND (3.850962ms)
✔ E5-OFF-PREVIEW (0.615418ms)
✔ E5-OFF-HTTP (0.317931ms)
✔ E5-OFF-AVAILABILITY (0.298564ms)
✔ E5-MONEY-POSITIVE (5.44462ms)
✔ E5-EXACT-MULTICHARGE (3.822793ms)
✔ E5-EXACT-NONADMIN (0.960776ms)
✔ E5-ALLOCATION-EXACT-MOVEMENT (0.615072ms)
✔ E5-ALLOCATION-NO-DUPLICATE (0.326806ms)
✔ E5-RECEIVE-PERMISSION (0.800969ms)
✔ E5-RECEIVE-SCOPE (0.634445ms)
✔ E5-MEDIUM-SESSIONS (0.667631ms)
✔ E5-ADMIN-APPLY-NOW (1.840903ms)
✔ E5-NONADMIN-NO-APPLY-NOW (0.656311ms)
✔ E5-PROPOSAL-EXPLICIT-FUTURE (1.548754ms)
✔ E5-PREPARE-ADMIN-OR-A (0.258339ms)
✔ E5-ADMIN-AUTHORIZE-NOW-CAPABILITY (0.854512ms)
✔ E5-AUTHORIZE-ADMIN-ONLY (1.578517ms)
✔ E5-AUTHORIZE-SUBSET-ONLY (2.354961ms)
✔ E5-PARTIAL-RESOLVES-PROPOSAL (2.357242ms)
✔ E5-PAID-TARGET-FREEZES (2.539824ms)
✔ E5-REJECT-KEEPS-MONEY (1.73297ms)
✔ E5-FAVOR-EXPLICIT-ADMIN-ZERODEBT (0.242643ms)
✔ E5-FAVOR-NO-AUTO-WITH-DEBT (0.249796ms)
✔ E5-REFUND-NEVER-APPLIED-FULL (1.309103ms)
✔ E5-REFUND-AFTER-PARTIAL-NO (2.454943ms)
✔ E5-IDEMPOTENCY-CONTENT (1.280076ms)
✔ E5-REVISION-CAS-MODEL (0.987188ms)
✔ E5-ROLLBACK-SYNTHETIC (0.612412ms)
✔ E5-TWO-DATES-AND-DOC-IMMUTABLE (1.960167ms)
✔ E5-ALERT-THREE-DAYS (0.605586ms)
✔ E5-REFUND-PRIVACY (0.676943ms)
✔ E5-RECEPTION-PAID-CHARGE-OMITTED (0.684378ms)
✔ E5-DEPENDENCY-ERROR-SANITIZED (0.484541ms)
✔ E5-FUND-GUARD-OFF-NO-QUERY (0.332213ms)
✔ E5-FUND-INVERSE-GUARD (0.349918ms)
✔ E5-DESTINATION-OFF-NO-SQL (0.187273ms)
✔ E5-DESTINATION-MONEY-ONLY (0.241128ms)
✔ E5-CASH-RETAINED-WITHOUT-APPLICATION (8.101837ms)
✔ E5-DRIZZLE-PRODUCER-METADATA (1.687202ms)
✔ E5-KEY-LOCK-REQUEST (0.528867ms)
✔ E5-LOAD-FOR-UPDATE (0.688142ms)
✔ E5-SAVE-CAS (0.89694ms)
✔ E5-E1-CORRECT-PRODUCER (1.395359ms)
✔ E5-APPLICATION-NO-SECOND-MONEY (0.835617ms)
✔ E5-LIST-SCOPE (0.45048ms)
✔ E5-DOCUMENT-ADMIN-ONLY (0.383642ms)
✔ E5-REFUND-OPTIONS-NO-ORIGINAL-CASH (1.031088ms)
✔ E5-APPEND-AUDIT-PRIVATE (0.753218ms)
✔ E7-PRODUCTION-GATES-CLIENT-READ-ONLY (1.523919ms)
✔ E7-OFF-NO-READS (2.527812ms)
✔ E7-E5-DEPENDENCY-NO-FALLBACK (0.495601ms)
✔ E7-ATTRIBUTION-GATE-IS-INDEPENDENT (1.678722ms)
✔ E7-SESSION-MUST-BE-CURRENT (1.684226ms)
✔ E7-CONTADOR-A-F-HARD-DENY (0.81618ms)
✔ E7-CENTRAL-PERMISSION-AND-SITE-SCOPE (1690.890559ms)
✔ E7-REAUTHORIZES-BEFORE-DELIVERY (1.393559ms)
✔ E7-FOUR-GLOBALS-SITE-DETAIL (2.963036ms)
✔ E7-CANONICAL-FIFO-PORTIONS (1.472344ms)
✔ E7-RECEIPT-APPLICATION-NOT-DOUBLE-INCOME (2.471944ms)
✔ E7-RETAINED-STOCK-NOT-RANGE-FLOW (0.891181ms)
✔ E7-HISTORIC-51-53-UNLOCATED-GLOBAL-ONLY (1.62891ms)
✔ E7-MISSING-MONETARY-SOURCE-FAILS (1.117921ms)
✔ E7-STATEMENT-REAL-DOCUMENTS-AND-LEGENDS (179.825466ms)
✔ E7-ATTRIBUTION-REAL-DOCUMENTS-AND-LEGENDS (46.807785ms)
ℹ tests 65
ℹ suites 0
ℹ pass 65
ℹ fail 0
ℹ cancelled 0
ℹ skipped 0
ℹ todo 0
ℹ duration_ms 3855.445735
