[16:00:22.385] [33mWARN[39m (3361): [36mInspection boot: schema initializers, purchase backfill and stock-minimum monitor are paused; no startup maintenance will run.[39m
[16:00:22.393] [32mINFO[39m (3361): [36mServer listening[39m
    [35mport[39m: 18763
[16:00:22.569] [32mINFO[39m (3361): [36mrequest completed[39m
    [35mreq[39m: {
      "id": 1,
      "method": "GET",
      "url": "/api/healthz"
    }
    [35mres[39m: {
      "statusCode": 200
    }
    [35mresponseTime[39m: 8
[16:00:22.576] [32mINFO[39m (3361): [36mrequest completed[39m
    [35mreq[39m: {
      "id": 2,
      "method": "GET",
      "url": "/api/e5/cobros"
    }
    [35mres[39m: {
      "statusCode": 403
    }
    [35mresponseTime[39m: 2
[16:00:22.609] [32mINFO[39m (3361): [36mrequest completed[39m
    [35mreq[39m: {
      "id": 3,
      "method": "GET",
      "url": "/api/e11/identidad"
    }
    [35mres[39m: {
      "statusCode": 403
    }
    [35mresponseTime[39m: 2
[16:00:22.610] [32mINFO[39m (3361): [36mrequest completed[39m
    [35mreq[39m: {
      "id": 4,
      "method": "GET",
      "url": "/api/e7/disponibilidad"
    }
    [35mres[39m: {
      "statusCode": 200
    }
    [35mresponseTime[39m: 0
[16:00:22.612] [32mINFO[39m (3361): [36mServer shutdown complete[39m
    [35msignal[39m: "SIGTERM"
