[16:00:24.032] [33mWARN[39m (3484): [36mInspection boot: schema initializers, purchase backfill and stock-minimum monitor are paused; no startup maintenance will run.[39m
[16:00:24.038] [32mINFO[39m (3484): [36mServer listening[39m
    [35mport[39m: 18763
[16:00:24.502] [32mINFO[39m (3484): [36mrequest completed[39m
    [35mreq[39m: {
      "id": 1,
      "method": "GET",
      "url": "/api/healthz"
    }
    [35mres[39m: {
      "statusCode": 200
    }
    [35mresponseTime[39m: 6
[16:00:24.509] [32mINFO[39m (3484): [36mrequest completed[39m
    [35mreq[39m: {
      "id": 2,
      "method": "GET",
      "url": "/api/e5/cobros"
    }
    [35mres[39m: {
      "statusCode": 404
    }
    [35mresponseTime[39m: 5
[16:00:24.520] [32mINFO[39m (3484): [36mrequest completed[39m
    [35mreq[39m: {
      "id": 3,
      "method": "GET",
      "url": "/api/e11/identidad"
    }
    [35mres[39m: {
      "statusCode": 404
    }
    [35mresponseTime[39m: 10
[16:00:24.522] [32mINFO[39m (3484): [36mrequest completed[39m
    [35mreq[39m: {
      "id": 4,
      "method": "GET",
      "url": "/api/e7/disponibilidad"
    }
    [35mres[39m: {
      "statusCode": 404
    }
    [35mresponseTime[39m: 1
[16:00:24.524] [32mINFO[39m (3484): [36mServer shutdown complete[39m
    [35msignal[39m: "SIGTERM"
