✔ Ticket and Note are absolute, independently processed operations (408.085869ms)
✔ authorization uses the shared ledger projection and has no override (194.898999ms)
✔ Note cancellation reverses its authorized ledger charge, never a payment (1.926438ms)
✔ sales identity excludes operational pending amounts (0.33224ms)
✔ all financial report read models use the canonical accounted predicate (2.980007ms)
✔ Caja feed uses the canonical pending-document predicate (0.549522ms)
✔ sales summary excludes only credit from collected payment methods (0.861365ms)
✔ fiscal financial ranges use Caja processing timestamps (0.514114ms)
✔ summary and realtime sales require explicit Caja processing date basis (1.417662ms)
✔ supplier margin and realtime documents respect Caja processing (1.48924ms)
✔ legacy authorized Notes receive deterministic authorization timestamps (0.525515ms)
✔ pending Notes do not reserve customer credit before authorization (0.895442ms)
✔ Caja only retains cut printing (0.993454ms)
ℹ tests 13
ℹ suites 0
ℹ pass 13
ℹ fail 0
ℹ cancelled 0
ℹ skipped 0
ℹ todo 0
ℹ duration_ms 1174.653629
