✔ Ticket and Note are absolute, independently processed operations (338.859688ms)
✖ authorization uses the shared ledger projection and has no override (181.597566ms)
✔ Note cancellation reverses its authorized ledger charge, never a payment (0.955345ms)
✔ sales identity excludes operational pending amounts (0.238427ms)
✔ all financial report read models use the canonical accounted predicate (1.788451ms)
✔ Caja feed uses the canonical pending-document predicate (0.505984ms)
✔ sales summary excludes only credit from collected payment methods (0.641546ms)
✔ fiscal financial ranges use Caja processing timestamps (0.835981ms)
✔ summary and realtime sales require explicit Caja processing date basis (1.091571ms)
✔ supplier margin and realtime documents respect Caja processing (1.290998ms)
✔ legacy authorized Notes receive deterministic authorization timestamps (0.435777ms)
✔ pending Notes do not reserve customer credit before authorization (0.657736ms)
✔ Caja only retains cut printing (0.822971ms)
ℹ tests 13
ℹ suites 0
ℹ pass 12
ℹ fail 1
ℹ cancelled 0
ℹ skipped 0
ℹ todo 0
ℹ duration_ms 1099.797444

✖ failing tests:

test at artifacts/api-server/src/pos-caja-final.contract.test.ts:40:1
✖ authorization uses the shared ledger projection and has no override (181.597566ms)
  AssertionError [ERR_ASSERTION]: The validation function is expected to return "true". Received false
  
  Caught error:
  
  Error: authorization continued past the expected credit-limit rejection
      at async TestContext.<anonymous> (file:///home/runner/workspace/artifacts/api-server/src/pos-caja-final.contract.test.ts:50:5)
      at async Test.run (node:internal/test_runner/test:1113:7)
      at async Test.processPendingSubtests (node:internal/test_runner/test:788:7) {
    generatedMessage: true,
    code: 'ERR_ASSERTION',
    actual: Error: authorization continued past the expected credit-limit rejection
        at consumirRollosSalidaVenta (file:///home/runner/workspace/artifacts/api-server/src/tarea3-behavior-harness.mjs:275:17)
        at Object.autorizarNota (artifacts/api-server/src/lib/pos.ts:1469:51)
        at async waitForActual (node:assert:646:5)
        at async strict.rejects (node:assert:769:25)
        at async TestContext.<anonymous> (file:///home/runner/workspace/artifacts/api-server/src/pos-caja-final.contract.test.ts:50:5)
        at async Test.run (node:internal/test_runner/test:1113:7)
        at async Test.processPendingSubtests (node:internal/test_runner/test:788:7),
    operator: 'rejects',
    diff: 'simple'
  }
