✔ Ticket and Note are absolute, independently processed operations (392.792427ms)
✔ authorization uses the shared ledger projection and has no override (192.896937ms)
✔ Note cancellation reverses its authorized ledger charge, never a payment (1.311862ms)
✔ sales identity excludes operational pending amounts (0.232176ms)
✔ all financial report read models use the canonical accounted predicate (3.1422ms)
✔ Caja feed uses the canonical pending-document predicate (0.575725ms)
✔ sales summary excludes only credit from collected payment methods (0.875077ms)
✔ fiscal financial ranges use Caja processing timestamps (0.571205ms)
✔ summary and realtime sales require explicit Caja processing date basis (1.537019ms)
✔ supplier margin and realtime documents respect Caja processing (1.431106ms)
✔ legacy authorized Notes receive deterministic authorization timestamps (0.451272ms)
✔ pending Notes do not reserve customer credit before authorization (0.593165ms)
✔ Caja only retains cut printing (0.679743ms)
ℹ tests 13
ℹ suites 0
ℹ pass 13
ℹ fail 0
ℹ cancelled 0
ℹ skipped 0
ℹ todo 0
ℹ duration_ms 1174.353867
