✔ Ticket and Note are absolute, independently processed operations (1052.546731ms)
✔ authorization uses the shared ledger projection and has no override (345.774799ms)
✔ Note cancellation reverses its authorized ledger charge, never a payment (1.264443ms)
✔ sales identity excludes operational pending amounts (0.344798ms)
✔ all financial report read models use the canonical accounted predicate (3.279339ms)
✔ Caja feed uses the canonical pending-document predicate (0.642922ms)
✔ sales summary excludes only credit from collected payment methods (0.775798ms)
✔ fiscal financial ranges use Caja processing timestamps (0.621215ms)
✔ summary and realtime sales require explicit Caja processing date basis (1.929716ms)
✔ supplier margin and realtime documents respect Caja processing (3.393648ms)
✔ legacy authorized Notes receive deterministic authorization timestamps (0.416754ms)
✔ pending Notes do not reserve customer credit before authorization (0.628839ms)
✔ Caja only retains cut printing (0.7185ms)
ℹ tests 13
ℹ suites 0
ℹ pass 13
ℹ fail 0
ℹ cancelled 0
ℹ skipped 0
ℹ todo 0
ℹ duration_ms 2459.297341
