[05:59:24.779] [32mINFO[39m (6317): [36mrequest completed[39m
    [35mreq[39m: {
      "id": 1,
      "method": "GET",
      "url": "/api/admin/alertas"
    }
    [35mres[39m: {
      "statusCode": 403
    }
    [35mresponseTime[39m: 18
[05:59:24.827] [32mINFO[39m (6317): [36mrequest completed[39m
    [35mreq[39m: {
      "id": 2,
      "method": "GET",
      "url": "/api/admin/alertas"
    }
    [35mres[39m: {
      "statusCode": 200
    }
    [35mresponseTime[39m: 41
✔ GET /admin/alertas is live, FIFO-based, ordered, and ADMIN-only (2788.673957ms)
[05:59:24.866] [32mINFO[39m (6317): [36mrequest completed[39m
    [35mreq[39m: {
      "id": 3,
      "method": "GET",
      "url": "/api/admin/alertas"
    }
    [35mres[39m: {
      "statusCode": 200
    }
    [35mresponseTime[39m: 22
ℹ tests 1
ℹ suites 0
ℹ pass 1
ℹ fail 0
ℹ cancelled 0
ℹ skipped 0
ℹ todo 0
ℹ duration_ms 3030.25045
