[06:00:23.208] [32mINFO[39m (7845): [36mrequest completed[39m
    [35mreq[39m: {
      "id": 1,
      "method": "POST",
      "url": "/api/auth/login"
    }
    [35mres[39m: {
      "statusCode": 200
    }
    [35mresponseTime[39m: 53
[06:00:23.245] [32mINFO[39m (7845): [36mrequest completed[39m
    [35mreq[39m: {
      "id": 2,
      "method": "POST",
      "url": "/api/auth/login"
    }
    [35mres[39m: {
      "statusCode": 200
    }
    [35mresponseTime[39m: 30
✔ migración conserva dirección y helper usa entrega/fallback (261.080311ms)
[06:00:23.316] [32mINFO[39m (7845): [36mrequest completed[39m
    [35mreq[39m: {
      "id": 3,
      "method": "POST",
      "url": "/api/clientes"
    }
    [35mres[39m: {
      "statusCode": 201
    }
    [35mresponseTime[39m: 22
✔ API acepta y expone alias temporal direccion (49.677507ms)
[06:00:23.341] [32mINFO[39m (7845): [36mrequest completed[39m
    [35mreq[39m: {
      "id": 4,
      "method": "PATCH",
      "url": "/api/clientes/9"
    }
    [35mres[39m: {
      "statusCode": 200
    }
    [35mresponseTime[39m: 22
✔ ensure siembra seis clientes y GET clientes aplica español/sistema (59.329885ms)
[06:00:23.399] [32mINFO[39m (7845): [36mrequest completed[39m
    [35mreq[39m: {
      "id": 5,
      "method": "GET",
      "url": "/api/clientes"
    }
    [35mres[39m: {
      "statusCode": 200
    }
    [35mresponseTime[39m: 16
[06:00:23.424] [32mINFO[39m (7845): [36mrequest completed[39m
    [35mreq[39m: {
      "id": 6,
      "method": "POST",
      "url": "/api/clientes/12/baja"
    }
    [35mres[39m: {
      "statusCode": 200
    }
    [35mresponseTime[39m: 17
[06:00:23.448] [32mINFO[39m (7845): [36mrequest completed[39m
    [35mreq[39m: {
      "id": 7,
      "method": "POST",
      "url": "/api/clientes/13/baja"
    }
    [35mres[39m: {
      "statusCode": 200
    }
    [35mresponseTime[39m: 12
✔ baja: elimina sin historial, desactiva historial saldo cero y bloquea saldo vigente (64.396271ms)
[06:00:23.465] [32mINFO[39m (7845): [36mrequest completed[39m
    [35mreq[39m: {
      "id": 8,
      "method": "POST",
      "url": "/api/clientes/14/baja"
    }
    [35mres[39m: {
      "statusCode": 409
    }
    [35mresponseTime[39m: 10
[06:00:23.511] [32mINFO[39m (7845): [36mrequest completed[39m
    [35mreq[39m: {
      "id": 9,
      "method": "GET",
      "url": "/api/clientes/15"
    }
    [35mres[39m: {
      "statusCode": 200
    }
    [35mresponseTime[39m: 20
[06:00:23.532] [32mINFO[39m (7845): [36mrequest completed[39m
    [35mreq[39m: {
      "id": 11,
      "method": "GET",
      "url": "/api/clientes/15/credito"
    }
    [35mres[39m: {
      "statusCode": 200
    }
    [35mresponseTime[39m: 40
[06:00:23.540] [32mINFO[39m (7845): [36mrequest completed[39m
    [35mreq[39m: {
      "id": 12,
      "method": "GET",
      "url": "/api/clientes"
    }
    [35mres[39m: {
      "statusCode": 200
    }
    [35mresponseTime[39m: 45
[06:00:23.541] [32mINFO[39m (7845): [36mrequest completed[39m
    [35mreq[39m: {
      "id": 10,
      "method": "GET",
      "url": "/api/clientes/15/estado-cuenta"
    }
    [35mres[39m: {
      "statusCode": 200
    }
    [35mresponseTime[39m: 50
[06:00:23.545] [32mINFO[39m (7845): [36mrequest completed[39m
    [35mreq[39m: {
      "id": 14,
      "method": "POST",
      "url": "/api/clientes/15/baja"
    }
    [35mres[39m: {
      "statusCode": 409
    }
    [35mresponseTime[39m: 47
[06:00:23.550] [32mINFO[39m (7845): [36mrequest completed[39m
    [35mreq[39m: {
      "id": 13,
      "method": "GET",
      "url": "/api/clientes/resumen"
    }
    [35mres[39m: {
      "statusCode": 200
    }
    [35mresponseTime[39m: 54
✔ resúmenes y baja usan aging ante reverso de ticket y ABONO revertido (86.789277ms)
✔ crearTicket y baja se serializan con el mismo lock de cliente (284.372936ms)
✔ baja vencida requiere ADMIN activo/motivo y conserva historial como incobrable; reactivar no revierte (109.890978ms)
✔ Venta a Público permanece protegido (7.138156ms)
[06:00:23.827] [32mINFO[39m (7845): [36mrequest completed[39m
    [35mreq[39m: {
      "id": 15,
      "method": "POST",
      "url": "/api/tickets"
    }
    [35mres[39m: {
      "statusCode": 201
    }
    [35mresponseTime[39m: 246
[06:00:23.836] [32mINFO[39m (7845): [36mrequest completed[39m
    [35mreq[39m: {
      "id": 16,
      "method": "POST",
      "url": "/api/clientes/16/baja"
    }
    [35mres[39m: {
      "statusCode": 200
    }
    [35mresponseTime[39m: 155
[06:00:23.861] [32mINFO[39m (7845): [36mrequest completed[39m
    [35mreq[39m: {
      "id": 17,
      "method": "POST",
      "url": "/api/clientes/17/baja"
    }
    [35mres[39m: {
      "statusCode": 401
    }
    [35mresponseTime[39m: 9
[06:00:23.869] [32mINFO[39m (7845): [36mrequest completed[39m
    [35mreq[39m: {
      "id": 18,
      "method": "POST",
      "url": "/api/clientes/17/baja"
    }
    [35mres[39m: {
      "statusCode": 400
    }
    [35mresponseTime[39m: 6
[06:00:23.926] [32mINFO[39m (7845): [36mrequest completed[39m
    [35mreq[39m: {
      "id": 19,
      "method": "POST",
      "url": "/api/clientes/17/baja"
    }
    [35mres[39m: {
      "statusCode": 200
    }
    [35mresponseTime[39m: 54
[06:00:23.938] [32mINFO[39m (7845): [36mrequest completed[39m
    [35mreq[39m: {
      "id": 20,
      "method": "POST",
      "url": "/api/clientes/17/reactivar"
    }
    [35mres[39m: {
      "statusCode": 200
    }
    [35mresponseTime[39m: 9
[06:00:23.946] [32mINFO[39m (7845): [36mrequest completed[39m
    [35mreq[39m: {
      "id": 21,
      "method": "GET",
      "url": "/api/clientes/incobrables"
    }
    [35mres[39m: {
      "statusCode": 200
    }
    [35mresponseTime[39m: 7
[06:00:23.954] [32mINFO[39m (7845): [36mrequest completed[39m
    [35mreq[39m: {
      "id": 22,
      "method": "POST",
      "url": "/api/clientes/1/baja"
    }
    [35mres[39m: {
      "statusCode": 409
    }
    [35mresponseTime[39m: 6
[06:00:23.971] [32mINFO[39m (7845): [36mrequest completed[39m
    [35mreq[39m: {
      "id": 23,
      "method": "POST",
      "url": "/api/clientes/18/documentos/FRENTE"
    }
    [35mres[39m: {
      "statusCode": 415
    }
    [35mresponseTime[39m: 12
[06:00:23.996] [32mINFO[39m (7845): [36mrequest completed[39m
    [35mreq[39m: {
      "id": 24,
      "method": "POST",
      "url": "/api/clientes/18/documentos/FRENTE"
    }
    [35mres[39m: {
      "statusCode": 413
    }
    [35mresponseTime[39m: 16
[06:00:24.104] [32mINFO[39m (7845): [36mrequest completed[39m
    [35mreq[39m: {
      "id": 25,
      "method": "POST",
      "url": "/api/clientes/18/documentos/FRENTE"
    }
    [35mres[39m: {
      "statusCode": 201
    }
    [35mresponseTime[39m: 107
[06:00:24.120] [32mINFO[39m (7845): [36mrequest completed[39m
    [35mreq[39m: {
      "id": 26,
      "method": "POST",
      "url": "/api/clientes/18/documentos/REVERSO"
    }
    [35mres[39m: {
      "statusCode": 201
    }
    [35mresponseTime[39m: 14
[06:00:24.135] [32mINFO[39m (7845): [36mrequest completed[39m
    [35mreq[39m: {
      "id": 27,
      "method": "POST",
      "url": "/api/clientes/18/documentos/FRENTE"
    }
    [35mres[39m: {
      "statusCode": 201
    }
    [35mresponseTime[39m: 14
[06:00:24.146] [32mINFO[39m (7845): [36mrequest completed[39m
    [35mreq[39m: {
      "id": 28,
      "method": "GET",
      "url": "/api/clientes/18/documentos"
    }
    [35mres[39m: {
      "statusCode": 200
    }
    [35mresponseTime[39m: 10
[06:00:24.154] [32mINFO[39m (7845): [36mrequest completed[39m
    [35mreq[39m: {
      "id": 29,
      "method": "GET",
      "url": "/api/cliente-documentos/10a9508f-ec7d-40e3-a526-3c939515e645/ver"
    }
    [35mres[39m: {
      "statusCode": 403
    }
    [35mresponseTime[39m: 7
[06:00:24.164] [32mINFO[39m (7845): [36mrequest completed[39m
    [35mreq[39m: {
      "id": 30,
      "method": "GET",
      "url": "/api/cliente-documentos/10a9508f-ec7d-40e3-a526-3c939515e645/ver"
    }
    [35mres[39m: {
      "statusCode": 200
    }
    [35mresponseTime[39m: 10
✔ INE: ADMIN, MIME/tamaño, slots/reemplazo, privacidad y auditoría (220.10154ms)
[06:00:24.173] [32mINFO[39m (7845): [36mrequest completed[39m
    [35mreq[39m: {
      "id": 31,
      "method": "GET",
      "url": "/api/cliente-documentos/10a9508f-ec7d-40e3-a526-3c939515e645/descargar"
    }
    [35mres[39m: {
      "statusCode": 200
    }
    [35mresponseTime[39m: 8
ℹ tests 9
ℹ suites 0
ℹ pass 9
ℹ fail 0
ℹ cancelled 0
ℹ skipped 0
ℹ todo 0
ℹ duration_ms 3550.580271
