[06:00:49.479] [32mINFO[39m (8229): [36mrequest completed[39m
    [35mreq[39m: {
      "id": 1,
      "method": "GET",
      "url": "/api/admin/cuadre-fiscal"
    }
    [35mres[39m: {
      "statusCode": 200
    }
    [35mresponseTime[39m: 39
[06:00:49.505] [32mINFO[39m (8229): [36mrequest completed[39m
    [35mreq[39m: {
      "id": 2,
      "method": "GET",
      "url": "/api/admin/cuadre-fiscal"
    }
    [35mres[39m: {
      "statusCode": 200
    }
    [35mresponseTime[39m: 18
[06:00:49.545] [32mINFO[39m (8229): [36mrequest completed[39m
    [35mreq[39m: {
      "id": 3,
      "method": "POST",
      "url": "/api/admin/cuadre-fiscal/confirmaciones"
    }
    [35mres[39m: {
      "statusCode": 201
    }
    [35mresponseTime[39m: 34
[06:00:49.569] [32mINFO[39m (8229): [36mrequest completed[39m
    [35mreq[39m: {
      "id": 4,
      "method": "GET",
      "url": "/api/admin/cuadre-fiscal"
    }
    [35mres[39m: {
      "statusCode": 200
    }
    [35mresponseTime[39m: 18
[06:00:49.592] [32mINFO[39m (8229): [36mrequest completed[39m
    [35mreq[39m: {
      "id": 5,
      "method": "GET",
      "url": "/api/admin/cuadre-fiscal"
    }
    [35mres[39m: {
      "statusCode": 200
    }
    [35mresponseTime[39m: 12
[06:00:49.612] [32mINFO[39m (8229): [36mrequest completed[39m
    [35mreq[39m: {
      "id": 6,
      "method": "POST",
      "url": "/api/admin/cuadre-fiscal/diferencias"
    }
    [35mres[39m: {
      "statusCode": 201
    }
    [35mresponseTime[39m: 18
[06:00:49.621] [32mINFO[39m (8229): [36mrequest completed[39m
    [35mreq[39m: {
      "id": 7,
      "method": "POST",
      "url": "/api/admin/cuadre-fiscal/diferencias/2/resolver"
    }
    [35mres[39m: {
      "statusCode": 403
    }
    [35mresponseTime[39m: 6
[06:00:49.633] [32mINFO[39m (8229): [36mrequest completed[39m
    [35mreq[39m: {
      "id": 8,
      "method": "POST",
      "url": "/api/admin/cuadre-fiscal/diferencias/2/resolver"
    }
    [35mres[39m: {
      "statusCode": 200
    }
    [35mresponseTime[39m: 10
✔ cuadre fiscal freezes fiscal figures and preserves its approval workflow (2677.051698ms)
ℹ tests 1
ℹ suites 0
ℹ pass 1
ℹ fail 0
ℹ cancelled 0
ℹ skipped 0
ℹ todo 0
ℹ duration_ms 2903.844043
