[06:01:01.843] [32mINFO[39m (8378): [36mrequest completed[39m
    [35mreq[39m: {
      "id": 1,
      "method": "POST",
      "url": "/api/auth/login"
    }
    [35mres[39m: {
      "statusCode": 200
    }
    [35mresponseTime[39m: 46
[06:01:01.885] [32mINFO[39m (8378): [36mrequest completed[39m
    [35mreq[39m: {
      "id": 2,
      "method": "POST",
      "url": "/api/auth/login"
    }
    [35mres[39m: {
      "statusCode": 200
    }
    [35mresponseTime[39m: 34
[06:01:01.914] [32mINFO[39m (8378): [36mrequest completed[39m
    [35mreq[39m: {
      "id": 3,
      "method": "POST",
      "url": "/api/auth/login"
    }
    [35mres[39m: {
      "statusCode": 200
    }
    [35mresponseTime[39m: 27
[06:01:01.942] [32mINFO[39m (8378): [36mrequest completed[39m
    [35mreq[39m: {
      "id": 4,
      "method": "POST",
      "url": "/api/auth/login"
    }
    [35mres[39m: {
      "statusCode": 200
    }
    [35mresponseTime[39m: 26
[06:01:01.971] [32mINFO[39m (8378): [36mrequest completed[39m
    [35mreq[39m: {
      "id": 5,
      "method": "POST",
      "url": "/api/auth/login"
    }
    [35mres[39m: {
      "statusCode": 200
    }
    [35mresponseTime[39m: 27
[06:01:01.999] [32mINFO[39m (8378): [36mrequest completed[39m
    [35mreq[39m: {
      "id": 6,
      "method": "POST",
      "url": "/api/auth/login"
    }
    [35mres[39m: {
      "statusCode": 200
    }
    [35mresponseTime[39m: 26
[06:01:02.026] [32mINFO[39m (8378): [36mrequest completed[39m
    [35mreq[39m: {
      "id": 7,
      "method": "POST",
      "url": "/api/auth/login"
    }
    [35mres[39m: {
      "statusCode": 200
    }
    [35mresponseTime[39m: 25
[06:01:02.037] [32mINFO[39m (8378): [36mrequest completed[39m
    [35mreq[39m: {
      "id": 8,
      "method": "GET",
      "url": "/api/inventario/ubicaciones"
    }
    [35mres[39m: {
      "statusCode": 403
    }
    [35mresponseTime[39m: 9
[06:01:02.051] [32mINFO[39m (8378): [36mrequest completed[39m
    [35mreq[39m: {
      "id": 9,
      "method": "GET",
      "url": "/api/equipos/ubicaciones"
    }
    [35mres[39m: {
      "statusCode": 200
    }
    [35mresponseTime[39m: 12
[06:01:02.069] [32mINFO[39m (8378): [36mrequest completed[39m
    [35mreq[39m: {
      "id": 10,
      "method": "POST",
      "url": "/api/equipos"
    }
    [35mres[39m: {
      "statusCode": 201
    }
    [35mresponseTime[39m: 16
[06:01:02.077] [32mINFO[39m (8378): [36mrequest completed[39m
    [35mreq[39m: {
      "id": 11,
      "method": "POST",
      "url": "/api/equipos"
    }
    [35mres[39m: {
      "statusCode": 403
    }
    [35mresponseTime[39m: 7
[06:01:02.092] [32mINFO[39m (8378): [36mrequest completed[39m
    [35mreq[39m: {
      "id": 12,
      "method": "POST",
      "url": "/api/equipos"
    }
    [35mres[39m: {
      "statusCode": 201
    }
    [35mresponseTime[39m: 14
[06:01:02.105] [32mINFO[39m (8378): [36mrequest completed[39m
    [35mreq[39m: {
      "id": 13,
      "method": "POST",
      "url": "/api/equipos"
    }
    [35mres[39m: {
      "statusCode": 201
    }
    [35mresponseTime[39m: 11
[06:01:02.112] [32mINFO[39m (8378): [36mrequest completed[39m
    [35mreq[39m: {
      "id": 14,
      "method": "GET",
      "url": "/api/equipos"
    }
    [35mres[39m: {
      "statusCode": 403
    }
    [35mresponseTime[39m: 6
[06:01:02.120] [32mINFO[39m (8378): [36mrequest completed[39m
    [35mreq[39m: {
      "id": 15,
      "method": "GET",
      "url": "/api/equipos"
    }
    [35mres[39m: {
      "statusCode": 403
    }
    [35mresponseTime[39m: 7
[06:01:02.129] [32mINFO[39m (8378): [36mrequest completed[39m
    [35mreq[39m: {
      "id": 16,
      "method": "PATCH",
      "url": "/api/equipos/2/checklist/ETIQUETA_REAL"
    }
    [35mres[39m: {
      "statusCode": 403
    }
    [35mresponseTime[39m: 8
[06:01:02.137] [32mINFO[39m (8378): [36mrequest completed[39m
    [35mreq[39m: {
      "id": 17,
      "method": "PATCH",
      "url": "/api/equipos/1/checklist/TICKET_REAL"
    }
    [35mres[39m: {
      "statusCode": 403
    }
    [35mresponseTime[39m: 6
[06:01:02.147] [32mINFO[39m (8378): [36mrequest completed[39m
    [35mreq[39m: {
      "id": 18,
      "method": "PATCH",
      "url": "/api/equipos/1/checklist/TICKET_REAL"
    }
    [35mres[39m: {
      "statusCode": 400
    }
    [35mresponseTime[39m: 9
[06:01:02.161] [32mINFO[39m (8378): [36mrequest completed[39m
    [35mreq[39m: {
      "id": 19,
      "method": "PATCH",
      "url": "/api/equipos/1/checklist/TICKET_REAL"
    }
    [35mres[39m: {
      "statusCode": 200
    }
    [35mresponseTime[39m: 13
[06:01:02.174] [32mINFO[39m (8378): [36mrequest completed[39m
    [35mreq[39m: {
      "id": 20,
      "method": "PATCH",
      "url": "/api/equipos/1/checklist/PAPEL_80MM"
    }
    [35mres[39m: {
      "statusCode": 200
    }
    [35mresponseTime[39m: 12
✔ equipment scope, derived active state, attribution and edit denial (668.296008ms)
[06:01:02.189] [32mINFO[39m (8378): [36mrequest completed[39m
    [35mreq[39m: {
      "id": 21,
      "method": "PATCH",
      "url": "/api/equipos/1/checklist/PAPEL_80MM"
    }
    [35mres[39m: {
      "statusCode": 200
    }
    [35mresponseTime[39m: 14
ℹ tests 1
ℹ suites 0
ℹ pass 1
ℹ fail 0
ℹ cancelled 0
ℹ skipped 0
ℹ todo 0
ℹ duration_ms 3177.768657
