[07:48:16.587] [32mINFO[39m (3496): [36mrequest completed[39m
    [35mreq[39m: {
      "id": 1,
      "method": "POST",
      "url": "/api/auth/login"
    }
    [35mres[39m: {
      "statusCode": 200
    }
    [35mresponseTime[39m: 52
[07:48:16.624] [32mINFO[39m (3496): [36mrequest completed[39m
    [35mreq[39m: {
      "id": 2,
      "method": "POST",
      "url": "/api/auth/login"
    }
    [35mres[39m: {
      "statusCode": 200
    }
    [35mresponseTime[39m: 29
[07:48:16.654] [32mINFO[39m (3496): [36mrequest completed[39m
    [35mreq[39m: {
      "id": 3,
      "method": "POST",
      "url": "/api/auth/login"
    }
    [35mres[39m: {
      "statusCode": 200
    }
    [35mresponseTime[39m: 28
[07:48:16.682] [32mINFO[39m (3496): [36mrequest completed[39m
    [35mreq[39m: {
      "id": 4,
      "method": "POST",
      "url": "/api/auth/login"
    }
    [35mres[39m: {
      "statusCode": 200
    }
    [35mresponseTime[39m: 26
✔ S-01: All four roles login → 200 + permisos array present (206.031426ms)
[07:48:16.712] [32mINFO[39m (3496): [36mrequest completed[39m
    [35mreq[39m: {
      "id": 5,
      "method": "POST",
      "url": "/api/auth/login"
    }
    [35mres[39m: {
      "statusCode": 200
    }
    [35mresponseTime[39m: 28
[07:48:16.742] [32mINFO[39m (3496): [36mrequest completed[39m
    [35mreq[39m: {
      "id": 6,
      "method": "POST",
      "url": "/api/auth/login"
    }
    [35mres[39m: {
      "statusCode": 200
    }
    [35mresponseTime[39m: 27
[07:48:16.755] [32mINFO[39m (3496): [36mrequest completed[39m
    [35mreq[39m: {
      "id": 7,
      "method": "GET",
      "url": "/api/auth/me"
    }
    [35mres[39m: {
      "statusCode": 200
    }
    [35mresponseTime[39m: 7
[07:48:16.766] [32mINFO[39m (3496): [36mrequest completed[39m
    [35mreq[39m: {
      "id": 8,
      "method": "POST",
      "url": "/api/auth/logout"
    }
    [35mres[39m: {
      "statusCode": 204
    }
    [35mresponseTime[39m: 9
[07:48:16.774] [32mINFO[39m (3496): [36mrequest completed[39m
    [35mreq[39m: {
      "id": 9,
      "method": "GET",
      "url": "/api/auth/me"
    }
    [35mres[39m: {
      "statusCode": 401
    }
    [35mresponseTime[39m: 2
✔ S-01A: session lasts eight idle hours, stops at sixteen, and logout invalidates it (61.321829ms)
[07:48:16.802] [32mINFO[39m (3496): [36mrequest completed[39m
    [35mreq[39m: {
      "id": 10,
      "method": "POST",
      "url": "/api/auth/login"
    }
    [35mres[39m: {
      "statusCode": 200
    }
    [35mresponseTime[39m: 25
[07:48:16.808] [32mINFO[39m (3496): [36mrequest completed[39m
    [35mreq[39m: {
      "id": 11,
      "method": "GET",
      "url": "/api/auth/me"
    }
    [35mres[39m: {
      "statusCode": 200
    }
    [35mresponseTime[39m: 5
✔ S-02: ADMIN /auth/me effective matrix — all modules have full access (33.33004ms)
[07:48:16.837] [32mINFO[39m (3496): [36mrequest completed[39m
    [35mreq[39m: {
      "id": 12,
      "method": "POST",
      "url": "/api/auth/login"
    }
    [35mres[39m: {
      "statusCode": 200
    }
    [35mresponseTime[39m: 27
[07:48:16.844] [32mINFO[39m (3496): [36mrequest completed[39m
    [35mreq[39m: {
      "id": 13,
      "method": "GET",
      "url": "/api/auth/me"
    }
    [35mres[39m: {
      "statusCode": 200
    }
    [35mresponseTime[39m: 7
✔ S-03: CAJA /auth/me effective matrix — cobros OK, POS/proveedores denied (35.14874ms)
[07:48:16.905] [32mINFO[39m (3496): [36mrequest completed[39m
    [35mreq[39m: {
      "id": 14,
      "method": "POST",
      "url": "/api/auth/login"
    }
    [35mres[39m: {
      "statusCode": 200
    }
    [35mresponseTime[39m: 60
[07:48:16.916] [32mINFO[39m (3496): [36mrequest completed[39m
    [35mreq[39m: {
      "id": 15,
      "method": "GET",
      "url": "/api/caja/tickets"
    }
    [35mres[39m: {
      "statusCode": 200
    }
    [35mresponseTime[39m: 10
[07:48:16.925] [32mINFO[39m (3496): [36mrequest completed[39m
    [35mreq[39m: {
      "id": 16,
      "method": "GET",
      "url": "/api/caja/tickets"
    }
    [35mres[39m: {
      "statusCode": 200
    }
    [35mresponseTime[39m: 8
[07:48:16.952] [32mINFO[39m (3496): [36mrequest completed[39m
    [35mreq[39m: {
      "id": 17,
      "method": "POST",
      "url": "/api/auth/login"
    }
    [35mres[39m: {
      "statusCode": 200
    }
    [35mresponseTime[39m: 26
✔ S-03A: Caja ticket list is location-scoped and denied to BODEGA (116.437254ms)
[07:48:16.960] [32mINFO[39m (3496): [36mrequest completed[39m
    [35mreq[39m: {
      "id": 18,
      "method": "GET",
      "url": "/api/caja/tickets"
    }
    [35mres[39m: {
      "statusCode": 403
    }
    [35mresponseTime[39m: 7
[07:48:17.010] [32mINFO[39m (3496): [36mrequest completed[39m
    [35mreq[39m: {
      "id": 19,
      "method": "POST",
      "url": "/api/auth/login"
    }
    [35mres[39m: {
      "statusCode": 200
    }
    [35mresponseTime[39m: 27
[07:48:17.022] [32mINFO[39m (3496): [36mrequest completed[39m
    [35mreq[39m: {
      "id": 20,
      "method": "GET",
      "url": "/api/caja/tiendas/1/ventas"
    }
    [35mres[39m: {
      "statusCode": 403
    }
    [35mresponseTime[39m: 11
[07:48:17.076] [32mINFO[39m (3496): [36mrequest completed[39m
    [35mreq[39m: {
      "id": 21,
      "method": "POST",
      "url": "/api/auth/login"
    }
    [35mres[39m: {
      "statusCode": 200
    }
    [35mresponseTime[39m: 28
[07:48:17.101] [32mINFO[39m (3496): [36mrequest completed[39m
    [35mreq[39m: {
      "id": 22,
      "method": "GET",
      "url": "/api/caja/tiendas/1/ventas"
    }
    [35mres[39m: {
      "statusCode": 200
    }
    [35mresponseTime[39m: 24
[07:48:17.113] [32mINFO[39m (3496): [36mrequest completed[39m
    [35mreq[39m: {
      "id": 23,
      "method": "GET",
      "url": "/api/caja/tiendas/10/ventas"
    }
    [35mres[39m: {
      "statusCode": 403
    }
    [35mresponseTime[39m: 11
[07:48:17.141] [32mINFO[39m (3496): [36mrequest completed[39m
    [35mreq[39m: {
      "id": 24,
      "method": "POST",
      "url": "/api/auth/login"
    }
    [35mres[39m: {
      "statusCode": 200
    }
    [35mresponseTime[39m: 27
✔ S-03AA: Store sales requires an explicit override for CAJA and remains scoped (194.156331ms)
[07:48:17.155] [32mINFO[39m (3496): [36mrequest completed[39m
    [35mreq[39m: {
      "id": 25,
      "method": "GET",
      "url": "/api/caja/tiendas/10/ventas"
    }
    [35mres[39m: {
      "statusCode": 200
    }
    [35mresponseTime[39m: 13
[07:48:17.184] [32mINFO[39m (3496): [36mrequest completed[39m
    [35mreq[39m: {
      "id": 26,
      "method": "POST",
      "url": "/api/auth/login"
    }
    [35mres[39m: {
      "statusCode": 200
    }
    [35mresponseTime[39m: 28
[07:48:17.196] [32mINFO[39m (3496): [36mrequest completed[39m
    [35mreq[39m: {
      "id": 27,
      "method": "GET",
      "url": "/api/inventario/rollos"
    }
    [35mres[39m: {
      "statusCode": 200
    }
    [35mresponseTime[39m: 11
[07:48:17.208] [32mINFO[39m (3496): [36mrequest completed[39m
    [35mreq[39m: {
      "id": 28,
      "method": "GET",
      "url": "/api/inventario/rollos/1"
    }
    [35mres[39m: {
      "statusCode": 200
    }
    [35mresponseTime[39m: 11
[07:48:17.216] [32mINFO[39m (3496): [36mrequest completed[39m
    [35mreq[39m: {
      "id": 29,
      "method": "GET",
      "url": "/api/inventario/existencias"
    }
    [35mres[39m: {
      "statusCode": 200
    }
    [35mresponseTime[39m: 7
[07:48:17.227] [32mINFO[39m (3496): [36mrequest completed[39m
    [35mreq[39m: {
      "id": 30,
      "method": "GET",
      "url": "/api/productos"
    }
    [35mres[39m: {
      "statusCode": 200
    }
    [35mresponseTime[39m: 10
[07:48:17.238] [32mINFO[39m (3496): [36mrequest completed[39m
    [35mreq[39m: {
      "id": 31,
      "method": "GET",
      "url": "/api/productos/1"
    }
    [35mres[39m: {
      "statusCode": 200
    }
    [35mresponseTime[39m: 10
[07:48:17.247] [32mINFO[39m (3496): [36mrequest completed[39m
    [35mreq[39m: {
      "id": 32,
      "method": "GET",
      "url": "/api/inventario/entradas"
    }
    [35mres[39m: {
      "statusCode": 403
    }
    [35mresponseTime[39m: 8
[07:48:17.254] [32mINFO[39m (3496): [36mrequest completed[39m
    [35mreq[39m: {
      "id": 33,
      "method": "GET",
      "url": "/api/inventario/kardex"
    }
    [35mres[39m: {
      "statusCode": 403
    }
    [35mresponseTime[39m: 6
[07:48:17.264] [32mINFO[39m (3496): [36mrequest completed[39m
    [35mreq[39m: {
      "id": 34,
      "method": "GET",
      "url": "/api/dashboard"
    }
    [35mres[39m: {
      "statusCode": 200
    }
    [35mresponseTime[39m: 9
✔ S-03B: TERMINAL API responses omit costs, margins and profits (118.838192ms)
[07:48:17.274] [32mINFO[39m (3496): [36mrequest completed[39m
    [35mreq[39m: {
      "id": 35,
      "method": "GET",
      "url": "/api/tickets"
    }
    [35mres[39m: {
      "statusCode": 200
    }
    [35mresponseTime[39m: 9
[07:48:17.300] [32mINFO[39m (3496): [36mrequest completed[39m
    [35mreq[39m: {
      "id": 36,
      "method": "POST",
      "url": "/api/auth/login"
    }
    [35mres[39m: {
      "statusCode": 200
    }
    [35mresponseTime[39m: 25
[07:48:17.323] [32mINFO[39m (3496): [36mrequest completed[39m
    [35mreq[39m: {
      "id": 37,
      "method": "POST",
      "url": "/api/pos/validar-precio"
    }
    [35mres[39m: {
      "statusCode": 404
    }
    [35mresponseTime[39m: 8
[07:48:17.333] [32mINFO[39m (3496): [36mrequest completed[39m
    [35mreq[39m: {
      "id": 38,
      "method": "POST",
      "url": "/api/tickets"
    }
    [35mres[39m: {
      "statusCode": 404
    }
    [35mresponseTime[39m: 9
[07:48:17.340] [32mINFO[39m (3496): [36mrequest completed[39m
    [35mreq[39m: {
      "id": 39,
      "method": "POST",
      "url": "/api/pos/validar-precio"
    }
    [35mres[39m: {
      "statusCode": 200
    }
    [35mresponseTime[39m: 6
[07:48:17.353] [32mINFO[39m (3496): [36mrequest completed[39m
    [35mreq[39m: {
      "id": 40,
      "method": "POST",
      "url": "/api/tickets"
    }
    [35mres[39m: {
      "statusCode": 400
    }
    [35mresponseTime[39m: 12
✔ S-03C: POS price rejection is JSON, visible and contains no cost (86.641191ms)
[07:48:17.360] [33mWARN[39m (3496): [36mInvalid API request[39m
    [35mreq[39m: {
      "id": 41,
      "method": "POST",
      "url": "/api/pos/validar-precio"
    }
    [35missues[39m: [
      {
        "code": "too_small",
        "path": "precioUnitario"
      }
    ]
[07:48:17.360] [32mINFO[39m (3496): [36mrequest completed[39m
    [35mreq[39m: {
      "id": 41,
      "method": "POST",
      "url": "/api/pos/validar-precio"
    }
    [35mres[39m: {
      "statusCode": 400
    }
    [35mresponseTime[39m: 6
✔ S-03D: legacy zero-cost roll is blocked by advance and definitive POS validation (66.826867ms)
[07:48:17.408] [32mINFO[39m (3496): [36mrequest completed[39m
    [35mreq[39m: {
      "id": 42,
      "method": "POST",
      "url": "/api/auth/login"
    }
    [35mres[39m: {
      "statusCode": 200
    }
    [35mresponseTime[39m: 28
[07:48:17.416] [32mINFO[39m (3496): [36mrequest completed[39m
    [35mreq[39m: {
      "id": 43,
      "method": "POST",
      "url": "/api/pos/validar-precio"
    }
    [35mres[39m: {
      "statusCode": 200
    }
    [35mresponseTime[39m: 7
[07:48:17.426] [32mINFO[39m (3496): [36mrequest completed[39m
    [35mreq[39m: {
      "id": 44,
      "method": "POST",
      "url": "/api/tickets"
    }
    [35mres[39m: {
      "statusCode": 400
    }
    [35mresponseTime[39m: 9
[07:48:17.455] [32mINFO[39m (3496): [36mrequest completed[39m
    [35mreq[39m: {
      "id": 45,
      "method": "POST",
      "url": "/api/auth/login"
    }
    [35mres[39m: {
      "statusCode": 200
    }
    [35mresponseTime[39m: 23
[07:48:17.462] [32mINFO[39m (3496): [36mrequest completed[39m
    [35mreq[39m: {
      "id": 46,
      "method": "POST",
      "url": "/api/inventario/entradas"
    }
    [35mres[39m: {
      "statusCode": 400
    }
    [35mresponseTime[39m: 4
✔ S-03E: entrada without costoUnitario is rejected without creating a roll (35.045468ms)
[07:48:17.489] [32mINFO[39m (3496): [36mrequest completed[39m
    [35mreq[39m: {
      "id": 47,
      "method": "POST",
      "url": "/api/auth/login"
    }
    [35mres[39m: {
      "statusCode": 200
    }
    [35mresponseTime[39m: 25
[07:48:17.497] [32mINFO[39m (3496): [36mrequest completed[39m
    [35mreq[39m: {
      "id": 48,
      "method": "GET",
      "url": "/api/inventario/rollos"
    }
    [35mres[39m: {
      "statusCode": 200
    }
    [35mresponseTime[39m: 7
✔ S-04: BODEGA — POST /inventario/rollos/:id/vender → 403 (42.665946ms)
[07:48:17.505] [32mINFO[39m (3496): [36mrequest completed[39m
    [35mreq[39m: {
      "id": 49,
      "method": "POST",
      "url": "/api/inventario/rollos/1/vender"
    }
    [35mres[39m: {
      "statusCode": 403
    }
    [35mresponseTime[39m: 7
✔ S-05: BODEGA GET /clientes → 403 (36.059012ms)
[07:48:17.532] [32mINFO[39m (3496): [36mrequest completed[39m
    [35mreq[39m: {
      "id": 50,
      "method": "POST",
      "url": "/api/auth/login"
    }
    [35mres[39m: {
      "statusCode": 200
    }
    [35mresponseTime[39m: 25
[07:48:17.541] [32mINFO[39m (3496): [36mrequest completed[39m
    [35mreq[39m: {
      "id": 51,
      "method": "GET",
      "url": "/api/clientes"
    }
    [35mres[39m: {
      "statusCode": 403
    }
    [35mresponseTime[39m: 9
[07:48:17.569] [32mINFO[39m (3496): [36mrequest completed[39m
    [35mreq[39m: {
      "id": 52,
      "method": "POST",
      "url": "/api/auth/login"
    }
    [35mres[39m: {
      "statusCode": 200
    }
    [35mresponseTime[39m: 26
✔ S-05A: BODEGA POST /clientes → 403 (43.847525ms)
[07:48:17.585] [32mINFO[39m (3496): [36mrequest completed[39m
    [35mreq[39m: {
      "id": 53,
      "method": "POST",
      "url": "/api/clientes"
    }
    [35mres[39m: {
      "statusCode": 403
    }
    [35mresponseTime[39m: 15
[07:48:17.609] [32mINFO[39m (3496): [36mrequest completed[39m
    [35mreq[39m: {
      "id": 54,
      "method": "POST",
      "url": "/api/auth/login"
    }
    [35mres[39m: {
      "statusCode": 200
    }
    [35mresponseTime[39m: 22
[07:48:17.628] [32mINFO[39m (3496): [36mrequest completed[39m
    [35mreq[39m: {
      "id": 56,
      "method": "POST",
      "url": "/api/clientes"
    }
    [35mres[39m: {
      "statusCode": 409
    }
    [35mresponseTime[39m: 16
[07:48:17.630] [32mINFO[39m (3496): [36mrequest completed[39m
    [35mreq[39m: {
      "id": 55,
      "method": "POST",
      "url": "/api/clientes"
    }
    [35mres[39m: {
      "statusCode": 201
    }
    [35mresponseTime[39m: 19
✔ S-05B: concurrent normalized client creates → 201 + structured 409 (50.505651ms)
✔ S-06: CAJA direct inventory sale is denied; ticketing is mandatory (55.990715ms)
[07:48:17.685] [32mINFO[39m (3496): [36mrequest completed[39m
    [35mreq[39m: {
      "id": 57,
      "method": "POST",
      "url": "/api/auth/login"
    }
    [35mres[39m: {
      "statusCode": 200
    }
    [35mresponseTime[39m: 31
[07:48:17.692] [32mINFO[39m (3496): [36mrequest completed[39m
    [35mreq[39m: {
      "id": 58,
      "method": "POST",
      "url": "/api/inventario/rollos/4/vender"
    }
    [35mres[39m: {
      "statusCode": 403
    }
    [35mresponseTime[39m: 6
✔ S-07: CAJA GET /proveedores → 403 (33.500567ms)
[07:48:17.718] [32mINFO[39m (3496): [36mrequest completed[39m
    [35mreq[39m: {
      "id": 59,
      "method": "POST",
      "url": "/api/auth/login"
    }
    [35mres[39m: {
      "statusCode": 200
    }
    [35mresponseTime[39m: 25
[07:48:17.725] [32mINFO[39m (3496): [36mrequest completed[39m
    [35mreq[39m: {
      "id": 60,
      "method": "GET",
      "url": "/api/proveedores"
    }
    [35mres[39m: {
      "statusCode": 403
    }
    [35mresponseTime[39m: 6
[07:48:17.758] [32mINFO[39m (3496): [36mrequest completed[39m
    [35mreq[39m: {
      "id": 61,
      "method": "POST",
      "url": "/api/auth/login"
    }
    [35mres[39m: {
      "statusCode": 200
    }
    [35mresponseTime[39m: 31
✔ S-08: SUPERVISOR GET /proveedores → 200, no financial JSON keys (43.548277ms)
[07:48:17.769] [32mINFO[39m (3496): [36mrequest completed[39m
    [35mreq[39m: {
      "id": 62,
      "method": "GET",
      "url": "/api/proveedores"
    }
    [35mres[39m: {
      "statusCode": 200
    }
    [35mresponseTime[39m: 10
[07:48:17.794] [32mINFO[39m (3496): [36mrequest completed[39m
    [35mreq[39m: {
      "id": 63,
      "method": "POST",
      "url": "/api/auth/login"
    }
    [35mres[39m: {
      "statusCode": 200
    }
    [35mresponseTime[39m: 24
[07:48:17.803] [32mINFO[39m (3496): [36mrequest completed[39m
    [35mreq[39m: {
      "id": 64,
      "method": "GET",
      "url": "/api/productos"
    }
    [35mres[39m: {
      "statusCode": 200
    }
    [35mresponseTime[39m: 8
[07:48:17.819] [32mINFO[39m (3496): [36mrequest completed[39m
    [35mreq[39m: {
      "id": 65,
      "method": "GET",
      "url": "/api/productos/1"
    }
    [35mres[39m: {
      "statusCode": 200
    }
    [35mresponseTime[39m: 15
[07:48:17.827] [32mINFO[39m (3496): [36mrequest completed[39m
    [35mreq[39m: {
      "id": 66,
      "method": "GET",
      "url": "/api/inventario/rollos"
    }
    [35mres[39m: {
      "statusCode": 200
    }
    [35mresponseTime[39m: 7
[07:48:17.836] [32mINFO[39m (3496): [36mrequest completed[39m
    [35mreq[39m: {
      "id": 67,
      "method": "GET",
      "url": "/api/inventario/rollos/1"
    }
    [35mres[39m: {
      "statusCode": 200
    }
    [35mresponseTime[39m: 8
[07:48:17.844] [32mINFO[39m (3496): [36mrequest completed[39m
    [35mreq[39m: {
      "id": 68,
      "method": "GET",
      "url": "/api/inventario/entradas"
    }
    [35mres[39m: {
      "statusCode": 200
    }
    [35mresponseTime[39m: 7
[07:48:17.853] [32mINFO[39m (3496): [36mrequest completed[39m
    [35mreq[39m: {
      "id": 69,
      "method": "GET",
      "url": "/api/inventario/existencias"
    }
    [35mres[39m: {
      "statusCode": 200
    }
    [35mresponseTime[39m: 8
[07:48:17.861] [32mINFO[39m (3496): [36mrequest completed[39m
    [35mreq[39m: {
      "id": 70,
      "method": "GET",
      "url": "/api/dashboard"
    }
    [35mres[39m: {
      "statusCode": 200
    }
    [35mresponseTime[39m: 7
✔ S-08A: SUPERVISOR operational JSON is recursively redacted (117.600004ms)
[07:48:17.885] [32mINFO[39m (3496): [36mrequest completed[39m
    [35mreq[39m: {
      "id": 71,
      "method": "GET",
      "url": "/api/reportes/inventario"
    }
    [35mres[39m: {
      "statusCode": 200
    }
    [35mresponseTime[39m: 23
[07:48:17.913] [32mINFO[39m (3496): [36mrequest completed[39m
    [35mreq[39m: {
      "id": 72,
      "method": "POST",
      "url": "/api/auth/login"
    }
    [35mres[39m: {
      "statusCode": 200
    }
    [35mresponseTime[39m: 25
[07:48:17.930] [32mINFO[39m (3496): [36mrequest completed[39m
    [35mreq[39m: {
      "id": 73,
      "method": "POST",
      "url": "/api/clientes"
    }
    [35mres[39m: {
      "statusCode": 201
    }
    [35mresponseTime[39m: 16
[07:48:17.948] [32mINFO[39m (3496): [36mrequest completed[39m
    [35mreq[39m: {
      "id": 74,
      "method": "PATCH",
      "url": "/api/clientes/10"
    }
    [35mres[39m: {
      "statusCode": 200
    }
    [35mresponseTime[39m: 18
[07:48:17.955] [32mINFO[39m (3496): [36mrequest completed[39m
    [35mreq[39m: {
      "id": 75,
      "method": "POST",
      "url": "/api/clientes/10/baja"
    }
    [35mres[39m: {
      "statusCode": 403
    }
    [35mresponseTime[39m: 6
[07:48:17.967] [32mINFO[39m (3496): [36mrequest completed[39m
    [35mreq[39m: {
      "id": 76,
      "method": "POST",
      "url": "/api/proveedores"
    }
    [35mres[39m: {
      "statusCode": 201
    }
    [35mresponseTime[39m: 11
✔ S-08AA: SUPERVISOR creates and edits clients/providers without sensitive data (91.437318ms)
[07:48:17.978] [32mINFO[39m (3496): [36mrequest completed[39m
    [35mreq[39m: {
      "id": 77,
      "method": "PATCH",
      "url": "/api/proveedores/1"
    }
    [35mres[39m: {
      "statusCode": 200
    }
    [35mresponseTime[39m: 10
✔ S-08AB: SUPERVISOR role-matrix grants flow into the effective matrix (63.064303ms)
[07:48:18.025] [32mINFO[39m (3496): [36mrequest completed[39m
    [35mreq[39m: {
      "id": 78,
      "method": "POST",
      "url": "/api/auth/login"
    }
    [35mres[39m: {
      "statusCode": 200
    }
    [35mresponseTime[39m: 29
[07:48:18.032] [32mINFO[39m (3496): [36mrequest completed[39m
    [35mreq[39m: {
      "id": 79,
      "method": "GET",
      "url": "/api/auth/me"
    }
    [35mres[39m: {
      "statusCode": 200
    }
    [35mresponseTime[39m: 7
[07:48:18.067] [32mINFO[39m (3496): [36mrequest completed[39m
    [35mreq[39m: {
      "id": 80,
      "method": "POST",
      "url": "/api/auth/login"
    }
    [35mres[39m: {
      "statusCode": 200
    }
    [35mresponseTime[39m: 24
✔ S-08B: SUPERVISOR creates a pending-cost entry at any real location (53.565827ms)
[07:48:18.094] [32mINFO[39m (3496): [36mrequest completed[39m
    [35mreq[39m: {
      "id": 81,
      "method": "POST",
      "url": "/api/inventario/entradas"
    }
    [35mres[39m: {
      "statusCode": 201
    }
    [35mresponseTime[39m: 26
[07:48:18.120] [32mINFO[39m (3496): [36mrequest completed[39m
    [35mreq[39m: {
      "id": 82,
      "method": "POST",
      "url": "/api/auth/login"
    }
    [35mres[39m: {
      "statusCode": 200
    }
    [35mresponseTime[39m: 24
[07:48:18.189] [32mINFO[39m (3496): [36mrequest completed[39m
    [35mreq[39m: {
      "id": 83,
      "method": "GET",
      "url": "/api/reportes/inventario/export.xlsx"
    }
    [35mres[39m: {
      "statusCode": 200
    }
    [35mresponseTime[39m: 68
✔ S-08C: SUPERVISOR XLSX/PDF exports contain no financial fields or sentinel (339.795617ms)
✔ S-09: BODEGA entry catalogs → 200; /productos and /proveedores → 403 (53.291384ms)
[07:48:18.434] [32mINFO[39m (3496): [36mrequest completed[39m
    [35mreq[39m: {
      "id": 84,
      "method": "GET",
      "url": "/api/reportes/inventario/export.pdf"
    }
    [35mres[39m: {
      "statusCode": 200
    }
    [35mresponseTime[39m: 197
[07:48:18.467] [32mINFO[39m (3496): [36mrequest completed[39m
    [35mreq[39m: {
      "id": 85,
      "method": "POST",
      "url": "/api/auth/login"
    }
    [35mres[39m: {
      "statusCode": 200
    }
    [35mresponseTime[39m: 31
[07:48:18.475] [32mINFO[39m (3496): [36mrequest completed[39m
    [35mreq[39m: {
      "id": 86,
      "method": "GET",
      "url": "/api/inventario/entradas/catalogos"
    }
    [35mres[39m: {
      "statusCode": 200
    }
    [35mresponseTime[39m: 7
[07:48:18.482] [32mINFO[39m (3496): [36mrequest completed[39m
    [35mreq[39m: {
      "id": 87,
      "method": "GET",
      "url": "/api/productos"
    }
    [35mres[39m: {
      "statusCode": 403
    }
    [35mresponseTime[39m: 6
[07:48:18.488] [32mINFO[39m (3496): [36mrequest completed[39m
    [35mreq[39m: {
      "id": 88,
      "method": "GET",
      "url": "/api/proveedores"
    }
    [35mres[39m: {
      "statusCode": 403
    }
    [35mresponseTime[39m: 5
[07:48:18.517] [32mINFO[39m (3496): [36mrequest completed[39m
    [35mreq[39m: {
      "id": 89,
      "method": "POST",
      "url": "/api/auth/login"
    }
    [35mres[39m: {
      "statusCode": 200
    }
    [35mresponseTime[39m: 27
[07:48:18.525] [32mINFO[39m (3496): [36mrequest completed[39m
    [35mreq[39m: {
      "id": 90,
      "method": "GET",
      "url": "/api/salidas/ubicaciones"
    }
    [35mres[39m: {
      "statusCode": 200
    }
    [35mresponseTime[39m: 7
[07:48:18.532] [32mINFO[39m (3496): [36mrequest completed[39m
    [35mreq[39m: {
      "id": 91,
      "method": "GET",
      "url": "/api/locations"
    }
    [35mres[39m: {
      "statusCode": 403
    }
    [35mresponseTime[39m: 6
[07:48:18.578] [32mINFO[39m (3496): [36mrequest completed[39m
    [35mreq[39m: {
      "id": 92,
      "method": "POST",
      "url": "/api/salidas/borrador/rollos"
    }
    [35mres[39m: {
      "statusCode": 200
    }
    [35mresponseTime[39m: 29
[07:48:18.604] [32mINFO[39m (3496): [36mrequest completed[39m
    [35mreq[39m: {
      "id": 93,
      "method": "POST",
      "url": "/api/auth/login"
    }
    [35mres[39m: {
      "statusCode": 200
    }
    [35mresponseTime[39m: 24
[07:48:18.614] [32mINFO[39m (3496): [36mrequest completed[39m
    [35mreq[39m: {
      "id": 94,
      "method": "DELETE",
      "url": "/api/salidas/1/rollos/6"
    }
    [35mres[39m: {
      "statusCode": 403
    }
    [35mresponseTime[39m: 9
[07:48:18.626] [32mINFO[39m (3496): [36mrequest completed[39m
    [35mreq[39m: {
      "id": 95,
      "method": "POST",
      "url": "/api/salidas/1/enviar"
    }
    [35mres[39m: {
      "statusCode": 403
    }
    [35mresponseTime[39m: 11
[07:48:18.634] [32mINFO[39m (3496): [36mrequest completed[39m
    [35mreq[39m: {
      "id": 96,
      "method": "GET",
      "url": "/api/salidas/1/documento"
    }
    [35mres[39m: {
      "statusCode": 409
    }
    [35mresponseTime[39m: 7
✔ S-09A: BODEGA stages, owns, and sends a null-cost roll in one final action (172.078218ms)
[07:48:18.659] [32mINFO[39m (3496): [36mrequest completed[39m
    [35mreq[39m: {
      "id": 97,
      "method": "POST",
      "url": "/api/salidas/1/enviar"
    }
    [35mres[39m: {
      "statusCode": 200
    }
    [35mresponseTime[39m: 24
[07:48:18.711] [32mINFO[39m (3496): [36mrequest completed[39m
    [35mreq[39m: {
      "id": 98,
      "method": "POST",
      "url": "/api/auth/login"
    }
    [35mres[39m: {
      "statusCode": 200
    }
    [35mresponseTime[39m: 26
[07:48:18.736] [32mINFO[39m (3496): [36mrequest completed[39m
    [35mreq[39m: {
      "id": 99,
      "method": "POST",
      "url": "/api/auth/login"
    }
    [35mres[39m: {
      "statusCode": 200
    }
    [35mresponseTime[39m: 24
[07:48:18.771] [32mINFO[39m (3496): [36mrequest completed[39m
    [35mreq[39m: {
      "id": 100,
      "method": "POST",
      "url": "/api/salidas/borrador/rollos"
    }
    [35mres[39m: {
      "statusCode": 200
    }
    [35mresponseTime[39m: 19
[07:48:18.798] [32mINFO[39m (3496): [36mrequest completed[39m
    [35mreq[39m: {
      "id": 101,
      "method": "POST",
      "url": "/api/salidas/2/enviar"
    }
    [35mres[39m: {
      "statusCode": 200
    }
    [35mresponseTime[39m: 26
[07:48:18.835] [32mINFO[39m (3496): [36mrequest completed[39m
    [35mreq[39m: {
      "id": 102,
      "method": "POST",
      "url": "/api/salidas/borrador/rollos"
    }
    [35mres[39m: {
      "statusCode": 200
    }
    [35mresponseTime[39m: 19
[07:48:18.857] [32mINFO[39m (3496): [36mrequest completed[39m
    [35mreq[39m: {
      "id": 103,
      "method": "POST",
      "url": "/api/salidas/3/enviar"
    }
    [35mres[39m: {
      "statusCode": 200
    }
    [35mresponseTime[39m: 21
[07:48:18.884] [32mINFO[39m (3496): [36mrequest completed[39m
    [35mreq[39m: {
      "id": 104,
      "method": "POST",
      "url": "/api/auth/login"
    }
    [35mres[39m: {
      "statusCode": 200
    }
    [35mresponseTime[39m: 26
[07:48:18.899] [32mINFO[39m (3496): [36mrequest completed[39m
    [35mreq[39m: {
      "id": 105,
      "method": "GET",
      "url": "/api/salidas"
    }
    [35mres[39m: {
      "statusCode": 200
    }
    [35mresponseTime[39m: 14
[07:48:18.910] [32mINFO[39m (3496): [36mrequest completed[39m
    [35mreq[39m: {
      "id": 106,
      "method": "GET",
      "url": "/api/salidas/3"
    }
    [35mres[39m: {
      "statusCode": 200
    }
    [35mresponseTime[39m: 11
[07:48:18.923] [32mINFO[39m (3496): [36mrequest completed[39m
    [35mreq[39m: {
      "id": 107,
      "method": "GET",
      "url": "/api/salidas/2"
    }
    [35mres[39m: {
      "statusCode": 403
    }
    [35mresponseTime[39m: 13
[07:48:18.930] [32mINFO[39m (3496): [36mrequest completed[39m
    [35mreq[39m: {
      "id": 108,
      "method": "POST",
      "url": "/api/salidas/borrador/rollos"
    }
    [35mres[39m: {
      "statusCode": 403
    }
    [35mresponseTime[39m: 6
✔ S-09B: CAJA only lists and opens outputs received at its assigned store (276.546844ms)
[07:48:18.937] [32mINFO[39m (3496): [36mrequest completed[39m
    [35mreq[39m: {
      "id": 109,
      "method": "POST",
      "url": "/api/salidas/3/cancelar"
    }
    [35mres[39m: {
      "statusCode": 403
    }
    [35mresponseTime[39m: 6
[07:48:18.967] [32mINFO[39m (3496): [36mrequest completed[39m
    [35mreq[39m: {
      "id": 110,
      "method": "POST",
      "url": "/api/auth/login"
    }
    [35mres[39m: {
      "statusCode": 200
    }
    [35mresponseTime[39m: 29
[07:48:18.978] [32mINFO[39m (3496): [36mrequest completed[39m
    [35mreq[39m: {
      "id": 111,
      "method": "GET",
      "url": "/api/proveedores/resumen"
    }
    [35mres[39m: {
      "statusCode": 403
    }
    [35mresponseTime[39m: 6
[07:48:18.985] [32mINFO[39m (3496): [36mrequest completed[39m
    [35mreq[39m: {
      "id": 112,
      "method": "GET",
      "url": "/api/proveedores/analitica-global"
    }
    [35mres[39m: {
      "statusCode": 403
    }
    [35mresponseTime[39m: 6
[07:48:18.992] [32mINFO[39m (3496): [36mrequest completed[39m
    [35mreq[39m: {
      "id": 113,
      "method": "GET",
      "url": "/api/proveedores/1/compras"
    }
    [35mres[39m: {
      "statusCode": 403
    }
    [35mresponseTime[39m: 6
[07:48:19.000] [32mINFO[39m (3496): [36mrequest completed[39m
    [35mreq[39m: {
      "id": 114,
      "method": "GET",
      "url": "/api/proveedores/1/pagos"
    }
    [35mres[39m: {
      "statusCode": 403
    }
    [35mresponseTime[39m: 7
[07:48:19.007] [32mINFO[39m (3496): [36mrequest completed[39m
    [35mreq[39m: {
      "id": 115,
      "method": "POST",
      "url": "/api/proveedores/1/pagos"
    }
    [35mres[39m: {
      "statusCode": 403
    }
    [35mresponseTime[39m: 6
[07:48:19.013] [32mINFO[39m (3496): [36mrequest completed[39m
    [35mreq[39m: {
      "id": 116,
      "method": "GET",
      "url": "/api/proveedores/1/estado-cuenta"
    }
    [35mres[39m: {
      "statusCode": 403
    }
    [35mresponseTime[39m: 6
[07:48:19.024] [32mINFO[39m (3496): [36mrequest completed[39m
    [35mreq[39m: {
      "id": 117,
      "method": "GET",
      "url": "/api/clientes/resumen"
    }
    [35mres[39m: {
      "statusCode": 403
    }
    [35mresponseTime[39m: 11
[07:48:19.035] [32mINFO[39m (3496): [36mrequest completed[39m
    [35mreq[39m: {
      "id": 118,
      "method": "GET",
      "url": "/api/clientes/cartera"
    }
    [35mres[39m: {
      "statusCode": 403
    }
    [35mresponseTime[39m: 10
[07:48:19.046] [32mINFO[39m (3496): [36mrequest completed[39m
    [35mreq[39m: {
      "id": 119,
      "method": "GET",
      "url": "/api/clientes/analitica"
    }
    [35mres[39m: {
      "statusCode": 403
    }
    [35mresponseTime[39m: 10
[07:48:19.059] [32mINFO[39m (3496): [36mrequest completed[39m
    [35mreq[39m: {
      "id": 120,
      "method": "GET",
      "url": "/api/clientes/1/credito"
    }
    [35mres[39m: {
      "statusCode": 403
    }
    [35mresponseTime[39m: 13
[07:48:19.070] [32mINFO[39m (3496): [36mrequest completed[39m
    [35mreq[39m: {
      "id": 121,
      "method": "GET",
      "url": "/api/clientes/1/precios"
    }
    [35mres[39m: {
      "statusCode": 403
    }
    [35mresponseTime[39m: 9
[07:48:19.080] [32mINFO[39m (3496): [36mrequest completed[39m
    [35mreq[39m: {
      "id": 122,
      "method": "GET",
      "url": "/api/clientes/1/estado-cuenta"
    }
    [35mres[39m: {
      "statusCode": 403
    }
    [35mresponseTime[39m: 10
[07:48:19.091] [32mINFO[39m (3496): [36mrequest completed[39m
    [35mreq[39m: {
      "id": 123,
      "method": "GET",
      "url": "/api/clientes/1/pagos"
    }
    [35mres[39m: {
      "statusCode": 403
    }
    [35mresponseTime[39m: 10
[07:48:19.106] [32mINFO[39m (3496): [36mrequest completed[39m
    [35mreq[39m: {
      "id": 124,
      "method": "POST",
      "url": "/api/clientes/1/pagos"
    }
    [35mres[39m: {
      "statusCode": 403
    }
    [35mresponseTime[39m: 14
[07:48:19.112] [32mINFO[39m (3496): [36mrequest completed[39m
    [35mreq[39m: {
      "id": 125,
      "method": "GET",
      "url": "/api/pos/buscar"
    }
    [35mres[39m: {
      "statusCode": 403
    }
    [35mresponseTime[39m: 6
[07:48:19.126] [32mINFO[39m (3496): [36mrequest completed[39m
    [35mreq[39m: {
      "id": 126,
      "method": "GET",
      "url": "/api/tickets/1"
    }
    [35mres[39m: {
      "statusCode": 403
    }
    [35mresponseTime[39m: 13
[07:48:19.132] [32mINFO[39m (3496): [36mrequest completed[39m
    [35mreq[39m: {
      "id": 127,
      "method": "GET",
      "url": "/api/caja/tickets"
    }
    [35mres[39m: {
      "statusCode": 403
    }
    [35mresponseTime[39m: 5
[07:48:19.142] [32mINFO[39m (3496): [36mrequest completed[39m
    [35mreq[39m: {
      "id": 128,
      "method": "GET",
      "url": "/api/caja/tiendas/1/ventas"
    }
    [35mres[39m: {
      "statusCode": 403
    }
    [35mresponseTime[39m: 9
[07:48:19.148] [32mINFO[39m (3496): [36mrequest completed[39m
    [35mreq[39m: {
      "id": 129,
      "method": "GET",
      "url": "/api/sesiones-caja/actual"
    }
    [35mres[39m: {
      "statusCode": 403
    }
    [35mresponseTime[39m: 5
[07:48:19.154] [32mINFO[39m (3496): [36mrequest completed[39m
    [35mreq[39m: {
      "id": 130,
      "method": "GET",
      "url": "/api/precios"
    }
    [35mres[39m: {
      "statusCode": 403
    }
    [35mresponseTime[39m: 5
[07:48:19.160] [32mINFO[39m (3496): [36mrequest completed[39m
    [35mreq[39m: {
      "id": 131,
      "method": "GET",
      "url": "/api/locations"
    }
    [35mres[39m: {
      "statusCode": 403
    }
    [35mresponseTime[39m: 5
[07:48:19.166] [32mINFO[39m (3496): [36mrequest completed[39m
    [35mreq[39m: {
      "id": 132,
      "method": "GET",
      "url": "/api/users"
    }
    [35mres[39m: {
      "statusCode": 403
    }
    [35mresponseTime[39m: 5
[07:48:19.173] [32mINFO[39m (3496): [36mrequest completed[39m
    [35mreq[39m: {
      "id": 133,
      "method": "GET",
      "url": "/api/permisos/roles"
    }
    [35mres[39m: {
      "statusCode": 403
    }
    [35mresponseTime[39m: 6
[07:48:19.179] [32mINFO[39m (3496): [36mrequest completed[39m
    [35mreq[39m: {
      "id": 134,
      "method": "GET",
      "url": "/api/inventario/conciliacion"
    }
    [35mres[39m: {
      "statusCode": 403
    }
    [35mresponseTime[39m: 6
[07:48:19.185] [32mINFO[39m (3496): [36mrequest completed[39m
    [35mreq[39m: {
      "id": 135,
      "method": "GET",
      "url": "/api/inventario/entradas/pendientes-costo"
    }
    [35mres[39m: {
      "statusCode": 403
    }
    [35mresponseTime[39m: 5
[07:48:19.192] [32mINFO[39m (3496): [36mrequest completed[39m
    [35mreq[39m: {
      "id": 136,
      "method": "POST",
      "url": "/api/inventario/entradas/1/costos"
    }
    [35mres[39m: {
      "statusCode": 403
    }
    [35mresponseTime[39m: 6
[07:48:19.203] [32mINFO[39m (3496): [36mrequest completed[39m
    [35mreq[39m: {
      "id": 137,
      "method": "GET",
      "url": "/api/clientes/1/documentos"
    }
    [35mres[39m: {
      "statusCode": 403
    }
    [35mresponseTime[39m: 10
✔ S-10: SUPERVISOR GET /proveedores/resumen → 403 (proveedores_finanzas.ver denied by matrix) (272.002451ms)
[07:48:19.209] [32mINFO[39m (3496): [36mrequest completed[39m
    [35mreq[39m: {
      "id": 138,
      "method": "POST",
      "url": "/api/productos"
    }
    [35mres[39m: {
      "statusCode": 403
    }
    [35mresponseTime[39m: 5
[07:48:19.237] [32mINFO[39m (3496): [36mrequest completed[39m
    [35mreq[39m: {
      "id": 139,
      "method": "POST",
      "url": "/api/auth/login"
    }
    [35mres[39m: {
      "statusCode": 200
    }
    [35mresponseTime[39m: 27
[07:48:19.244] [32mINFO[39m (3496): [36mrequest completed[39m
    [35mreq[39m: {
      "id": 140,
      "method": "GET",
      "url": "/api/auth/me"
    }
    [35mres[39m: {
      "statusCode": 200
    }
    [35mresponseTime[39m: 7
✔ S-10A: SUPERVISOR matrix denies store-sales without resumen_caja grant (44.892536ms)
[07:48:19.254] [32mINFO[39m (3496): [36mrequest completed[39m
    [35mreq[39m: {
      "id": 141,
      "method": "GET",
      "url": "/api/caja/tiendas/1/ventas"
    }
    [35mres[39m: {
      "statusCode": 403
    }
    [35mresponseTime[39m: 10
[07:48:19.277] [32mINFO[39m (3496): [36mrequest completed[39m
    [35mreq[39m: {
      "id": 142,
      "method": "POST",
      "url": "/api/auth/login"
    }
    [35mres[39m: {
      "statusCode": 200
    }
    [35mresponseTime[39m: 22
[07:48:19.289] [32mINFO[39m (3496): [36mrequest completed[39m
    [35mreq[39m: {
      "id": 143,
      "method": "PUT",
      "url": "/api/permisos/usuarios/5/proveedores_finanzas"
    }
    [35mres[39m: {
      "statusCode": 200
    }
    [35mresponseTime[39m: 11
[07:48:19.313] [32mINFO[39m (3496): [36mrequest completed[39m
    [35mreq[39m: {
      "id": 144,
      "method": "POST",
      "url": "/api/auth/login"
    }
    [35mres[39m: {
      "statusCode": 200
    }
    [35mresponseTime[39m: 24
[07:48:19.322] [32mINFO[39m (3496): [36mrequest completed[39m
    [35mreq[39m: {
      "id": 145,
      "method": "GET",
      "url": "/api/proveedores/resumen"
    }
    [35mres[39m: {
      "statusCode": 200
    }
    [35mresponseTime[39m: 8
✔ S-11: SUPERVISOR finance override is honored by the matrix (75.245744ms)
[07:48:19.329] [32mINFO[39m (3496): [36mrequest completed[39m
    [35mreq[39m: {
      "id": 146,
      "method": "GET",
      "url": "/api/auth/me"
    }
    [35mres[39m: {
      "statusCode": 200
    }
    [35mresponseTime[39m: 6
[07:48:19.354] [32mINFO[39m (3496): [36mrequest completed[39m
    [35mreq[39m: {
      "id": 147,
      "method": "POST",
      "url": "/api/auth/login"
    }
    [35mres[39m: {
      "statusCode": 200
    }
    [35mresponseTime[39m: 23
[07:48:19.364] [32mINFO[39m (3496): [36mrequest completed[39m
    [35mreq[39m: {
      "id": 148,
      "method": "PUT",
      "url": "/api/permisos/usuarios/5/proveedores_finanzas"
    }
    [35mres[39m: {
      "statusCode": 200
    }
    [35mresponseTime[39m: 9
[07:48:19.389] [32mINFO[39m (3496): [36mrequest completed[39m
    [35mreq[39m: {
      "id": 149,
      "method": "POST",
      "url": "/api/auth/login"
    }
    [35mres[39m: {
      "statusCode": 200
    }
    [35mresponseTime[39m: 23
[07:48:19.397] [32mINFO[39m (3496): [36mrequest completed[39m
    [35mreq[39m: {
      "id": 150,
      "method": "GET",
      "url": "/api/proveedores/resumen"
    }
    [35mres[39m: {
      "statusCode": 403
    }
    [35mresponseTime[39m: 7
[07:48:19.404] [32mINFO[39m (3496): [36mrequest completed[39m
    [35mreq[39m: {
      "id": 151,
      "method": "GET",
      "url": "/api/auth/me"
    }
    [35mres[39m: {
      "statusCode": 200
    }
    [35mresponseTime[39m: 6
[07:48:19.414] [32mINFO[39m (3496): [36mrequest completed[39m
    [35mreq[39m: {
      "id": 152,
      "method": "DELETE",
      "url": "/api/permisos/usuarios/5/proveedores_finanzas"
    }
    [35mres[39m: {
      "statusCode": 204
    }
    [35mresponseTime[39m: 9
✔ S-12: false override denies and DELETE restores the matrix role default (115.965495ms)
[07:48:19.439] [32mINFO[39m (3496): [36mrequest completed[39m
    [35mreq[39m: {
      "id": 153,
      "method": "POST",
      "url": "/api/auth/login"
    }
    [35mres[39m: {
      "statusCode": 200
    }
    [35mresponseTime[39m: 24
[07:48:19.445] [32mINFO[39m (3496): [36mrequest completed[39m
    [35mreq[39m: {
      "id": 154,
      "method": "GET",
      "url": "/api/proveedores/resumen"
    }
    [35mres[39m: {
      "statusCode": 403
    }
    [35mresponseTime[39m: 5
[07:48:19.471] [32mINFO[39m (3496): [36mrequest completed[39m
    [35mreq[39m: {
      "id": 155,
      "method": "POST",
      "url": "/api/auth/login"
    }
    [35mres[39m: {
      "statusCode": 200
    }
    [35mresponseTime[39m: 24
[07:48:19.482] [32mINFO[39m (3496): [36mrequest completed[39m
    [35mreq[39m: {
      "id": 156,
      "method": "GET",
      "url": "/api/clientes"
    }
    [35mres[39m: {
      "statusCode": 403
    }
    [35mresponseTime[39m: 10
[07:48:19.508] [32mINFO[39m (3496): [36mrequest completed[39m
    [35mreq[39m: {
      "id": 157,
      "method": "POST",
      "url": "/api/auth/login"
    }
    [35mres[39m: {
      "statusCode": 200
    }
    [35mresponseTime[39m: 25
[07:48:19.519] [32mINFO[39m (3496): [36mrequest completed[39m
    [35mreq[39m: {
      "id": 158,
      "method": "PUT",
      "url": "/api/permisos/usuarios/6/clientes"
    }
    [35mres[39m: {
      "statusCode": 200
    }
    [35mresponseTime[39m: 10
[07:48:19.543] [32mINFO[39m (3496): [36mrequest completed[39m
    [35mreq[39m: {
      "id": 159,
      "method": "POST",
      "url": "/api/auth/login"
    }
    [35mres[39m: {
      "statusCode": 200
    }
    [35mresponseTime[39m: 23
✔ S-13: Override true beats role false: BODEGA clientes 403 → override → 200 (109.19858ms)
[07:48:19.555] [32mINFO[39m (3496): [36mrequest completed[39m
    [35mreq[39m: {
      "id": 160,
      "method": "GET",
      "url": "/api/clientes"
    }
    [35mres[39m: {
      "statusCode": 200
    }
    [35mresponseTime[39m: 10
[07:48:19.580] [32mINFO[39m (3496): [36mrequest completed[39m
    [35mreq[39m: {
      "id": 161,
      "method": "POST",
      "url": "/api/auth/login"
    }
    [35mres[39m: {
      "statusCode": 200
    }
    [35mresponseTime[39m: 24
[07:48:19.588] [32mINFO[39m (3496): [36mrequest completed[39m
    [35mreq[39m: {
      "id": 162,
      "method": "DELETE",
      "url": "/api/permisos/usuarios/6/clientes"
    }
    [35mres[39m: {
      "statusCode": 204
    }
    [35mresponseTime[39m: 8
[07:48:19.619] [32mINFO[39m (3496): [36mrequest completed[39m
    [35mreq[39m: {
      "id": 163,
      "method": "POST",
      "url": "/api/auth/login"
    }
    [35mres[39m: {
      "statusCode": 200
    }
    [35mresponseTime[39m: 29
[07:48:19.628] [32mINFO[39m (3496): [36mrequest completed[39m
    [35mreq[39m: {
      "id": 164,
      "method": "GET",
      "url": "/api/clientes"
    }
    [35mres[39m: {
      "statusCode": 403
    }
    [35mresponseTime[39m: 8
✔ S-14: DELETE override → BODEGA clientes reverts to role 403 (73.764316ms)
[07:48:19.652] [32mINFO[39m (3496): [36mrequest completed[39m
    [35mreq[39m: {
      "id": 165,
      "method": "POST",
      "url": "/api/auth/login"
    }
    [35mres[39m: {
      "statusCode": 200
    }
    [35mresponseTime[39m: 22
[07:48:19.659] [32mINFO[39m (3496): [36mrequest completed[39m
    [35mreq[39m: {
      "id": 166,
      "method": "GET",
      "url": "/api/permisos/preview/6"
    }
    [35mres[39m: {
      "statusCode": 200
    }
    [35mresponseTime[39m: 6
[07:48:19.669] [32mINFO[39m (3496): [36mrequest completed[39m
    [35mreq[39m: {
      "id": 167,
      "method": "GET",
      "url": "/api/permisos/preview/6"
    }
    [35mres[39m: {
      "statusCode": 200
    }
    [35mresponseTime[39m: 5
[07:48:19.678] [32mINFO[39m (3496): [36mrequest completed[39m
    [35mreq[39m: {
      "id": 168,
      "method": "GET",
      "url": "/api/permisos/preview/6"
    }
    [35mres[39m: {
      "statusCode": 200
    }
    [35mresponseTime[39m: 5
✔ S-15: Deny-by-default — BODEGA inventario allowed; remove denies; restore allows (50.020272ms)
[07:48:19.707] [32mINFO[39m (3496): [36mrequest completed[39m
    [35mreq[39m: {
      "id": 169,
      "method": "POST",
      "url": "/api/auth/login"
    }
    [35mres[39m: {
      "statusCode": 200
    }
    [35mresponseTime[39m: 25
[07:48:19.717] [32mINFO[39m (3496): [36mrequest completed[39m
    [35mreq[39m: {
      "id": 170,
      "method": "PUT",
      "url": "/api/permisos/roles/ADMIN/usuarios"
    }
    [35mres[39m: {
      "statusCode": 403
    }
    [35mresponseTime[39m: 9
[07:48:19.724] [32mINFO[39m (3496): [36mrequest completed[39m
    [35mreq[39m: {
      "id": 171,
      "method": "GET",
      "url": "/api/users"
    }
    [35mres[39m: {
      "statusCode": 200
    }
    [35mresponseTime[39m: 6
✔ S-16: PUT /permisos/roles/ADMIN/usuarios with puedeVer=false → 403 (50.484917ms)
[07:48:19.729] [32mINFO[39m (3496): [36mrequest completed[39m
    [35mreq[39m: {
      "id": 172,
      "method": "GET",
      "url": "/api/auth/me"
    }
    [35mres[39m: {
      "statusCode": 200
    }
    [35mresponseTime[39m: 4
[07:48:19.753] [32mINFO[39m (3496): [36mrequest completed[39m
    [35mreq[39m: {
      "id": 173,
      "method": "POST",
      "url": "/api/auth/login"
    }
    [35mres[39m: {
      "statusCode": 200
    }
    [35mresponseTime[39m: 23
[07:48:19.761] [32mINFO[39m (3496): [36mrequest completed[39m
    [35mreq[39m: {
      "id": 174,
      "method": "PUT",
      "url": "/api/permisos/roles/ADMIN/permisos"
    }
    [35mres[39m: {
      "statusCode": 403
    }
    [35mresponseTime[39m: 8
[07:48:19.775] [32mINFO[39m (3496): [36mrequest completed[39m
    [35mreq[39m: {
      "id": 175,
      "method": "GET",
      "url": "/api/permisos/roles"
    }
    [35mres[39m: {
      "statusCode": 200
    }
    [35mresponseTime[39m: 7
[07:48:19.780] [32mINFO[39m (3496): [36mrequest completed[39m
    [35mreq[39m: {
      "id": 176,
      "method": "GET",
      "url": "/api/auth/me"
    }
    [35mres[39m: {
      "statusCode": 200
    }
    [35mresponseTime[39m: 5
✔ S-17: PUT /permisos/roles/ADMIN/permisos with puedeCrear=false → 403 (55.928581ms)
[07:48:19.811] [32mINFO[39m (3496): [36mrequest completed[39m
    [35mreq[39m: {
      "id": 177,
      "method": "POST",
      "url": "/api/auth/login"
    }
    [35mres[39m: {
      "statusCode": 200
    }
    [35mresponseTime[39m: 25
[07:48:19.821] [32mINFO[39m (3496): [36mrequest completed[39m
    [35mreq[39m: {
      "id": 178,
      "method": "PUT",
      "url": "/api/permisos/usuarios/2/dashboard"
    }
    [35mres[39m: {
      "statusCode": 403
    }
    [35mresponseTime[39m: 9
✔ S-18: Self-override modification → 403 (cannot modify own permissions) (35.629823ms)
[07:48:19.845] [32mINFO[39m (3496): [36mrequest completed[39m
    [35mreq[39m: {
      "id": 179,
      "method": "POST",
      "url": "/api/auth/login"
    }
    [35mres[39m: {
      "statusCode": 200
    }
    [35mresponseTime[39m: 23
[07:48:19.858] [32mINFO[39m (3496): [36mrequest completed[39m
    [35mreq[39m: {
      "id": 180,
      "method": "PATCH",
      "url": "/api/users/2"
    }
    [35mres[39m: {
      "statusCode": 409
    }
    [35mresponseTime[39m: 9
✔ S-19: Last active ADMIN — deactivate → 409 (must keep at least one) (40.470378ms)
[07:48:19.886] [32mINFO[39m (3496): [36mrequest completed[39m
    [35mreq[39m: {
      "id": 181,
      "method": "POST",
      "url": "/api/auth/login"
    }
    [35mres[39m: {
      "statusCode": 200
    }
    [35mresponseTime[39m: 24
✔ S-20: BODEGA PROPIA — GET /inventario/rollos?ubicacionId=other → forced to own (41.475301ms)
[07:48:19.902] [32mINFO[39m (3496): [36mrequest completed[39m
    [35mreq[39m: {
      "id": 182,
      "method": "GET",
      "url": "/api/inventario/rollos"
    }
    [35mres[39m: {
      "statusCode": 200
    }
    [35mresponseTime[39m: 16
[07:48:19.930] [32mINFO[39m (3496): [36mrequest completed[39m
    [35mreq[39m: {
      "id": 183,
      "method": "POST",
      "url": "/api/auth/login"
    }
    [35mres[39m: {
      "statusCode": 200
    }
    [35mresponseTime[39m: 26
[07:48:19.938] [32mINFO[39m (3496): [36mrequest completed[39m
    [35mreq[39m: {
      "id": 184,
      "method": "GET",
      "url": "/api/inventario/existencias"
    }
    [35mres[39m: {
      "statusCode": 200
    }
    [35mresponseTime[39m: 7
✔ S-21: BODEGA PROPIA — GET /inventario/existencias?ubicacionId=other → forced to own (35.289746ms)
[07:48:19.965] [32mINFO[39m (3496): [36mrequest completed[39m
    [35mreq[39m: {
      "id": 185,
      "method": "POST",
      "url": "/api/auth/login"
    }
    [35mres[39m: {
      "statusCode": 200
    }
    [35mresponseTime[39m: 26
✔ S-22: BODEGA PROPIA — GET /inventario/kardex → ignores other ubicacionId param (39.794786ms)
[07:48:19.978] [32mINFO[39m (3496): [36mrequest completed[39m
    [35mreq[39m: {
      "id": 186,
      "method": "GET",
      "url": "/api/inventario/kardex"
    }
    [35mres[39m: {
      "statusCode": 200
    }
    [35mresponseTime[39m: 12
[07:48:20.003] [32mINFO[39m (3496): [36mrequest completed[39m
    [35mreq[39m: {
      "id": 187,
      "method": "POST",
      "url": "/api/auth/login"
    }
    [35mres[39m: {
      "statusCode": 200
    }
    [35mresponseTime[39m: 24
[07:48:20.010] [32mINFO[39m (3496): [36mrequest completed[39m
    [35mreq[39m: {
      "id": 188,
      "method": "GET",
      "url": "/api/inventario/rollos"
    }
    [35mres[39m: {
      "statusCode": 200
    }
    [35mresponseTime[39m: 6
[07:48:20.018] [32mINFO[39m (3496): [36mrequest completed[39m
    [35mreq[39m: {
      "id": 189,
      "method": "GET",
      "url": "/api/inventario/rollos"
    }
    [35mres[39m: {
      "statusCode": 200
    }
    [35mresponseTime[39m: 7
✔ S-23: BODEGA alcanceConsulta=TODAS — GET /inventario/rollos?ubicacionId=other → honors filter (39.758361ms)
[07:48:20.041] [32mINFO[39m (3496): [36mrequest completed[39m
    [35mreq[39m: {
      "id": 190,
      "method": "POST",
      "url": "/api/auth/login"
    }
    [35mres[39m: {
      "statusCode": 200
    }
    [35mresponseTime[39m: 22
[07:48:20.050] [32mINFO[39m (3496): [36mrequest completed[39m
    [35mreq[39m: {
      "id": 191,
      "method": "GET",
      "url": "/api/inventario/ubicaciones"
    }
    [35mres[39m: {
      "statusCode": 200
    }
    [35mresponseTime[39m: 8
[07:48:20.103] [32mINFO[39m (3496): [36mrequest completed[39m
    [35mreq[39m: {
      "id": 192,
      "method": "POST",
      "url": "/api/auth/login"
    }
    [35mres[39m: {
      "statusCode": 200
    }
    [35mresponseTime[39m: 24
[07:48:20.112] [32mINFO[39m (3496): [36mrequest completed[39m
    [35mreq[39m: {
      "id": 193,
      "method": "GET",
      "url": "/api/locations"
    }
    [35mres[39m: {
      "statusCode": 403
    }
    [35mresponseTime[39m: 8
[07:48:20.120] [32mINFO[39m (3496): [36mrequest completed[39m
    [35mreq[39m: {
      "id": 194,
      "method": "GET",
      "url": "/api/inventario/ubicaciones"
    }
    [35mres[39m: {
      "statusCode": 200
    }
    [35mresponseTime[39m: 7
[07:48:20.127] [32mINFO[39m (3496): [36mrequest completed[39m
    [35mreq[39m: {
      "id": 195,
      "method": "GET",
      "url": "/api/inventario/rollos"
    }
    [35mres[39m: {
      "statusCode": 200
    }
    [35mresponseTime[39m: 6
[07:48:20.168] [32mINFO[39m (3496): [36mrequest completed[39m
    [35mreq[39m: {
      "id": 196,
      "method": "GET",
      "url": "/api/inventario/rollos/10"
    }
    [35mres[39m: {
      "statusCode": 404
    }
    [35mresponseTime[39m: 7
[07:48:20.176] [32mINFO[39m (3496): [36mrequest completed[39m
    [35mreq[39m: {
      "id": 197,
      "method": "POST",
      "url": "/api/inventario/rollos/1/ajustar"
    }
    [35mres[39m: {
      "statusCode": 403
    }
    [35mresponseTime[39m: 7
[07:48:20.202] [32mINFO[39m (3496): [36mrequest completed[39m
    [35mreq[39m: {
      "id": 198,
      "method": "POST",
      "url": "/api/auth/login"
    }
    [35mres[39m: {
      "statusCode": 200
    }
    [35mresponseTime[39m: 26
[07:48:20.210] [32mINFO[39m (3496): [36mrequest completed[39m
    [35mreq[39m: {
      "id": 199,
      "method": "GET",
      "url": "/api/inventario/existencias/agrupadas"
    }
    [35mres[39m: {
      "statusCode": 200
    }
    [35mresponseTime[39m: 7
✔ S-23A: operational locations allow TODAS selection; grouped inventory still enforces PROPIA (192.657508ms)
[07:48:20.256] [32mINFO[39m (3496): [36mrequest completed[39m
    [35mreq[39m: {
      "id": 200,
      "method": "POST",
      "url": "/api/auth/login"
    }
    [35mres[39m: {
      "statusCode": 200
    }
    [35mresponseTime[39m: 25
[07:48:20.262] [32mINFO[39m (3496): [36mrequest completed[39m
    [35mreq[39m: {
      "id": 201,
      "method": "POST",
      "url": "/api/salidas/mostrador"
    }
    [35mres[39m: {
      "statusCode": 403
    }
    [35mresponseTime[39m: 5
[07:48:20.285] [32mINFO[39m (3496): [36mrequest completed[39m
    [35mreq[39m: {
      "id": 202,
      "method": "POST",
      "url": "/api/auth/login"
    }
    [35mres[39m: {
      "statusCode": 200
    }
    [35mresponseTime[39m: 22
✔ S-24: Non-ADMIN mutation on other-location → 403; ADMIN same → succeeds (108.617331ms)
[07:48:20.319] [32mINFO[39m (3496): [36mrequest completed[39m
    [35mreq[39m: {
      "id": 203,
      "method": "POST",
      "url": "/api/salidas/mostrador"
    }
    [35mres[39m: {
      "statusCode": 201
    }
    [35mresponseTime[39m: 33
[07:48:20.344] [32mINFO[39m (3496): [36mrequest completed[39m
    [35mreq[39m: {
      "id": 204,
      "method": "POST",
      "url": "/api/auth/login"
    }
    [35mres[39m: {
      "statusCode": 200
    }
    [35mresponseTime[39m: 23
[07:48:20.364] [32mINFO[39m (3496): [36mrequest completed[39m
    [35mreq[39m: {
      "id": 205,
      "method": "POST",
      "url": "/api/clientes"
    }
    [35mres[39m: {
      "statusCode": 201
    }
    [35mresponseTime[39m: 17
✔ S-25: GET /clientes/:id — no limiteCredito / saldoCredito in response (56.704044ms)
[07:48:20.376] [32mINFO[39m (3496): [36mrequest completed[39m
    [35mreq[39m: {
      "id": 206,
      "method": "GET",
      "url": "/api/clientes/11"
    }
    [35mres[39m: {
      "statusCode": 200
    }
    [35mresponseTime[39m: 12
[07:48:20.402] [32mINFO[39m (3496): [36mrequest completed[39m
    [35mreq[39m: {
      "id": 207,
      "method": "POST",
      "url": "/api/auth/login"
    }
    [35mres[39m: {
      "statusCode": 200
    }
    [35mresponseTime[39m: 24
[07:48:20.430] [32mINFO[39m (3496): [36mrequest completed[39m
    [35mreq[39m: {
      "id": 208,
      "method": "POST",
      "url": "/api/auth/login"
    }
    [35mres[39m: {
      "statusCode": 200
    }
    [35mresponseTime[39m: 27
[07:48:20.456] [32mINFO[39m (3496): [36mrequest completed[39m
    [35mreq[39m: {
      "id": 209,
      "method": "POST",
      "url": "/api/auth/login"
    }
    [35mres[39m: {
      "statusCode": 200
    }
    [35mresponseTime[39m: 24
[07:48:20.466] [32mINFO[39m (3496): [36mrequest completed[39m
    [35mreq[39m: {
      "id": 210,
      "method": "GET",
      "url": "/api/clientes/11/credito"
    }
    [35mres[39m: {
      "statusCode": 403
    }
    [35mresponseTime[39m: 9
[07:48:20.477] [32mINFO[39m (3496): [36mrequest completed[39m
    [35mreq[39m: {
      "id": 211,
      "method": "GET",
      "url": "/api/clientes/11/precios"
    }
    [35mres[39m: {
      "statusCode": 403
    }
    [35mresponseTime[39m: 10
[07:48:20.486] [32mINFO[39m (3496): [36mrequest completed[39m
    [35mreq[39m: {
      "id": 212,
      "method": "GET",
      "url": "/api/clientes/11/estado-cuenta"
    }
    [35mres[39m: {
      "statusCode": 403
    }
    [35mresponseTime[39m: 9
[07:48:20.512] [32mINFO[39m (3496): [36mrequest completed[39m
    [35mreq[39m: {
      "id": 213,
      "method": "POST",
      "url": "/api/auth/login"
    }
    [35mres[39m: {
      "statusCode": 200
    }
    [35mresponseTime[39m: 25
[07:48:20.524] [32mINFO[39m (3496): [36mrequest completed[39m
    [35mreq[39m: {
      "id": 214,
      "method": "GET",
      "url": "/api/clientes/11/precios"
    }
    [35mres[39m: {
      "statusCode": 200
    }
    [35mresponseTime[39m: 11
[07:48:20.535] [32mINFO[39m (3496): [36mrequest completed[39m
    [35mreq[39m: {
      "id": 215,
      "method": "GET",
      "url": "/api/pos/clientes/11/credito-disponible"
    }
    [35mres[39m: {
      "statusCode": 200
    }
    [35mresponseTime[39m: 10
[07:48:20.582] [32mINFO[39m (3496): [36mrequest completed[39m
    [35mreq[39m: {
      "id": 216,
      "method": "POST",
      "url": "/api/auth/login"
    }
    [35mres[39m: {
      "statusCode": 200
    }
    [35mresponseTime[39m: 23
[07:48:20.592] [32mINFO[39m (3496): [36mrequest completed[39m
    [35mreq[39m: {
      "id": 217,
      "method": "GET",
      "url": "/api/clientes/11/credito"
    }
    [35mres[39m: {
      "statusCode": 403
    }
    [35mresponseTime[39m: 9
[07:48:20.597] [32mINFO[39m (3496): [36mrequest completed[39m
    [35mreq[39m: {
      "id": 218,
      "method": "GET",
      "url": "/api/pos/clientes/11/credito-disponible"
    }
    [35mres[39m: {
      "statusCode": 403
    }
    [35mresponseTime[39m: 5
[07:48:20.609] [32mINFO[39m (3496): [36mrequest completed[39m
    [35mreq[39m: {
      "id": 219,
      "method": "GET",
      "url": "/api/clientes/11"
    }
    [35mres[39m: {
      "statusCode": 403
    }
    [35mresponseTime[39m: 10
[07:48:20.621] [32mINFO[39m (3496): [36mrequest completed[39m
    [35mreq[39m: {
      "id": 220,
      "method": "GET",
      "url": "/api/clientes/11/credito"
    }
    [35mres[39m: {
      "statusCode": 403
    }
    [35mresponseTime[39m: 11
[07:48:20.633] [32mINFO[39m (3496): [36mrequest completed[39m
    [35mreq[39m: {
      "id": 221,
      "method": "GET",
      "url": "/api/clientes/11/precios"
    }
    [35mres[39m: {
      "statusCode": 403
    }
    [35mresponseTime[39m: 12
[07:48:20.645] [32mINFO[39m (3496): [36mrequest completed[39m
    [35mreq[39m: {
      "id": 222,
      "method": "GET",
      "url": "/api/clientes/11/credito"
    }
    [35mres[39m: {
      "statusCode": 200
    }
    [35mresponseTime[39m: 11
[07:48:20.660] [32mINFO[39m (3496): [36mrequest completed[39m
    [35mreq[39m: {
      "id": 223,
      "method": "GET",
      "url": "/api/clientes/11/estado-cuenta"
    }
    [35mres[39m: {
      "statusCode": 200
    }
    [35mresponseTime[39m: 14
[07:48:20.680] [32mINFO[39m (3496): [36mrequest completed[39m
    [35mreq[39m: {
      "id": 224,
      "method": "POST",
      "url": "/api/clientes/11/ajustes"
    }
    [35mres[39m: {
      "statusCode": 201
    }
    [35mresponseTime[39m: 19
[07:48:20.711] [32mINFO[39m (3496): [36mrequest completed[39m
    [35mreq[39m: {
      "id": 225,
      "method": "GET",
      "url": "/api/clientes/analitica.xlsx"
    }
    [35mres[39m: {
      "statusCode": 200
    }
    [35mresponseTime[39m: 18
[07:48:20.745] [32mINFO[39m (3496): [36mrequest completed[39m
    [35mreq[39m: {
      "id": 226,
      "method": "GET",
      "url": "/api/clientes/11/estado-cuenta.xlsx"
    }
    [35mres[39m: {
      "statusCode": 200
    }
    [35mresponseTime[39m: 17
[07:48:20.769] [32mINFO[39m (3496): [36mrequest completed[39m
    [35mreq[39m: {
      "id": 227,
      "method": "GET",
      "url": "/api/clientes/cartera.xlsx"
    }
    [35mres[39m: {
      "statusCode": 200
    }
    [35mresponseTime[39m: 18
[07:48:20.789] [32mINFO[39m (3496): [36mrequest completed[39m
    [35mreq[39m: {
      "id": 228,
      "method": "GET",
      "url": "/api/clientes/cartera.xlsx"
    }
    [35mres[39m: {
      "statusCode": 200
    }
    [35mresponseTime[39m: 19
[07:48:20.831] [32mINFO[39m (3496): [36mrequest completed[39m
    [35mreq[39m: {
      "id": 229,
      "method": "GET",
      "url": "/api/salidas/exportar"
    }
    [35mres[39m: {
      "statusCode": 200
    }
    [35mresponseTime[39m: 37
[07:48:20.852] [32mINFO[39m (3496): [36mrequest completed[39m
    [35mreq[39m: {
      "id": 230,
      "method": "POST",
      "url": "/api/proveedores/2/ajustes"
    }
    [35mres[39m: {
      "statusCode": 201
    }
    [35mresponseTime[39m: 12
[07:48:20.863] [32mINFO[39m (3496): [36mrequest completed[39m
    [35mreq[39m: {
      "id": 231,
      "method": "GET",
      "url": "/api/proveedores/2/exportar"
    }
    [35mres[39m: {
      "statusCode": 200
    }
    [35mresponseTime[39m: 11
✔ S-26: clientes_credito / clientes_precios / clientes_finanzas independently gated (507.421607ms)
[07:48:20.883] [32mINFO[39m (3496): [36mrequest completed[39m
    [35mreq[39m: {
      "id": 232,
      "method": "GET",
      "url": "/api/clientes/cartera.pdf"
    }
    [35mres[39m: {
      "statusCode": 200
    }
    [35mresponseTime[39m: 15
[07:48:20.909] [32mINFO[39m (3496): [36mrequest completed[39m
    [35mreq[39m: {
      "id": 233,
      "method": "POST",
      "url": "/api/auth/login"
    }
    [35mres[39m: {
      "statusCode": 200
    }
    [35mresponseTime[39m: 24
[07:48:20.955] [32mINFO[39m (3496): [36mrequest completed[39m
    [35mreq[39m: {
      "id": 234,
      "method": "POST",
      "url": "/api/salidas/mostrador"
    }
    [35mres[39m: {
      "statusCode": 201
    }
    [35mresponseTime[39m: 28
[07:48:20.965] [32mINFO[39m (3496): [36mrequest completed[39m
    [35mreq[39m: {
      "id": 235,
      "method": "POST",
      "url": "/api/inventario/rollos/12/revertir"
    }
    [35mres[39m: {
      "statusCode": 400
    }
    [35mresponseTime[39m: 9
[07:48:20.975] [32mINFO[39m (3496): [36mrequest completed[39m
    [35mreq[39m: {
      "id": 236,
      "method": "GET",
      "url": "/api/inventario/rollos/12"
    }
    [35mres[39m: {
      "statusCode": 200
    }
    [35mresponseTime[39m: 9
[07:48:20.997] [32mINFO[39m (3496): [36mrequest completed[39m
    [35mreq[39m: {
      "id": 237,
      "method": "GET",
      "url": "/api/inventario/rollos/13"
    }
    [35mres[39m: {
      "statusCode": 200
    }
    [35mresponseTime[39m: 6
[07:48:21.016] [32mINFO[39m (3496): [36mrequest completed[39m
    [35mreq[39m: {
      "id": 238,
      "method": "POST",
      "url": "/api/inventario/rollos/13/vender"
    }
    [35mres[39m: {
      "statusCode": 200
    }
    [35mresponseTime[39m: 18
[07:48:21.032] [32mINFO[39m (3496): [36mrequest completed[39m
    [35mreq[39m: {
      "id": 239,
      "method": "POST",
      "url": "/api/inventario/rollos/13/revertir"
    }
    [35mres[39m: {
      "statusCode": 200
    }
    [35mresponseTime[39m: 13
[07:48:21.053] [32mINFO[39m (3496): [36mrequest completed[39m
    [35mreq[39m: {
      "id": 240,
      "method": "GET",
      "url": "/api/inventario/rollos/14"
    }
    [35mres[39m: {
      "statusCode": 200
    }
    [35mresponseTime[39m: 6
[07:48:21.070] [32mINFO[39m (3496): [36mrequest completed[39m
    [35mreq[39m: {
      "id": 241,
      "method": "POST",
      "url": "/api/inventario/rollos/14/ajustar"
    }
    [35mres[39m: {
      "statusCode": 200
    }
    [35mresponseTime[39m: 16
[07:48:21.090] [32mINFO[39m (3496): [36mrequest completed[39m
    [35mreq[39m: {
      "id": 242,
      "method": "POST",
      "url": "/api/inventario/rollos/14/revertir"
    }
    [35mres[39m: {
      "statusCode": 200
    }
    [35mresponseTime[39m: 19
[07:48:21.102] [32mINFO[39m (3496): [36mrequest completed[39m
    [35mreq[39m: {
      "id": 243,
      "method": "GET",
      "url": "/api/inventario/kardex"
    }
    [35mres[39m: {
      "statusCode": 200
    }
    [35mresponseTime[39m: 11
✔ S-27: SALIDA_MOSTRADOR reversal fails (MOSTRADOR stays); VENTA+BAJA revert + cache reconcile (219.436545ms)
[07:48:21.134] [32mINFO[39m (3496): [36mrequest completed[39m
    [35mreq[39m: {
      "id": 244,
      "method": "POST",
      "url": "/api/auth/login"
    }
    [35mres[39m: {
      "statusCode": 200
    }
    [35mresponseTime[39m: 25
[07:48:21.144] [32mINFO[39m (3496): [36mrequest completed[39m
    [35mreq[39m: {
      "id": 245,
      "method": "POST",
      "url": "/api/users"
    }
    [35mres[39m: {
      "statusCode": 403
    }
    [35mresponseTime[39m: 9
[07:48:21.156] [32mINFO[39m (3496): [36mrequest completed[39m
    [35mreq[39m: {
      "id": 246,
      "method": "PATCH",
      "url": "/api/users/6"
    }
    [35mres[39m: {
      "statusCode": 403
    }
    [35mresponseTime[39m: 11
[07:48:21.168] [32mINFO[39m (3496): [36mrequest completed[39m
    [35mreq[39m: {
      "id": 247,
      "method": "PATCH",
      "url": "/api/users/8"
    }
    [35mres[39m: {
      "statusCode": 403
    }
    [35mresponseTime[39m: 11
✔ S-28: Non-ADMIN with usuarios permissions cannot escalate to ADMIN (79.47827ms)
[07:48:21.179] [32mINFO[39m (3496): [36mrequest completed[39m
    [35mreq[39m: {
      "id": 248,
      "method": "PATCH",
      "url": "/api/users/2"
    }
    [35mres[39m: {
      "statusCode": 403
    }
    [35mresponseTime[39m: 10
[07:48:21.230] [32mINFO[39m (3496): [36mrequest completed[39m
    [35mreq[39m: {
      "id": 249,
      "method": "POST",
      "url": "/api/auth/login"
    }
    [35mres[39m: {
      "statusCode": 200
    }
    [35mresponseTime[39m: 23
[07:48:21.239] [32mINFO[39m (3496): [36mrequest completed[39m
    [35mreq[39m: {
      "id": 250,
      "method": "PATCH",
      "url": "/api/users/14"
    }
    [35mres[39m: {
      "statusCode": 200
    }
    [35mresponseTime[39m: 8
[07:48:21.251] [32mINFO[39m (3496): [36mrequest completed[39m
    [35mreq[39m: {
      "id": 251,
      "method": "GET",
      "url": "/api/permisos/usuarios/14"
    }
    [35mres[39m: {
      "statusCode": 403
    }
    [35mresponseTime[39m: 5
[07:48:21.261] [32mINFO[39m (3496): [36mrequest completed[39m
    [35mreq[39m: {
      "id": 252,
      "method": "PUT",
      "url": "/api/permisos/usuarios/14/dashboard"
    }
    [35mres[39m: {
      "statusCode": 403
    }
    [35mresponseTime[39m: 9
[07:48:21.269] [32mINFO[39m (3496): [36mrequest completed[39m
    [35mreq[39m: {
      "id": 253,
      "method": "DELETE",
      "url": "/api/permisos/usuarios/14/dashboard"
    }
    [35mres[39m: {
      "statusCode": 403
    }
    [35mresponseTime[39m: 7
✔ S-29: promotion to ADMIN removes overrides and ADMIN override routes → 403 (86.14708ms)
[07:48:21.325] [32mINFO[39m (3496): [36mrequest completed[39m
    [35mreq[39m: {
      "id": 254,
      "method": "POST",
      "url": "/api/auth/login"
    }
    [35mres[39m: {
      "statusCode": 200
    }
    [35mresponseTime[39m: 25
[07:48:21.332] [32mINFO[39m (3496): [36mrequest completed[39m
    [35mreq[39m: {
      "id": 255,
      "method": "POST",
      "url": "/api/sesiones-caja/abrir"
    }
    [35mres[39m: {
      "statusCode": 403
    }
    [35mresponseTime[39m: 6
[07:48:21.386] [32mINFO[39m (3496): [36mrequest completed[39m
    [35mreq[39m: {
      "id": 256,
      "method": "POST",
      "url": "/api/auth/login"
    }
    [35mres[39m: {
      "statusCode": 200
    }
    [35mresponseTime[39m: 29
[07:48:21.410] [32mINFO[39m (3496): [36mrequest completed[39m
    [35mreq[39m: {
      "id": 257,
      "method": "POST",
      "url": "/api/auth/login"
    }
    [35mres[39m: {
      "statusCode": 200
    }
    [35mresponseTime[39m: 23
[07:48:21.428] [32mINFO[39m (3496): [36mrequest completed[39m
    [35mreq[39m: {
      "id": 258,
      "method": "POST",
      "url": "/api/sesiones-caja/abrir"
    }
    [35mres[39m: {
      "statusCode": 201
    }
    [35mresponseTime[39m: 17
[07:48:21.448] [32mINFO[39m (3496): [36mrequest completed[39m
    [35mreq[39m: {
      "id": 259,
      "method": "GET",
      "url": "/api/sesiones-caja/1/corte"
    }
    [35mres[39m: {
      "statusCode": 200
    }
    [35mresponseTime[39m: 20
[07:48:21.469] [32mINFO[39m (3496): [36mrequest completed[39m
    [35mreq[39m: {
      "id": 260,
      "method": "POST",
      "url": "/api/sesiones-caja/1/cerrar"
    }
    [35mres[39m: {
      "statusCode": 200
    }
    [35mresponseTime[39m: 20
[07:48:21.483] [32mINFO[39m (3496): [36mrequest completed[39m
    [35mreq[39m: {
      "id": 261,
      "method": "GET",
      "url": "/api/sesiones-caja/1/corte"
    }
    [35mres[39m: {
      "statusCode": 200
    }
    [35mresponseTime[39m: 13
[07:48:21.494] [32mINFO[39m (3496): [36mrequest completed[39m
    [35mreq[39m: {
      "id": 262,
      "method": "POST",
      "url": "/api/sesiones-caja/abrir"
    }
    [35mres[39m: {
      "statusCode": 201
    }
    [35mresponseTime[39m: 10
[07:48:21.500] [32mINFO[39m (3496): [36mrequest completed[39m
    [35mreq[39m: {
      "id": 263,
      "method": "GET",
      "url": "/api/sesiones-caja"
    }
    [35mres[39m: {
      "statusCode": 403
    }
    [35mresponseTime[39m: 5
[07:48:21.510] [32mINFO[39m (3496): [36mrequest completed[39m
    [35mreq[39m: {
      "id": 264,
      "method": "GET",
      "url": "/api/sesiones-caja"
    }
    [35mres[39m: {
      "statusCode": 200
    }
    [35mresponseTime[39m: 9
[07:48:21.522] [32mINFO[39m (3496): [36mrequest completed[39m
    [35mreq[39m: {
      "id": 265,
      "method": "GET",
      "url": "/api/sesiones-caja/1/corte"
    }
    [35mres[39m: {
      "statusCode": 200
    }
    [35mresponseTime[39m: 11
✔ S-30: explicit CAJA CORTES override authorizes cash management while location rules remain enforced (266.326829ms)
[07:48:21.535] [32mINFO[39m (3496): [36mrequest completed[39m
    [35mreq[39m: {
      "id": 266,
      "method": "GET",
      "url": "/api/sesiones-caja/2/corte"
    }
    [35mres[39m: {
      "statusCode": 200
    }
    [35mresponseTime[39m: 12
[07:48:21.588] [32mINFO[39m (3496): [36mrequest completed[39m
    [35mreq[39m: {
      "id": 267,
      "method": "POST",
      "url": "/api/auth/login"
    }
    [35mres[39m: {
      "statusCode": 200
    }
    [35mresponseTime[39m: 25
[07:48:21.595] [32mINFO[39m (3496): [36mrequest completed[39m
    [35mreq[39m: {
      "id": 268,
      "method": "POST",
      "url": "/api/auth/login"
    }
    [35mres[39m: {
      "statusCode": 200
    }
    [35mresponseTime[39m: 31
[07:48:21.598] [32mINFO[39m (3496): [36mrequest completed[39m
    [35mreq[39m: {
      "id": 269,
      "method": "POST",
      "url": "/api/auth/login"
    }
    [35mres[39m: {
      "statusCode": 200
    }
    [35mresponseTime[39m: 33
[07:48:21.605] [32mINFO[39m (3496): [36mrequest completed[39m
    [35mreq[39m: {
      "id": 270,
      "method": "POST",
      "url": "/api/inventario/salidas-extraordinarias"
    }
    [35mres[39m: {
      "statusCode": 403
    }
    [35mresponseTime[39m: 6
[07:48:21.615] [32mINFO[39m (3496): [36mrequest completed[39m
    [35mreq[39m: {
      "id": 271,
      "method": "GET",
      "url": "/api/inventario/salidas-extraordinarias"
    }
    [35mres[39m: {
      "statusCode": 403
    }
    [35mresponseTime[39m: 9
[07:48:21.621] [32mINFO[39m (3496): [36mrequest completed[39m
    [35mreq[39m: {
      "id": 272,
      "method": "POST",
      "url": "/api/inventario/salidas-extraordinarias"
    }
    [35mres[39m: {
      "statusCode": 403
    }
    [35mresponseTime[39m: 6
[07:48:21.628] [32mINFO[39m (3496): [36mrequest completed[39m
    [35mreq[39m: {
      "id": 273,
      "method": "GET",
      "url": "/api/inventario/salidas-extraordinarias"
    }
    [35mres[39m: {
      "statusCode": 403
    }
    [35mresponseTime[39m: 6
[07:48:21.651] [32mINFO[39m (3496): [36mrequest completed[39m
    [35mreq[39m: {
      "id": 274,
      "method": "POST",
      "url": "/api/inventario/salidas-extraordinarias"
    }
    [35mres[39m: {
      "statusCode": 201
    }
    [35mresponseTime[39m: 22
[07:48:21.660] [32mINFO[39m (3496): [36mrequest completed[39m
    [35mreq[39m: {
      "id": 275,
      "method": "GET",
      "url": "/api/inventario/salidas-extraordinarias"
    }
    [35mres[39m: {
      "statusCode": 200
    }
    [35mresponseTime[39m: 7
[07:48:21.668] [32mINFO[39m (3496): [36mrequest completed[39m
    [35mreq[39m: {
      "id": 276,
      "method": "POST",
      "url": "/api/inventario/salidas-extraordinarias/28/revertir"
    }
    [35mres[39m: {
      "statusCode": 400
    }
    [35mresponseTime[39m: 7
[07:48:21.674] [32mINFO[39m (3496): [36mrequest completed[39m
    [35mreq[39m: {
      "id": 277,
      "method": "POST",
      "url": "/api/inventario/rollos/15/revertir"
    }
    [35mres[39m: {
      "statusCode": 400
    }
    [35mresponseTime[39m: 6
[07:48:21.679] [32mINFO[39m (3496): [36mrequest completed[39m
    [35mreq[39m: {
      "id": 278,
      "method": "POST",
      "url": "/api/inventario/salidas-extraordinarias/28/revertir"
    }
    [35mres[39m: {
      "statusCode": 403
    }
    [35mresponseTime[39m: 4
[07:48:21.685] [32mINFO[39m (3496): [36mrequest completed[39m
    [35mreq[39m: {
      "id": 279,
      "method": "POST",
      "url": "/api/inventario/salidas-extraordinarias/28/revertir"
    }
    [35mres[39m: {
      "statusCode": 403
    }
    [35mresponseTime[39m: 5
[07:48:21.702] [32mINFO[39m (3496): [36mrequest completed[39m
    [35mreq[39m: {
      "id": 280,
      "method": "POST",
      "url": "/api/inventario/salidas-extraordinarias/28/revertir"
    }
    [35mres[39m: {
      "statusCode": 200
    }
    [35mresponseTime[39m: 17
✔ S-30A: extraordinary exits require direct ADMIN despite full salidas overrides (179.858509ms)
[07:48:21.714] [32mINFO[39m (3496): [36mrequest completed[39m
    [35mreq[39m: {
      "id": 281,
      "method": "POST",
      "url": "/api/inventario/salidas-extraordinarias/28/revertir"
    }
    [35mres[39m: {
      "statusCode": 200
    }
    [35mresponseTime[39m: 11
ℹ tests 49
ℹ suites 0
ℹ pass 49
ℹ fail 0
ℹ cancelled 0
ℹ skipped 0
ℹ todo 0
ℹ duration_ms 8238.503683
