✔ compras y reportes respetan PROPIA y las compras usan fecha de recepción (3467.774068ms)
[05:59:31.661] [32mINFO[39m (6537): [36mrequest completed[39m
    [35mreq[39m: {
      "id": 1,
      "method": "GET",
      "url": "/api/proveedores/1/compras"
    }
    [35mres[39m: {
      "statusCode": 200
    }
    [35mresponseTime[39m: 31
[05:59:31.684] [32mINFO[39m (6537): [36mrequest completed[39m
    [35mreq[39m: {
      "id": 2,
      "method": "GET",
      "url": "/api/proveedores/1/compras/1"
    }
    [35mres[39m: {
      "statusCode": 200
    }
    [35mresponseTime[39m: 14
[05:59:31.711] [32mINFO[39m (6537): [36mrequest completed[39m
    [35mreq[39m: {
      "id": 3,
      "method": "GET",
      "url": "/api/proveedores/1/compras/2"
    }
    [35mres[39m: {
      "statusCode": 404
    }
    [35mresponseTime[39m: 25
[05:59:31.750] [32mINFO[39m (6537): [36mrequest completed[39m
    [35mreq[39m: {
      "id": 4,
      "method": "GET",
      "url": "/api/reportes/catalogos"
    }
    [35mres[39m: {
      "statusCode": 200
    }
    [35mresponseTime[39m: 37
ℹ tests 1
ℹ suites 0
ℹ pass 1
ℹ fail 0
ℹ cancelled 0
ℹ skipped 0
ℹ todo 0
ℹ duration_ms 3810.32109
