[06:18:04.736] [32mINFO[39m (12470): [36mrequest completed[39m
    [35mreq[39m: {
      "id": 1,
      "method": "POST",
      "url": "/api/locations/10/pisos"
    }
    [35mres[39m: {
      "statusCode": 403
    }
    [35mresponseTime[39m: 35
[06:18:04.761] [32mINFO[39m (12470): [36mrequest completed[39m
    [35mreq[39m: {
      "id": 2,
      "method": "POST",
      "url": "/api/locations/10/pisos"
    }
    [35mres[39m: {
      "statusCode": 201
    }
    [35mresponseTime[39m: 17
[06:18:04.773] [32mINFO[39m (12470): [36mrequest completed[39m
    [35mreq[39m: {
      "id": 3,
      "method": "POST",
      "url": "/api/locations/10/pisos"
    }
    [35mres[39m: {
      "statusCode": 201
    }
    [35mresponseTime[39m: 10
[06:18:04.784] [32mINFO[39m (12470): [36mrequest completed[39m
    [35mreq[39m: {
      "id": 4,
      "method": "POST",
      "url": "/api/locations/10/pisos"
    }
    [35mres[39m: {
      "statusCode": 201
    }
    [35mresponseTime[39m: 9
[06:18:04.796] [32mINFO[39m (12470): [36mrequest completed[39m
    [35mreq[39m: {
      "id": 5,
      "method": "POST",
      "url": "/api/locations/11/pisos"
    }
    [35mres[39m: {
      "statusCode": 201
    }
    [35mresponseTime[39m: 10
[06:18:04.804] [32mINFO[39m (12470): [36mrequest completed[39m
    [35mreq[39m: {
      "id": 6,
      "method": "PATCH",
      "url": "/api/locations/10/pisos/1"
    }
    [35mres[39m: {
      "statusCode": 403
    }
    [35mresponseTime[39m: 6
[06:18:04.815] [32mINFO[39m (12470): [36mrequest completed[39m
    [35mreq[39m: {
      "id": 7,
      "method": "PATCH",
      "url": "/api/locations/10/pisos/2"
    }
    [35mres[39m: {
      "statusCode": 200
    }
    [35mresponseTime[39m: 9
[06:18:04.834] [32mINFO[39m (12470): [36mrequest completed[39m
    [35mreq[39m: {
      "id": 8,
      "method": "PATCH",
      "url": "/api/locations/10/pisos/3"
    }
    [35mres[39m: {
      "statusCode": 200
    }
    [35mresponseTime[39m: 17
[06:18:04.843] [32mINFO[39m (12470): [36mrequest completed[39m
    [35mreq[39m: {
      "id": 9,
      "method": "GET",
      "url": "/api/locations/10/pisos"
    }
    [35mres[39m: {
      "statusCode": 200
    }
    [35mresponseTime[39m: 7
[06:18:04.853] [32mINFO[39m (12470): [36mrequest completed[39m
    [35mreq[39m: {
      "id": 10,
      "method": "GET",
      "url": "/api/locations/10/pisos"
    }
    [35mres[39m: {
      "statusCode": 200
    }
    [35mresponseTime[39m: 8
▶ Task 58: pisos funcionan de extremo a extremo sin contaminar el kardex
  ✔ CRUD/listado usa sesión real, ADMIN administra y no ADMIN es rechazado (174.794267ms)
[06:18:04.871] [32mINFO[39m (12470): [36mrequest completed[39m
    [35mreq[39m: {
      "id": 11,
      "method": "POST",
      "url": "/api/inventario/entradas"
    }
    [35mres[39m: {
      "statusCode": 400
    }
    [35mresponseTime[39m: 13
[06:18:04.881] [32mINFO[39m (12470): [36mrequest completed[39m
    [35mreq[39m: {
      "id": 12,
      "method": "POST",
      "url": "/api/inventario/entradas"
    }
    [35mres[39m: {
      "statusCode": 400
    }
    [35mresponseTime[39m: 8
[06:18:04.890] [32mINFO[39m (12470): [36mrequest completed[39m
    [35mreq[39m: {
      "id": 13,
      "method": "POST",
      "url": "/api/inventario/entradas"
    }
    [35mres[39m: {
      "statusCode": 400
    }
    [35mresponseTime[39m: 7
[06:18:04.920] [32mINFO[39m (12470): [36mrequest completed[39m
    [35mreq[39m: {
      "id": 14,
      "method": "POST",
      "url": "/api/inventario/entradas"
    }
    [35mres[39m: {
      "statusCode": 201
    }
    [35mresponseTime[39m: 29
  ✔ entrada exige piso sólo si el sitio lo tiene y valida pertenencia/actividad (93.219254ms)
[06:18:04.949] [32mINFO[39m (12470): [36mrequest completed[39m
    [35mreq[39m: {
      "id": 15,
      "method": "POST",
      "url": "/api/inventario/entradas"
    }
    [35mres[39m: {
      "statusCode": 201
    }
    [35mresponseTime[39m: 27
[06:18:04.965] [32mINFO[39m (12470): [36mrequest completed[39m
    [35mreq[39m: {
      "id": 16,
      "method": "PATCH",
      "url": "/api/inventario/rollos/2/piso"
    }
    [35mres[39m: {
      "statusCode": 200
    }
    [35mresponseTime[39m: 14
[06:18:04.973] [32mINFO[39m (12470): [36mrequest completed[39m
    [35mreq[39m: {
      "id": 17,
      "method": "GET",
      "url": "/api/inventario/rollos"
    }
    [35mres[39m: {
      "statusCode": 200
    }
    [35mresponseTime[39m: 6
  ✔ cambio y filtro por piso son físicos: Bitácora sí, movimientos/existencias no (24.416842ms)
[06:18:05.022] [32mINFO[39m (12470): [36mrequest completed[39m
    [35mreq[39m: {
      "id": 18,
      "method": "POST",
      "url": "/api/salidas/1/recibir"
    }
    [35mres[39m: {
      "statusCode": 403
    }
    [35mresponseTime[39m: 6
  ✔ tránsito limpia piso y recepción exige/asigna el piso destino (82.896216ms)
  ✔ auditoría reporta MAL_ACOMODADO, confirma sólo piso y deja carreras manuales (158.026004ms)
✔ Task 58: pisos funcionan de extremo a extremo sin contaminar el kardex (2960.405192ms)
ℹ tests 6
ℹ suites 0
ℹ pass 6
ℹ fail 0
ℹ cancelled 0
ℹ skipped 0
ℹ todo 0
ℹ duration_ms 3175.810025
