TAP version 13
# Subtest: E7-OFF
not ok 1 - E7-OFF
  ---
  duration_ms: 339.911784
  type: 'test'
  location: '/tmp/e7-native-166jiC/E7-OFF-red/artifacts/mariana-textil/case.test.cjs:71548:27'
  failureType: 'testCodeFailure'
  error: |-
    E7-OFF
    
    false !== true
    
  code: 'ERR_ASSERTION'
  name: 'AssertionError'
  expected: true
  actual: false
  operator: 'strictEqual'
  stack: |-
    check (/tmp/e7-native-166jiC/E7-OFF-red/artifacts/mariana-textil/case.test.cjs:71501:46)
    TestContext.<anonymous> (/tmp/e7-native-166jiC/E7-OFF-red/artifacts/mariana-textil/case.test.cjs:71552:3)
    runNextTicks (node:internal/process/task_queues:64:5)
    listOnTimeout (node:internal/timers:567:9)
    process.processTimers (node:internal/timers:541:7)
    async Test.run (node:internal/test_runner/test:1113:7)
    async startSubtestAfterBootstrap (node:internal/test_runner/harness:358:3)
  ...
1..1
# tests 1
# suites 0
# pass 0
# fail 1
# cancelled 0
# skipped 0
# todo 0
# duration_ms 2759.601511
