TAP version 13
# Subtest: E5-APPLICATION-NO-SECOND-MONEY
not ok 1 - E5-APPLICATION-NO-SECOND-MONEY
  ---
  duration_ms: 15.634086
  type: 'test'
  location: '/tmp/e5-native-WcE05a/E5-APPLICATION-NO-SECOND-MONEY/test.mjs:22422:1'
  failureType: 'testCodeFailure'
  error: |-
    Expected values to be strictly equal:
    
    true !== false
    
  code: 'ERR_ASSERTION'
  name: 'AssertionError'
  expected: false
  actual: true
  operator: 'strictEqual'
  stack: |-
    TestContext.<anonymous> (file:///tmp/e5-native-WcE05a/E5-APPLICATION-NO-SECOND-MONEY/test.mjs:22426:11)
    async Test.run (node:internal/test_runner/test:1113:7)
    async startSubtestAfterBootstrap (node:internal/test_runner/harness:358:3)
  ...
1..1
# tests 1
# suites 0
# pass 0
# fail 1
# cancelled 0
# skipped 0
# todo 0
# duration_ms 101.399328

