TAP version 13
# Subtest: E5-APPEND-AUDIT-PRIVATE
not ok 1 - E5-APPEND-AUDIT-PRIVATE
  ---
  duration_ms: 13.934411
  type: 'test'
  location: '/tmp/e5-native-WcE05a/E5-APPEND-AUDIT-PRIVATE/test.mjs:22447:1'
  failureType: 'testCodeFailure'
  error: |-
    The input did not match the regular expression /'FONDO'/. Input:
    
    'INSERT INTO auditoria(usuario_id,modulo,accion,entidad,entidad_id,datos_despues,ip)\n' +
      "        VALUES ($1,'CAJA',$2,'e5_cobros',$3,$4::jsonb,$5)"
    
  code: 'ERR_ASSERTION'
  name: 'AssertionError'
  expected:
  actual: |-
    INSERT INTO auditoria(usuario_id,modulo,accion,entidad,entidad_id,datos_despues,ip)
            VALUES ($1,'CAJA',$2,'e5_cobros',$3,$4::jsonb,$5)
  operator: 'match'
  stack: |-
    TestContext.<anonymous> (file:///tmp/e5-native-WcE05a/E5-APPEND-AUDIT-PRIVATE/test.mjs:22452:11)
    async Test.run (node:internal/test_runner/test:1113:7)
    async startSubtestAfterBootstrap (node:internal/test_runner/harness:358:3)
  ...
1..1
# tests 1
# suites 0
# pass 0
# fail 1
# cancelled 0
# skipped 0
# todo 0
# duration_ms 95.739302

