TAP version 13
# Subtest: E5-DOCUMENT-ADMIN-ONLY
not ok 1 - E5-DOCUMENT-ADMIN-ONLY
  ---
  duration_ms: 2.64216
  type: 'test'
  location: '/tmp/e5-native-WcE05a/E5-DOCUMENT-ADMIN-ONLY/test.mjs:22434:1'
  failureType: 'testCodeFailure'
  error: |-
    The validation function is expected to return "true". Received false
    
    Caught error:
    
    Error: Cobro no encontrado.
  code: 'ERR_ASSERTION'
  name: 'AssertionError'
  expected: [Function (anonymous)]
  actual:
    status: 404
  error: 'Cobro no encontrado.'
  code: 'E5_NOT_FOUND'
  stack: |-
    readE5Cobro (file:///tmp/e5-native-WcE05a/E5-DOCUMENT-ADMIN-ONLY/test.mjs:9449:30)
    async readE5Document (file:///tmp/e5-native-WcE05a/E5-DOCUMENT-ADMIN-ONLY/test.mjs:9471:3)
    async waitForActual (node:assert:646:5)
    async strict.rejects (node:assert:769:25)
    async TestContext.<anonymous> (file:///tmp/e5-native-WcE05a/E5-DOCUMENT-ADMIN-ONLY/test.mjs:22436:3)
    async Test.run (node:internal/test_runner/test:1113:7)
    async startSubtestAfterBootstrap (node:internal/test_runner/harness:358:3)
  operator: 'rejects'
  stack: |-
    async TestContext.<anonymous> (file:///tmp/e5-native-WcE05a/E5-DOCUMENT-ADMIN-ONLY/test.mjs:22436:3)
    async Test.run (node:internal/test_runner/test:1113:7)
    async startSubtestAfterBootstrap (node:internal/test_runner/harness:358:3)
  ...
1..1
# tests 1
# suites 0
# pass 0
# fail 1
# cancelled 0
# skipped 0
# todo 0
# duration_ms 87.829202

