TAP version 13
# Subtest: E5-E1-CORRECT-PRODUCER
not ok 1 - E5-E1-CORRECT-PRODUCER
  ---
  duration_ms: 17.640291
  type: 'test'
  location: '/tmp/e5-native-WcE05a/E5-E1-CORRECT-PRODUCER/test.mjs:22407:1'
  failureType: 'testCodeFailure'
  error: |-
    The input did not match the regular expression /COBRO_PENDIENTE/. Input:
    
    'INSERT INTO operaciones_credito_e1(productor,clave,naturaleza,usuario_id,solicitud_canonica)\n' +
      "        VALUES ('ABONO',$1::uuid,'INGRESO_FISICO',$2,\n" +
      '        $3::jsonb)'
    
  code: 'ERR_ASSERTION'
  name: 'AssertionError'
  expected:
  actual: |-
    INSERT INTO operaciones_credito_e1(productor,clave,naturaleza,usuario_id,solicitud_canonica)
            VALUES ('ABONO',$1::uuid,'INGRESO_FISICO',$2,
            $3::jsonb)
  operator: 'match'
  stack: |-
    TestContext.<anonymous> (file:///tmp/e5-native-WcE05a/E5-E1-CORRECT-PRODUCER/test.mjs:22419:11)
    async Test.run (node:internal/test_runner/test:1113:7)
    async startSubtestAfterBootstrap (node:internal/test_runner/harness:358:3)
  ...
1..1
# tests 1
# suites 0
# pass 0
# fail 1
# cancelled 0
# skipped 0
# todo 0
# duration_ms 109.989161

