TAP version 13
# Subtest: E5-LOAD-FOR-UPDATE
not ok 1 - E5-LOAD-FOR-UPDATE
  ---
  duration_ms: 3.30646
  type: 'test'
  location: '/tmp/e5-native-WcE05a/E5-LOAD-FOR-UPDATE/test.mjs:22396:1'
  failureType: 'testCodeFailure'
  error: |-
    The input did not match the regular expression /FROM e5_cobros[\s\S]*FOR UPDATE/. Input:
    
    'SELECT detail FROM e5_cobros WHERE id=$1::uuid\n' +
      '        AND ($2 OR ubicacion_id=$3)'
    
  code: 'ERR_ASSERTION'
  name: 'AssertionError'
  expected:
  actual: |-
    SELECT detail FROM e5_cobros WHERE id=$1::uuid
            AND ($2 OR ubicacion_id=$3)
  operator: 'match'
  stack: |-
    TestContext.<anonymous> (file:///tmp/e5-native-WcE05a/E5-LOAD-FOR-UPDATE/test.mjs:22400:11)
    async Test.run (node:internal/test_runner/test:1113:7)
    async startSubtestAfterBootstrap (node:internal/test_runner/harness:358:3)
  ...
1..1
# tests 1
# suites 0
# pass 0
# fail 1
# cancelled 0
# skipped 0
# todo 0
# duration_ms 92.316335

