✔ mounted ordinary producer: UNUSED/PARTIAL/FULL and FIFO persistence ordering (310.728791ms)
✔ mounted directed approval finalizes FULL only after its application (26.120042ms)
✔ actual core rejects directed result/amount mismatches before persistence (0.728317ms)
✔ positive proof is mandatory in the real refund service (68.450637ms)
✖ real refund service accepts both origins and rejects absent/used ABONO finalization (72.095604ms)
✔ R4 application-order guard exists in prepared SQL (LEXICAL ONLY, not SQL semantics) (4.85771ms)
▶ A+C mock preflight independently rejects each catalog drift
  ✔ finalizaciones_abono_e2.abono_id: missing (0.51003ms)
  ✔ finalizaciones_abono_e2.abono_id: data_type (4.75174ms)
  ✔ finalizaciones_abono_e2.abono_id: is_nullable (0.590493ms)
  ✔ finalizaciones_abono_e2.abono_id: column_default (0.344671ms)
  ✔ finalizaciones_abono_e2.operacion_productor: missing (0.358706ms)
  ✔ finalizaciones_abono_e2.operacion_productor: data_type (0.316632ms)
  ✔ finalizaciones_abono_e2.operacion_productor: is_nullable (0.276802ms)
  ✔ finalizaciones_abono_e2.operacion_productor: column_default (0.228096ms)
  ✔ finalizaciones_abono_e2.operacion_clave: missing (0.17728ms)
  ✔ finalizaciones_abono_e2.operacion_clave: data_type (0.258021ms)
  ✔ finalizaciones_abono_e2.operacion_clave: is_nullable (0.288557ms)
  ✔ finalizaciones_abono_e2.operacion_clave: column_default (0.192023ms)
  ✔ finalizaciones_abono_e2.cliente_id: missing (0.236673ms)
  ✔ finalizaciones_abono_e2.cliente_id: data_type (0.175263ms)
  ✔ finalizaciones_abono_e2.cliente_id: is_nullable (0.279775ms)
  ✔ finalizaciones_abono_e2.cliente_id: column_default (0.169885ms)
  ✔ finalizaciones_abono_e2.importe: missing (0.157427ms)
  ✔ finalizaciones_abono_e2.importe: data_type (0.152299ms)
  ✔ finalizaciones_abono_e2.importe: is_nullable (0.261181ms)
  ✔ finalizaciones_abono_e2.importe: column_default (0.249294ms)
  ✔ finalizaciones_abono_e2.importe: numeric_precision (0.207603ms)
  ✔ finalizaciones_abono_e2.importe: numeric_scale (0.251015ms)
  ✔ finalizaciones_abono_e2.resultado: missing (0.260256ms)
  ✔ finalizaciones_abono_e2.resultado: data_type (0.158706ms)
  ✔ finalizaciones_abono_e2.resultado: is_nullable (0.273584ms)
  ✔ finalizaciones_abono_e2.resultado: column_default (0.2817ms)
  ✔ finalizaciones_abono_e2.aplicado: missing (0.26268ms)
  ✔ finalizaciones_abono_e2.aplicado: data_type (0.164684ms)
  ✔ finalizaciones_abono_e2.aplicado: is_nullable (0.228757ms)
  ✔ finalizaciones_abono_e2.aplicado: column_default (0.300724ms)
  ✔ finalizaciones_abono_e2.aplicado: numeric_precision (0.218084ms)
  ✔ finalizaciones_abono_e2.aplicado: numeric_scale (0.175848ms)
  ✔ finalizaciones_abono_e2.evaluacion: missing (0.14655ms)
  ✔ finalizaciones_abono_e2.evaluacion: data_type (0.181928ms)
  ✔ finalizaciones_abono_e2.evaluacion: is_nullable (0.256586ms)
  ✔ finalizaciones_abono_e2.evaluacion: column_default (0.143841ms)
  ✔ finalizaciones_abono_e2.contrato_revision: missing (0.138914ms)
  ✔ finalizaciones_abono_e2.contrato_revision: data_type (0.26726ms)
  ✔ finalizaciones_abono_e2.contrato_revision: is_nullable (0.229247ms)
  ✔ finalizaciones_abono_e2.contrato_revision: column_default (0.167433ms)
  ✔ finalizaciones_abono_e2.created_at: missing (0.148546ms)
  ✔ finalizaciones_abono_e2.created_at: data_type (0.138142ms)
  ✔ finalizaciones_abono_e2.created_at: is_nullable (0.184061ms)
  ✔ finalizaciones_abono_e2.created_at: column_default (0.152214ms)
  ✔ evidencia_no_aplicada_e2.fuente: missing (0.14057ms)
  ✔ evidencia_no_aplicada_e2.fuente: data_type (0.135993ms)
  ✔ evidencia_no_aplicada_e2.fuente: is_nullable (0.138453ms)
  ✔ evidencia_no_aplicada_e2.fuente: column_default (0.28012ms)
  ✔ evidencia_no_aplicada_e2.abono_id: missing (0.260097ms)
  ✔ evidencia_no_aplicada_e2.abono_id: data_type (0.173321ms)
  ✔ evidencia_no_aplicada_e2.abono_id: is_nullable (0.147369ms)
  ✔ evidencia_no_aplicada_e2.abono_id: column_default (0.176057ms)
  ✔ evidencia_no_aplicada_e2.cobro_productor: missing (0.15313ms)
  ✔ evidencia_no_aplicada_e2.cobro_productor: data_type (0.140357ms)
  ✔ evidencia_no_aplicada_e2.cobro_productor: is_nullable (0.207088ms)
  ✔ evidencia_no_aplicada_e2.cobro_productor: column_default (0.199266ms)
  ✔ evidencia_no_aplicada_e2.cobro_clave: missing (0.184067ms)
  ✔ evidencia_no_aplicada_e2.cobro_clave: data_type (0.145402ms)
  ✔ evidencia_no_aplicada_e2.cobro_clave: is_nullable (0.144434ms)
  ✔ evidencia_no_aplicada_e2.cobro_clave: column_default (0.139095ms)
  ✔ evidencia_no_aplicada_e2.cliente_id: missing (0.135474ms)
  ✔ evidencia_no_aplicada_e2.cliente_id: data_type (0.322865ms)
  ✔ evidencia_no_aplicada_e2.cliente_id: is_nullable (0.174593ms)
  ✔ evidencia_no_aplicada_e2.cliente_id: column_default (0.140062ms)
  ✔ evidencia_no_aplicada_e2.importe: missing (0.137905ms)
  ✔ evidencia_no_aplicada_e2.importe: data_type (0.135419ms)
  ✔ evidencia_no_aplicada_e2.importe: is_nullable (0.279899ms)
  ✔ evidencia_no_aplicada_e2.importe: column_default (0.181093ms)
  ✔ evidencia_no_aplicada_e2.importe: numeric_precision (0.167418ms)
  ✔ evidencia_no_aplicada_e2.importe: numeric_scale (0.169547ms)
  ✔ evidencia_no_aplicada_e2.forma_pago: missing (0.321913ms)
  ✔ evidencia_no_aplicada_e2.forma_pago: data_type (0.187044ms)
  ✔ evidencia_no_aplicada_e2.forma_pago: is_nullable (0.174811ms)
  ✔ evidencia_no_aplicada_e2.forma_pago: column_default (0.163713ms)
  ✔ evidencia_no_aplicada_e2.naturaleza: missing (0.20652ms)
  ✔ evidencia_no_aplicada_e2.naturaleza: data_type (0.172656ms)
  ✔ evidencia_no_aplicada_e2.naturaleza: is_nullable (0.185733ms)
  ✔ evidencia_no_aplicada_e2.naturaleza: column_default (0.228432ms)
  ✔ evidencia_no_aplicada_e2.created_at: missing (0.218123ms)
  ✔ evidencia_no_aplicada_e2.created_at: data_type (0.212511ms)
  ✔ evidencia_no_aplicada_e2.created_at: is_nullable (0.17753ms)
  ✔ evidencia_no_aplicada_e2.created_at: column_default (0.168803ms)
  ✔ finalizaciones_abono_e2_pkey: missing (0.358249ms)
  ✔ finalizaciones_abono_e2_pkey: table_name (0.649816ms)
  ✔ finalizaciones_abono_e2_pkey: definition (0.387515ms)
  ✔ finalizaciones_abono_e2_pkey: convalidated (0.221264ms)
  ✔ finalizaciones_abono_e2_pkey: condeferrable (0.229944ms)
  ✔ finalizaciones_abono_e2_pkey: condeferred (0.196181ms)
  ✔ finalizaciones_abono_e2_pkey: index_valid (0.173779ms)
  ✔ finalizaciones_abono_e2_abono_id_fkey: missing (0.175019ms)
  ✔ finalizaciones_abono_e2_abono_id_fkey: table_name (0.179626ms)
  ✔ finalizaciones_abono_e2_abono_id_fkey: definition (0.267246ms)
  ✔ finalizaciones_abono_e2_abono_id_fkey: convalidated (0.200586ms)
  ✔ finalizaciones_abono_e2_abono_id_fkey: condeferrable (0.187408ms)
  ✔ finalizaciones_abono_e2_abono_id_fkey: condeferred (0.257594ms)
  ✔ finalizaciones_abono_e2_abono_id_fkey: index_valid (0.220863ms)
  ✔ finalizaciones_abono_e2_cliente_id_fkey: missing (0.25544ms)
  ✔ finalizaciones_abono_e2_cliente_id_fkey: table_name (0.2772ms)
  ✔ finalizaciones_abono_e2_cliente_id_fkey: definition (0.19105ms)
  ✔ finalizaciones_abono_e2_cliente_id_fkey: convalidated (0.181371ms)
  ✔ finalizaciones_abono_e2_cliente_id_fkey: condeferrable (0.172232ms)
  ✔ finalizaciones_abono_e2_cliente_id_fkey: condeferred (0.212525ms)
  ✔ finalizaciones_abono_e2_cliente_id_fkey: index_valid (0.186972ms)
  ✔ finalizaciones_abono_e2_operacion_productor_operacion_clave_key: missing (0.170836ms)
  ✔ finalizaciones_abono_e2_operacion_productor_operacion_clave_key: table_name (0.253687ms)
  ✔ finalizaciones_abono_e2_operacion_productor_operacion_clave_key: definition (0.234647ms)
  ✔ finalizaciones_abono_e2_operacion_productor_operacion_clave_key: convalidated (0.19829ms)
  ✔ finalizaciones_abono_e2_operacion_productor_operacion_clave_key: condeferrable (0.180804ms)
  ✔ finalizaciones_abono_e2_operacion_productor_operacion_clave_key: condeferred (0.177956ms)
  ✔ finalizaciones_abono_e2_operacion_productor_operacion_clave_key: index_valid (0.169665ms)
  ✔ finalizaciones_abono_e2_importe_check: missing (0.304977ms)
  ✔ finalizaciones_abono_e2_importe_check: table_name (0.21167ms)
  ✔ finalizaciones_abono_e2_importe_check: definition (0.188573ms)
  ✔ finalizaciones_abono_e2_importe_check: convalidated (0.184871ms)
  ✔ finalizaciones_abono_e2_importe_check: condeferrable (0.199989ms)
  ✔ finalizaciones_abono_e2_importe_check: condeferred (0.184511ms)
  ✔ finalizaciones_abono_e2_importe_check: index_valid (0.179742ms)
  ✔ finalizaciones_abono_e2_resultado_check: missing (0.174275ms)
  ✔ finalizaciones_abono_e2_resultado_check: table_name (0.306659ms)
  ✔ finalizaciones_abono_e2_resultado_check: definition (0.34859ms)
  ✔ finalizaciones_abono_e2_resultado_check: convalidated (0.194667ms)
  ✔ finalizaciones_abono_e2_resultado_check: condeferrable (0.244847ms)
  ✔ finalizaciones_abono_e2_resultado_check: condeferred (0.190618ms)
  ✔ finalizaciones_abono_e2_resultado_check: index_valid (0.185422ms)
  ✔ finalizaciones_abono_e2_aplicado_check: missing (0.314328ms)
  ✔ finalizaciones_abono_e2_aplicado_check: table_name (0.223748ms)
  ✔ finalizaciones_abono_e2_aplicado_check: definition (0.198277ms)
  ✔ finalizaciones_abono_e2_aplicado_check: convalidated (0.18747ms)
  ✔ finalizaciones_abono_e2_aplicado_check: condeferrable (0.204164ms)
  ✔ finalizaciones_abono_e2_aplicado_check: condeferred (0.185882ms)
  ✔ finalizaciones_abono_e2_aplicado_check: index_valid (0.188091ms)
  ✔ finalizaciones_abono_e2_evaluacion_check: missing (0.173842ms)
  ✔ finalizaciones_abono_e2_evaluacion_check: table_name (0.227538ms)
  ✔ finalizaciones_abono_e2_evaluacion_check: definition (0.187527ms)
  ✔ finalizaciones_abono_e2_evaluacion_check: convalidated (0.179589ms)
  ✔ finalizaciones_abono_e2_evaluacion_check: condeferrable (0.180902ms)
  ✔ finalizaciones_abono_e2_evaluacion_check: condeferred (0.221618ms)
  ✔ finalizaciones_abono_e2_evaluacion_check: index_valid (0.199613ms)
  ✔ finalizaciones_abono_e2_contrato_revision_check: missing (0.178777ms)
  ✔ finalizaciones_abono_e2_contrato_revision_check: table_name (0.184801ms)
  ✔ finalizaciones_abono_e2_contrato_revision_check: definition (0.182507ms)
  ✔ finalizaciones_abono_e2_contrato_revision_check: convalidated (0.33444ms)
  ✔ finalizaciones_abono_e2_contrato_revision_check: condeferrable (0.24596ms)
  ✔ finalizaciones_abono_e2_contrato_revision_check: condeferred (0.295622ms)
  ✔ finalizaciones_abono_e2_contrato_revision_check: index_valid (0.238857ms)
  ✔ finalizaciones_abono_e2_check: missing (0.189524ms)
  ✔ finalizaciones_abono_e2_check: table_name (0.187755ms)
  ✔ finalizaciones_abono_e2_check: definition (0.236366ms)
  ✔ finalizaciones_abono_e2_check: convalidated (0.19645ms)
  ✔ finalizaciones_abono_e2_check: condeferrable (0.19136ms)
  ✔ finalizaciones_abono_e2_check: condeferred (0.187516ms)
  ✔ finalizaciones_abono_e2_check: index_valid (0.22844ms)
  ✔ finalizaciones_abono_e2_operacion_productor_check: missing (0.188941ms)
  ✔ finalizaciones_abono_e2_operacion_productor_check: table_name (0.196479ms)
  ✔ finalizaciones_abono_e2_operacion_productor_check: definition (0.189408ms)
  ✔ finalizaciones_abono_e2_operacion_productor_check: convalidated (0.277163ms)
  ✔ finalizaciones_abono_e2_operacion_productor_check: condeferrable (0.220276ms)
  ✔ finalizaciones_abono_e2_operacion_productor_check: condeferred (0.200943ms)
  ✔ finalizaciones_abono_e2_operacion_productor_check: index_valid (0.229976ms)
  ✔ evidencia_no_aplicada_e2_pkey: missing (0.268675ms)
  ✔ evidencia_no_aplicada_e2_pkey: table_name (0.254821ms)
  ✔ evidencia_no_aplicada_e2_pkey: definition (0.26904ms)
  ✔ evidencia_no_aplicada_e2_pkey: convalidated (0.349484ms)
  ✔ evidencia_no_aplicada_e2_pkey: condeferrable (0.368248ms)
  ✔ evidencia_no_aplicada_e2_pkey: condeferred (0.290658ms)
  ✔ evidencia_no_aplicada_e2_pkey: index_valid (0.23804ms)
  ✔ evidencia_no_aplicada_e2_abono_id_key: missing (0.183774ms)
  ✔ evidencia_no_aplicada_e2_abono_id_key: table_name (0.253193ms)
  ✔ evidencia_no_aplicada_e2_abono_id_key: definition (0.374539ms)
  ✔ evidencia_no_aplicada_e2_abono_id_key: convalidated (0.226418ms)
  ✔ evidencia_no_aplicada_e2_abono_id_key: condeferrable (0.199258ms)
  ✔ evidencia_no_aplicada_e2_abono_id_key: condeferred (0.189182ms)
  ✔ evidencia_no_aplicada_e2_abono_id_key: index_valid (0.307249ms)
  ✔ evidencia_no_aplicada_e2_cobro_clave_key: missing (0.191334ms)
  ✔ evidencia_no_aplicada_e2_cobro_clave_key: table_name (0.201411ms)
  ✔ evidencia_no_aplicada_e2_cobro_clave_key: definition (0.239961ms)
  ✔ evidencia_no_aplicada_e2_cobro_clave_key: convalidated (0.75827ms)
  ✔ evidencia_no_aplicada_e2_cobro_clave_key: condeferrable (0.274697ms)
  ✔ evidencia_no_aplicada_e2_cobro_clave_key: condeferred (0.210718ms)
  ✔ evidencia_no_aplicada_e2_cobro_clave_key: index_valid (0.193878ms)
  ✔ evidencia_no_aplicada_e2_cobro_productor_cobro_clave_fkey: missing (0.173764ms)
  ✔ evidencia_no_aplicada_e2_cobro_productor_cobro_clave_fkey: table_name (0.296568ms)
  ✔ evidencia_no_aplicada_e2_cobro_productor_cobro_clave_fkey: definition (0.245453ms)
  ✔ evidencia_no_aplicada_e2_cobro_productor_cobro_clave_fkey: convalidated (0.361582ms)
  ✔ evidencia_no_aplicada_e2_cobro_productor_cobro_clave_fkey: condeferrable (0.230271ms)
  ✔ evidencia_no_aplicada_e2_cobro_productor_cobro_clave_fkey: condeferred (0.200497ms)
  ✔ evidencia_no_aplicada_e2_cobro_productor_cobro_clave_fkey: index_valid (0.295937ms)
  ✔ evidencia_no_aplicada_e2_abono_id_fkey: missing (0.343566ms)
  ✔ evidencia_no_aplicada_e2_abono_id_fkey: table_name (0.301221ms)
  ✔ evidencia_no_aplicada_e2_abono_id_fkey: definition (0.37471ms)
  ✔ evidencia_no_aplicada_e2_abono_id_fkey: convalidated (0.36046ms)
  ✔ evidencia_no_aplicada_e2_abono_id_fkey: condeferrable (0.300903ms)
  ✔ evidencia_no_aplicada_e2_abono_id_fkey: condeferred (0.374074ms)
  ✔ evidencia_no_aplicada_e2_abono_id_fkey: index_valid (0.218997ms)
  ✔ evidencia_no_aplicada_e2_cliente_id_fkey: missing (0.183087ms)
  ✔ evidencia_no_aplicada_e2_cliente_id_fkey: table_name (0.260428ms)
  ✔ evidencia_no_aplicada_e2_cliente_id_fkey: definition (0.217923ms)
  ✔ evidencia_no_aplicada_e2_cliente_id_fkey: convalidated (0.209798ms)
  ✔ evidencia_no_aplicada_e2_cliente_id_fkey: condeferrable (0.487861ms)
  ✔ evidencia_no_aplicada_e2_cliente_id_fkey: condeferred (0.406972ms)
  ✔ evidencia_no_aplicada_e2_cliente_id_fkey: index_valid (0.293149ms)
  ✔ evidencia_no_aplicada_e2_importe_check: missing (0.202256ms)
  ✔ evidencia_no_aplicada_e2_importe_check: table_name (1.099602ms)
  ✔ evidencia_no_aplicada_e2_importe_check: definition (0.2749ms)
  ✔ evidencia_no_aplicada_e2_importe_check: convalidated (0.281831ms)
  ✔ evidencia_no_aplicada_e2_importe_check: condeferrable (0.383527ms)
  ✔ evidencia_no_aplicada_e2_importe_check: condeferred (0.206049ms)
  ✔ evidencia_no_aplicada_e2_importe_check: index_valid (0.254517ms)
  ✔ evidencia_no_aplicada_e2_forma_pago_check: missing (0.209119ms)
  ✔ evidencia_no_aplicada_e2_forma_pago_check: table_name (0.208976ms)
  ✔ evidencia_no_aplicada_e2_forma_pago_check: definition (0.205913ms)
  ✔ evidencia_no_aplicada_e2_forma_pago_check: convalidated (0.254716ms)
  ✔ evidencia_no_aplicada_e2_forma_pago_check: condeferrable (0.204244ms)
  ✔ evidencia_no_aplicada_e2_forma_pago_check: condeferred (0.205186ms)
  ✔ evidencia_no_aplicada_e2_forma_pago_check: index_valid (0.19535ms)
  ✔ evidencia_no_aplicada_e2_naturaleza_check: missing (0.259357ms)
  ✔ evidencia_no_aplicada_e2_naturaleza_check: table_name (0.21762ms)
  ✔ evidencia_no_aplicada_e2_naturaleza_check: definition (0.284368ms)
  ✔ evidencia_no_aplicada_e2_naturaleza_check: convalidated (0.262106ms)
  ✔ evidencia_no_aplicada_e2_naturaleza_check: condeferrable (0.209832ms)
  ✔ evidencia_no_aplicada_e2_naturaleza_check: condeferred (0.194135ms)
  ✔ evidencia_no_aplicada_e2_naturaleza_check: index_valid (0.198703ms)
  ✔ evidencia_no_aplicada_e2_check: missing (0.217594ms)
  ✔ evidencia_no_aplicada_e2_check: table_name (0.213286ms)
  ✔ evidencia_no_aplicada_e2_check: definition (0.206475ms)
  ✔ evidencia_no_aplicada_e2_check: convalidated (0.206981ms)
  ✔ evidencia_no_aplicada_e2_check: condeferrable (0.429734ms)
  ✔ evidencia_no_aplicada_e2_check: condeferred (0.335672ms)
  ✔ evidencia_no_aplicada_e2_check: index_valid (0.252244ms)
  ✔ e2_finalization_immutable: missing (0.423193ms)
  ✔ e2_finalization_immutable: prosrc (0.684293ms)
  ✔ e2_finalization_immutable: prokind (0.303713ms)
  ✔ e2_finalization_immutable: provolatile (0.254703ms)
  ✔ e2_finalization_immutable: proparallel (0.304647ms)
  ✔ e2_finalization_immutable: prosecdef (0.330838ms)
  ✔ e2_finalization_immutable: proleakproof (0.644694ms)
  ✔ e2_finalization_immutable: proisstrict (0.74822ms)
  ✔ e2_finalization_immutable: proretset (0.295032ms)
  ✔ e2_finalization_immutable: proacl (0.251962ms)
  ✔ e2_finalization_immutable: proconfig (0.286989ms)
  ✔ e2_finalization_immutable: language_name (0.72346ms)
  ✔ e2_finalization_immutable: owner_name (0.347823ms)
  ✔ e2_finalization_immutable: result_type (5.907253ms)
  ✔ e2_finalization_immutable: identity_arguments (0.32985ms)
  ✔ e2_finalization_immutable: tgenabled (0.323038ms)
  ✔ e2_finalization_immutable: tgtype (0.235368ms)
  ✔ e2_finalization_immutable: table_name (0.205706ms)
  ✔ e2_finalization_immutable: function_name (0.34258ms)
  ✔ e2_finalization_immutable: function_schema (0.288343ms)
  ✔ e2_finalization_immutable: args_length (0.348162ms)
  ✔ e2_finalization_immutable: trigger_attr (0.348844ms)
  ✔ e2_finalization_immutable: has_parent (0.211401ms)
  ✔ e2_finalization_immutable: has_qual (0.191747ms)
  ✔ e2_finalization_immutable: has_constraint (0.217381ms)
  ✔ e2_finalization_immutable: tgdeferrable (0.244206ms)
  ✔ e2_finalization_immutable: tginitdeferred (0.189922ms)
  ✔ e2_validate_abono_finalization: missing (0.172429ms)
  ✔ e2_validate_abono_finalization: prosrc (0.311406ms)
  ✔ e2_validate_abono_finalization: prokind (0.221481ms)
  ✔ e2_validate_abono_finalization: provolatile (0.199934ms)
  ✔ e2_validate_abono_finalization: proparallel (0.186223ms)
  ✔ e2_validate_abono_finalization: prosecdef (0.232127ms)
  ✔ e2_validate_abono_finalization: proleakproof (0.200011ms)
  ✔ e2_validate_abono_finalization: proisstrict (0.184387ms)
  ✔ e2_validate_abono_finalization: proretset (0.185705ms)
  ✔ e2_validate_abono_finalization: proacl (0.279127ms)
  ✔ e2_validate_abono_finalization: proconfig (0.21242ms)
  ✔ e2_validate_abono_finalization: language_name (0.188208ms)
  ✔ e2_validate_abono_finalization: owner_name (0.259973ms)
  ✔ e2_validate_abono_finalization: result_type (0.234338ms)
  ✔ e2_validate_abono_finalization: identity_arguments (0.273634ms)
  ✔ e2_validate_abono_finalization: tgenabled (0.219427ms)
  ✔ e2_validate_abono_finalization: tgtype (0.188356ms)
  ✔ e2_validate_abono_finalization: table_name (0.242512ms)
  ✔ e2_validate_abono_finalization: function_name (0.194739ms)
  ✔ e2_validate_abono_finalization: function_schema (0.186678ms)
  ✔ e2_validate_abono_finalization: args_length (0.182047ms)
  ✔ e2_validate_abono_finalization: trigger_attr (0.228991ms)
  ✔ e2_validate_abono_finalization: has_parent (0.184925ms)
  ✔ e2_validate_abono_finalization: has_qual (0.182231ms)
  ✔ e2_validate_abono_finalization: has_constraint (0.181953ms)
  ✔ e2_validate_abono_finalization: tgdeferrable (0.271447ms)
  ✔ e2_validate_abono_finalization: tginitdeferred (0.208085ms)
  ✔ e2_proof_immutable: missing (0.164759ms)
  ✔ e2_proof_immutable: prosrc (0.196559ms)
  ✔ e2_proof_immutable: prokind (0.231059ms)
  ✔ e2_proof_immutable: provolatile (0.207019ms)
  ✔ e2_proof_immutable: proparallel (0.262213ms)
  ✔ e2_proof_immutable: prosecdef (0.196104ms)
  ✔ e2_proof_immutable: proleakproof (0.278947ms)
  ✔ e2_proof_immutable: proisstrict (0.250075ms)
  ✔ e2_proof_immutable: proretset (0.297507ms)
  ✔ e2_proof_immutable: proacl (0.318284ms)
  ✔ e2_proof_immutable: proconfig (0.201763ms)
  ✔ e2_proof_immutable: language_name (0.193709ms)
  ✔ e2_proof_immutable: owner_name (0.189603ms)
  ✔ e2_proof_immutable: result_type (0.314085ms)
  ✔ e2_proof_immutable: identity_arguments (0.256032ms)
  ✔ e2_proof_immutable: tgenabled (0.217891ms)
  ✔ e2_proof_immutable: tgtype (0.194505ms)
  ✔ e2_proof_immutable: table_name (0.20766ms)
  ✔ e2_proof_immutable: function_name (0.193377ms)
  ✔ e2_proof_immutable: function_schema (0.192578ms)
  ✔ e2_proof_immutable: args_length (0.181009ms)
  ✔ e2_proof_immutable: trigger_attr (0.245927ms)
  ✔ e2_proof_immutable: has_parent (0.193299ms)
  ✔ e2_proof_immutable: has_qual (0.186137ms)
  ✔ e2_proof_immutable: has_constraint (0.186839ms)
  ✔ e2_proof_immutable: tgdeferrable (0.223227ms)
  ✔ e2_proof_immutable: tginitdeferred (0.198021ms)
  ✔ e2_validate_unused_proof: missing (0.162775ms)
  ✔ e2_validate_unused_proof: prosrc (0.229781ms)
  ✔ e2_validate_unused_proof: prokind (0.457597ms)
  ✔ e2_validate_unused_proof: provolatile (0.261464ms)
  ✔ e2_validate_unused_proof: proparallel (0.220668ms)
  ✔ e2_validate_unused_proof: prosecdef (0.345688ms)
  ✔ e2_validate_unused_proof: proleakproof (0.256044ms)
  ✔ e2_validate_unused_proof: proisstrict (0.272256ms)
  ✔ e2_validate_unused_proof: proretset (0.302348ms)
  ✔ e2_validate_unused_proof: proacl (0.284206ms)
  ✔ e2_validate_unused_proof: proconfig (0.226325ms)
  ✔ e2_validate_unused_proof: language_name (0.241275ms)
  ✔ e2_validate_unused_proof: owner_name (0.204985ms)
  ✔ e2_validate_unused_proof: result_type (0.204904ms)
  ✔ e2_validate_unused_proof: identity_arguments (0.199ms)
  ✔ e2_validate_unused_proof: tgenabled (0.32902ms)
  ✔ e2_validate_unused_proof: tgtype (0.233291ms)
  ✔ e2_validate_unused_proof: table_name (0.196299ms)
  ✔ e2_validate_unused_proof: function_name (0.19366ms)
  ✔ e2_validate_unused_proof: function_schema (0.21097ms)
  ✔ e2_validate_unused_proof: args_length (0.193079ms)
  ✔ e2_validate_unused_proof: trigger_attr (0.343125ms)
  ✔ e2_validate_unused_proof: has_parent (0.247327ms)
  ✔ e2_validate_unused_proof: has_qual (0.204563ms)
  ✔ e2_validate_unused_proof: has_constraint (0.196708ms)
  ✔ e2_validate_unused_proof: tgdeferrable (0.20918ms)
  ✔ e2_validate_unused_proof: tginitdeferred (0.225854ms)
  ✔ e2_abono_finalization_complete: missing (0.177747ms)
  ✔ e2_abono_finalization_complete: prosrc (0.203088ms)
  ✔ e2_abono_finalization_complete: prokind (0.195609ms)
  ✔ e2_abono_finalization_complete: provolatile (0.311513ms)
  ✔ e2_abono_finalization_complete: proparallel (0.259604ms)
  ✔ e2_abono_finalization_complete: prosecdef (0.210084ms)
  ✔ e2_abono_finalization_complete: proleakproof (0.2022ms)
  ✔ e2_abono_finalization_complete: proisstrict (0.247039ms)
  ✔ e2_abono_finalization_complete: proretset (0.205583ms)
  ✔ e2_abono_finalization_complete: proacl (0.198235ms)
  ✔ e2_abono_finalization_complete: proconfig (0.197995ms)
  ✔ e2_abono_finalization_complete: language_name (0.253848ms)
  ✔ e2_abono_finalization_complete: owner_name (0.250913ms)
  ✔ e2_abono_finalization_complete: result_type (0.210997ms)
  ✔ e2_abono_finalization_complete: identity_arguments (0.200429ms)
  ✔ e2_abono_finalization_complete: tgenabled (0.220077ms)
  ✔ e2_abono_finalization_complete: tgtype (0.201037ms)
  ✔ e2_abono_finalization_complete: table_name (0.195139ms)
  ✔ e2_abono_finalization_complete: function_name (0.198389ms)
  ✔ e2_abono_finalization_complete: function_schema (0.299235ms)
  ✔ e2_abono_finalization_complete: args_length (1.185961ms)
  ✔ e2_abono_finalization_complete: trigger_attr (0.227061ms)
  ✔ e2_abono_finalization_complete: has_parent (0.250504ms)
  ✔ e2_abono_finalization_complete: has_qual (0.274291ms)
  ✔ e2_abono_finalization_complete: has_constraint (0.254258ms)
  ✔ e2_abono_finalization_complete: tgdeferrable (0.292366ms)
  ✔ e2_abono_finalization_complete: tginitdeferred (0.248634ms)
  ✔ e2_capture_application_order: missing (0.170415ms)
  ✔ e2_capture_application_order: prosrc (0.207756ms)
  ✔ e2_capture_application_order: prokind (0.317475ms)
  ✔ e2_capture_application_order: provolatile (0.250783ms)
  ✔ e2_capture_application_order: proparallel (0.217132ms)
  ✔ e2_capture_application_order: prosecdef (0.204003ms)
  ✔ e2_capture_application_order: proleakproof (0.256954ms)
  ✔ e2_capture_application_order: proisstrict (0.200283ms)
  ✔ e2_capture_application_order: proretset (0.200474ms)
  ✔ e2_capture_application_order: proacl (0.195963ms)
  ✔ e2_capture_application_order: proconfig (0.271521ms)
  ✔ e2_capture_application_order: language_name (0.225659ms)
  ✔ e2_capture_application_order: owner_name (0.263345ms)
  ✔ e2_capture_application_order: result_type (0.253029ms)
  ✔ e2_capture_application_order: identity_arguments (0.220864ms)
  ✔ e2_capture_application_order: tgenabled (0.207059ms)
  ✔ e2_capture_application_order: tgtype (0.204071ms)
  ✔ e2_capture_application_order: table_name (0.399307ms)
  ✔ e2_capture_application_order: function_name (0.240949ms)
  ✔ e2_capture_application_order: function_schema (0.214475ms)
  ✔ e2_capture_application_order: args_length (0.258053ms)
  ✔ e2_capture_application_order: trigger_attr (0.208029ms)
  ✔ e2_capture_application_order: has_parent (0.202696ms)
  ✔ e2_capture_application_order: has_qual (0.198923ms)
  ✔ e2_capture_application_order: has_constraint (0.292086ms)
  ✔ e2_capture_application_order: tgdeferrable (0.212579ms)
  ✔ e2_capture_application_order: tginitdeferred (0.2056ms)
  ✔ e2_finalize_new_abono: missing (0.339659ms)
  ✔ e2_finalize_new_abono: prosrc (0.279709ms)
  ✔ e2_finalize_new_abono: prokind (0.23174ms)
  ✔ e2_finalize_new_abono: provolatile (0.32369ms)
  ✔ e2_finalize_new_abono: proparallel (0.279699ms)
  ✔ e2_finalize_new_abono: prosecdef (0.289934ms)
  ✔ e2_finalize_new_abono: proleakproof (0.348326ms)
  ✔ e2_finalize_new_abono: proisstrict (0.238887ms)
  ✔ e2_finalize_new_abono: proretset (0.238246ms)
  ✔ e2_finalize_new_abono: proacl (0.263887ms)
  ✔ e2_finalize_new_abono: proconfig (0.351076ms)
  ✔ e2_finalize_new_abono: language_name (0.24446ms)
  ✔ e2_finalize_new_abono: owner_name (0.377419ms)
  ✔ e2_finalize_new_abono: result_type (0.339966ms)
  ✔ e2_finalize_new_abono: identity_arguments (0.276235ms)
  ✔ e2_attest_new_retained: missing (0.283058ms)
  ✔ e2_attest_new_retained: prosrc (0.248715ms)
  ✔ e2_attest_new_retained: prokind (0.284832ms)
  ✔ e2_attest_new_retained: provolatile (0.253859ms)
  ✔ e2_attest_new_retained: proparallel (0.229917ms)
  ✔ e2_attest_new_retained: prosecdef (0.227087ms)
  ✔ e2_attest_new_retained: proleakproof (0.25856ms)
  ✔ e2_attest_new_retained: proisstrict (0.294423ms)
  ✔ e2_attest_new_retained: proretset (0.236842ms)
  ✔ e2_attest_new_retained: proacl (0.256707ms)
  ✔ e2_attest_new_retained: proconfig (0.237552ms)
  ✔ e2_attest_new_retained: language_name (0.226052ms)
  ✔ e2_attest_new_retained: owner_name (0.221456ms)
  ✔ e2_attest_new_retained: result_type (0.303122ms)
  ✔ e2_attest_new_retained: identity_arguments (0.294425ms)
✔ A+C mock preflight independently rejects each catalog drift (174.270505ms)
ℹ tests 428
ℹ suites 0
ℹ pass 427
ℹ fail 1
ℹ cancelled 0
ℹ skipped 0
ℹ todo 0
ℹ duration_ms 670.884647

✖ failing tests:

test at reports/e2-apertura-limitada/evidencia-a-c/negative-offline.test.mjs:177:1
✖ real refund service accepts both origins and rejects absent/used ABONO finalization (72.095604ms)
  AssertionError [ERR_ASSERTION]: Missing expected rejection: MISSING: ABONO must require UNUSED finalization
      at async TestContext.<anonymous> (file:///home/runner/workspace/reports/e2-apertura-limitada/evidencia-a-c/negative-offline.test.mjs:190:5)
      at async Test.run (node:internal/test_runner/test:1113:7)
      at async Test.processPendingSubtests (node:internal/test_runner/test:788:7) {
    generatedMessage: false,
    code: 'ERR_ASSERTION',
    actual: undefined,
    expected: /falta prueba positiva/,
    operator: 'rejects',
    diff: 'simple'
  }
