✔ mounted ordinary producer: UNUSED/PARTIAL/FULL and FIFO persistence ordering (294.975893ms)
✔ mounted directed approval finalizes FULL only after its application (26.556367ms)
✔ actual core rejects directed result/amount mismatches before persistence (0.66323ms)
✔ positive proof is mandatory in the real refund service (68.432657ms)
✔ real refund service accepts both origins and rejects absent/used ABONO finalization (63.440434ms)
✔ R4 application-order guard exists in prepared SQL (LEXICAL ONLY, not SQL semantics) (0.457767ms)
▶ A+C mock preflight independently rejects each catalog drift
  ✔ finalizaciones_abono_e2.abono_id: missing (0.674466ms)
  ✔ finalizaciones_abono_e2.abono_id: data_type (0.404258ms)
  ✔ finalizaciones_abono_e2.abono_id: is_nullable (0.620457ms)
  ✔ finalizaciones_abono_e2.abono_id: column_default (0.605048ms)
  ✔ finalizaciones_abono_e2.operacion_productor: missing (0.272632ms)
  ✔ finalizaciones_abono_e2.operacion_productor: data_type (0.293291ms)
  ✔ finalizaciones_abono_e2.operacion_productor: is_nullable (0.269052ms)
  ✔ finalizaciones_abono_e2.operacion_productor: column_default (0.230396ms)
  ✔ finalizaciones_abono_e2.operacion_clave: missing (0.524179ms)
  ✔ finalizaciones_abono_e2.operacion_clave: data_type (0.225184ms)
  ✔ finalizaciones_abono_e2.operacion_clave: is_nullable (0.204073ms)
  ✔ finalizaciones_abono_e2.operacion_clave: column_default (0.284291ms)
  ✔ finalizaciones_abono_e2.cliente_id: missing (0.310829ms)
  ✔ finalizaciones_abono_e2.cliente_id: data_type (0.212649ms)
  ✔ finalizaciones_abono_e2.cliente_id: is_nullable (0.406963ms)
  ✔ finalizaciones_abono_e2.cliente_id: column_default (0.256893ms)
  ✔ finalizaciones_abono_e2.importe: missing (0.19782ms)
  ✔ finalizaciones_abono_e2.importe: data_type (0.279026ms)
  ✔ finalizaciones_abono_e2.importe: is_nullable (0.246613ms)
  ✔ finalizaciones_abono_e2.importe: column_default (0.206803ms)
  ✔ finalizaciones_abono_e2.importe: numeric_precision (0.195011ms)
  ✔ finalizaciones_abono_e2.importe: numeric_scale (0.321856ms)
  ✔ finalizaciones_abono_e2.resultado: missing (0.258392ms)
  ✔ finalizaciones_abono_e2.resultado: data_type (0.193875ms)
  ✔ finalizaciones_abono_e2.resultado: is_nullable (0.347412ms)
  ✔ finalizaciones_abono_e2.resultado: column_default (0.300777ms)
  ✔ finalizaciones_abono_e2.aplicado: missing (0.28108ms)
  ✔ finalizaciones_abono_e2.aplicado: data_type (0.345833ms)
  ✔ finalizaciones_abono_e2.aplicado: is_nullable (0.301532ms)
  ✔ finalizaciones_abono_e2.aplicado: column_default (0.274398ms)
  ✔ finalizaciones_abono_e2.aplicado: numeric_precision (0.335644ms)
  ✔ finalizaciones_abono_e2.aplicado: numeric_scale (0.204782ms)
  ✔ finalizaciones_abono_e2.evaluacion: missing (0.379985ms)
  ✔ finalizaciones_abono_e2.evaluacion: data_type (0.266469ms)
  ✔ finalizaciones_abono_e2.evaluacion: is_nullable (0.187551ms)
  ✔ finalizaciones_abono_e2.evaluacion: column_default (0.173894ms)
  ✔ finalizaciones_abono_e2.contrato_revision: missing (0.219164ms)
  ✔ finalizaciones_abono_e2.contrato_revision: data_type (0.19407ms)
  ✔ finalizaciones_abono_e2.contrato_revision: is_nullable (0.178105ms)
  ✔ finalizaciones_abono_e2.contrato_revision: column_default (0.167357ms)
  ✔ finalizaciones_abono_e2.created_at: missing (0.284163ms)
  ✔ finalizaciones_abono_e2.created_at: data_type (0.21913ms)
  ✔ finalizaciones_abono_e2.created_at: is_nullable (0.235774ms)
  ✔ finalizaciones_abono_e2.created_at: column_default (0.177527ms)
  ✔ evidencia_no_aplicada_e2.fuente: missing (0.223627ms)
  ✔ evidencia_no_aplicada_e2.fuente: data_type (0.179213ms)
  ✔ evidencia_no_aplicada_e2.fuente: is_nullable (0.167678ms)
  ✔ evidencia_no_aplicada_e2.fuente: column_default (0.169039ms)
  ✔ evidencia_no_aplicada_e2.abono_id: missing (0.215986ms)
  ✔ evidencia_no_aplicada_e2.abono_id: data_type (0.170296ms)
  ✔ evidencia_no_aplicada_e2.abono_id: is_nullable (0.169143ms)
  ✔ evidencia_no_aplicada_e2.abono_id: column_default (0.167011ms)
  ✔ evidencia_no_aplicada_e2.cobro_productor: missing (0.205931ms)
  ✔ evidencia_no_aplicada_e2.cobro_productor: data_type (0.186189ms)
  ✔ evidencia_no_aplicada_e2.cobro_productor: is_nullable (0.249546ms)
  ✔ evidencia_no_aplicada_e2.cobro_productor: column_default (0.183938ms)
  ✔ evidencia_no_aplicada_e2.cobro_clave: missing (0.282354ms)
  ✔ evidencia_no_aplicada_e2.cobro_clave: data_type (0.199075ms)
  ✔ evidencia_no_aplicada_e2.cobro_clave: is_nullable (0.175577ms)
  ✔ evidencia_no_aplicada_e2.cobro_clave: column_default (0.262407ms)
  ✔ evidencia_no_aplicada_e2.cliente_id: missing (0.244719ms)
  ✔ evidencia_no_aplicada_e2.cliente_id: data_type (0.386743ms)
  ✔ evidencia_no_aplicada_e2.cliente_id: is_nullable (0.249245ms)
  ✔ evidencia_no_aplicada_e2.cliente_id: column_default (0.18757ms)
  ✔ evidencia_no_aplicada_e2.importe: missing (0.172361ms)
  ✔ evidencia_no_aplicada_e2.importe: data_type (0.182583ms)
  ✔ evidencia_no_aplicada_e2.importe: is_nullable (0.211185ms)
  ✔ evidencia_no_aplicada_e2.importe: column_default (0.176062ms)
  ✔ evidencia_no_aplicada_e2.importe: numeric_precision (0.173582ms)
  ✔ evidencia_no_aplicada_e2.importe: numeric_scale (0.164314ms)
  ✔ evidencia_no_aplicada_e2.forma_pago: missing (0.33194ms)
  ✔ evidencia_no_aplicada_e2.forma_pago: data_type (0.202587ms)
  ✔ evidencia_no_aplicada_e2.forma_pago: is_nullable (0.174145ms)
  ✔ evidencia_no_aplicada_e2.forma_pago: column_default (0.231648ms)
  ✔ evidencia_no_aplicada_e2.naturaleza: missing (0.212865ms)
  ✔ evidencia_no_aplicada_e2.naturaleza: data_type (0.180848ms)
  ✔ evidencia_no_aplicada_e2.naturaleza: is_nullable (0.193249ms)
  ✔ evidencia_no_aplicada_e2.naturaleza: column_default (0.233982ms)
  ✔ evidencia_no_aplicada_e2.created_at: missing (0.212255ms)
  ✔ evidencia_no_aplicada_e2.created_at: data_type (0.203666ms)
  ✔ evidencia_no_aplicada_e2.created_at: is_nullable (0.17575ms)
  ✔ evidencia_no_aplicada_e2.created_at: column_default (0.535018ms)
  ✔ finalizaciones_abono_e2_pkey: missing (0.258939ms)
  ✔ finalizaciones_abono_e2_pkey: table_name (0.610153ms)
  ✔ finalizaciones_abono_e2_pkey: definition (0.450669ms)
  ✔ finalizaciones_abono_e2_pkey: convalidated (0.348911ms)
  ✔ finalizaciones_abono_e2_pkey: condeferrable (0.210715ms)
  ✔ finalizaciones_abono_e2_pkey: condeferred (0.181402ms)
  ✔ finalizaciones_abono_e2_pkey: index_valid (0.229472ms)
  ✔ finalizaciones_abono_e2_abono_id_fkey: missing (0.191105ms)
  ✔ finalizaciones_abono_e2_abono_id_fkey: table_name (0.178803ms)
  ✔ finalizaciones_abono_e2_abono_id_fkey: definition (0.233162ms)
  ✔ finalizaciones_abono_e2_abono_id_fkey: convalidated (0.23773ms)
  ✔ finalizaciones_abono_e2_abono_id_fkey: condeferrable (0.182222ms)
  ✔ finalizaciones_abono_e2_abono_id_fkey: condeferred (0.181029ms)
  ✔ finalizaciones_abono_e2_abono_id_fkey: index_valid (0.175057ms)
  ✔ finalizaciones_abono_e2_cliente_id_fkey: missing (0.248973ms)
  ✔ finalizaciones_abono_e2_cliente_id_fkey: table_name (0.263809ms)
  ✔ finalizaciones_abono_e2_cliente_id_fkey: definition (0.194028ms)
  ✔ finalizaciones_abono_e2_cliente_id_fkey: convalidated (0.243574ms)
  ✔ finalizaciones_abono_e2_cliente_id_fkey: condeferrable (0.290815ms)
  ✔ finalizaciones_abono_e2_cliente_id_fkey: condeferred (0.254523ms)
  ✔ finalizaciones_abono_e2_cliente_id_fkey: index_valid (0.184505ms)
  ✔ finalizaciones_abono_e2_operacion_productor_operacion_clave_key: missing (0.156179ms)
  ✔ finalizaciones_abono_e2_operacion_productor_operacion_clave_key: table_name (0.245547ms)
  ✔ finalizaciones_abono_e2_operacion_productor_operacion_clave_key: definition (0.191181ms)
  ✔ finalizaciones_abono_e2_operacion_productor_operacion_clave_key: convalidated (0.154395ms)
  ✔ finalizaciones_abono_e2_operacion_productor_operacion_clave_key: condeferrable (0.148661ms)
  ✔ finalizaciones_abono_e2_operacion_productor_operacion_clave_key: condeferred (0.14662ms)
  ✔ finalizaciones_abono_e2_operacion_productor_operacion_clave_key: index_valid (0.180416ms)
  ✔ finalizaciones_abono_e2_importe_check: missing (0.14785ms)
  ✔ finalizaciones_abono_e2_importe_check: table_name (0.143363ms)
  ✔ finalizaciones_abono_e2_importe_check: definition (0.145892ms)
  ✔ finalizaciones_abono_e2_importe_check: convalidated (0.141767ms)
  ✔ finalizaciones_abono_e2_importe_check: condeferrable (0.142729ms)
  ✔ finalizaciones_abono_e2_importe_check: condeferred (0.188373ms)
  ✔ finalizaciones_abono_e2_importe_check: index_valid (0.148669ms)
  ✔ finalizaciones_abono_e2_resultado_check: missing (0.14165ms)
  ✔ finalizaciones_abono_e2_resultado_check: table_name (0.204013ms)
  ✔ finalizaciones_abono_e2_resultado_check: definition (0.15222ms)
  ✔ finalizaciones_abono_e2_resultado_check: convalidated (0.161391ms)
  ✔ finalizaciones_abono_e2_resultado_check: condeferrable (0.147196ms)
  ✔ finalizaciones_abono_e2_resultado_check: condeferred (0.144221ms)
  ✔ finalizaciones_abono_e2_resultado_check: index_valid (0.14062ms)
  ✔ finalizaciones_abono_e2_aplicado_check: missing (0.131587ms)
  ✔ finalizaciones_abono_e2_aplicado_check: table_name (0.234878ms)
  ✔ finalizaciones_abono_e2_aplicado_check: definition (0.181498ms)
  ✔ finalizaciones_abono_e2_aplicado_check: convalidated (0.152962ms)
  ✔ finalizaciones_abono_e2_aplicado_check: condeferrable (0.148416ms)
  ✔ finalizaciones_abono_e2_aplicado_check: condeferred (0.144848ms)
  ✔ finalizaciones_abono_e2_aplicado_check: index_valid (0.181253ms)
  ✔ finalizaciones_abono_e2_evaluacion_check: missing (0.148682ms)
  ✔ finalizaciones_abono_e2_evaluacion_check: table_name (0.152959ms)
  ✔ finalizaciones_abono_e2_evaluacion_check: definition (0.147586ms)
  ✔ finalizaciones_abono_e2_evaluacion_check: convalidated (0.148204ms)
  ✔ finalizaciones_abono_e2_evaluacion_check: condeferrable (0.18332ms)
  ✔ finalizaciones_abono_e2_evaluacion_check: condeferred (0.158407ms)
  ✔ finalizaciones_abono_e2_evaluacion_check: index_valid (0.152921ms)
  ✔ finalizaciones_abono_e2_contrato_revision_check: missing (0.147167ms)
  ✔ finalizaciones_abono_e2_contrato_revision_check: table_name (0.14861ms)
  ✔ finalizaciones_abono_e2_contrato_revision_check: definition (0.149444ms)
  ✔ finalizaciones_abono_e2_contrato_revision_check: convalidated (0.251268ms)
  ✔ finalizaciones_abono_e2_contrato_revision_check: condeferrable (0.203067ms)
  ✔ finalizaciones_abono_e2_contrato_revision_check: condeferred (0.202475ms)
  ✔ finalizaciones_abono_e2_contrato_revision_check: index_valid (0.188677ms)
  ✔ finalizaciones_abono_e2_check: missing (0.160772ms)
  ✔ finalizaciones_abono_e2_check: table_name (0.154442ms)
  ✔ finalizaciones_abono_e2_check: definition (0.144602ms)
  ✔ finalizaciones_abono_e2_check: convalidated (0.146956ms)
  ✔ finalizaciones_abono_e2_check: condeferrable (0.14096ms)
  ✔ finalizaciones_abono_e2_check: condeferred (0.246454ms)
  ✔ finalizaciones_abono_e2_check: index_valid (0.167612ms)
  ✔ finalizaciones_abono_e2_operacion_productor_check: missing (0.133936ms)
  ✔ finalizaciones_abono_e2_operacion_productor_check: table_name (0.141711ms)
  ✔ finalizaciones_abono_e2_operacion_productor_check: definition (0.197824ms)
  ✔ finalizaciones_abono_e2_operacion_productor_check: convalidated (0.187757ms)
  ✔ finalizaciones_abono_e2_operacion_productor_check: condeferrable (0.161986ms)
  ✔ finalizaciones_abono_e2_operacion_productor_check: condeferred (0.151094ms)
  ✔ finalizaciones_abono_e2_operacion_productor_check: index_valid (0.152237ms)
  ✔ evidencia_no_aplicada_e2_pkey: missing (0.202384ms)
  ✔ evidencia_no_aplicada_e2_pkey: table_name (0.246619ms)
  ✔ evidencia_no_aplicada_e2_pkey: definition (0.163382ms)
  ✔ evidencia_no_aplicada_e2_pkey: convalidated (0.230929ms)
  ✔ evidencia_no_aplicada_e2_pkey: condeferrable (0.364931ms)
  ✔ evidencia_no_aplicada_e2_pkey: condeferred (0.260821ms)
  ✔ evidencia_no_aplicada_e2_pkey: index_valid (0.180926ms)
  ✔ evidencia_no_aplicada_e2_abono_id_key: missing (0.143825ms)
  ✔ evidencia_no_aplicada_e2_abono_id_key: table_name (0.232714ms)
  ✔ evidencia_no_aplicada_e2_abono_id_key: definition (0.318074ms)
  ✔ evidencia_no_aplicada_e2_abono_id_key: convalidated (0.202129ms)
  ✔ evidencia_no_aplicada_e2_abono_id_key: condeferrable (0.197779ms)
  ✔ evidencia_no_aplicada_e2_abono_id_key: condeferred (0.169396ms)
  ✔ evidencia_no_aplicada_e2_abono_id_key: index_valid (0.157198ms)
  ✔ evidencia_no_aplicada_e2_cobro_clave_key: missing (0.14132ms)
  ✔ evidencia_no_aplicada_e2_cobro_clave_key: table_name (0.71093ms)
  ✔ evidencia_no_aplicada_e2_cobro_clave_key: definition (0.211657ms)
  ✔ evidencia_no_aplicada_e2_cobro_clave_key: convalidated (0.165653ms)
  ✔ evidencia_no_aplicada_e2_cobro_clave_key: condeferrable (0.152125ms)
  ✔ evidencia_no_aplicada_e2_cobro_clave_key: condeferred (0.18281ms)
  ✔ evidencia_no_aplicada_e2_cobro_clave_key: index_valid (0.164273ms)
  ✔ evidencia_no_aplicada_e2_cobro_productor_cobro_clave_fkey: missing (0.144513ms)
  ✔ evidencia_no_aplicada_e2_cobro_productor_cobro_clave_fkey: table_name (0.151118ms)
  ✔ evidencia_no_aplicada_e2_cobro_productor_cobro_clave_fkey: definition (0.187884ms)
  ✔ evidencia_no_aplicada_e2_cobro_productor_cobro_clave_fkey: convalidated (0.170939ms)
  ✔ evidencia_no_aplicada_e2_cobro_productor_cobro_clave_fkey: condeferrable (0.177469ms)
  ✔ evidencia_no_aplicada_e2_cobro_productor_cobro_clave_fkey: condeferred (0.160284ms)
  ✔ evidencia_no_aplicada_e2_cobro_productor_cobro_clave_fkey: index_valid (0.226889ms)
  ✔ evidencia_no_aplicada_e2_abono_id_fkey: missing (0.16175ms)
  ✔ evidencia_no_aplicada_e2_abono_id_fkey: table_name (0.157309ms)
  ✔ evidencia_no_aplicada_e2_abono_id_fkey: definition (0.15188ms)
  ✔ evidencia_no_aplicada_e2_abono_id_fkey: convalidated (0.150141ms)
  ✔ evidencia_no_aplicada_e2_abono_id_fkey: condeferrable (0.149533ms)
  ✔ evidencia_no_aplicada_e2_abono_id_fkey: condeferred (0.20356ms)
  ✔ evidencia_no_aplicada_e2_abono_id_fkey: index_valid (0.159237ms)
  ✔ evidencia_no_aplicada_e2_cliente_id_fkey: missing (0.13893ms)
  ✔ evidencia_no_aplicada_e2_cliente_id_fkey: table_name (0.156204ms)
  ✔ evidencia_no_aplicada_e2_cliente_id_fkey: definition (0.152851ms)
  ✔ evidencia_no_aplicada_e2_cliente_id_fkey: convalidated (0.243946ms)
  ✔ evidencia_no_aplicada_e2_cliente_id_fkey: condeferrable (0.332718ms)
  ✔ evidencia_no_aplicada_e2_cliente_id_fkey: condeferred (0.195831ms)
  ✔ evidencia_no_aplicada_e2_cliente_id_fkey: index_valid (0.163614ms)
  ✔ evidencia_no_aplicada_e2_importe_check: missing (0.157718ms)
  ✔ evidencia_no_aplicada_e2_importe_check: table_name (0.159608ms)
  ✔ evidencia_no_aplicada_e2_importe_check: definition (0.15292ms)
  ✔ evidencia_no_aplicada_e2_importe_check: convalidated (0.154216ms)
  ✔ evidencia_no_aplicada_e2_importe_check: condeferrable (0.152131ms)
  ✔ evidencia_no_aplicada_e2_importe_check: condeferred (0.187345ms)
  ✔ evidencia_no_aplicada_e2_importe_check: index_valid (0.177861ms)
  ✔ evidencia_no_aplicada_e2_forma_pago_check: missing (0.179958ms)
  ✔ evidencia_no_aplicada_e2_forma_pago_check: table_name (0.157175ms)
  ✔ evidencia_no_aplicada_e2_forma_pago_check: definition (0.188632ms)
  ✔ evidencia_no_aplicada_e2_forma_pago_check: convalidated (0.294888ms)
  ✔ evidencia_no_aplicada_e2_forma_pago_check: condeferrable (0.167103ms)
  ✔ evidencia_no_aplicada_e2_forma_pago_check: condeferred (0.16109ms)
  ✔ evidencia_no_aplicada_e2_forma_pago_check: index_valid (0.154362ms)
  ✔ evidencia_no_aplicada_e2_naturaleza_check: missing (0.250602ms)
  ✔ evidencia_no_aplicada_e2_naturaleza_check: table_name (0.16379ms)
  ✔ evidencia_no_aplicada_e2_naturaleza_check: definition (0.156448ms)
  ✔ evidencia_no_aplicada_e2_naturaleza_check: convalidated (0.155337ms)
  ✔ evidencia_no_aplicada_e2_naturaleza_check: condeferrable (0.154902ms)
  ✔ evidencia_no_aplicada_e2_naturaleza_check: condeferred (0.17059ms)
  ✔ evidencia_no_aplicada_e2_naturaleza_check: index_valid (0.169679ms)
  ✔ evidencia_no_aplicada_e2_check: missing (0.140524ms)
  ✔ evidencia_no_aplicada_e2_check: table_name (0.154959ms)
  ✔ evidencia_no_aplicada_e2_check: definition (0.161508ms)
  ✔ evidencia_no_aplicada_e2_check: convalidated (0.177293ms)
  ✔ evidencia_no_aplicada_e2_check: condeferrable (0.157171ms)
  ✔ evidencia_no_aplicada_e2_check: condeferred (0.220591ms)
  ✔ evidencia_no_aplicada_e2_check: index_valid (0.18626ms)
  ✔ e2_finalization_immutable: missing (0.281488ms)
  ✔ e2_finalization_immutable: prosrc (0.247303ms)
  ✔ e2_finalization_immutable: prokind (0.195431ms)
  ✔ e2_finalization_immutable: provolatile (0.312584ms)
  ✔ e2_finalization_immutable: proparallel (0.278853ms)
  ✔ e2_finalization_immutable: prosecdef (0.223755ms)
  ✔ e2_finalization_immutable: proleakproof (0.306789ms)
  ✔ e2_finalization_immutable: proisstrict (0.244919ms)
  ✔ e2_finalization_immutable: proretset (0.205488ms)
  ✔ e2_finalization_immutable: proacl (0.199538ms)
  ✔ e2_finalization_immutable: proconfig (0.238597ms)
  ✔ e2_finalization_immutable: language_name (0.199658ms)
  ✔ e2_finalization_immutable: owner_name (0.187758ms)
  ✔ e2_finalization_immutable: result_type (0.247078ms)
  ✔ e2_finalization_immutable: identity_arguments (0.231007ms)
  ✔ e2_finalization_immutable: tgenabled (0.24931ms)
  ✔ e2_finalization_immutable: tgtype (0.192253ms)
  ✔ e2_finalization_immutable: table_name (0.184082ms)
  ✔ e2_finalization_immutable: function_name (0.301767ms)
  ✔ e2_finalization_immutable: function_schema (0.29827ms)
  ✔ e2_finalization_immutable: args_length (0.387205ms)
  ✔ e2_finalization_immutable: trigger_attr (0.291429ms)
  ✔ e2_finalization_immutable: has_parent (0.208897ms)
  ✔ e2_finalization_immutable: has_qual (0.189483ms)
  ✔ e2_finalization_immutable: has_constraint (0.213459ms)
  ✔ e2_finalization_immutable: tgdeferrable (0.249849ms)
  ✔ e2_finalization_immutable: tginitdeferred (0.200441ms)
  ✔ e2_validate_abono_finalization: missing (0.203887ms)
  ✔ e2_validate_abono_finalization: prosrc (0.280881ms)
  ✔ e2_validate_abono_finalization: prokind (0.216686ms)
  ✔ e2_validate_abono_finalization: provolatile (0.194121ms)
  ✔ e2_validate_abono_finalization: proparallel (0.269416ms)
  ✔ e2_validate_abono_finalization: prosecdef (0.202213ms)
  ✔ e2_validate_abono_finalization: proleakproof (0.190071ms)
  ✔ e2_validate_abono_finalization: proisstrict (0.188665ms)
  ✔ e2_validate_abono_finalization: proretset (0.22939ms)
  ✔ e2_validate_abono_finalization: proacl (0.204844ms)
  ✔ e2_validate_abono_finalization: proconfig (0.267498ms)
  ✔ e2_validate_abono_finalization: language_name (0.19308ms)
  ✔ e2_validate_abono_finalization: owner_name (0.233539ms)
  ✔ e2_validate_abono_finalization: result_type (0.202959ms)
  ✔ e2_validate_abono_finalization: identity_arguments (0.284564ms)
  ✔ e2_validate_abono_finalization: tgenabled (0.222366ms)
  ✔ e2_validate_abono_finalization: tgtype (0.205688ms)
  ✔ e2_validate_abono_finalization: table_name (0.199876ms)
  ✔ e2_validate_abono_finalization: function_name (0.192465ms)
  ✔ e2_validate_abono_finalization: function_schema (0.193283ms)
  ✔ e2_validate_abono_finalization: args_length (0.280217ms)
  ✔ e2_validate_abono_finalization: trigger_attr (0.208587ms)
  ✔ e2_validate_abono_finalization: has_parent (0.196287ms)
  ✔ e2_validate_abono_finalization: has_qual (0.192553ms)
  ✔ e2_validate_abono_finalization: has_constraint (0.281422ms)
  ✔ e2_validate_abono_finalization: tgdeferrable (0.203965ms)
  ✔ e2_validate_abono_finalization: tginitdeferred (0.188369ms)
  ✔ e2_proof_immutable: missing (0.228208ms)
  ✔ e2_proof_immutable: prosrc (0.253847ms)
  ✔ e2_proof_immutable: prokind (0.217733ms)
  ✔ e2_proof_immutable: provolatile (0.196576ms)
  ✔ e2_proof_immutable: proparallel (0.238524ms)
  ✔ e2_proof_immutable: prosecdef (0.202568ms)
  ✔ e2_proof_immutable: proleakproof (0.26018ms)
  ✔ e2_proof_immutable: proisstrict (0.252312ms)
  ✔ e2_proof_immutable: proretset (0.441511ms)
  ✔ e2_proof_immutable: proacl (0.255908ms)
  ✔ e2_proof_immutable: proconfig (0.235157ms)
  ✔ e2_proof_immutable: language_name (0.217821ms)
  ✔ e2_proof_immutable: owner_name (0.200995ms)
  ✔ e2_proof_immutable: result_type (0.213083ms)
  ✔ e2_proof_immutable: identity_arguments (0.188791ms)
  ✔ e2_proof_immutable: tgenabled (0.211262ms)
  ✔ e2_proof_immutable: tgtype (0.192753ms)
  ✔ e2_proof_immutable: table_name (0.194211ms)
  ✔ e2_proof_immutable: function_name (0.192828ms)
  ✔ e2_proof_immutable: function_schema (0.244351ms)
  ✔ e2_proof_immutable: args_length (0.19727ms)
  ✔ e2_proof_immutable: trigger_attr (0.189796ms)
  ✔ e2_proof_immutable: has_parent (0.187248ms)
  ✔ e2_proof_immutable: has_qual (0.333946ms)
  ✔ e2_proof_immutable: has_constraint (0.243686ms)
  ✔ e2_proof_immutable: tgdeferrable (0.207252ms)
  ✔ e2_proof_immutable: tginitdeferred (0.238698ms)
  ✔ e2_validate_unused_proof: missing (0.191131ms)
  ✔ e2_validate_unused_proof: prosrc (0.206614ms)
  ✔ e2_validate_unused_proof: prokind (0.299783ms)
  ✔ e2_validate_unused_proof: provolatile (0.319496ms)
  ✔ e2_validate_unused_proof: proparallel (0.216661ms)
  ✔ e2_validate_unused_proof: prosecdef (0.334165ms)
  ✔ e2_validate_unused_proof: proleakproof (0.323005ms)
  ✔ e2_validate_unused_proof: proisstrict (0.219155ms)
  ✔ e2_validate_unused_proof: proretset (0.271201ms)
  ✔ e2_validate_unused_proof: proacl (0.407512ms)
  ✔ e2_validate_unused_proof: proconfig (0.239771ms)
  ✔ e2_validate_unused_proof: language_name (0.336279ms)
  ✔ e2_validate_unused_proof: owner_name (0.277261ms)
  ✔ e2_validate_unused_proof: result_type (0.216814ms)
  ✔ e2_validate_unused_proof: identity_arguments (0.544922ms)
  ✔ e2_validate_unused_proof: tgenabled (0.234166ms)
  ✔ e2_validate_unused_proof: tgtype (0.202466ms)
  ✔ e2_validate_unused_proof: table_name (0.201184ms)
  ✔ e2_validate_unused_proof: function_name (0.235761ms)
  ✔ e2_validate_unused_proof: function_schema (0.209195ms)
  ✔ e2_validate_unused_proof: args_length (0.195114ms)
  ✔ e2_validate_unused_proof: trigger_attr (0.362733ms)
  ✔ e2_validate_unused_proof: has_parent (0.302915ms)
  ✔ e2_validate_unused_proof: has_qual (0.401254ms)
  ✔ e2_validate_unused_proof: has_constraint (0.288248ms)
  ✔ e2_validate_unused_proof: tgdeferrable (0.236343ms)
  ✔ e2_validate_unused_proof: tginitdeferred (0.212301ms)
  ✔ e2_abono_finalization_complete: missing (0.219341ms)
  ✔ e2_abono_finalization_complete: prosrc (0.22567ms)
  ✔ e2_abono_finalization_complete: prokind (0.209598ms)
  ✔ e2_abono_finalization_complete: provolatile (0.201148ms)
  ✔ e2_abono_finalization_complete: proparallel (0.238686ms)
  ✔ e2_abono_finalization_complete: prosecdef (0.219918ms)
  ✔ e2_abono_finalization_complete: proleakproof (0.198527ms)
  ✔ e2_abono_finalization_complete: proisstrict (0.201825ms)
  ✔ e2_abono_finalization_complete: proretset (0.296233ms)
  ✔ e2_abono_finalization_complete: proacl (0.227653ms)
  ✔ e2_abono_finalization_complete: proconfig (0.204575ms)
  ✔ e2_abono_finalization_complete: language_name (7.31188ms)
  ✔ e2_abono_finalization_complete: owner_name (0.2986ms)
  ✔ e2_abono_finalization_complete: result_type (0.313185ms)
  ✔ e2_abono_finalization_complete: identity_arguments (0.273291ms)
  ✔ e2_abono_finalization_complete: tgenabled (0.221973ms)
  ✔ e2_abono_finalization_complete: tgtype (0.206867ms)
  ✔ e2_abono_finalization_complete: table_name (0.993462ms)
  ✔ e2_abono_finalization_complete: function_name (0.293447ms)
  ✔ e2_abono_finalization_complete: function_schema (0.222532ms)
  ✔ e2_abono_finalization_complete: args_length (0.212634ms)
  ✔ e2_abono_finalization_complete: trigger_attr (0.196677ms)
  ✔ e2_abono_finalization_complete: has_parent (0.283885ms)
  ✔ e2_abono_finalization_complete: has_qual (0.296267ms)
  ✔ e2_abono_finalization_complete: has_constraint (0.230008ms)
  ✔ e2_abono_finalization_complete: tgdeferrable (0.237411ms)
  ✔ e2_abono_finalization_complete: tginitdeferred (0.219389ms)
  ✔ e2_capture_application_order: missing (0.165237ms)
  ✔ e2_capture_application_order: prosrc (0.201234ms)
  ✔ e2_capture_application_order: prokind (0.1969ms)
  ✔ e2_capture_application_order: provolatile (0.226497ms)
  ✔ e2_capture_application_order: proparallel (0.20105ms)
  ✔ e2_capture_application_order: prosecdef (0.199538ms)
  ✔ e2_capture_application_order: proleakproof (0.193675ms)
  ✔ e2_capture_application_order: proisstrict (0.215665ms)
  ✔ e2_capture_application_order: proretset (0.200308ms)
  ✔ e2_capture_application_order: proacl (0.193015ms)
  ✔ e2_capture_application_order: proconfig (0.192687ms)
  ✔ e2_capture_application_order: language_name (0.290058ms)
  ✔ e2_capture_application_order: owner_name (0.264313ms)
  ✔ e2_capture_application_order: result_type (0.211253ms)
  ✔ e2_capture_application_order: identity_arguments (0.232575ms)
  ✔ e2_capture_application_order: tgenabled (0.209244ms)
  ✔ e2_capture_application_order: tgtype (0.200382ms)
  ✔ e2_capture_application_order: table_name (0.253383ms)
  ✔ e2_capture_application_order: function_name (0.244009ms)
  ✔ e2_capture_application_order: function_schema (0.207669ms)
  ✔ e2_capture_application_order: args_length (0.201234ms)
  ✔ e2_capture_application_order: trigger_attr (0.194669ms)
  ✔ e2_capture_application_order: has_parent (0.238865ms)
  ✔ e2_capture_application_order: has_qual (0.201636ms)
  ✔ e2_capture_application_order: has_constraint (0.275897ms)
  ✔ e2_capture_application_order: tgdeferrable (0.286185ms)
  ✔ e2_capture_application_order: tginitdeferred (0.218228ms)
  ✔ e2_finalize_new_abono: missing (0.344624ms)
  ✔ e2_finalize_new_abono: prosrc (0.307461ms)
  ✔ e2_finalize_new_abono: prokind (0.245274ms)
  ✔ e2_finalize_new_abono: provolatile (0.219715ms)
  ✔ e2_finalize_new_abono: proparallel (0.217008ms)
  ✔ e2_finalize_new_abono: prosecdef (0.28306ms)
  ✔ e2_finalize_new_abono: proleakproof (0.321175ms)
  ✔ e2_finalize_new_abono: proisstrict (0.330369ms)
  ✔ e2_finalize_new_abono: proretset (0.248554ms)
  ✔ e2_finalize_new_abono: proacl (0.22426ms)
  ✔ e2_finalize_new_abono: proconfig (0.401607ms)
  ✔ e2_finalize_new_abono: language_name (0.241133ms)
  ✔ e2_finalize_new_abono: owner_name (0.302155ms)
  ✔ e2_finalize_new_abono: result_type (0.354243ms)
  ✔ e2_finalize_new_abono: identity_arguments (0.292521ms)
  ✔ e2_attest_new_retained: missing (0.25562ms)
  ✔ e2_attest_new_retained: prosrc (0.266112ms)
  ✔ e2_attest_new_retained: prokind (0.28832ms)
  ✔ e2_attest_new_retained: provolatile (0.240454ms)
  ✔ e2_attest_new_retained: proparallel (0.261824ms)
  ✔ e2_attest_new_retained: prosecdef (0.244522ms)
  ✔ e2_attest_new_retained: proleakproof (0.224477ms)
  ✔ e2_attest_new_retained: proisstrict (0.289124ms)
  ✔ e2_attest_new_retained: proretset (0.633408ms)
  ✔ e2_attest_new_retained: proacl (0.269063ms)
  ✔ e2_attest_new_retained: proconfig (0.432081ms)
  ✔ e2_attest_new_retained: language_name (0.271424ms)
  ✔ e2_attest_new_retained: owner_name (0.241431ms)
  ✔ e2_attest_new_retained: result_type (0.247981ms)
  ✔ e2_attest_new_retained: identity_arguments (0.31377ms)
✔ A+C mock preflight independently rejects each catalog drift (163.952547ms)
ℹ tests 428
ℹ suites 0
ℹ pass 428
ℹ fail 0
ℹ cancelled 0
ℹ skipped 0
ℹ todo 0
ℹ duration_ms 634.555615
