✔ mounted ordinary producer: UNUSED/PARTIAL/FULL and FIFO persistence ordering (282.643698ms)
✔ mounted directed approval finalizes FULL only after its application (26.13374ms)
✔ actual core rejects directed result/amount mismatches before persistence (0.685878ms)
✔ positive proof is mandatory in the real refund service (67.773617ms)
✔ real refund service accepts both origins and rejects absent/used ABONO finalization (68.623951ms)
✔ R4 application-order guard exists in prepared SQL (LEXICAL ONLY, not SQL semantics) (0.452649ms)
▶ A+C mock preflight independently rejects each catalog drift
  ✔ finalizaciones_abono_e2.abono_id: missing (0.723326ms)
  ✔ finalizaciones_abono_e2.abono_id: data_type (0.452604ms)
  ✔ finalizaciones_abono_e2.abono_id: is_nullable (0.366043ms)
  ✔ finalizaciones_abono_e2.abono_id: column_default (0.497338ms)
  ✔ finalizaciones_abono_e2.operacion_productor: missing (0.248738ms)
  ✔ finalizaciones_abono_e2.operacion_productor: data_type (0.252089ms)
  ✔ finalizaciones_abono_e2.operacion_productor: is_nullable (0.226419ms)
  ✔ finalizaciones_abono_e2.operacion_productor: column_default (0.21956ms)
  ✔ finalizaciones_abono_e2.operacion_clave: missing (0.473665ms)
  ✔ finalizaciones_abono_e2.operacion_clave: data_type (0.222123ms)
  ✔ finalizaciones_abono_e2.operacion_clave: is_nullable (0.194827ms)
  ✔ finalizaciones_abono_e2.operacion_clave: column_default (0.23609ms)
  ✔ finalizaciones_abono_e2.cliente_id: missing (0.302569ms)
  ✔ finalizaciones_abono_e2.cliente_id: data_type (0.203693ms)
  ✔ finalizaciones_abono_e2.cliente_id: is_nullable (0.286183ms)
  ✔ finalizaciones_abono_e2.cliente_id: column_default (0.28721ms)
  ✔ finalizaciones_abono_e2.importe: missing (0.19452ms)
  ✔ finalizaciones_abono_e2.importe: data_type (0.285862ms)
  ✔ finalizaciones_abono_e2.importe: is_nullable (0.30256ms)
  ✔ finalizaciones_abono_e2.importe: column_default (0.23087ms)
  ✔ finalizaciones_abono_e2.importe: numeric_precision (0.200894ms)
  ✔ finalizaciones_abono_e2.importe: numeric_scale (0.38072ms)
  ✔ finalizaciones_abono_e2.resultado: missing (0.249267ms)
  ✔ finalizaciones_abono_e2.resultado: data_type (0.189639ms)
  ✔ finalizaciones_abono_e2.resultado: is_nullable (0.378392ms)
  ✔ finalizaciones_abono_e2.resultado: column_default (0.303767ms)
  ✔ finalizaciones_abono_e2.aplicado: missing (0.261067ms)
  ✔ finalizaciones_abono_e2.aplicado: data_type (0.249478ms)
  ✔ finalizaciones_abono_e2.aplicado: is_nullable (0.297838ms)
  ✔ finalizaciones_abono_e2.aplicado: column_default (0.259192ms)
  ✔ finalizaciones_abono_e2.aplicado: numeric_precision (0.433803ms)
  ✔ finalizaciones_abono_e2.aplicado: numeric_scale (0.19845ms)
  ✔ finalizaciones_abono_e2.evaluacion: missing (0.331194ms)
  ✔ finalizaciones_abono_e2.evaluacion: data_type (0.368272ms)
  ✔ finalizaciones_abono_e2.evaluacion: is_nullable (0.192027ms)
  ✔ finalizaciones_abono_e2.evaluacion: column_default (0.281368ms)
  ✔ finalizaciones_abono_e2.contrato_revision: missing (0.227014ms)
  ✔ finalizaciones_abono_e2.contrato_revision: data_type (0.185072ms)
  ✔ finalizaciones_abono_e2.contrato_revision: is_nullable (0.170167ms)
  ✔ finalizaciones_abono_e2.contrato_revision: column_default (0.160693ms)
  ✔ finalizaciones_abono_e2.created_at: missing (0.201357ms)
  ✔ finalizaciones_abono_e2.created_at: data_type (0.186135ms)
  ✔ finalizaciones_abono_e2.created_at: is_nullable (0.224513ms)
  ✔ finalizaciones_abono_e2.created_at: column_default (0.162702ms)
  ✔ evidencia_no_aplicada_e2.fuente: missing (0.240721ms)
  ✔ evidencia_no_aplicada_e2.fuente: data_type (0.179058ms)
  ✔ evidencia_no_aplicada_e2.fuente: is_nullable (0.166053ms)
  ✔ evidencia_no_aplicada_e2.fuente: column_default (0.168801ms)
  ✔ evidencia_no_aplicada_e2.abono_id: missing (0.170595ms)
  ✔ evidencia_no_aplicada_e2.abono_id: data_type (0.264615ms)
  ✔ evidencia_no_aplicada_e2.abono_id: is_nullable (0.175736ms)
  ✔ evidencia_no_aplicada_e2.abono_id: column_default (0.168413ms)
  ✔ evidencia_no_aplicada_e2.cobro_productor: missing (0.162134ms)
  ✔ evidencia_no_aplicada_e2.cobro_productor: data_type (0.208955ms)
  ✔ evidencia_no_aplicada_e2.cobro_productor: is_nullable (0.21708ms)
  ✔ evidencia_no_aplicada_e2.cobro_productor: column_default (0.17285ms)
  ✔ evidencia_no_aplicada_e2.cobro_clave: missing (0.168161ms)
  ✔ evidencia_no_aplicada_e2.cobro_clave: data_type (0.197687ms)
  ✔ evidencia_no_aplicada_e2.cobro_clave: is_nullable (0.17543ms)
  ✔ evidencia_no_aplicada_e2.cobro_clave: column_default (0.173452ms)
  ✔ evidencia_no_aplicada_e2.cliente_id: missing (0.165906ms)
  ✔ evidencia_no_aplicada_e2.cliente_id: data_type (0.381233ms)
  ✔ evidencia_no_aplicada_e2.cliente_id: is_nullable (0.289745ms)
  ✔ evidencia_no_aplicada_e2.cliente_id: column_default (0.177978ms)
  ✔ evidencia_no_aplicada_e2.importe: missing (0.171265ms)
  ✔ evidencia_no_aplicada_e2.importe: data_type (0.25887ms)
  ✔ evidencia_no_aplicada_e2.importe: is_nullable (0.186715ms)
  ✔ evidencia_no_aplicada_e2.importe: column_default (0.169077ms)
  ✔ evidencia_no_aplicada_e2.importe: numeric_precision (0.166974ms)
  ✔ evidencia_no_aplicada_e2.importe: numeric_scale (0.199165ms)
  ✔ evidencia_no_aplicada_e2.forma_pago: missing (0.267174ms)
  ✔ evidencia_no_aplicada_e2.forma_pago: data_type (0.190612ms)
  ✔ evidencia_no_aplicada_e2.forma_pago: is_nullable (0.166334ms)
  ✔ evidencia_no_aplicada_e2.forma_pago: column_default (0.164212ms)
  ✔ evidencia_no_aplicada_e2.naturaleza: missing (0.185827ms)
  ✔ evidencia_no_aplicada_e2.naturaleza: data_type (0.164156ms)
  ✔ evidencia_no_aplicada_e2.naturaleza: is_nullable (0.252978ms)
  ✔ evidencia_no_aplicada_e2.naturaleza: column_default (0.329639ms)
  ✔ evidencia_no_aplicada_e2.created_at: missing (0.188252ms)
  ✔ evidencia_no_aplicada_e2.created_at: data_type (0.211059ms)
  ✔ evidencia_no_aplicada_e2.created_at: is_nullable (0.277978ms)
  ✔ evidencia_no_aplicada_e2.created_at: column_default (0.492612ms)
  ✔ finalizaciones_abono_e2_pkey: missing (0.348157ms)
  ✔ finalizaciones_abono_e2_pkey: table_name (0.35736ms)
  ✔ finalizaciones_abono_e2_pkey: definition (0.331424ms)
  ✔ finalizaciones_abono_e2_pkey: convalidated (0.294774ms)
  ✔ finalizaciones_abono_e2_pkey: condeferrable (0.210846ms)
  ✔ finalizaciones_abono_e2_pkey: condeferred (0.183674ms)
  ✔ finalizaciones_abono_e2_pkey: index_valid (0.210218ms)
  ✔ finalizaciones_abono_e2_abono_id_fkey: missing (0.213028ms)
  ✔ finalizaciones_abono_e2_abono_id_fkey: table_name (0.306803ms)
  ✔ finalizaciones_abono_e2_abono_id_fkey: definition (0.436619ms)
  ✔ finalizaciones_abono_e2_abono_id_fkey: convalidated (0.229953ms)
  ✔ finalizaciones_abono_e2_abono_id_fkey: condeferrable (0.19545ms)
  ✔ finalizaciones_abono_e2_abono_id_fkey: condeferred (0.186763ms)
  ✔ finalizaciones_abono_e2_abono_id_fkey: index_valid (0.230606ms)
  ✔ finalizaciones_abono_e2_cliente_id_fkey: missing (0.239929ms)
  ✔ finalizaciones_abono_e2_cliente_id_fkey: table_name (0.274157ms)
  ✔ finalizaciones_abono_e2_cliente_id_fkey: definition (0.427903ms)
  ✔ finalizaciones_abono_e2_cliente_id_fkey: convalidated (0.230114ms)
  ✔ finalizaciones_abono_e2_cliente_id_fkey: condeferrable (0.190783ms)
  ✔ finalizaciones_abono_e2_cliente_id_fkey: condeferred (0.232203ms)
  ✔ finalizaciones_abono_e2_cliente_id_fkey: index_valid (0.186841ms)
  ✔ finalizaciones_abono_e2_operacion_productor_operacion_clave_key: missing (0.17508ms)
  ✔ finalizaciones_abono_e2_operacion_productor_operacion_clave_key: table_name (7.414683ms)
  ✔ finalizaciones_abono_e2_operacion_productor_operacion_clave_key: definition (0.306426ms)
  ✔ finalizaciones_abono_e2_operacion_productor_operacion_clave_key: convalidated (0.193779ms)
  ✔ finalizaciones_abono_e2_operacion_productor_operacion_clave_key: condeferrable (0.29669ms)
  ✔ finalizaciones_abono_e2_operacion_productor_operacion_clave_key: condeferred (0.188394ms)
  ✔ finalizaciones_abono_e2_operacion_productor_operacion_clave_key: index_valid (0.159475ms)
  ✔ finalizaciones_abono_e2_importe_check: missing (0.148022ms)
  ✔ finalizaciones_abono_e2_importe_check: table_name (0.151555ms)
  ✔ finalizaciones_abono_e2_importe_check: definition (0.234906ms)
  ✔ finalizaciones_abono_e2_importe_check: convalidated (0.18233ms)
  ✔ finalizaciones_abono_e2_importe_check: condeferrable (0.163205ms)
  ✔ finalizaciones_abono_e2_importe_check: condeferred (0.154755ms)
  ✔ finalizaciones_abono_e2_importe_check: index_valid (0.14526ms)
  ✔ finalizaciones_abono_e2_resultado_check: missing (0.164598ms)
  ✔ finalizaciones_abono_e2_resultado_check: table_name (0.211213ms)
  ✔ finalizaciones_abono_e2_resultado_check: definition (0.158684ms)
  ✔ finalizaciones_abono_e2_resultado_check: convalidated (0.148216ms)
  ✔ finalizaciones_abono_e2_resultado_check: condeferrable (0.189029ms)
  ✔ finalizaciones_abono_e2_resultado_check: condeferred (0.159705ms)
  ✔ finalizaciones_abono_e2_resultado_check: index_valid (0.162022ms)
  ✔ finalizaciones_abono_e2_aplicado_check: missing (0.143303ms)
  ✔ finalizaciones_abono_e2_aplicado_check: table_name (0.149397ms)
  ✔ finalizaciones_abono_e2_aplicado_check: definition (0.230876ms)
  ✔ finalizaciones_abono_e2_aplicado_check: convalidated (0.18377ms)
  ✔ finalizaciones_abono_e2_aplicado_check: condeferrable (0.159706ms)
  ✔ finalizaciones_abono_e2_aplicado_check: condeferred (0.152247ms)
  ✔ finalizaciones_abono_e2_aplicado_check: index_valid (0.150705ms)
  ✔ finalizaciones_abono_e2_evaluacion_check: missing (0.18184ms)
  ✔ finalizaciones_abono_e2_evaluacion_check: table_name (0.160201ms)
  ✔ finalizaciones_abono_e2_evaluacion_check: definition (0.152828ms)
  ✔ finalizaciones_abono_e2_evaluacion_check: convalidated (0.158211ms)
  ✔ finalizaciones_abono_e2_evaluacion_check: condeferrable (0.153718ms)
  ✔ finalizaciones_abono_e2_evaluacion_check: condeferred (0.183184ms)
  ✔ finalizaciones_abono_e2_evaluacion_check: index_valid (0.166265ms)
  ✔ finalizaciones_abono_e2_contrato_revision_check: missing (0.151602ms)
  ✔ finalizaciones_abono_e2_contrato_revision_check: table_name (0.160435ms)
  ✔ finalizaciones_abono_e2_contrato_revision_check: definition (0.154864ms)
  ✔ finalizaciones_abono_e2_contrato_revision_check: convalidated (0.255358ms)
  ✔ finalizaciones_abono_e2_contrato_revision_check: condeferrable (0.233835ms)
  ✔ finalizaciones_abono_e2_contrato_revision_check: condeferred (0.218053ms)
  ✔ finalizaciones_abono_e2_contrato_revision_check: index_valid (0.234668ms)
  ✔ finalizaciones_abono_e2_check: missing (0.276216ms)
  ✔ finalizaciones_abono_e2_check: table_name (0.171254ms)
  ✔ finalizaciones_abono_e2_check: definition (0.163229ms)
  ✔ finalizaciones_abono_e2_check: convalidated (0.169504ms)
  ✔ finalizaciones_abono_e2_check: condeferrable (0.191542ms)
  ✔ finalizaciones_abono_e2_check: condeferred (0.169071ms)
  ✔ finalizaciones_abono_e2_check: index_valid (0.156305ms)
  ✔ finalizaciones_abono_e2_operacion_productor_check: missing (0.141404ms)
  ✔ finalizaciones_abono_e2_operacion_productor_check: table_name (0.153638ms)
  ✔ finalizaciones_abono_e2_operacion_productor_check: definition (0.22334ms)
  ✔ finalizaciones_abono_e2_operacion_productor_check: convalidated (0.197218ms)
  ✔ finalizaciones_abono_e2_operacion_productor_check: condeferrable (0.166217ms)
  ✔ finalizaciones_abono_e2_operacion_productor_check: condeferred (0.15502ms)
  ✔ finalizaciones_abono_e2_operacion_productor_check: index_valid (0.154009ms)
  ✔ evidencia_no_aplicada_e2_pkey: missing (0.222519ms)
  ✔ evidencia_no_aplicada_e2_pkey: table_name (0.28273ms)
  ✔ evidencia_no_aplicada_e2_pkey: definition (0.184608ms)
  ✔ evidencia_no_aplicada_e2_pkey: convalidated (0.282912ms)
  ✔ evidencia_no_aplicada_e2_pkey: condeferrable (0.333564ms)
  ✔ evidencia_no_aplicada_e2_pkey: condeferred (0.275824ms)
  ✔ evidencia_no_aplicada_e2_pkey: index_valid (0.225023ms)
  ✔ evidencia_no_aplicada_e2_abono_id_key: missing (0.170156ms)
  ✔ evidencia_no_aplicada_e2_abono_id_key: table_name (0.225202ms)
  ✔ evidencia_no_aplicada_e2_abono_id_key: definition (0.262172ms)
  ✔ evidencia_no_aplicada_e2_abono_id_key: convalidated (0.243995ms)
  ✔ evidencia_no_aplicada_e2_abono_id_key: condeferrable (0.181207ms)
  ✔ evidencia_no_aplicada_e2_abono_id_key: condeferred (0.176346ms)
  ✔ evidencia_no_aplicada_e2_abono_id_key: index_valid (0.163647ms)
  ✔ evidencia_no_aplicada_e2_cobro_clave_key: missing (0.1461ms)
  ✔ evidencia_no_aplicada_e2_cobro_clave_key: table_name (0.826095ms)
  ✔ evidencia_no_aplicada_e2_cobro_clave_key: definition (0.323368ms)
  ✔ evidencia_no_aplicada_e2_cobro_clave_key: convalidated (0.173683ms)
  ✔ evidencia_no_aplicada_e2_cobro_clave_key: condeferrable (0.160247ms)
  ✔ evidencia_no_aplicada_e2_cobro_clave_key: condeferred (0.157717ms)
  ✔ evidencia_no_aplicada_e2_cobro_clave_key: index_valid (0.197062ms)
  ✔ evidencia_no_aplicada_e2_cobro_productor_cobro_clave_fkey: missing (0.162304ms)
  ✔ evidencia_no_aplicada_e2_cobro_productor_cobro_clave_fkey: table_name (0.165681ms)
  ✔ evidencia_no_aplicada_e2_cobro_productor_cobro_clave_fkey: definition (0.160129ms)
  ✔ evidencia_no_aplicada_e2_cobro_productor_cobro_clave_fkey: convalidated (0.184868ms)
  ✔ evidencia_no_aplicada_e2_cobro_productor_cobro_clave_fkey: condeferrable (0.17888ms)
  ✔ evidencia_no_aplicada_e2_cobro_productor_cobro_clave_fkey: condeferred (0.162085ms)
  ✔ evidencia_no_aplicada_e2_cobro_productor_cobro_clave_fkey: index_valid (0.229764ms)
  ✔ evidencia_no_aplicada_e2_abono_id_fkey: missing (0.156424ms)
  ✔ evidencia_no_aplicada_e2_abono_id_fkey: table_name (0.190358ms)
  ✔ evidencia_no_aplicada_e2_abono_id_fkey: definition (0.166403ms)
  ✔ evidencia_no_aplicada_e2_abono_id_fkey: convalidated (0.156442ms)
  ✔ evidencia_no_aplicada_e2_abono_id_fkey: condeferrable (0.152934ms)
  ✔ evidencia_no_aplicada_e2_abono_id_fkey: condeferred (0.165229ms)
  ✔ evidencia_no_aplicada_e2_abono_id_fkey: index_valid (0.244971ms)
  ✔ evidencia_no_aplicada_e2_cliente_id_fkey: missing (0.157929ms)
  ✔ evidencia_no_aplicada_e2_cliente_id_fkey: table_name (0.156799ms)
  ✔ evidencia_no_aplicada_e2_cliente_id_fkey: definition (0.156473ms)
  ✔ evidencia_no_aplicada_e2_cliente_id_fkey: convalidated (0.163664ms)
  ✔ evidencia_no_aplicada_e2_cliente_id_fkey: condeferrable (0.340839ms)
  ✔ evidencia_no_aplicada_e2_cliente_id_fkey: condeferred (0.204446ms)
  ✔ evidencia_no_aplicada_e2_cliente_id_fkey: index_valid (0.17298ms)
  ✔ evidencia_no_aplicada_e2_importe_check: missing (0.149378ms)
  ✔ evidencia_no_aplicada_e2_importe_check: table_name (0.191417ms)
  ✔ evidencia_no_aplicada_e2_importe_check: definition (0.166916ms)
  ✔ evidencia_no_aplicada_e2_importe_check: convalidated (0.162903ms)
  ✔ evidencia_no_aplicada_e2_importe_check: condeferrable (0.165469ms)
  ✔ evidencia_no_aplicada_e2_importe_check: condeferred (0.16404ms)
  ✔ evidencia_no_aplicada_e2_importe_check: index_valid (0.29569ms)
  ✔ evidencia_no_aplicada_e2_forma_pago_check: missing (0.306762ms)
  ✔ evidencia_no_aplicada_e2_forma_pago_check: table_name (0.229719ms)
  ✔ evidencia_no_aplicada_e2_forma_pago_check: definition (0.265593ms)
  ✔ evidencia_no_aplicada_e2_forma_pago_check: convalidated (0.176496ms)
  ✔ evidencia_no_aplicada_e2_forma_pago_check: condeferrable (0.175922ms)
  ✔ evidencia_no_aplicada_e2_forma_pago_check: condeferred (0.167887ms)
  ✔ evidencia_no_aplicada_e2_forma_pago_check: index_valid (0.204577ms)
  ✔ evidencia_no_aplicada_e2_naturaleza_check: missing (0.286758ms)
  ✔ evidencia_no_aplicada_e2_naturaleza_check: table_name (0.175961ms)
  ✔ evidencia_no_aplicada_e2_naturaleza_check: definition (0.208519ms)
  ✔ evidencia_no_aplicada_e2_naturaleza_check: convalidated (0.21372ms)
  ✔ evidencia_no_aplicada_e2_naturaleza_check: condeferrable (0.170768ms)
  ✔ evidencia_no_aplicada_e2_naturaleza_check: condeferred (0.159683ms)
  ✔ evidencia_no_aplicada_e2_naturaleza_check: index_valid (0.160959ms)
  ✔ evidencia_no_aplicada_e2_check: missing (0.145636ms)
  ✔ evidencia_no_aplicada_e2_check: table_name (0.207015ms)
  ✔ evidencia_no_aplicada_e2_check: definition (0.181458ms)
  ✔ evidencia_no_aplicada_e2_check: convalidated (0.17019ms)
  ✔ evidencia_no_aplicada_e2_check: condeferrable (0.160609ms)
  ✔ evidencia_no_aplicada_e2_check: condeferred (0.256297ms)
  ✔ evidencia_no_aplicada_e2_check: index_valid (0.583007ms)
  ✔ e2_finalization_immutable: missing (0.319471ms)
  ✔ e2_finalization_immutable: prosrc (0.274542ms)
  ✔ e2_finalization_immutable: prokind (0.210369ms)
  ✔ e2_finalization_immutable: provolatile (0.24284ms)
  ✔ e2_finalization_immutable: proparallel (0.226498ms)
  ✔ e2_finalization_immutable: prosecdef (0.225647ms)
  ✔ e2_finalization_immutable: proleakproof (0.281415ms)
  ✔ e2_finalization_immutable: proisstrict (0.258882ms)
  ✔ e2_finalization_immutable: proretset (0.212197ms)
  ✔ e2_finalization_immutable: proacl (0.197532ms)
  ✔ e2_finalization_immutable: proconfig (0.228148ms)
  ✔ e2_finalization_immutable: language_name (0.23987ms)
  ✔ e2_finalization_immutable: owner_name (0.203819ms)
  ✔ e2_finalization_immutable: result_type (0.193735ms)
  ✔ e2_finalization_immutable: identity_arguments (0.223025ms)
  ✔ e2_finalization_immutable: tgenabled (0.296254ms)
  ✔ e2_finalization_immutable: tgtype (0.19483ms)
  ✔ e2_finalization_immutable: table_name (0.186805ms)
  ✔ e2_finalization_immutable: function_name (0.237386ms)
  ✔ e2_finalization_immutable: function_schema (0.299725ms)
  ✔ e2_finalization_immutable: args_length (0.441894ms)
  ✔ e2_finalization_immutable: trigger_attr (0.406765ms)
  ✔ e2_finalization_immutable: has_parent (0.417187ms)
  ✔ e2_finalization_immutable: has_qual (0.221502ms)
  ✔ e2_finalization_immutable: has_constraint (0.197207ms)
  ✔ e2_finalization_immutable: tgdeferrable (0.282216ms)
  ✔ e2_finalization_immutable: tginitdeferred (0.257563ms)
  ✔ e2_validate_abono_finalization: missing (0.181776ms)
  ✔ e2_validate_abono_finalization: prosrc (0.292146ms)
  ✔ e2_validate_abono_finalization: prokind (0.228161ms)
  ✔ e2_validate_abono_finalization: provolatile (0.198128ms)
  ✔ e2_validate_abono_finalization: proparallel (0.200032ms)
  ✔ e2_validate_abono_finalization: prosecdef (0.360043ms)
  ✔ e2_validate_abono_finalization: proleakproof (0.245162ms)
  ✔ e2_validate_abono_finalization: proisstrict (0.211457ms)
  ✔ e2_validate_abono_finalization: proretset (0.198941ms)
  ✔ e2_validate_abono_finalization: proacl (0.286718ms)
  ✔ e2_validate_abono_finalization: proconfig (0.281484ms)
  ✔ e2_validate_abono_finalization: language_name (0.214458ms)
  ✔ e2_validate_abono_finalization: owner_name (0.23633ms)
  ✔ e2_validate_abono_finalization: result_type (0.22415ms)
  ✔ e2_validate_abono_finalization: identity_arguments (0.293216ms)
  ✔ e2_validate_abono_finalization: tgenabled (0.229967ms)
  ✔ e2_validate_abono_finalization: tgtype (0.246558ms)
  ✔ e2_validate_abono_finalization: table_name (0.203249ms)
  ✔ e2_validate_abono_finalization: function_name (0.207916ms)
  ✔ e2_validate_abono_finalization: function_schema (0.207356ms)
  ✔ e2_validate_abono_finalization: args_length (0.249913ms)
  ✔ e2_validate_abono_finalization: trigger_attr (0.199695ms)
  ✔ e2_validate_abono_finalization: has_parent (0.196256ms)
  ✔ e2_validate_abono_finalization: has_qual (0.193469ms)
  ✔ e2_validate_abono_finalization: has_constraint (0.283082ms)
  ✔ e2_validate_abono_finalization: tgdeferrable (0.211528ms)
  ✔ e2_validate_abono_finalization: tginitdeferred (0.197686ms)
  ✔ e2_proof_immutable: missing (0.175251ms)
  ✔ e2_proof_immutable: prosrc (0.242315ms)
  ✔ e2_proof_immutable: prokind (0.270607ms)
  ✔ e2_proof_immutable: provolatile (0.202687ms)
  ✔ e2_proof_immutable: proparallel (0.196123ms)
  ✔ e2_proof_immutable: prosecdef (0.216124ms)
  ✔ e2_proof_immutable: proleakproof (0.26329ms)
  ✔ e2_proof_immutable: proisstrict (0.269025ms)
  ✔ e2_proof_immutable: proretset (0.360529ms)
  ✔ e2_proof_immutable: proacl (0.442002ms)
  ✔ e2_proof_immutable: proconfig (0.846142ms)
  ✔ e2_proof_immutable: language_name (0.534138ms)
  ✔ e2_proof_immutable: owner_name (0.29985ms)
  ✔ e2_proof_immutable: result_type (0.224173ms)
  ✔ e2_proof_immutable: identity_arguments (0.290961ms)
  ✔ e2_proof_immutable: tgenabled (0.214006ms)
  ✔ e2_proof_immutable: tgtype (0.200557ms)
  ✔ e2_proof_immutable: table_name (0.239687ms)
  ✔ e2_proof_immutable: function_name (0.219275ms)
  ✔ e2_proof_immutable: function_schema (0.197507ms)
  ✔ e2_proof_immutable: args_length (0.203807ms)
  ✔ e2_proof_immutable: trigger_attr (0.231911ms)
  ✔ e2_proof_immutable: has_parent (0.224539ms)
  ✔ e2_proof_immutable: has_qual (0.198447ms)
  ✔ e2_proof_immutable: has_constraint (0.194852ms)
  ✔ e2_proof_immutable: tgdeferrable (0.225332ms)
  ✔ e2_proof_immutable: tginitdeferred (0.208902ms)
  ✔ e2_validate_unused_proof: missing (0.176138ms)
  ✔ e2_validate_unused_proof: prosrc (0.210098ms)
  ✔ e2_validate_unused_proof: prokind (0.359946ms)
  ✔ e2_validate_unused_proof: provolatile (0.267877ms)
  ✔ e2_validate_unused_proof: proparallel (0.215957ms)
  ✔ e2_validate_unused_proof: prosecdef (0.337821ms)
  ✔ e2_validate_unused_proof: proleakproof (0.304974ms)
  ✔ e2_validate_unused_proof: proisstrict (0.207559ms)
  ✔ e2_validate_unused_proof: proretset (0.268761ms)
  ✔ e2_validate_unused_proof: proacl (0.338488ms)
  ✔ e2_validate_unused_proof: proconfig (0.247785ms)
  ✔ e2_validate_unused_proof: language_name (0.210257ms)
  ✔ e2_validate_unused_proof: owner_name (0.223377ms)
  ✔ e2_validate_unused_proof: result_type (0.209667ms)
  ✔ e2_validate_unused_proof: identity_arguments (0.20104ms)
  ✔ e2_validate_unused_proof: tgenabled (0.197847ms)
  ✔ e2_validate_unused_proof: tgtype (0.222068ms)
  ✔ e2_validate_unused_proof: table_name (0.203384ms)
  ✔ e2_validate_unused_proof: function_name (0.55896ms)
  ✔ e2_validate_unused_proof: function_schema (0.239705ms)
  ✔ e2_validate_unused_proof: args_length (0.210088ms)
  ✔ e2_validate_unused_proof: trigger_attr (0.461353ms)
  ✔ e2_validate_unused_proof: has_parent (0.284389ms)
  ✔ e2_validate_unused_proof: has_qual (0.201531ms)
  ✔ e2_validate_unused_proof: has_constraint (0.20384ms)
  ✔ e2_validate_unused_proof: tgdeferrable (0.282295ms)
  ✔ e2_validate_unused_proof: tginitdeferred (0.211837ms)
  ✔ e2_abono_finalization_complete: missing (0.1716ms)
  ✔ e2_abono_finalization_complete: prosrc (0.197096ms)
  ✔ e2_abono_finalization_complete: prokind (0.246501ms)
  ✔ e2_abono_finalization_complete: provolatile (0.207385ms)
  ✔ e2_abono_finalization_complete: proparallel (0.215564ms)
  ✔ e2_abono_finalization_complete: prosecdef (0.21253ms)
  ✔ e2_abono_finalization_complete: proleakproof (0.243162ms)
  ✔ e2_abono_finalization_complete: proisstrict (0.219227ms)
  ✔ e2_abono_finalization_complete: proretset (0.204222ms)
  ✔ e2_abono_finalization_complete: proacl (0.201269ms)
  ✔ e2_abono_finalization_complete: proconfig (0.297407ms)
  ✔ e2_abono_finalization_complete: language_name (0.218186ms)
  ✔ e2_abono_finalization_complete: owner_name (0.208148ms)
  ✔ e2_abono_finalization_complete: result_type (0.253221ms)
  ✔ e2_abono_finalization_complete: identity_arguments (8.34767ms)
  ✔ e2_abono_finalization_complete: tgenabled (0.28269ms)
  ✔ e2_abono_finalization_complete: tgtype (0.285775ms)
  ✔ e2_abono_finalization_complete: table_name (1.034657ms)
  ✔ e2_abono_finalization_complete: function_name (0.264759ms)
  ✔ e2_abono_finalization_complete: function_schema (0.242106ms)
  ✔ e2_abono_finalization_complete: args_length (0.330795ms)
  ✔ e2_abono_finalization_complete: trigger_attr (0.23027ms)
  ✔ e2_abono_finalization_complete: has_parent (0.249229ms)
  ✔ e2_abono_finalization_complete: has_qual (0.3114ms)
  ✔ e2_abono_finalization_complete: has_constraint (0.24787ms)
  ✔ e2_abono_finalization_complete: tgdeferrable (0.222308ms)
  ✔ e2_abono_finalization_complete: tginitdeferred (0.206423ms)
  ✔ e2_capture_application_order: missing (0.208643ms)
  ✔ e2_capture_application_order: prosrc (0.209793ms)
  ✔ e2_capture_application_order: prokind (0.2032ms)
  ✔ e2_capture_application_order: provolatile (0.205238ms)
  ✔ e2_capture_application_order: proparallel (0.246433ms)
  ✔ e2_capture_application_order: prosecdef (0.210757ms)
  ✔ e2_capture_application_order: proleakproof (0.20224ms)
  ✔ e2_capture_application_order: proisstrict (0.200533ms)
  ✔ e2_capture_application_order: proretset (0.293303ms)
  ✔ e2_capture_application_order: proacl (0.460336ms)
  ✔ e2_capture_application_order: proconfig (0.27257ms)
  ✔ e2_capture_application_order: language_name (0.23248ms)
  ✔ e2_capture_application_order: owner_name (0.277923ms)
  ✔ e2_capture_application_order: result_type (0.214543ms)
  ✔ e2_capture_application_order: identity_arguments (0.238289ms)
  ✔ e2_capture_application_order: tgenabled (0.208794ms)
  ✔ e2_capture_application_order: tgtype (0.206521ms)
  ✔ e2_capture_application_order: table_name (0.292031ms)
  ✔ e2_capture_application_order: function_name (0.231829ms)
  ✔ e2_capture_application_order: function_schema (0.205343ms)
  ✔ e2_capture_application_order: args_length (0.213905ms)
  ✔ e2_capture_application_order: trigger_attr (0.311797ms)
  ✔ e2_capture_application_order: has_parent (0.225087ms)
  ✔ e2_capture_application_order: has_qual (0.210267ms)
  ✔ e2_capture_application_order: has_constraint (0.278875ms)
  ✔ e2_capture_application_order: tgdeferrable (0.216179ms)
  ✔ e2_capture_application_order: tginitdeferred (0.210754ms)
  ✔ e2_finalize_new_abono: missing (0.372854ms)
  ✔ e2_finalize_new_abono: prosrc (0.262864ms)
  ✔ e2_finalize_new_abono: prokind (0.22777ms)
  ✔ e2_finalize_new_abono: provolatile (0.453103ms)
  ✔ e2_finalize_new_abono: proparallel (0.264439ms)
  ✔ e2_finalize_new_abono: prosecdef (0.316177ms)
  ✔ e2_finalize_new_abono: proleakproof (0.492332ms)
  ✔ e2_finalize_new_abono: proisstrict (0.353585ms)
  ✔ e2_finalize_new_abono: proretset (0.320494ms)
  ✔ e2_finalize_new_abono: proacl (0.239436ms)
  ✔ e2_finalize_new_abono: proconfig (0.394974ms)
  ✔ e2_finalize_new_abono: language_name (0.264232ms)
  ✔ e2_finalize_new_abono: owner_name (0.342239ms)
  ✔ e2_finalize_new_abono: result_type (0.359134ms)
  ✔ e2_finalize_new_abono: identity_arguments (0.333131ms)
  ✔ e2_attest_new_retained: missing (0.246772ms)
  ✔ e2_attest_new_retained: prosrc (0.316732ms)
  ✔ e2_attest_new_retained: prokind (0.295492ms)
  ✔ e2_attest_new_retained: provolatile (0.251402ms)
  ✔ e2_attest_new_retained: proparallel (0.274486ms)
  ✔ e2_attest_new_retained: prosecdef (0.244325ms)
  ✔ e2_attest_new_retained: proleakproof (0.226342ms)
  ✔ e2_attest_new_retained: proisstrict (0.313206ms)
  ✔ e2_attest_new_retained: proretset (0.241812ms)
  ✔ e2_attest_new_retained: proacl (0.227288ms)
  ✔ e2_attest_new_retained: proconfig (0.228323ms)
  ✔ e2_attest_new_retained: language_name (0.269623ms)
  ✔ e2_attest_new_retained: owner_name (0.23372ms)
  ✔ e2_attest_new_retained: result_type (0.224945ms)
  ✔ e2_attest_new_retained: identity_arguments (0.517764ms)
✔ A+C mock preflight independently rejects each catalog drift (170.34391ms)
ℹ tests 428
ℹ suites 0
ℹ pass 428
ℹ fail 0
ℹ cancelled 0
ℹ skipped 0
ℹ todo 0
ℹ duration_ms 630.863474
