✖ mounted ordinary producer: UNUSED/PARTIAL/FULL and FIFO persistence ordering (111.919745ms)
✔ mounted directed approval finalizes FULL only after its application (39.624731ms)
✔ actual core rejects directed result/amount mismatches before persistence (0.779654ms)
✔ positive proof is mandatory in the real refund service (76.499017ms)
✔ real refund service accepts both origins and rejects absent/used ABONO finalization (65.221808ms)
✔ R4 application-order guard exists in prepared SQL (LEXICAL ONLY, not SQL semantics) (0.426547ms)
▶ A+C mock preflight independently rejects each catalog drift
  ✔ finalizaciones_abono_e2.abono_id: missing (0.49149ms)
  ✔ finalizaciones_abono_e2.abono_id: data_type (0.452485ms)
  ✔ finalizaciones_abono_e2.abono_id: is_nullable (0.522091ms)
  ✔ finalizaciones_abono_e2.abono_id: column_default (0.368363ms)
  ✔ finalizaciones_abono_e2.operacion_productor: missing (0.253608ms)
  ✔ finalizaciones_abono_e2.operacion_productor: data_type (0.216533ms)
  ✔ finalizaciones_abono_e2.operacion_productor: is_nullable (0.328588ms)
  ✔ finalizaciones_abono_e2.operacion_productor: column_default (0.235531ms)
  ✔ finalizaciones_abono_e2.operacion_clave: missing (0.200573ms)
  ✔ finalizaciones_abono_e2.operacion_clave: data_type (0.379543ms)
  ✔ finalizaciones_abono_e2.operacion_clave: is_nullable (0.205299ms)
  ✔ finalizaciones_abono_e2.operacion_clave: column_default (0.236166ms)
  ✔ finalizaciones_abono_e2.cliente_id: missing (0.382455ms)
  ✔ finalizaciones_abono_e2.cliente_id: data_type (0.21286ms)
  ✔ finalizaciones_abono_e2.cliente_id: is_nullable (0.255141ms)
  ✔ finalizaciones_abono_e2.cliente_id: column_default (0.242876ms)
  ✔ finalizaciones_abono_e2.importe: missing (0.195446ms)
  ✔ finalizaciones_abono_e2.importe: data_type (0.185519ms)
  ✔ finalizaciones_abono_e2.importe: is_nullable (0.181367ms)
  ✔ finalizaciones_abono_e2.importe: column_default (0.183157ms)
  ✔ finalizaciones_abono_e2.importe: numeric_precision (0.195996ms)
  ✔ finalizaciones_abono_e2.importe: numeric_scale (0.292206ms)
  ✔ finalizaciones_abono_e2.resultado: missing (0.230504ms)
  ✔ finalizaciones_abono_e2.resultado: data_type (0.218845ms)
  ✔ finalizaciones_abono_e2.resultado: is_nullable (0.289667ms)
  ✔ finalizaciones_abono_e2.resultado: column_default (0.310893ms)
  ✔ finalizaciones_abono_e2.aplicado: missing (0.356641ms)
  ✔ finalizaciones_abono_e2.aplicado: data_type (0.207292ms)
  ✔ finalizaciones_abono_e2.aplicado: is_nullable (0.27237ms)
  ✔ finalizaciones_abono_e2.aplicado: column_default (0.269861ms)
  ✔ finalizaciones_abono_e2.aplicado: numeric_precision (0.256003ms)
  ✔ finalizaciones_abono_e2.aplicado: numeric_scale (0.189313ms)
  ✔ finalizaciones_abono_e2.evaluacion: missing (0.171314ms)
  ✔ finalizaciones_abono_e2.evaluacion: data_type (0.284828ms)
  ✔ finalizaciones_abono_e2.evaluacion: is_nullable (0.286904ms)
  ✔ finalizaciones_abono_e2.evaluacion: column_default (0.167841ms)
  ✔ finalizaciones_abono_e2.contrato_revision: missing (0.19581ms)
  ✔ finalizaciones_abono_e2.contrato_revision: data_type (0.178079ms)
  ✔ finalizaciones_abono_e2.contrato_revision: is_nullable (0.16397ms)
  ✔ finalizaciones_abono_e2.contrato_revision: column_default (0.160138ms)
  ✔ finalizaciones_abono_e2.created_at: missing (0.160845ms)
  ✔ finalizaciones_abono_e2.created_at: data_type (0.251381ms)
  ✔ finalizaciones_abono_e2.created_at: is_nullable (0.245042ms)
  ✔ finalizaciones_abono_e2.created_at: column_default (0.177455ms)
  ✔ evidencia_no_aplicada_e2.fuente: missing (0.256606ms)
  ✔ evidencia_no_aplicada_e2.fuente: data_type (0.186178ms)
  ✔ evidencia_no_aplicada_e2.fuente: is_nullable (0.167919ms)
  ✔ evidencia_no_aplicada_e2.fuente: column_default (0.163111ms)
  ✔ evidencia_no_aplicada_e2.abono_id: missing (0.157733ms)
  ✔ evidencia_no_aplicada_e2.abono_id: data_type (0.18964ms)
  ✔ evidencia_no_aplicada_e2.abono_id: is_nullable (0.173614ms)
  ✔ evidencia_no_aplicada_e2.abono_id: column_default (0.164031ms)
  ✔ evidencia_no_aplicada_e2.cobro_productor: missing (0.158042ms)
  ✔ evidencia_no_aplicada_e2.cobro_productor: data_type (0.161088ms)
  ✔ evidencia_no_aplicada_e2.cobro_productor: is_nullable (0.236889ms)
  ✔ evidencia_no_aplicada_e2.cobro_productor: column_default (0.171846ms)
  ✔ evidencia_no_aplicada_e2.cobro_clave: missing (0.162856ms)
  ✔ evidencia_no_aplicada_e2.cobro_clave: data_type (0.156424ms)
  ✔ evidencia_no_aplicada_e2.cobro_clave: is_nullable (0.161831ms)
  ✔ evidencia_no_aplicada_e2.cobro_clave: column_default (0.235953ms)
  ✔ evidencia_no_aplicada_e2.cliente_id: missing (0.163401ms)
  ✔ evidencia_no_aplicada_e2.cliente_id: data_type (0.301074ms)
  ✔ evidencia_no_aplicada_e2.cliente_id: is_nullable (0.253765ms)
  ✔ evidencia_no_aplicada_e2.cliente_id: column_default (0.171133ms)
  ✔ evidencia_no_aplicada_e2.importe: missing (0.1613ms)
  ✔ evidencia_no_aplicada_e2.importe: data_type (0.1748ms)
  ✔ evidencia_no_aplicada_e2.importe: is_nullable (0.166618ms)
  ✔ evidencia_no_aplicada_e2.importe: column_default (0.21053ms)
  ✔ evidencia_no_aplicada_e2.importe: numeric_precision (0.16412ms)
  ✔ evidencia_no_aplicada_e2.importe: numeric_scale (0.161086ms)
  ✔ evidencia_no_aplicada_e2.forma_pago: missing (0.229808ms)
  ✔ evidencia_no_aplicada_e2.forma_pago: data_type (0.224844ms)
  ✔ evidencia_no_aplicada_e2.forma_pago: is_nullable (0.173654ms)
  ✔ evidencia_no_aplicada_e2.forma_pago: column_default (0.164442ms)
  ✔ evidencia_no_aplicada_e2.naturaleza: missing (0.160632ms)
  ✔ evidencia_no_aplicada_e2.naturaleza: data_type (0.163741ms)
  ✔ evidencia_no_aplicada_e2.naturaleza: is_nullable (0.217005ms)
  ✔ evidencia_no_aplicada_e2.naturaleza: column_default (0.239967ms)
  ✔ evidencia_no_aplicada_e2.created_at: missing (0.176973ms)
  ✔ evidencia_no_aplicada_e2.created_at: data_type (0.268935ms)
  ✔ evidencia_no_aplicada_e2.created_at: is_nullable (0.177832ms)
  ✔ evidencia_no_aplicada_e2.created_at: column_default (0.166917ms)
  ✔ finalizaciones_abono_e2_pkey: missing (0.572907ms)
  ✔ finalizaciones_abono_e2_pkey: table_name (0.358232ms)
  ✔ finalizaciones_abono_e2_pkey: definition (0.346911ms)
  ✔ finalizaciones_abono_e2_pkey: convalidated (0.245399ms)
  ✔ finalizaciones_abono_e2_pkey: condeferrable (0.187841ms)
  ✔ finalizaciones_abono_e2_pkey: condeferred (0.176873ms)
  ✔ finalizaciones_abono_e2_pkey: index_valid (0.259466ms)
  ✔ finalizaciones_abono_e2_abono_id_fkey: missing (0.206652ms)
  ✔ finalizaciones_abono_e2_abono_id_fkey: table_name (0.183028ms)
  ✔ finalizaciones_abono_e2_abono_id_fkey: definition (0.230803ms)
  ✔ finalizaciones_abono_e2_abono_id_fkey: convalidated (0.23396ms)
  ✔ finalizaciones_abono_e2_abono_id_fkey: condeferrable (0.180043ms)
  ✔ finalizaciones_abono_e2_abono_id_fkey: condeferred (0.169206ms)
  ✔ finalizaciones_abono_e2_abono_id_fkey: index_valid (0.176577ms)
  ✔ finalizaciones_abono_e2_cliente_id_fkey: missing (0.295009ms)
  ✔ finalizaciones_abono_e2_cliente_id_fkey: table_name (0.249062ms)
  ✔ finalizaciones_abono_e2_cliente_id_fkey: definition (0.18739ms)
  ✔ finalizaciones_abono_e2_cliente_id_fkey: convalidated (0.217717ms)
  ✔ finalizaciones_abono_e2_cliente_id_fkey: condeferrable (0.196391ms)
  ✔ finalizaciones_abono_e2_cliente_id_fkey: condeferred (0.180419ms)
  ✔ finalizaciones_abono_e2_cliente_id_fkey: index_valid (0.174029ms)
  ✔ finalizaciones_abono_e2_operacion_productor_operacion_clave_key: missing (0.167702ms)
  ✔ finalizaciones_abono_e2_operacion_productor_operacion_clave_key: table_name (0.355842ms)
  ✔ finalizaciones_abono_e2_operacion_productor_operacion_clave_key: definition (0.20332ms)
  ✔ finalizaciones_abono_e2_operacion_productor_operacion_clave_key: convalidated (0.314571ms)
  ✔ finalizaciones_abono_e2_operacion_productor_operacion_clave_key: condeferrable (0.248439ms)
  ✔ finalizaciones_abono_e2_operacion_productor_operacion_clave_key: condeferred (0.179283ms)
  ✔ finalizaciones_abono_e2_operacion_productor_operacion_clave_key: index_valid (0.179289ms)
  ✔ finalizaciones_abono_e2_importe_check: missing (0.169361ms)
  ✔ finalizaciones_abono_e2_importe_check: table_name (0.206347ms)
  ✔ finalizaciones_abono_e2_importe_check: definition (0.182147ms)
  ✔ finalizaciones_abono_e2_importe_check: convalidated (0.174992ms)
  ✔ finalizaciones_abono_e2_importe_check: condeferrable (0.168159ms)
  ✔ finalizaciones_abono_e2_importe_check: condeferred (0.173618ms)
  ✔ finalizaciones_abono_e2_importe_check: index_valid (0.225256ms)
  ✔ finalizaciones_abono_e2_resultado_check: missing (0.169808ms)
  ✔ finalizaciones_abono_e2_resultado_check: table_name (0.23048ms)
  ✔ finalizaciones_abono_e2_resultado_check: definition (0.190991ms)
  ✔ finalizaciones_abono_e2_resultado_check: convalidated (0.241032ms)
  ✔ finalizaciones_abono_e2_resultado_check: condeferrable (0.217171ms)
  ✔ finalizaciones_abono_e2_resultado_check: condeferred (0.208345ms)
  ✔ finalizaciones_abono_e2_resultado_check: index_valid (0.215947ms)
  ✔ finalizaciones_abono_e2_aplicado_check: missing (0.182666ms)
  ✔ finalizaciones_abono_e2_aplicado_check: table_name (0.181156ms)
  ✔ finalizaciones_abono_e2_aplicado_check: definition (0.183584ms)
  ✔ finalizaciones_abono_e2_aplicado_check: convalidated (0.175669ms)
  ✔ finalizaciones_abono_e2_aplicado_check: condeferrable (0.225091ms)
  ✔ finalizaciones_abono_e2_aplicado_check: condeferred (0.181792ms)
  ✔ finalizaciones_abono_e2_aplicado_check: index_valid (0.178281ms)
  ✔ finalizaciones_abono_e2_evaluacion_check: missing (0.167979ms)
  ✔ finalizaciones_abono_e2_evaluacion_check: table_name (0.216065ms)
  ✔ finalizaciones_abono_e2_evaluacion_check: definition (0.190527ms)
  ✔ finalizaciones_abono_e2_evaluacion_check: convalidated (0.183949ms)
  ✔ finalizaciones_abono_e2_evaluacion_check: condeferrable (0.182295ms)
  ✔ finalizaciones_abono_e2_evaluacion_check: condeferred (0.179032ms)
  ✔ finalizaciones_abono_e2_evaluacion_check: index_valid (0.268558ms)
  ✔ finalizaciones_abono_e2_contrato_revision_check: missing (0.184291ms)
  ✔ finalizaciones_abono_e2_contrato_revision_check: table_name (0.182116ms)
  ✔ finalizaciones_abono_e2_contrato_revision_check: definition (0.183411ms)
  ✔ finalizaciones_abono_e2_contrato_revision_check: convalidated (0.28114ms)
  ✔ finalizaciones_abono_e2_contrato_revision_check: condeferrable (0.245717ms)
  ✔ finalizaciones_abono_e2_contrato_revision_check: condeferred (0.232058ms)
  ✔ finalizaciones_abono_e2_contrato_revision_check: index_valid (0.283964ms)
  ✔ finalizaciones_abono_e2_check: missing (0.191882ms)
  ✔ finalizaciones_abono_e2_check: table_name (0.20764ms)
  ✔ finalizaciones_abono_e2_check: definition (0.199476ms)
  ✔ finalizaciones_abono_e2_check: convalidated (0.225964ms)
  ✔ finalizaciones_abono_e2_check: condeferrable (0.206204ms)
  ✔ finalizaciones_abono_e2_check: condeferred (0.184224ms)
  ✔ finalizaciones_abono_e2_check: index_valid (0.186618ms)
  ✔ finalizaciones_abono_e2_operacion_productor_check: missing (0.163446ms)
  ✔ finalizaciones_abono_e2_operacion_productor_check: table_name (0.222257ms)
  ✔ finalizaciones_abono_e2_operacion_productor_check: definition (0.232831ms)
  ✔ finalizaciones_abono_e2_operacion_productor_check: convalidated (0.214522ms)
  ✔ finalizaciones_abono_e2_operacion_productor_check: condeferrable (0.22368ms)
  ✔ finalizaciones_abono_e2_operacion_productor_check: condeferred (0.209553ms)
  ✔ finalizaciones_abono_e2_operacion_productor_check: index_valid (0.188057ms)
  ✔ evidencia_no_aplicada_e2_pkey: missing (0.170214ms)
  ✔ evidencia_no_aplicada_e2_pkey: table_name (0.226348ms)
  ✔ evidencia_no_aplicada_e2_pkey: definition (0.410423ms)
  ✔ evidencia_no_aplicada_e2_pkey: convalidated (0.340092ms)
  ✔ evidencia_no_aplicada_e2_pkey: condeferrable (0.355931ms)
  ✔ evidencia_no_aplicada_e2_pkey: condeferred (0.316791ms)
  ✔ evidencia_no_aplicada_e2_pkey: index_valid (0.221527ms)
  ✔ evidencia_no_aplicada_e2_abono_id_key: missing (0.258326ms)
  ✔ evidencia_no_aplicada_e2_abono_id_key: table_name (0.241886ms)
  ✔ evidencia_no_aplicada_e2_abono_id_key: definition (0.32661ms)
  ✔ evidencia_no_aplicada_e2_abono_id_key: convalidated (0.242008ms)
  ✔ evidencia_no_aplicada_e2_abono_id_key: condeferrable (0.206244ms)
  ✔ evidencia_no_aplicada_e2_abono_id_key: condeferred (0.192055ms)
  ✔ evidencia_no_aplicada_e2_abono_id_key: index_valid (0.183947ms)
  ✔ evidencia_no_aplicada_e2_cobro_clave_key: missing (0.197094ms)
  ✔ evidencia_no_aplicada_e2_cobro_clave_key: table_name (0.273544ms)
  ✔ evidencia_no_aplicada_e2_cobro_clave_key: definition (0.753785ms)
  ✔ evidencia_no_aplicada_e2_cobro_clave_key: convalidated (0.250553ms)
  ✔ evidencia_no_aplicada_e2_cobro_clave_key: condeferrable (0.195199ms)
  ✔ evidencia_no_aplicada_e2_cobro_clave_key: condeferred (4.61582ms)
  ✔ evidencia_no_aplicada_e2_cobro_clave_key: index_valid (0.286437ms)
  ✔ evidencia_no_aplicada_e2_cobro_productor_cobro_clave_fkey: missing (0.182934ms)
  ✔ evidencia_no_aplicada_e2_cobro_productor_cobro_clave_fkey: table_name (0.167824ms)
  ✔ evidencia_no_aplicada_e2_cobro_productor_cobro_clave_fkey: definition (0.159655ms)
  ✔ evidencia_no_aplicada_e2_cobro_productor_cobro_clave_fkey: convalidated (0.175338ms)
  ✔ evidencia_no_aplicada_e2_cobro_productor_cobro_clave_fkey: condeferrable (0.237523ms)
  ✔ evidencia_no_aplicada_e2_cobro_productor_cobro_clave_fkey: condeferred (0.158156ms)
  ✔ evidencia_no_aplicada_e2_cobro_productor_cobro_clave_fkey: index_valid (0.234974ms)
  ✔ evidencia_no_aplicada_e2_abono_id_fkey: missing (0.154152ms)
  ✔ evidencia_no_aplicada_e2_abono_id_fkey: table_name (0.183491ms)
  ✔ evidencia_no_aplicada_e2_abono_id_fkey: definition (0.176716ms)
  ✔ evidencia_no_aplicada_e2_abono_id_fkey: convalidated (0.155057ms)
  ✔ evidencia_no_aplicada_e2_abono_id_fkey: condeferrable (0.15994ms)
  ✔ evidencia_no_aplicada_e2_abono_id_fkey: condeferred (0.158925ms)
  ✔ evidencia_no_aplicada_e2_abono_id_fkey: index_valid (0.151362ms)
  ✔ evidencia_no_aplicada_e2_cliente_id_fkey: missing (0.154279ms)
  ✔ evidencia_no_aplicada_e2_cliente_id_fkey: table_name (0.156318ms)
  ✔ evidencia_no_aplicada_e2_cliente_id_fkey: definition (0.152267ms)
  ✔ evidencia_no_aplicada_e2_cliente_id_fkey: convalidated (0.156355ms)
  ✔ evidencia_no_aplicada_e2_cliente_id_fkey: condeferrable (0.307226ms)
  ✔ evidencia_no_aplicada_e2_cliente_id_fkey: condeferred (0.19981ms)
  ✔ evidencia_no_aplicada_e2_cliente_id_fkey: index_valid (0.158829ms)
  ✔ evidencia_no_aplicada_e2_importe_check: missing (0.139756ms)
  ✔ evidencia_no_aplicada_e2_importe_check: table_name (0.147525ms)
  ✔ evidencia_no_aplicada_e2_importe_check: definition (0.189925ms)
  ✔ evidencia_no_aplicada_e2_importe_check: convalidated (0.159858ms)
  ✔ evidencia_no_aplicada_e2_importe_check: condeferrable (0.153114ms)
  ✔ evidencia_no_aplicada_e2_importe_check: condeferred (0.15116ms)
  ✔ evidencia_no_aplicada_e2_importe_check: index_valid (0.15079ms)
  ✔ evidencia_no_aplicada_e2_forma_pago_check: missing (0.174802ms)
  ✔ evidencia_no_aplicada_e2_forma_pago_check: table_name (0.166478ms)
  ✔ evidencia_no_aplicada_e2_forma_pago_check: definition (0.180798ms)
  ✔ evidencia_no_aplicada_e2_forma_pago_check: convalidated (0.171154ms)
  ✔ evidencia_no_aplicada_e2_forma_pago_check: condeferrable (0.152623ms)
  ✔ evidencia_no_aplicada_e2_forma_pago_check: condeferred (0.230503ms)
  ✔ evidencia_no_aplicada_e2_forma_pago_check: index_valid (0.158577ms)
  ✔ evidencia_no_aplicada_e2_naturaleza_check: missing (0.195745ms)
  ✔ evidencia_no_aplicada_e2_naturaleza_check: table_name (0.168318ms)
  ✔ evidencia_no_aplicada_e2_naturaleza_check: definition (0.194343ms)
  ✔ evidencia_no_aplicada_e2_naturaleza_check: convalidated (0.168676ms)
  ✔ evidencia_no_aplicada_e2_naturaleza_check: condeferrable (0.161516ms)
  ✔ evidencia_no_aplicada_e2_naturaleza_check: condeferred (0.155054ms)
  ✔ evidencia_no_aplicada_e2_naturaleza_check: index_valid (0.200859ms)
  ✔ evidencia_no_aplicada_e2_check: missing (0.190344ms)
  ✔ evidencia_no_aplicada_e2_check: table_name (0.164749ms)
  ✔ evidencia_no_aplicada_e2_check: definition (0.165616ms)
  ✔ evidencia_no_aplicada_e2_check: convalidated (0.158408ms)
  ✔ evidencia_no_aplicada_e2_check: condeferrable (0.153928ms)
  ✔ evidencia_no_aplicada_e2_check: condeferred (0.247561ms)
  ✔ evidencia_no_aplicada_e2_check: index_valid (0.176886ms)
  ✔ e2_finalization_immutable: missing (0.276088ms)
  ✔ e2_finalization_immutable: prosrc (0.364613ms)
  ✔ e2_finalization_immutable: prokind (0.220754ms)
  ✔ e2_finalization_immutable: provolatile (0.192597ms)
  ✔ e2_finalization_immutable: proparallel (0.185786ms)
  ✔ e2_finalization_immutable: prosecdef (0.231343ms)
  ✔ e2_finalization_immutable: proleakproof (0.310834ms)
  ✔ e2_finalization_immutable: proisstrict (0.225023ms)
  ✔ e2_finalization_immutable: proretset (0.268472ms)
  ✔ e2_finalization_immutable: proacl (0.208482ms)
  ✔ e2_finalization_immutable: proconfig (0.187206ms)
  ✔ e2_finalization_immutable: language_name (0.17845ms)
  ✔ e2_finalization_immutable: owner_name (0.189ms)
  ✔ e2_finalization_immutable: result_type (0.258054ms)
  ✔ e2_finalization_immutable: identity_arguments (0.199841ms)
  ✔ e2_finalization_immutable: tgenabled (0.230191ms)
  ✔ e2_finalization_immutable: tgtype (0.278425ms)
  ✔ e2_finalization_immutable: table_name (0.215066ms)
  ✔ e2_finalization_immutable: function_name (0.189389ms)
  ✔ e2_finalization_immutable: function_schema (0.237554ms)
  ✔ e2_finalization_immutable: args_length (0.383697ms)
  ✔ e2_finalization_immutable: trigger_attr (0.247761ms)
  ✔ e2_finalization_immutable: has_parent (0.198025ms)
  ✔ e2_finalization_immutable: has_qual (0.226285ms)
  ✔ e2_finalization_immutable: has_constraint (0.179464ms)
  ✔ e2_finalization_immutable: tgdeferrable (0.301267ms)
  ✔ e2_finalization_immutable: tginitdeferred (0.233519ms)
  ✔ e2_validate_abono_finalization: missing (0.186805ms)
  ✔ e2_validate_abono_finalization: prosrc (0.268877ms)
  ✔ e2_validate_abono_finalization: prokind (0.223837ms)
  ✔ e2_validate_abono_finalization: provolatile (0.281218ms)
  ✔ e2_validate_abono_finalization: proparallel (0.206563ms)
  ✔ e2_validate_abono_finalization: prosecdef (0.18945ms)
  ✔ e2_validate_abono_finalization: proleakproof (0.197485ms)
  ✔ e2_validate_abono_finalization: proisstrict (0.224942ms)
  ✔ e2_validate_abono_finalization: proretset (0.19884ms)
  ✔ e2_validate_abono_finalization: proacl (0.192572ms)
  ✔ e2_validate_abono_finalization: proconfig (0.199112ms)
  ✔ e2_validate_abono_finalization: language_name (0.267832ms)
  ✔ e2_validate_abono_finalization: owner_name (0.376843ms)
  ✔ e2_validate_abono_finalization: result_type (0.24896ms)
  ✔ e2_validate_abono_finalization: identity_arguments (0.35742ms)
  ✔ e2_validate_abono_finalization: tgenabled (0.261136ms)
  ✔ e2_validate_abono_finalization: tgtype (0.237441ms)
  ✔ e2_validate_abono_finalization: table_name (0.331025ms)
  ✔ e2_validate_abono_finalization: function_name (0.245508ms)
  ✔ e2_validate_abono_finalization: function_schema (0.22924ms)
  ✔ e2_validate_abono_finalization: args_length (0.261706ms)
  ✔ e2_validate_abono_finalization: trigger_attr (0.241756ms)
  ✔ e2_validate_abono_finalization: has_parent (0.232807ms)
  ✔ e2_validate_abono_finalization: has_qual (0.224578ms)
  ✔ e2_validate_abono_finalization: has_constraint (0.271263ms)
  ✔ e2_validate_abono_finalization: tgdeferrable (0.237142ms)
  ✔ e2_validate_abono_finalization: tginitdeferred (0.226192ms)
  ✔ e2_proof_immutable: missing (0.197557ms)
  ✔ e2_proof_immutable: prosrc (0.270237ms)
  ✔ e2_proof_immutable: prokind (0.232171ms)
  ✔ e2_proof_immutable: provolatile (0.225067ms)
  ✔ e2_proof_immutable: proparallel (0.303566ms)
  ✔ e2_proof_immutable: prosecdef (0.269162ms)
  ✔ e2_proof_immutable: proleakproof (0.298686ms)
  ✔ e2_proof_immutable: proisstrict (0.311187ms)
  ✔ e2_proof_immutable: proretset (0.345278ms)
  ✔ e2_proof_immutable: proacl (0.317605ms)
  ✔ e2_proof_immutable: proconfig (0.306605ms)
  ✔ e2_proof_immutable: language_name (0.241838ms)
  ✔ e2_proof_immutable: owner_name (0.227847ms)
  ✔ e2_proof_immutable: result_type (0.263474ms)
  ✔ e2_proof_immutable: identity_arguments (0.253063ms)
  ✔ e2_proof_immutable: tgenabled (0.236711ms)
  ✔ e2_proof_immutable: tgtype (0.23402ms)
  ✔ e2_proof_immutable: table_name (0.321214ms)
  ✔ e2_proof_immutable: function_name (0.233326ms)
  ✔ e2_proof_immutable: function_schema (0.228355ms)
  ✔ e2_proof_immutable: args_length (0.255484ms)
  ✔ e2_proof_immutable: trigger_attr (0.244144ms)
  ✔ e2_proof_immutable: has_parent (0.239269ms)
  ✔ e2_proof_immutable: has_qual (0.215863ms)
  ✔ e2_proof_immutable: has_constraint (0.264291ms)
  ✔ e2_proof_immutable: tgdeferrable (0.234362ms)
  ✔ e2_proof_immutable: tginitdeferred (0.227032ms)
  ✔ e2_validate_unused_proof: missing (0.195802ms)
  ✔ e2_validate_unused_proof: prosrc (0.252943ms)
  ✔ e2_validate_unused_proof: prokind (0.320477ms)
  ✔ e2_validate_unused_proof: provolatile (0.370328ms)
  ✔ e2_validate_unused_proof: proparallel (0.264216ms)
  ✔ e2_validate_unused_proof: prosecdef (0.351498ms)
  ✔ e2_validate_unused_proof: proleakproof (0.363989ms)
  ✔ e2_validate_unused_proof: proisstrict (0.27178ms)
  ✔ e2_validate_unused_proof: proretset (0.309753ms)
  ✔ e2_validate_unused_proof: proacl (0.367697ms)
  ✔ e2_validate_unused_proof: proconfig (0.263496ms)
  ✔ e2_validate_unused_proof: language_name (0.242798ms)
  ✔ e2_validate_unused_proof: owner_name (0.276154ms)
  ✔ e2_validate_unused_proof: result_type (0.249741ms)
  ✔ e2_validate_unused_proof: identity_arguments (0.27156ms)
  ✔ e2_validate_unused_proof: tgenabled (0.35039ms)
  ✔ e2_validate_unused_proof: tgtype (0.261191ms)
  ✔ e2_validate_unused_proof: table_name (0.239103ms)
  ✔ e2_validate_unused_proof: function_name (0.272593ms)
  ✔ e2_validate_unused_proof: function_schema (0.246282ms)
  ✔ e2_validate_unused_proof: args_length (0.2353ms)
  ✔ e2_validate_unused_proof: trigger_attr (0.427849ms)
  ✔ e2_validate_unused_proof: has_parent (0.269514ms)
  ✔ e2_validate_unused_proof: has_qual (0.240902ms)
  ✔ e2_validate_unused_proof: has_constraint (0.236013ms)
  ✔ e2_validate_unused_proof: tgdeferrable (0.276462ms)
  ✔ e2_validate_unused_proof: tginitdeferred (0.24458ms)
  ✔ e2_abono_finalization_complete: missing (0.211079ms)
  ✔ e2_abono_finalization_complete: prosrc (0.32154ms)
  ✔ e2_abono_finalization_complete: prokind (0.251567ms)
  ✔ e2_abono_finalization_complete: provolatile (0.275967ms)
  ✔ e2_abono_finalization_complete: proparallel (0.293753ms)
  ✔ e2_abono_finalization_complete: prosecdef (0.245608ms)
  ✔ e2_abono_finalization_complete: proleakproof (0.237574ms)
  ✔ e2_abono_finalization_complete: proisstrict (0.273722ms)
  ✔ e2_abono_finalization_complete: proretset (0.257486ms)
  ✔ e2_abono_finalization_complete: proacl (0.242255ms)
  ✔ e2_abono_finalization_complete: proconfig (0.235798ms)
  ✔ e2_abono_finalization_complete: language_name (0.287896ms)
  ✔ e2_abono_finalization_complete: owner_name (0.264938ms)
  ✔ e2_abono_finalization_complete: result_type (0.268393ms)
  ✔ e2_abono_finalization_complete: identity_arguments (0.316887ms)
  ✔ e2_abono_finalization_complete: tgenabled (0.263632ms)
  ✔ e2_abono_finalization_complete: tgtype (0.284958ms)
  ✔ e2_abono_finalization_complete: table_name (0.297078ms)
  ✔ e2_abono_finalization_complete: function_name (0.247119ms)
  ✔ e2_abono_finalization_complete: function_schema (1.219324ms)
  ✔ e2_abono_finalization_complete: args_length (0.30412ms)
  ✔ e2_abono_finalization_complete: trigger_attr (0.262098ms)
  ✔ e2_abono_finalization_complete: has_parent (0.242494ms)
  ✔ e2_abono_finalization_complete: has_qual (0.436199ms)
  ✔ e2_abono_finalization_complete: has_constraint (0.30051ms)
  ✔ e2_abono_finalization_complete: tgdeferrable (0.257236ms)
  ✔ e2_abono_finalization_complete: tginitdeferred (0.283928ms)
  ✔ e2_capture_application_order: missing (0.220332ms)
  ✔ e2_capture_application_order: prosrc (0.246234ms)
  ✔ e2_capture_application_order: prokind (0.240118ms)
  ✔ e2_capture_application_order: provolatile (0.292177ms)
  ✔ e2_capture_application_order: proparallel (0.258249ms)
  ✔ e2_capture_application_order: prosecdef (0.244141ms)
  ✔ e2_capture_application_order: proleakproof (0.286859ms)
  ✔ e2_capture_application_order: proisstrict (0.249881ms)
  ✔ e2_capture_application_order: proretset (0.240775ms)
  ✔ e2_capture_application_order: proacl (0.272885ms)
  ✔ e2_capture_application_order: proconfig (0.26239ms)
  ✔ e2_capture_application_order: language_name (0.240964ms)
  ✔ e2_capture_application_order: owner_name (0.341833ms)
  ✔ e2_capture_application_order: result_type (0.270485ms)
  ✔ e2_capture_application_order: identity_arguments (0.242489ms)
  ✔ e2_capture_application_order: tgenabled (0.24562ms)
  ✔ e2_capture_application_order: tgtype (0.25733ms)
  ✔ e2_capture_application_order: table_name (0.295517ms)
  ✔ e2_capture_application_order: function_name (0.321173ms)
  ✔ e2_capture_application_order: function_schema (0.265981ms)
  ✔ e2_capture_application_order: args_length (0.24744ms)
  ✔ e2_capture_application_order: trigger_attr (0.243552ms)
  ✔ e2_capture_application_order: has_parent (0.334586ms)
  ✔ e2_capture_application_order: has_qual (0.247378ms)
  ✔ e2_capture_application_order: has_constraint (0.295952ms)
  ✔ e2_capture_application_order: tgdeferrable (0.266645ms)
  ✔ e2_capture_application_order: tginitdeferred (0.251076ms)
  ✔ e2_finalize_new_abono: missing (0.40204ms)
  ✔ e2_finalize_new_abono: prosrc (0.304402ms)
  ✔ e2_finalize_new_abono: prokind (0.295154ms)
  ✔ e2_finalize_new_abono: provolatile (0.310925ms)
  ✔ e2_finalize_new_abono: proparallel (0.287427ms)
  ✔ e2_finalize_new_abono: prosecdef (0.325002ms)
  ✔ e2_finalize_new_abono: proleakproof (0.731043ms)
  ✔ e2_finalize_new_abono: proisstrict (0.403887ms)
  ✔ e2_finalize_new_abono: proretset (0.28967ms)
  ✔ e2_finalize_new_abono: proacl (4.805792ms)
  ✔ e2_finalize_new_abono: proconfig (0.472561ms)
  ✔ e2_finalize_new_abono: language_name (0.278178ms)
  ✔ e2_finalize_new_abono: owner_name (0.343173ms)
  ✔ e2_finalize_new_abono: result_type (0.367231ms)
  ✔ e2_finalize_new_abono: identity_arguments (0.320175ms)
  ✔ e2_attest_new_retained: missing (0.242012ms)
  ✔ e2_attest_new_retained: prosrc (0.358053ms)
  ✔ e2_attest_new_retained: prokind (0.283131ms)
  ✔ e2_attest_new_retained: provolatile (0.246573ms)
  ✔ e2_attest_new_retained: proparallel (0.271846ms)
  ✔ e2_attest_new_retained: prosecdef (0.282807ms)
  ✔ e2_attest_new_retained: proleakproof (0.234663ms)
  ✔ e2_attest_new_retained: proisstrict (0.352489ms)
  ✔ e2_attest_new_retained: proretset (0.254747ms)
  ✔ e2_attest_new_retained: proacl (0.227697ms)
  ✔ e2_attest_new_retained: proconfig (0.259972ms)
  ✔ e2_attest_new_retained: language_name (0.330744ms)
  ✔ e2_attest_new_retained: owner_name (0.22313ms)
  ✔ e2_attest_new_retained: result_type (0.212159ms)
  ✔ e2_attest_new_retained: identity_arguments (0.328216ms)
✔ A+C mock preflight independently rejects each catalog drift (164.828251ms)
ℹ tests 428
ℹ suites 0
ℹ pass 427
ℹ fail 1
ℹ cancelled 0
ℹ skipped 0
ℹ todo 0
ℹ duration_ms 470.141329

✖ failing tests:

test at reports/e2-apertura-limitada/evidencia-a-c/negative-offline.test.mjs:90:1
✖ mounted ordinary producer: UNUSED/PARTIAL/FULL and FIFO persistence ordering (111.919745ms)
  AssertionError [ERR_ASSERTION]: finalization must follow FIFO
      at ordinary (file:///home/runner/workspace/reports/e2-apertura-limitada/evidencia-a-c/negative-offline.test.mjs:86:10)
      at async TestContext.<anonymous> (file:///home/runner/workspace/reports/e2-apertura-limitada/evidencia-a-c/negative-offline.test.mjs:91:43)
      at async Test.run (node:internal/test_runner/test:1113:7)
      at async startSubtestAfterBootstrap (node:internal/test_runner/harness:358:3) {
    generatedMessage: false,
    code: 'ERR_ASSERTION',
    actual: false,
    expected: true,
    operator: '==',
    diff: 'simple'
  }
