✔ mounted ordinary producer: UNUSED/PARTIAL/FULL and FIFO persistence ordering (286.414676ms)
✔ mounted directed approval finalizes FULL only after its application (32.545165ms)
✔ actual core rejects directed result/amount mismatches before persistence (0.765635ms)
✔ positive proof is mandatory in the real refund service (64.052987ms)
✔ real refund service accepts both origins and rejects absent/used ABONO finalization (67.950855ms)
✔ R4 application-order guard exists in prepared SQL (LEXICAL ONLY, not SQL semantics) (0.48265ms)
▶ A+C mock preflight independently rejects each catalog drift
  ✔ finalizaciones_abono_e2.abono_id: missing (0.695016ms)
  ✔ finalizaciones_abono_e2.abono_id: data_type (0.406406ms)
  ✔ finalizaciones_abono_e2.abono_id: is_nullable (0.434292ms)
  ✔ finalizaciones_abono_e2.abono_id: column_default (0.483764ms)
  ✔ finalizaciones_abono_e2.operacion_productor: missing (0.294195ms)
  ✔ finalizaciones_abono_e2.operacion_productor: data_type (0.222607ms)
  ✔ finalizaciones_abono_e2.operacion_productor: is_nullable (0.205379ms)
  ✔ finalizaciones_abono_e2.operacion_productor: column_default (0.256952ms)
  ✔ finalizaciones_abono_e2.operacion_clave: missing (0.381226ms)
  ✔ finalizaciones_abono_e2.operacion_clave: data_type (0.218226ms)
  ✔ finalizaciones_abono_e2.operacion_clave: is_nullable (0.235545ms)
  ✔ finalizaciones_abono_e2.operacion_clave: column_default (0.247869ms)
  ✔ finalizaciones_abono_e2.cliente_id: missing (0.259786ms)
  ✔ finalizaciones_abono_e2.cliente_id: data_type (0.2326ms)
  ✔ finalizaciones_abono_e2.cliente_id: is_nullable (0.285115ms)
  ✔ finalizaciones_abono_e2.cliente_id: column_default (0.220429ms)
  ✔ finalizaciones_abono_e2.importe: missing (0.188794ms)
  ✔ finalizaciones_abono_e2.importe: data_type (0.268573ms)
  ✔ finalizaciones_abono_e2.importe: is_nullable (0.20748ms)
  ✔ finalizaciones_abono_e2.importe: column_default (0.234124ms)
  ✔ finalizaciones_abono_e2.importe: numeric_precision (0.221074ms)
  ✔ finalizaciones_abono_e2.importe: numeric_scale (0.296565ms)
  ✔ finalizaciones_abono_e2.resultado: missing (0.239875ms)
  ✔ finalizaciones_abono_e2.resultado: data_type (0.1916ms)
  ✔ finalizaciones_abono_e2.resultado: is_nullable (0.302057ms)
  ✔ finalizaciones_abono_e2.resultado: column_default (0.278512ms)
  ✔ finalizaciones_abono_e2.aplicado: missing (0.619121ms)
  ✔ finalizaciones_abono_e2.aplicado: data_type (0.251372ms)
  ✔ finalizaciones_abono_e2.aplicado: is_nullable (0.683884ms)
  ✔ finalizaciones_abono_e2.aplicado: column_default (0.262856ms)
  ✔ finalizaciones_abono_e2.aplicado: numeric_precision (0.24114ms)
  ✔ finalizaciones_abono_e2.aplicado: numeric_scale (0.205028ms)
  ✔ finalizaciones_abono_e2.evaluacion: missing (0.338591ms)
  ✔ finalizaciones_abono_e2.evaluacion: data_type (0.31463ms)
  ✔ finalizaciones_abono_e2.evaluacion: is_nullable (0.200148ms)
  ✔ finalizaciones_abono_e2.evaluacion: column_default (0.175656ms)
  ✔ finalizaciones_abono_e2.contrato_revision: missing (0.175634ms)
  ✔ finalizaciones_abono_e2.contrato_revision: data_type (0.173358ms)
  ✔ finalizaciones_abono_e2.contrato_revision: is_nullable (0.302021ms)
  ✔ finalizaciones_abono_e2.contrato_revision: column_default (0.187596ms)
  ✔ finalizaciones_abono_e2.created_at: missing (0.176285ms)
  ✔ finalizaciones_abono_e2.created_at: data_type (0.339278ms)
  ✔ finalizaciones_abono_e2.created_at: is_nullable (0.209678ms)
  ✔ finalizaciones_abono_e2.created_at: column_default (0.233758ms)
  ✔ evidencia_no_aplicada_e2.fuente: missing (0.234357ms)
  ✔ evidencia_no_aplicada_e2.fuente: data_type (0.192993ms)
  ✔ evidencia_no_aplicada_e2.fuente: is_nullable (0.175353ms)
  ✔ evidencia_no_aplicada_e2.fuente: column_default (0.167197ms)
  ✔ evidencia_no_aplicada_e2.abono_id: missing (0.168234ms)
  ✔ evidencia_no_aplicada_e2.abono_id: data_type (0.204462ms)
  ✔ evidencia_no_aplicada_e2.abono_id: is_nullable (0.181835ms)
  ✔ evidencia_no_aplicada_e2.abono_id: column_default (0.173153ms)
  ✔ evidencia_no_aplicada_e2.cobro_productor: missing (0.166089ms)
  ✔ evidencia_no_aplicada_e2.cobro_productor: data_type (0.16587ms)
  ✔ evidencia_no_aplicada_e2.cobro_productor: is_nullable (0.208794ms)
  ✔ evidencia_no_aplicada_e2.cobro_productor: column_default (0.175879ms)
  ✔ evidencia_no_aplicada_e2.cobro_clave: missing (0.168772ms)
  ✔ evidencia_no_aplicada_e2.cobro_clave: data_type (0.178191ms)
  ✔ evidencia_no_aplicada_e2.cobro_clave: is_nullable (0.178867ms)
  ✔ evidencia_no_aplicada_e2.cobro_clave: column_default (0.170905ms)
  ✔ evidencia_no_aplicada_e2.cliente_id: missing (0.171015ms)
  ✔ evidencia_no_aplicada_e2.cliente_id: data_type (0.378774ms)
  ✔ evidencia_no_aplicada_e2.cliente_id: is_nullable (0.211652ms)
  ✔ evidencia_no_aplicada_e2.cliente_id: column_default (0.179793ms)
  ✔ evidencia_no_aplicada_e2.importe: missing (0.171922ms)
  ✔ evidencia_no_aplicada_e2.importe: data_type (0.215768ms)
  ✔ evidencia_no_aplicada_e2.importe: is_nullable (0.180674ms)
  ✔ evidencia_no_aplicada_e2.importe: column_default (0.177648ms)
  ✔ evidencia_no_aplicada_e2.importe: numeric_precision (0.172997ms)
  ✔ evidencia_no_aplicada_e2.importe: numeric_scale (0.168915ms)
  ✔ evidencia_no_aplicada_e2.forma_pago: missing (0.336941ms)
  ✔ evidencia_no_aplicada_e2.forma_pago: data_type (0.19395ms)
  ✔ evidencia_no_aplicada_e2.forma_pago: is_nullable (0.17493ms)
  ✔ evidencia_no_aplicada_e2.forma_pago: column_default (0.208824ms)
  ✔ evidencia_no_aplicada_e2.naturaleza: missing (0.189492ms)
  ✔ evidencia_no_aplicada_e2.naturaleza: data_type (0.175539ms)
  ✔ evidencia_no_aplicada_e2.naturaleza: is_nullable (0.188763ms)
  ✔ evidencia_no_aplicada_e2.naturaleza: column_default (0.321455ms)
  ✔ evidencia_no_aplicada_e2.created_at: missing (0.238745ms)
  ✔ evidencia_no_aplicada_e2.created_at: data_type (0.217601ms)
  ✔ evidencia_no_aplicada_e2.created_at: is_nullable (0.179959ms)
  ✔ evidencia_no_aplicada_e2.created_at: column_default (0.547679ms)
  ✔ finalizaciones_abono_e2_pkey: missing (0.25443ms)
  ✔ finalizaciones_abono_e2_pkey: table_name (0.44108ms)
  ✔ finalizaciones_abono_e2_pkey: definition (0.350784ms)
  ✔ finalizaciones_abono_e2_pkey: convalidated (0.259178ms)
  ✔ finalizaciones_abono_e2_pkey: condeferrable (0.20783ms)
  ✔ finalizaciones_abono_e2_pkey: condeferred (0.460555ms)
  ✔ finalizaciones_abono_e2_pkey: index_valid (0.286511ms)
  ✔ finalizaciones_abono_e2_abono_id_fkey: missing (0.206414ms)
  ✔ finalizaciones_abono_e2_abono_id_fkey: table_name (0.198124ms)
  ✔ finalizaciones_abono_e2_abono_id_fkey: definition (0.299759ms)
  ✔ finalizaciones_abono_e2_abono_id_fkey: convalidated (0.253815ms)
  ✔ finalizaciones_abono_e2_abono_id_fkey: condeferrable (0.274634ms)
  ✔ finalizaciones_abono_e2_abono_id_fkey: condeferred (0.200573ms)
  ✔ finalizaciones_abono_e2_abono_id_fkey: index_valid (0.182681ms)
  ✔ finalizaciones_abono_e2_cliente_id_fkey: missing (0.300168ms)
  ✔ finalizaciones_abono_e2_cliente_id_fkey: table_name (0.279417ms)
  ✔ finalizaciones_abono_e2_cliente_id_fkey: definition (0.205666ms)
  ✔ finalizaciones_abono_e2_cliente_id_fkey: convalidated (0.186518ms)
  ✔ finalizaciones_abono_e2_cliente_id_fkey: condeferrable (0.22743ms)
  ✔ finalizaciones_abono_e2_cliente_id_fkey: condeferred (0.193499ms)
  ✔ finalizaciones_abono_e2_cliente_id_fkey: index_valid (0.180078ms)
  ✔ finalizaciones_abono_e2_operacion_productor_operacion_clave_key: missing (0.171636ms)
  ✔ finalizaciones_abono_e2_operacion_productor_operacion_clave_key: table_name (0.344731ms)
  ✔ finalizaciones_abono_e2_operacion_productor_operacion_clave_key: definition (0.216413ms)
  ✔ finalizaciones_abono_e2_operacion_productor_operacion_clave_key: convalidated (0.200951ms)
  ✔ finalizaciones_abono_e2_operacion_productor_operacion_clave_key: condeferrable (0.405336ms)
  ✔ finalizaciones_abono_e2_operacion_productor_operacion_clave_key: condeferred (0.201026ms)
  ✔ finalizaciones_abono_e2_operacion_productor_operacion_clave_key: index_valid (0.180112ms)
  ✔ finalizaciones_abono_e2_importe_check: missing (0.220565ms)
  ✔ finalizaciones_abono_e2_importe_check: table_name (0.195411ms)
  ✔ finalizaciones_abono_e2_importe_check: definition (0.184218ms)
  ✔ finalizaciones_abono_e2_importe_check: convalidated (0.18666ms)
  ✔ finalizaciones_abono_e2_importe_check: condeferrable (0.223153ms)
  ✔ finalizaciones_abono_e2_importe_check: condeferred (0.203309ms)
  ✔ finalizaciones_abono_e2_importe_check: index_valid (0.187741ms)
  ✔ finalizaciones_abono_e2_resultado_check: missing (0.170805ms)
  ✔ finalizaciones_abono_e2_resultado_check: table_name (0.32786ms)
  ✔ finalizaciones_abono_e2_resultado_check: definition (0.205056ms)
  ✔ finalizaciones_abono_e2_resultado_check: convalidated (0.190793ms)
  ✔ finalizaciones_abono_e2_resultado_check: condeferrable (0.181991ms)
  ✔ finalizaciones_abono_e2_resultado_check: condeferred (0.268193ms)
  ✔ finalizaciones_abono_e2_resultado_check: index_valid (0.194348ms)
  ✔ finalizaciones_abono_e2_aplicado_check: missing (0.175224ms)
  ✔ finalizaciones_abono_e2_aplicado_check: table_name (0.211818ms)
  ✔ finalizaciones_abono_e2_aplicado_check: definition (0.235272ms)
  ✔ finalizaciones_abono_e2_aplicado_check: convalidated (0.199706ms)
  ✔ finalizaciones_abono_e2_aplicado_check: condeferrable (0.190335ms)
  ✔ finalizaciones_abono_e2_aplicado_check: condeferred (0.184335ms)
  ✔ finalizaciones_abono_e2_aplicado_check: index_valid (0.216955ms)
  ✔ finalizaciones_abono_e2_evaluacion_check: missing (0.191038ms)
  ✔ finalizaciones_abono_e2_evaluacion_check: table_name (0.192547ms)
  ✔ finalizaciones_abono_e2_evaluacion_check: definition (0.190217ms)
  ✔ finalizaciones_abono_e2_evaluacion_check: convalidated (0.182609ms)
  ✔ finalizaciones_abono_e2_evaluacion_check: condeferrable (0.26182ms)
  ✔ finalizaciones_abono_e2_evaluacion_check: condeferred (0.232526ms)
  ✔ finalizaciones_abono_e2_evaluacion_check: index_valid (0.242553ms)
  ✔ finalizaciones_abono_e2_contrato_revision_check: missing (0.209713ms)
  ✔ finalizaciones_abono_e2_contrato_revision_check: table_name (0.203835ms)
  ✔ finalizaciones_abono_e2_contrato_revision_check: definition (0.197986ms)
  ✔ finalizaciones_abono_e2_contrato_revision_check: convalidated (0.29765ms)
  ✔ finalizaciones_abono_e2_contrato_revision_check: condeferrable (0.380747ms)
  ✔ finalizaciones_abono_e2_contrato_revision_check: condeferred (0.259845ms)
  ✔ finalizaciones_abono_e2_contrato_revision_check: index_valid (0.292023ms)
  ✔ finalizaciones_abono_e2_check: missing (0.194696ms)
  ✔ finalizaciones_abono_e2_check: table_name (0.194322ms)
  ✔ finalizaciones_abono_e2_check: definition (0.189557ms)
  ✔ finalizaciones_abono_e2_check: convalidated (0.279961ms)
  ✔ finalizaciones_abono_e2_check: condeferrable (0.199986ms)
  ✔ finalizaciones_abono_e2_check: condeferred (0.235581ms)
  ✔ finalizaciones_abono_e2_check: index_valid (0.192128ms)
  ✔ finalizaciones_abono_e2_operacion_productor_check: missing (0.186154ms)
  ✔ finalizaciones_abono_e2_operacion_productor_check: table_name (6.860238ms)
  ✔ finalizaciones_abono_e2_operacion_productor_check: definition (0.298616ms)
  ✔ finalizaciones_abono_e2_operacion_productor_check: convalidated (0.1999ms)
  ✔ finalizaciones_abono_e2_operacion_productor_check: condeferrable (0.213438ms)
  ✔ finalizaciones_abono_e2_operacion_productor_check: condeferred (0.175897ms)
  ✔ finalizaciones_abono_e2_operacion_productor_check: index_valid (0.160445ms)
  ✔ evidencia_no_aplicada_e2_pkey: missing (0.193304ms)
  ✔ evidencia_no_aplicada_e2_pkey: table_name (0.288359ms)
  ✔ evidencia_no_aplicada_e2_pkey: definition (0.247553ms)
  ✔ evidencia_no_aplicada_e2_pkey: convalidated (0.236648ms)
  ✔ evidencia_no_aplicada_e2_pkey: condeferrable (0.324553ms)
  ✔ evidencia_no_aplicada_e2_pkey: condeferred (0.267489ms)
  ✔ evidencia_no_aplicada_e2_pkey: index_valid (0.222227ms)
  ✔ evidencia_no_aplicada_e2_abono_id_key: missing (0.155202ms)
  ✔ evidencia_no_aplicada_e2_abono_id_key: table_name (0.326183ms)
  ✔ evidencia_no_aplicada_e2_abono_id_key: definition (0.270529ms)
  ✔ evidencia_no_aplicada_e2_abono_id_key: convalidated (0.215842ms)
  ✔ evidencia_no_aplicada_e2_abono_id_key: condeferrable (0.167496ms)
  ✔ evidencia_no_aplicada_e2_abono_id_key: condeferred (0.188745ms)
  ✔ evidencia_no_aplicada_e2_abono_id_key: index_valid (0.158129ms)
  ✔ evidencia_no_aplicada_e2_cobro_clave_key: missing (0.14009ms)
  ✔ evidencia_no_aplicada_e2_cobro_clave_key: table_name (0.663963ms)
  ✔ evidencia_no_aplicada_e2_cobro_clave_key: definition (0.391886ms)
  ✔ evidencia_no_aplicada_e2_cobro_clave_key: convalidated (0.181506ms)
  ✔ evidencia_no_aplicada_e2_cobro_clave_key: condeferrable (0.194215ms)
  ✔ evidencia_no_aplicada_e2_cobro_clave_key: condeferred (0.163273ms)
  ✔ evidencia_no_aplicada_e2_cobro_clave_key: index_valid (0.154325ms)
  ✔ evidencia_no_aplicada_e2_cobro_productor_cobro_clave_fkey: missing (0.14151ms)
  ✔ evidencia_no_aplicada_e2_cobro_productor_cobro_clave_fkey: table_name (0.152648ms)
  ✔ evidencia_no_aplicada_e2_cobro_productor_cobro_clave_fkey: definition (0.243086ms)
  ✔ evidencia_no_aplicada_e2_cobro_productor_cobro_clave_fkey: convalidated (0.229123ms)
  ✔ evidencia_no_aplicada_e2_cobro_productor_cobro_clave_fkey: condeferrable (0.186822ms)
  ✔ evidencia_no_aplicada_e2_cobro_productor_cobro_clave_fkey: condeferred (0.159267ms)
  ✔ evidencia_no_aplicada_e2_cobro_productor_cobro_clave_fkey: index_valid (0.259675ms)
  ✔ evidencia_no_aplicada_e2_abono_id_fkey: missing (0.190922ms)
  ✔ evidencia_no_aplicada_e2_abono_id_fkey: table_name (0.162138ms)
  ✔ evidencia_no_aplicada_e2_abono_id_fkey: definition (0.155946ms)
  ✔ evidencia_no_aplicada_e2_abono_id_fkey: convalidated (0.157617ms)
  ✔ evidencia_no_aplicada_e2_abono_id_fkey: condeferrable (0.174242ms)
  ✔ evidencia_no_aplicada_e2_abono_id_fkey: condeferred (0.280528ms)
  ✔ evidencia_no_aplicada_e2_abono_id_fkey: index_valid (0.167245ms)
  ✔ evidencia_no_aplicada_e2_cliente_id_fkey: missing (0.142646ms)
  ✔ evidencia_no_aplicada_e2_cliente_id_fkey: table_name (0.19311ms)
  ✔ evidencia_no_aplicada_e2_cliente_id_fkey: definition (0.160153ms)
  ✔ evidencia_no_aplicada_e2_cliente_id_fkey: convalidated (0.15668ms)
  ✔ evidencia_no_aplicada_e2_cliente_id_fkey: condeferrable (0.308378ms)
  ✔ evidencia_no_aplicada_e2_cliente_id_fkey: condeferred (0.29011ms)
  ✔ evidencia_no_aplicada_e2_cliente_id_fkey: index_valid (0.16747ms)
  ✔ evidencia_no_aplicada_e2_importe_check: missing (0.145336ms)
  ✔ evidencia_no_aplicada_e2_importe_check: table_name (0.156668ms)
  ✔ evidencia_no_aplicada_e2_importe_check: definition (0.152434ms)
  ✔ evidencia_no_aplicada_e2_importe_check: convalidated (0.198619ms)
  ✔ evidencia_no_aplicada_e2_importe_check: condeferrable (0.156446ms)
  ✔ evidencia_no_aplicada_e2_importe_check: condeferred (0.152665ms)
  ✔ evidencia_no_aplicada_e2_importe_check: index_valid (0.161789ms)
  ✔ evidencia_no_aplicada_e2_forma_pago_check: missing (0.162617ms)
  ✔ evidencia_no_aplicada_e2_forma_pago_check: table_name (0.18433ms)
  ✔ evidencia_no_aplicada_e2_forma_pago_check: definition (0.203262ms)
  ✔ evidencia_no_aplicada_e2_forma_pago_check: convalidated (0.160465ms)
  ✔ evidencia_no_aplicada_e2_forma_pago_check: condeferrable (0.155966ms)
  ✔ evidencia_no_aplicada_e2_forma_pago_check: condeferred (0.184862ms)
  ✔ evidencia_no_aplicada_e2_forma_pago_check: index_valid (0.173368ms)
  ✔ evidencia_no_aplicada_e2_naturaleza_check: missing (0.142734ms)
  ✔ evidencia_no_aplicada_e2_naturaleza_check: table_name (0.156948ms)
  ✔ evidencia_no_aplicada_e2_naturaleza_check: definition (0.152282ms)
  ✔ evidencia_no_aplicada_e2_naturaleza_check: convalidated (0.159187ms)
  ✔ evidencia_no_aplicada_e2_naturaleza_check: condeferrable (0.175077ms)
  ✔ evidencia_no_aplicada_e2_naturaleza_check: condeferred (0.158707ms)
  ✔ evidencia_no_aplicada_e2_naturaleza_check: index_valid (0.156987ms)
  ✔ evidencia_no_aplicada_e2_check: missing (0.216906ms)
  ✔ evidencia_no_aplicada_e2_check: table_name (0.2083ms)
  ✔ evidencia_no_aplicada_e2_check: definition (0.201546ms)
  ✔ evidencia_no_aplicada_e2_check: convalidated (0.196327ms)
  ✔ evidencia_no_aplicada_e2_check: condeferrable (0.164814ms)
  ✔ evidencia_no_aplicada_e2_check: condeferred (0.252522ms)
  ✔ evidencia_no_aplicada_e2_check: index_valid (0.177969ms)
  ✔ e2_finalization_immutable: missing (0.28848ms)
  ✔ e2_finalization_immutable: prosrc (0.313745ms)
  ✔ e2_finalization_immutable: prokind (0.215578ms)
  ✔ e2_finalization_immutable: provolatile (0.20181ms)
  ✔ e2_finalization_immutable: proparallel (0.257215ms)
  ✔ e2_finalization_immutable: prosecdef (0.320844ms)
  ✔ e2_finalization_immutable: proleakproof (0.282094ms)
  ✔ e2_finalization_immutable: proisstrict (0.226045ms)
  ✔ e2_finalization_immutable: proretset (0.23049ms)
  ✔ e2_finalization_immutable: proacl (0.195961ms)
  ✔ e2_finalization_immutable: proconfig (0.258944ms)
  ✔ e2_finalization_immutable: language_name (0.207322ms)
  ✔ e2_finalization_immutable: owner_name (0.235793ms)
  ✔ e2_finalization_immutable: result_type (0.201897ms)
  ✔ e2_finalization_immutable: identity_arguments (0.182873ms)
  ✔ e2_finalization_immutable: tgenabled (0.238083ms)
  ✔ e2_finalization_immutable: tgtype (0.246783ms)
  ✔ e2_finalization_immutable: table_name (0.187717ms)
  ✔ e2_finalization_immutable: function_name (0.180407ms)
  ✔ e2_finalization_immutable: function_schema (0.390661ms)
  ✔ e2_finalization_immutable: args_length (0.312178ms)
  ✔ e2_finalization_immutable: trigger_attr (0.266702ms)
  ✔ e2_finalization_immutable: has_parent (0.23927ms)
  ✔ e2_finalization_immutable: has_qual (0.209101ms)
  ✔ e2_finalization_immutable: has_constraint (0.182888ms)
  ✔ e2_finalization_immutable: tgdeferrable (0.236299ms)
  ✔ e2_finalization_immutable: tginitdeferred (0.230179ms)
  ✔ e2_validate_abono_finalization: missing (0.176697ms)
  ✔ e2_validate_abono_finalization: prosrc (0.267536ms)
  ✔ e2_validate_abono_finalization: prokind (0.21032ms)
  ✔ e2_validate_abono_finalization: provolatile (0.243044ms)
  ✔ e2_validate_abono_finalization: proparallel (0.19484ms)
  ✔ e2_validate_abono_finalization: prosecdef (0.190519ms)
  ✔ e2_validate_abono_finalization: proleakproof (0.183626ms)
  ✔ e2_validate_abono_finalization: proisstrict (0.334851ms)
  ✔ e2_validate_abono_finalization: proretset (0.20157ms)
  ✔ e2_validate_abono_finalization: proacl (0.237527ms)
  ✔ e2_validate_abono_finalization: proconfig (0.235891ms)
  ✔ e2_validate_abono_finalization: language_name (0.263132ms)
  ✔ e2_validate_abono_finalization: owner_name (0.195343ms)
  ✔ e2_validate_abono_finalization: result_type (0.195141ms)
  ✔ e2_validate_abono_finalization: identity_arguments (0.308077ms)
  ✔ e2_validate_abono_finalization: tgenabled (0.215385ms)
  ✔ e2_validate_abono_finalization: tgtype (0.18709ms)
  ✔ e2_validate_abono_finalization: table_name (0.186714ms)
  ✔ e2_validate_abono_finalization: function_name (0.221732ms)
  ✔ e2_validate_abono_finalization: function_schema (0.202787ms)
  ✔ e2_validate_abono_finalization: args_length (0.188083ms)
  ✔ e2_validate_abono_finalization: trigger_attr (0.189666ms)
  ✔ e2_validate_abono_finalization: has_parent (0.280633ms)
  ✔ e2_validate_abono_finalization: has_qual (0.219816ms)
  ✔ e2_validate_abono_finalization: has_constraint (0.195893ms)
  ✔ e2_validate_abono_finalization: tgdeferrable (0.190237ms)
  ✔ e2_validate_abono_finalization: tginitdeferred (0.388043ms)
  ✔ e2_proof_immutable: missing (0.242007ms)
  ✔ e2_proof_immutable: prosrc (0.231109ms)
  ✔ e2_proof_immutable: prokind (0.326524ms)
  ✔ e2_proof_immutable: provolatile (0.223402ms)
  ✔ e2_proof_immutable: proparallel (0.240304ms)
  ✔ e2_proof_immutable: prosecdef (0.211391ms)
  ✔ e2_proof_immutable: proleakproof (0.271277ms)
  ✔ e2_proof_immutable: proisstrict (0.225571ms)
  ✔ e2_proof_immutable: proretset (0.303905ms)
  ✔ e2_proof_immutable: proacl (0.35497ms)
  ✔ e2_proof_immutable: proconfig (0.211142ms)
  ✔ e2_proof_immutable: language_name (0.234804ms)
  ✔ e2_proof_immutable: owner_name (0.251644ms)
  ✔ e2_proof_immutable: result_type (0.199609ms)
  ✔ e2_proof_immutable: identity_arguments (0.19316ms)
  ✔ e2_proof_immutable: tgenabled (0.187895ms)
  ✔ e2_proof_immutable: tgtype (0.245108ms)
  ✔ e2_proof_immutable: table_name (0.330824ms)
  ✔ e2_proof_immutable: function_name (0.225223ms)
  ✔ e2_proof_immutable: function_schema (0.239625ms)
  ✔ e2_proof_immutable: args_length (0.218997ms)
  ✔ e2_proof_immutable: trigger_attr (0.207891ms)
  ✔ e2_proof_immutable: has_parent (0.202904ms)
  ✔ e2_proof_immutable: has_qual (0.288256ms)
  ✔ e2_proof_immutable: has_constraint (0.216647ms)
  ✔ e2_proof_immutable: tgdeferrable (0.19606ms)
  ✔ e2_proof_immutable: tginitdeferred (0.189857ms)
  ✔ e2_validate_unused_proof: missing (0.19906ms)
  ✔ e2_validate_unused_proof: prosrc (0.209468ms)
  ✔ e2_validate_unused_proof: prokind (0.31831ms)
  ✔ e2_validate_unused_proof: provolatile (0.300733ms)
  ✔ e2_validate_unused_proof: proparallel (0.231026ms)
  ✔ e2_validate_unused_proof: prosecdef (0.298507ms)
  ✔ e2_validate_unused_proof: proleakproof (0.327507ms)
  ✔ e2_validate_unused_proof: proisstrict (0.229771ms)
  ✔ e2_validate_unused_proof: proretset (0.263338ms)
  ✔ e2_validate_unused_proof: proacl (0.299152ms)
  ✔ e2_validate_unused_proof: proconfig (0.304605ms)
  ✔ e2_validate_unused_proof: language_name (0.214705ms)
  ✔ e2_validate_unused_proof: owner_name (0.200155ms)
  ✔ e2_validate_unused_proof: result_type (0.241185ms)
  ✔ e2_validate_unused_proof: identity_arguments (0.225198ms)
  ✔ e2_validate_unused_proof: tgenabled (0.199696ms)
  ✔ e2_validate_unused_proof: tgtype (0.191875ms)
  ✔ e2_validate_unused_proof: table_name (0.194146ms)
  ✔ e2_validate_unused_proof: function_name (0.207857ms)
  ✔ e2_validate_unused_proof: function_schema (0.194797ms)
  ✔ e2_validate_unused_proof: args_length (0.192535ms)
  ✔ e2_validate_unused_proof: trigger_attr (0.362959ms)
  ✔ e2_validate_unused_proof: has_parent (0.218892ms)
  ✔ e2_validate_unused_proof: has_qual (0.193942ms)
  ✔ e2_validate_unused_proof: has_constraint (0.192692ms)
  ✔ e2_validate_unused_proof: tgdeferrable (0.28625ms)
  ✔ e2_validate_unused_proof: tginitdeferred (0.226732ms)
  ✔ e2_abono_finalization_complete: missing (0.17676ms)
  ✔ e2_abono_finalization_complete: prosrc (0.20044ms)
  ✔ e2_abono_finalization_complete: prokind (0.248412ms)
  ✔ e2_abono_finalization_complete: provolatile (0.221871ms)
  ✔ e2_abono_finalization_complete: proparallel (0.202995ms)
  ✔ e2_abono_finalization_complete: prosecdef (0.194233ms)
  ✔ e2_abono_finalization_complete: proleakproof (0.235129ms)
  ✔ e2_abono_finalization_complete: proisstrict (0.21444ms)
  ✔ e2_abono_finalization_complete: proretset (0.204473ms)
  ✔ e2_abono_finalization_complete: proacl (0.207565ms)
  ✔ e2_abono_finalization_complete: proconfig (0.23773ms)
  ✔ e2_abono_finalization_complete: language_name (0.217938ms)
  ✔ e2_abono_finalization_complete: owner_name (0.201647ms)
  ✔ e2_abono_finalization_complete: result_type (0.193159ms)
  ✔ e2_abono_finalization_complete: identity_arguments (0.266481ms)
  ✔ e2_abono_finalization_complete: tgenabled (0.218715ms)
  ✔ e2_abono_finalization_complete: tgtype (0.200731ms)
  ✔ e2_abono_finalization_complete: table_name (1.175923ms)
  ✔ e2_abono_finalization_complete: function_name (0.270952ms)
  ✔ e2_abono_finalization_complete: function_schema (0.220291ms)
  ✔ e2_abono_finalization_complete: args_length (0.207075ms)
  ✔ e2_abono_finalization_complete: trigger_attr (0.208599ms)
  ✔ e2_abono_finalization_complete: has_parent (0.24234ms)
  ✔ e2_abono_finalization_complete: has_qual (0.258452ms)
  ✔ e2_abono_finalization_complete: has_constraint (0.230754ms)
  ✔ e2_abono_finalization_complete: tgdeferrable (0.23275ms)
  ✔ e2_abono_finalization_complete: tginitdeferred (0.254119ms)
  ✔ e2_capture_application_order: missing (0.18757ms)
  ✔ e2_capture_application_order: prosrc (0.209853ms)
  ✔ e2_capture_application_order: prokind (0.258363ms)
  ✔ e2_capture_application_order: provolatile (0.279295ms)
  ✔ e2_capture_application_order: proparallel (0.22297ms)
  ✔ e2_capture_application_order: prosecdef (0.256047ms)
  ✔ e2_capture_application_order: proleakproof (0.217621ms)
  ✔ e2_capture_application_order: proisstrict (0.20822ms)
  ✔ e2_capture_application_order: proretset (0.205499ms)
  ✔ e2_capture_application_order: proacl (0.2401ms)
  ✔ e2_capture_application_order: proconfig (0.472152ms)
  ✔ e2_capture_application_order: language_name (0.235157ms)
  ✔ e2_capture_application_order: owner_name (0.277509ms)
  ✔ e2_capture_application_order: result_type (0.230358ms)
  ✔ e2_capture_application_order: identity_arguments (0.348017ms)
  ✔ e2_capture_application_order: tgenabled (0.24192ms)
  ✔ e2_capture_application_order: tgtype (0.215239ms)
  ✔ e2_capture_application_order: table_name (0.273341ms)
  ✔ e2_capture_application_order: function_name (0.239966ms)
  ✔ e2_capture_application_order: function_schema (0.212165ms)
  ✔ e2_capture_application_order: args_length (0.207952ms)
  ✔ e2_capture_application_order: trigger_attr (0.234361ms)
  ✔ e2_capture_application_order: has_parent (0.214566ms)
  ✔ e2_capture_application_order: has_qual (0.205428ms)
  ✔ e2_capture_application_order: has_constraint (0.256557ms)
  ✔ e2_capture_application_order: tgdeferrable (0.296457ms)
  ✔ e2_capture_application_order: tginitdeferred (0.223971ms)
  ✔ e2_finalize_new_abono: missing (0.356112ms)
  ✔ e2_finalize_new_abono: prosrc (0.359202ms)
  ✔ e2_finalize_new_abono: prokind (0.242028ms)
  ✔ e2_finalize_new_abono: provolatile (0.229956ms)
  ✔ e2_finalize_new_abono: proparallel (0.273036ms)
  ✔ e2_finalize_new_abono: prosecdef (0.424007ms)
  ✔ e2_finalize_new_abono: proleakproof (0.370388ms)
  ✔ e2_finalize_new_abono: proisstrict (0.330947ms)
  ✔ e2_finalize_new_abono: proretset (0.252992ms)
  ✔ e2_finalize_new_abono: proacl (0.294089ms)
  ✔ e2_finalize_new_abono: proconfig (11.966255ms)
  ✔ e2_finalize_new_abono: language_name (0.301596ms)
  ✔ e2_finalize_new_abono: owner_name (0.511358ms)
  ✔ e2_finalize_new_abono: result_type (0.373827ms)
  ✔ e2_finalize_new_abono: identity_arguments (0.33332ms)
  ✔ e2_attest_new_retained: missing (0.26316ms)
  ✔ e2_attest_new_retained: prosrc (0.235244ms)
  ✔ e2_attest_new_retained: prokind (0.280682ms)
  ✔ e2_attest_new_retained: provolatile (0.323328ms)
  ✔ e2_attest_new_retained: proparallel (0.226614ms)
  ✔ e2_attest_new_retained: prosecdef (0.222607ms)
  ✔ e2_attest_new_retained: proleakproof (0.355477ms)
  ✔ e2_attest_new_retained: proisstrict (0.279394ms)
  ✔ e2_attest_new_retained: proretset (0.229841ms)
  ✔ e2_attest_new_retained: proacl (0.246255ms)
  ✔ e2_attest_new_retained: proconfig (0.23468ms)
  ✔ e2_attest_new_retained: language_name (0.216309ms)
  ✔ e2_attest_new_retained: owner_name (0.213262ms)
  ✔ e2_attest_new_retained: result_type (0.247649ms)
  ✔ e2_attest_new_retained: identity_arguments (0.293847ms)
✔ A+C mock preflight independently rejects each catalog drift (172.052479ms)
ℹ tests 428
ℹ suites 0
ℹ pass 428
ℹ fail 0
ℹ cancelled 0
ℹ skipped 0
ℹ todo 0
ℹ duration_ms 635.784098
