✖ mounted ordinary producer: UNUSED/PARTIAL/FULL and FIFO persistence ordering (108.248788ms)
✔ mounted directed approval finalizes FULL only after its application (44.076044ms)
✔ actual core rejects directed result/amount mismatches before persistence (0.737939ms)
✔ positive proof is mandatory in the real refund service (116.416732ms)
✔ real refund service accepts both origins and rejects absent/used ABONO finalization (107.946697ms)
✔ R4 application-order guard exists in prepared SQL (LEXICAL ONLY, not SQL semantics) (0.608639ms)
▶ A+C mock preflight independently rejects each catalog drift
  ✔ finalizaciones_abono_e2.abono_id: missing (0.618416ms)
  ✔ finalizaciones_abono_e2.abono_id: data_type (0.492078ms)
  ✔ finalizaciones_abono_e2.abono_id: is_nullable (0.567791ms)
  ✔ finalizaciones_abono_e2.abono_id: column_default (0.357834ms)
  ✔ finalizaciones_abono_e2.operacion_productor: missing (0.234155ms)
  ✔ finalizaciones_abono_e2.operacion_productor: data_type (0.213924ms)
  ✔ finalizaciones_abono_e2.operacion_productor: is_nullable (0.226813ms)
  ✔ finalizaciones_abono_e2.operacion_productor: column_default (0.230653ms)
  ✔ finalizaciones_abono_e2.operacion_clave: missing (0.173949ms)
  ✔ finalizaciones_abono_e2.operacion_clave: data_type (0.76923ms)
  ✔ finalizaciones_abono_e2.operacion_clave: is_nullable (0.211433ms)
  ✔ finalizaciones_abono_e2.operacion_clave: column_default (0.219622ms)
  ✔ finalizaciones_abono_e2.cliente_id: missing (0.269652ms)
  ✔ finalizaciones_abono_e2.cliente_id: data_type (0.210864ms)
  ✔ finalizaciones_abono_e2.cliente_id: is_nullable (0.229546ms)
  ✔ finalizaciones_abono_e2.cliente_id: column_default (0.184755ms)
  ✔ finalizaciones_abono_e2.importe: missing (0.308783ms)
  ✔ finalizaciones_abono_e2.importe: data_type (0.555129ms)
  ✔ finalizaciones_abono_e2.importe: is_nullable (0.525324ms)
  ✔ finalizaciones_abono_e2.importe: column_default (0.887932ms)
  ✔ finalizaciones_abono_e2.importe: numeric_precision (0.575578ms)
  ✔ finalizaciones_abono_e2.importe: numeric_scale (0.737232ms)
  ✔ finalizaciones_abono_e2.resultado: missing (0.554155ms)
  ✔ finalizaciones_abono_e2.resultado: data_type (0.538221ms)
  ✔ finalizaciones_abono_e2.resultado: is_nullable (0.714937ms)
  ✔ finalizaciones_abono_e2.resultado: column_default (0.632263ms)
  ✔ finalizaciones_abono_e2.aplicado: missing (0.571966ms)
  ✔ finalizaciones_abono_e2.aplicado: data_type (0.569273ms)
  ✔ finalizaciones_abono_e2.aplicado: is_nullable (0.689476ms)
  ✔ finalizaciones_abono_e2.aplicado: column_default (0.557545ms)
  ✔ finalizaciones_abono_e2.aplicado: numeric_precision (0.555912ms)
  ✔ finalizaciones_abono_e2.aplicado: numeric_scale (0.541607ms)
  ✔ finalizaciones_abono_e2.evaluacion: missing (0.540626ms)
  ✔ finalizaciones_abono_e2.evaluacion: data_type (1.377417ms)
  ✔ finalizaciones_abono_e2.evaluacion: is_nullable (1.289295ms)
  ✔ finalizaciones_abono_e2.evaluacion: column_default (0.546905ms)
  ✔ finalizaciones_abono_e2.contrato_revision: missing (0.524308ms)
  ✔ finalizaciones_abono_e2.contrato_revision: data_type (0.522779ms)
  ✔ finalizaciones_abono_e2.contrato_revision: is_nullable (0.508035ms)
  ✔ finalizaciones_abono_e2.contrato_revision: column_default (0.585441ms)
  ✔ finalizaciones_abono_e2.created_at: missing (0.526372ms)
  ✔ finalizaciones_abono_e2.created_at: data_type (0.563394ms)
  ✔ finalizaciones_abono_e2.created_at: is_nullable (0.539347ms)
  ✔ finalizaciones_abono_e2.created_at: column_default (0.545596ms)
  ✔ evidencia_no_aplicada_e2.fuente: missing (1.418005ms)
  ✔ evidencia_no_aplicada_e2.fuente: data_type (0.566073ms)
  ✔ evidencia_no_aplicada_e2.fuente: is_nullable (0.501789ms)
  ✔ evidencia_no_aplicada_e2.fuente: column_default (0.533371ms)
  ✔ evidencia_no_aplicada_e2.abono_id: missing (0.537618ms)
  ✔ evidencia_no_aplicada_e2.abono_id: data_type (0.545577ms)
  ✔ evidencia_no_aplicada_e2.abono_id: is_nullable (0.561772ms)
  ✔ evidencia_no_aplicada_e2.abono_id: column_default (0.515709ms)
  ✔ evidencia_no_aplicada_e2.cobro_productor: missing (0.517972ms)
  ✔ evidencia_no_aplicada_e2.cobro_productor: data_type (0.514245ms)
  ✔ evidencia_no_aplicada_e2.cobro_productor: is_nullable (0.547568ms)
  ✔ evidencia_no_aplicada_e2.cobro_productor: column_default (0.508516ms)
  ✔ evidencia_no_aplicada_e2.cobro_clave: missing (1.512079ms)
  ✔ evidencia_no_aplicada_e2.cobro_clave: data_type (0.527412ms)
  ✔ evidencia_no_aplicada_e2.cobro_clave: is_nullable (0.5444ms)
  ✔ evidencia_no_aplicada_e2.cobro_clave: column_default (0.535686ms)
  ✔ evidencia_no_aplicada_e2.cliente_id: missing (0.488832ms)
  ✔ evidencia_no_aplicada_e2.cliente_id: data_type (1.103216ms)
  ✔ evidencia_no_aplicada_e2.cliente_id: is_nullable (0.679407ms)
  ✔ evidencia_no_aplicada_e2.cliente_id: column_default (0.52976ms)
  ✔ evidencia_no_aplicada_e2.importe: missing (0.528663ms)
  ✔ evidencia_no_aplicada_e2.importe: data_type (0.52301ms)
  ✔ evidencia_no_aplicada_e2.importe: is_nullable (0.732109ms)
  ✔ evidencia_no_aplicada_e2.importe: column_default (0.598511ms)
  ✔ evidencia_no_aplicada_e2.importe: numeric_precision (0.602188ms)
  ✔ evidencia_no_aplicada_e2.importe: numeric_scale (0.505006ms)
  ✔ evidencia_no_aplicada_e2.forma_pago: missing (0.584794ms)
  ✔ evidencia_no_aplicada_e2.forma_pago: data_type (0.549731ms)
  ✔ evidencia_no_aplicada_e2.forma_pago: is_nullable (0.515215ms)
  ✔ evidencia_no_aplicada_e2.forma_pago: column_default (0.510708ms)
  ✔ evidencia_no_aplicada_e2.naturaleza: missing (0.503114ms)
  ✔ evidencia_no_aplicada_e2.naturaleza: data_type (0.823453ms)
  ✔ evidencia_no_aplicada_e2.naturaleza: is_nullable (0.629526ms)
  ✔ evidencia_no_aplicada_e2.naturaleza: column_default (0.621989ms)
  ✔ evidencia_no_aplicada_e2.created_at: missing (0.543807ms)
  ✔ evidencia_no_aplicada_e2.created_at: data_type (0.542249ms)
  ✔ evidencia_no_aplicada_e2.created_at: is_nullable (0.528485ms)
  ✔ evidencia_no_aplicada_e2.created_at: column_default (0.539989ms)
  ✔ finalizaciones_abono_e2_pkey: missing (2.126614ms)
  ✔ finalizaciones_abono_e2_pkey: table_name (1.024427ms)
  ✔ finalizaciones_abono_e2_pkey: definition (0.83151ms)
  ✔ finalizaciones_abono_e2_pkey: convalidated (0.905352ms)
  ✔ finalizaciones_abono_e2_pkey: condeferrable (0.568502ms)
  ✔ finalizaciones_abono_e2_pkey: condeferred (0.743632ms)
  ✔ finalizaciones_abono_e2_pkey: index_valid (0.553235ms)
  ✔ finalizaciones_abono_e2_abono_id_fkey: missing (0.54137ms)
  ✔ finalizaciones_abono_e2_abono_id_fkey: table_name (0.585332ms)
  ✔ finalizaciones_abono_e2_abono_id_fkey: definition (0.822522ms)
  ✔ finalizaciones_abono_e2_abono_id_fkey: convalidated (0.575391ms)
  ✔ finalizaciones_abono_e2_abono_id_fkey: condeferrable (0.591668ms)
  ✔ finalizaciones_abono_e2_abono_id_fkey: condeferred (0.574152ms)
  ✔ finalizaciones_abono_e2_abono_id_fkey: index_valid (0.5434ms)
  ✔ finalizaciones_abono_e2_cliente_id_fkey: missing (0.786426ms)
  ✔ finalizaciones_abono_e2_cliente_id_fkey: table_name (0.719854ms)
  ✔ finalizaciones_abono_e2_cliente_id_fkey: definition (0.604922ms)
  ✔ finalizaciones_abono_e2_cliente_id_fkey: convalidated (0.546112ms)
  ✔ finalizaciones_abono_e2_cliente_id_fkey: condeferrable (1.045397ms)
  ✔ finalizaciones_abono_e2_cliente_id_fkey: condeferred (0.586048ms)
  ✔ finalizaciones_abono_e2_cliente_id_fkey: index_valid (0.55827ms)
  ✔ finalizaciones_abono_e2_operacion_productor_operacion_clave_key: missing (0.507321ms)
  ✔ finalizaciones_abono_e2_operacion_productor_operacion_clave_key: table_name (0.641572ms)
  ✔ finalizaciones_abono_e2_operacion_productor_operacion_clave_key: definition (0.783442ms)
  ✔ finalizaciones_abono_e2_operacion_productor_operacion_clave_key: convalidated (0.604922ms)
  ✔ finalizaciones_abono_e2_operacion_productor_operacion_clave_key: condeferrable (0.71257ms)
  ✔ finalizaciones_abono_e2_operacion_productor_operacion_clave_key: condeferred (0.549205ms)
  ✔ finalizaciones_abono_e2_operacion_productor_operacion_clave_key: index_valid (0.590487ms)
  ✔ finalizaciones_abono_e2_importe_check: missing (0.536499ms)
  ✔ finalizaciones_abono_e2_importe_check: table_name (0.56735ms)
  ✔ finalizaciones_abono_e2_importe_check: definition (0.589817ms)
  ✔ finalizaciones_abono_e2_importe_check: convalidated (0.573125ms)
  ✔ finalizaciones_abono_e2_importe_check: condeferrable (0.584259ms)
  ✔ finalizaciones_abono_e2_importe_check: condeferred (0.632611ms)
  ✔ finalizaciones_abono_e2_importe_check: index_valid (0.560282ms)
  ✔ finalizaciones_abono_e2_resultado_check: missing (0.525327ms)
  ✔ finalizaciones_abono_e2_resultado_check: table_name (1.006048ms)
  ✔ finalizaciones_abono_e2_resultado_check: definition (0.612366ms)
  ✔ finalizaciones_abono_e2_resultado_check: convalidated (0.65244ms)
  ✔ finalizaciones_abono_e2_resultado_check: condeferrable (0.666081ms)
  ✔ finalizaciones_abono_e2_resultado_check: condeferred (0.589035ms)
  ✔ finalizaciones_abono_e2_resultado_check: index_valid (0.593387ms)
  ✔ finalizaciones_abono_e2_aplicado_check: missing (0.560427ms)
  ✔ finalizaciones_abono_e2_aplicado_check: table_name (0.577492ms)
  ✔ finalizaciones_abono_e2_aplicado_check: definition (0.650248ms)
  ✔ finalizaciones_abono_e2_aplicado_check: convalidated (0.599251ms)
  ✔ finalizaciones_abono_e2_aplicado_check: condeferrable (0.578743ms)
  ✔ finalizaciones_abono_e2_aplicado_check: condeferred (0.581018ms)
  ✔ finalizaciones_abono_e2_aplicado_check: index_valid (0.591944ms)
  ✔ finalizaciones_abono_e2_evaluacion_check: missing (0.638885ms)
  ✔ finalizaciones_abono_e2_evaluacion_check: table_name (0.591059ms)
  ✔ finalizaciones_abono_e2_evaluacion_check: definition (0.621278ms)
  ✔ finalizaciones_abono_e2_evaluacion_check: convalidated (0.623919ms)
  ✔ finalizaciones_abono_e2_evaluacion_check: condeferrable (0.560604ms)
  ✔ finalizaciones_abono_e2_evaluacion_check: condeferred (0.606907ms)
  ✔ finalizaciones_abono_e2_evaluacion_check: index_valid (0.683573ms)
  ✔ finalizaciones_abono_e2_contrato_revision_check: missing (0.680339ms)
  ✔ finalizaciones_abono_e2_contrato_revision_check: table_name (0.69217ms)
  ✔ finalizaciones_abono_e2_contrato_revision_check: definition (0.60795ms)
  ✔ finalizaciones_abono_e2_contrato_revision_check: convalidated (2.006005ms)
  ✔ finalizaciones_abono_e2_contrato_revision_check: condeferrable (0.772953ms)
  ✔ finalizaciones_abono_e2_contrato_revision_check: condeferred (0.911244ms)
  ✔ finalizaciones_abono_e2_contrato_revision_check: index_valid (0.756311ms)
  ✔ finalizaciones_abono_e2_check: missing (0.543786ms)
  ✔ finalizaciones_abono_e2_check: table_name (0.63304ms)
  ✔ finalizaciones_abono_e2_check: definition (0.686962ms)
  ✔ finalizaciones_abono_e2_check: convalidated (0.659647ms)
  ✔ finalizaciones_abono_e2_check: condeferrable (0.631375ms)
  ✔ finalizaciones_abono_e2_check: condeferred (0.688371ms)
  ✔ finalizaciones_abono_e2_check: index_valid (0.663775ms)
  ✔ finalizaciones_abono_e2_operacion_productor_check: missing (0.549067ms)
  ✔ finalizaciones_abono_e2_operacion_productor_check: table_name (0.761481ms)
  ✔ finalizaciones_abono_e2_operacion_productor_check: definition (0.679883ms)
  ✔ finalizaciones_abono_e2_operacion_productor_check: convalidated (0.678625ms)
  ✔ finalizaciones_abono_e2_operacion_productor_check: condeferrable (0.663793ms)
  ✔ finalizaciones_abono_e2_operacion_productor_check: condeferred (0.724446ms)
  ✔ finalizaciones_abono_e2_operacion_productor_check: index_valid (0.631851ms)
  ✔ evidencia_no_aplicada_e2_pkey: missing (0.594564ms)
  ✔ evidencia_no_aplicada_e2_pkey: table_name (0.786568ms)
  ✔ evidencia_no_aplicada_e2_pkey: definition (1.168374ms)
  ✔ evidencia_no_aplicada_e2_pkey: convalidated (0.721239ms)
  ✔ evidencia_no_aplicada_e2_pkey: condeferrable (0.845609ms)
  ✔ evidencia_no_aplicada_e2_pkey: condeferred (0.978962ms)
  ✔ evidencia_no_aplicada_e2_pkey: index_valid (0.747045ms)
  ✔ evidencia_no_aplicada_e2_abono_id_key: missing (0.517205ms)
  ✔ evidencia_no_aplicada_e2_abono_id_key: table_name (0.711165ms)
  ✔ evidencia_no_aplicada_e2_abono_id_key: definition (1.259338ms)
  ✔ evidencia_no_aplicada_e2_abono_id_key: convalidated (0.744867ms)
  ✔ evidencia_no_aplicada_e2_abono_id_key: condeferrable (0.64262ms)
  ✔ evidencia_no_aplicada_e2_abono_id_key: condeferred (0.658148ms)
  ✔ evidencia_no_aplicada_e2_abono_id_key: index_valid (0.964835ms)
  ✔ evidencia_no_aplicada_e2_cobro_clave_key: missing (0.557641ms)
  ✔ evidencia_no_aplicada_e2_cobro_clave_key: table_name (0.710087ms)
  ✔ evidencia_no_aplicada_e2_cobro_clave_key: definition (4.448881ms)
  ✔ evidencia_no_aplicada_e2_cobro_clave_key: convalidated (0.681298ms)
  ✔ evidencia_no_aplicada_e2_cobro_clave_key: condeferrable (0.991435ms)
  ✔ evidencia_no_aplicada_e2_cobro_clave_key: condeferred (0.675665ms)
  ✔ evidencia_no_aplicada_e2_cobro_clave_key: index_valid (0.637734ms)
  ✔ evidencia_no_aplicada_e2_cobro_productor_cobro_clave_fkey: missing (0.516699ms)
  ✔ evidencia_no_aplicada_e2_cobro_productor_cobro_clave_fkey: table_name (0.6589ms)
  ✔ evidencia_no_aplicada_e2_cobro_productor_cobro_clave_fkey: definition (0.682585ms)
  ✔ evidencia_no_aplicada_e2_cobro_productor_cobro_clave_fkey: convalidated (1.138955ms)
  ✔ evidencia_no_aplicada_e2_cobro_productor_cobro_clave_fkey: condeferrable (0.667978ms)
  ✔ evidencia_no_aplicada_e2_cobro_productor_cobro_clave_fkey: condeferred (0.666802ms)
  ✔ evidencia_no_aplicada_e2_cobro_productor_cobro_clave_fkey: index_valid (1.233526ms)
  ✔ evidencia_no_aplicada_e2_abono_id_fkey: missing (0.549499ms)
  ✔ evidencia_no_aplicada_e2_abono_id_fkey: table_name (0.675172ms)
  ✔ evidencia_no_aplicada_e2_abono_id_fkey: definition (0.666292ms)
  ✔ evidencia_no_aplicada_e2_abono_id_fkey: convalidated (0.64996ms)
  ✔ evidencia_no_aplicada_e2_abono_id_fkey: condeferrable (0.692297ms)
  ✔ evidencia_no_aplicada_e2_abono_id_fkey: condeferred (0.640727ms)
  ✔ evidencia_no_aplicada_e2_abono_id_fkey: index_valid (0.687093ms)
  ✔ evidencia_no_aplicada_e2_cliente_id_fkey: missing (0.532426ms)
  ✔ evidencia_no_aplicada_e2_cliente_id_fkey: table_name (0.643148ms)
  ✔ evidencia_no_aplicada_e2_cliente_id_fkey: definition (0.709948ms)
  ✔ evidencia_no_aplicada_e2_cliente_id_fkey: convalidated (0.696707ms)
  ✔ evidencia_no_aplicada_e2_cliente_id_fkey: condeferrable (1.453067ms)
  ✔ evidencia_no_aplicada_e2_cliente_id_fkey: condeferred (0.693312ms)
  ✔ evidencia_no_aplicada_e2_cliente_id_fkey: index_valid (0.645889ms)
  ✔ evidencia_no_aplicada_e2_importe_check: missing (0.542516ms)
  ✔ evidencia_no_aplicada_e2_importe_check: table_name (0.675416ms)
  ✔ evidencia_no_aplicada_e2_importe_check: definition (0.647942ms)
  ✔ evidencia_no_aplicada_e2_importe_check: convalidated (0.654134ms)
  ✔ evidencia_no_aplicada_e2_importe_check: condeferrable (0.703701ms)
  ✔ evidencia_no_aplicada_e2_importe_check: condeferred (0.697324ms)
  ✔ evidencia_no_aplicada_e2_importe_check: index_valid (0.685982ms)
  ✔ evidencia_no_aplicada_e2_forma_pago_check: missing (7.183109ms)
  ✔ evidencia_no_aplicada_e2_forma_pago_check: table_name (0.272691ms)
  ✔ evidencia_no_aplicada_e2_forma_pago_check: definition (0.24509ms)
  ✔ evidencia_no_aplicada_e2_forma_pago_check: convalidated (0.187569ms)
  ✔ evidencia_no_aplicada_e2_forma_pago_check: condeferrable (0.1795ms)
  ✔ evidencia_no_aplicada_e2_forma_pago_check: condeferred (0.173543ms)
  ✔ evidencia_no_aplicada_e2_forma_pago_check: index_valid (0.206864ms)
  ✔ evidencia_no_aplicada_e2_naturaleza_check: missing (0.158742ms)
  ✔ evidencia_no_aplicada_e2_naturaleza_check: table_name (0.163337ms)
  ✔ evidencia_no_aplicada_e2_naturaleza_check: definition (0.187265ms)
  ✔ evidencia_no_aplicada_e2_naturaleza_check: convalidated (0.161538ms)
  ✔ evidencia_no_aplicada_e2_naturaleza_check: condeferrable (0.269222ms)
  ✔ evidencia_no_aplicada_e2_naturaleza_check: condeferred (0.16852ms)
  ✔ evidencia_no_aplicada_e2_naturaleza_check: index_valid (0.211792ms)
  ✔ evidencia_no_aplicada_e2_check: missing (0.15233ms)
  ✔ evidencia_no_aplicada_e2_check: table_name (0.200928ms)
  ✔ evidencia_no_aplicada_e2_check: definition (0.180712ms)
  ✔ evidencia_no_aplicada_e2_check: convalidated (0.303051ms)
  ✔ evidencia_no_aplicada_e2_check: condeferrable (0.196836ms)
  ✔ evidencia_no_aplicada_e2_check: condeferred (0.259109ms)
  ✔ evidencia_no_aplicada_e2_check: index_valid (0.190539ms)
  ✔ e2_finalization_immutable: missing (0.332178ms)
  ✔ e2_finalization_immutable: prosrc (0.324686ms)
  ✔ e2_finalization_immutable: prokind (0.230086ms)
  ✔ e2_finalization_immutable: provolatile (0.204858ms)
  ✔ e2_finalization_immutable: proparallel (0.343655ms)
  ✔ e2_finalization_immutable: prosecdef (0.278065ms)
  ✔ e2_finalization_immutable: proleakproof (0.370346ms)
  ✔ e2_finalization_immutable: proisstrict (0.348501ms)
  ✔ e2_finalization_immutable: proretset (0.222417ms)
  ✔ e2_finalization_immutable: proacl (0.22511ms)
  ✔ e2_finalization_immutable: proconfig (0.250873ms)
  ✔ e2_finalization_immutable: language_name (0.20142ms)
  ✔ e2_finalization_immutable: owner_name (0.187731ms)
  ✔ e2_finalization_immutable: result_type (0.288532ms)
  ✔ e2_finalization_immutable: identity_arguments (0.213197ms)
  ✔ e2_finalization_immutable: tgenabled (0.287148ms)
  ✔ e2_finalization_immutable: tgtype (0.305391ms)
  ✔ e2_finalization_immutable: table_name (0.224638ms)
  ✔ e2_finalization_immutable: function_name (0.189555ms)
  ✔ e2_finalization_immutable: function_schema (0.261777ms)
  ✔ e2_finalization_immutable: args_length (0.37025ms)
  ✔ e2_finalization_immutable: trigger_attr (0.280774ms)
  ✔ e2_finalization_immutable: has_parent (0.235736ms)
  ✔ e2_finalization_immutable: has_qual (0.209481ms)
  ✔ e2_finalization_immutable: has_constraint (0.330829ms)
  ✔ e2_finalization_immutable: tgdeferrable (0.333291ms)
  ✔ e2_finalization_immutable: tginitdeferred (0.213839ms)
  ✔ e2_validate_abono_finalization: missing (0.184577ms)
  ✔ e2_validate_abono_finalization: prosrc (0.280344ms)
  ✔ e2_validate_abono_finalization: prokind (0.319851ms)
  ✔ e2_validate_abono_finalization: provolatile (0.22043ms)
  ✔ e2_validate_abono_finalization: proparallel (0.201532ms)
  ✔ e2_validate_abono_finalization: prosecdef (0.227959ms)
  ✔ e2_validate_abono_finalization: proleakproof (0.219892ms)
  ✔ e2_validate_abono_finalization: proisstrict (0.200404ms)
  ✔ e2_validate_abono_finalization: proretset (0.247954ms)
  ✔ e2_validate_abono_finalization: proacl (0.251567ms)
  ✔ e2_validate_abono_finalization: proconfig (0.209098ms)
  ✔ e2_validate_abono_finalization: language_name (0.19378ms)
  ✔ e2_validate_abono_finalization: owner_name (0.192876ms)
  ✔ e2_validate_abono_finalization: result_type (0.225667ms)
  ✔ e2_validate_abono_finalization: identity_arguments (0.313745ms)
  ✔ e2_validate_abono_finalization: tgenabled (0.257017ms)
  ✔ e2_validate_abono_finalization: tgtype (0.304039ms)
  ✔ e2_validate_abono_finalization: table_name (0.216327ms)
  ✔ e2_validate_abono_finalization: function_name (0.194826ms)
  ✔ e2_validate_abono_finalization: function_schema (0.192532ms)
  ✔ e2_validate_abono_finalization: args_length (0.237309ms)
  ✔ e2_validate_abono_finalization: trigger_attr (0.19976ms)
  ✔ e2_validate_abono_finalization: has_parent (0.195284ms)
  ✔ e2_validate_abono_finalization: has_qual (0.187938ms)
  ✔ e2_validate_abono_finalization: has_constraint (0.245337ms)
  ✔ e2_validate_abono_finalization: tgdeferrable (0.192455ms)
  ✔ e2_validate_abono_finalization: tginitdeferred (0.191373ms)
  ✔ e2_proof_immutable: missing (0.164912ms)
  ✔ e2_proof_immutable: prosrc (0.23395ms)
  ✔ e2_proof_immutable: prokind (0.215418ms)
  ✔ e2_proof_immutable: provolatile (0.191341ms)
  ✔ e2_proof_immutable: proparallel (0.195948ms)
  ✔ e2_proof_immutable: prosecdef (0.299728ms)
  ✔ e2_proof_immutable: proleakproof (0.287917ms)
  ✔ e2_proof_immutable: proisstrict (0.218609ms)
  ✔ e2_proof_immutable: proretset (0.371291ms)
  ✔ e2_proof_immutable: proacl (0.27323ms)
  ✔ e2_proof_immutable: proconfig (0.216793ms)
  ✔ e2_proof_immutable: language_name (0.230928ms)
  ✔ e2_proof_immutable: owner_name (0.216628ms)
  ✔ e2_proof_immutable: result_type (0.197093ms)
  ✔ e2_proof_immutable: identity_arguments (0.236662ms)
  ✔ e2_proof_immutable: tgenabled (0.246579ms)
  ✔ e2_proof_immutable: tgtype (0.434581ms)
  ✔ e2_proof_immutable: table_name (0.93441ms)
  ✔ e2_proof_immutable: function_name (0.800614ms)
  ✔ e2_proof_immutable: function_schema (0.81983ms)
  ✔ e2_proof_immutable: args_length (0.765873ms)
  ✔ e2_proof_immutable: trigger_attr (0.839109ms)
  ✔ e2_proof_immutable: has_parent (1.340556ms)
  ✔ e2_proof_immutable: has_qual (0.872733ms)
  ✔ e2_proof_immutable: has_constraint (0.819031ms)
  ✔ e2_proof_immutable: tgdeferrable (0.836076ms)
  ✔ e2_proof_immutable: tginitdeferred (0.800291ms)
  ✔ e2_validate_unused_proof: missing (0.730826ms)
  ✔ e2_validate_unused_proof: prosrc (0.808801ms)
  ✔ e2_validate_unused_proof: prokind (2.463127ms)
  ✔ e2_validate_unused_proof: provolatile (0.880438ms)
  ✔ e2_validate_unused_proof: proparallel (1.023748ms)
  ✔ e2_validate_unused_proof: prosecdef (0.996028ms)
  ✔ e2_validate_unused_proof: proleakproof (0.847457ms)
  ✔ e2_validate_unused_proof: proisstrict (0.958515ms)
  ✔ e2_validate_unused_proof: proretset (1.59492ms)
  ✔ e2_validate_unused_proof: proacl (0.870798ms)
  ✔ e2_validate_unused_proof: proconfig (0.972041ms)
  ✔ e2_validate_unused_proof: language_name (0.96999ms)
  ✔ e2_validate_unused_proof: owner_name (0.828354ms)
  ✔ e2_validate_unused_proof: result_type (0.847622ms)
  ✔ e2_validate_unused_proof: identity_arguments (0.815793ms)
  ✔ e2_validate_unused_proof: tgenabled (1.732995ms)
  ✔ e2_validate_unused_proof: tgtype (1.062414ms)
  ✔ e2_validate_unused_proof: table_name (0.835998ms)
  ✔ e2_validate_unused_proof: function_name (0.866813ms)
  ✔ e2_validate_unused_proof: function_schema (0.79844ms)
  ✔ e2_validate_unused_proof: args_length (0.833759ms)
  ✔ e2_validate_unused_proof: trigger_attr (1.487028ms)
  ✔ e2_validate_unused_proof: has_parent (0.812599ms)
  ✔ e2_validate_unused_proof: has_qual (0.778926ms)
  ✔ e2_validate_unused_proof: has_constraint (0.817396ms)
  ✔ e2_validate_unused_proof: tgdeferrable (0.902833ms)
  ✔ e2_validate_unused_proof: tginitdeferred (0.935227ms)
  ✔ e2_abono_finalization_complete: missing (1.32478ms)
  ✔ e2_abono_finalization_complete: prosrc (1.13059ms)
  ✔ e2_abono_finalization_complete: prokind (0.871783ms)
  ✔ e2_abono_finalization_complete: provolatile (0.849875ms)
  ✔ e2_abono_finalization_complete: proparallel (0.81296ms)
  ✔ e2_abono_finalization_complete: prosecdef (0.816559ms)
  ✔ e2_abono_finalization_complete: proleakproof (0.84268ms)
  ✔ e2_abono_finalization_complete: proisstrict (0.815419ms)
  ✔ e2_abono_finalization_complete: proretset (0.829209ms)
  ✔ e2_abono_finalization_complete: proacl (1.851683ms)
  ✔ e2_abono_finalization_complete: proconfig (0.824828ms)
  ✔ e2_abono_finalization_complete: language_name (0.791708ms)
  ✔ e2_abono_finalization_complete: owner_name (0.814093ms)
  ✔ e2_abono_finalization_complete: result_type (0.801525ms)
  ✔ e2_abono_finalization_complete: identity_arguments (0.86089ms)
  ✔ e2_abono_finalization_complete: tgenabled (0.801302ms)
  ✔ e2_abono_finalization_complete: tgtype (0.833958ms)
  ✔ e2_abono_finalization_complete: table_name (1.711032ms)
  ✔ e2_abono_finalization_complete: function_name (0.848197ms)
  ✔ e2_abono_finalization_complete: function_schema (6.742676ms)
  ✔ e2_abono_finalization_complete: args_length (0.831185ms)
  ✔ e2_abono_finalization_complete: trigger_attr (0.811346ms)
  ✔ e2_abono_finalization_complete: has_parent (0.833845ms)
  ✔ e2_abono_finalization_complete: has_qual (1.781514ms)
  ✔ e2_abono_finalization_complete: has_constraint (0.857918ms)
  ✔ e2_abono_finalization_complete: tgdeferrable (0.808578ms)
  ✔ e2_abono_finalization_complete: tginitdeferred (1.170206ms)
  ✔ e2_capture_application_order: missing (0.7169ms)
  ✔ e2_capture_application_order: prosrc (0.821497ms)
  ✔ e2_capture_application_order: prokind (0.799918ms)
  ✔ e2_capture_application_order: provolatile (0.864808ms)
  ✔ e2_capture_application_order: proparallel (0.795304ms)
  ✔ e2_capture_application_order: prosecdef (0.845177ms)
  ✔ e2_capture_application_order: proleakproof (0.891945ms)
  ✔ e2_capture_application_order: proisstrict (0.858568ms)
  ✔ e2_capture_application_order: proretset (0.839002ms)
  ✔ e2_capture_application_order: proacl (0.806203ms)
  ✔ e2_capture_application_order: proconfig (0.804296ms)
  ✔ e2_capture_application_order: language_name (2.166281ms)
  ✔ e2_capture_application_order: owner_name (0.999288ms)
  ✔ e2_capture_application_order: result_type (0.836236ms)
  ✔ e2_capture_application_order: identity_arguments (1.134408ms)
  ✔ e2_capture_application_order: tgenabled (0.825181ms)
  ✔ e2_capture_application_order: tgtype (0.811343ms)
  ✔ e2_capture_application_order: table_name (0.96251ms)
  ✔ e2_capture_application_order: function_name (0.858324ms)
  ✔ e2_capture_application_order: function_schema (0.810616ms)
  ✔ e2_capture_application_order: args_length (0.832352ms)
  ✔ e2_capture_application_order: trigger_attr (1.585221ms)
  ✔ e2_capture_application_order: has_parent (0.849582ms)
  ✔ e2_capture_application_order: has_qual (0.950267ms)
  ✔ e2_capture_application_order: has_constraint (1.239176ms)
  ✔ e2_capture_application_order: tgdeferrable (0.837574ms)
  ✔ e2_capture_application_order: tginitdeferred (0.83914ms)
  ✔ e2_finalize_new_abono: missing (0.951618ms)
  ✔ e2_finalize_new_abono: prosrc (0.961889ms)
  ✔ e2_finalize_new_abono: prokind (0.889157ms)
  ✔ e2_finalize_new_abono: provolatile (0.899629ms)
  ✔ e2_finalize_new_abono: proparallel (0.832943ms)
  ✔ e2_finalize_new_abono: prosecdef (1.166093ms)
  ✔ e2_finalize_new_abono: proleakproof (1.157442ms)
  ✔ e2_finalize_new_abono: proisstrict (0.91179ms)
  ✔ e2_finalize_new_abono: proretset (1.968885ms)
  ✔ e2_finalize_new_abono: proacl (0.909682ms)
  ✔ e2_finalize_new_abono: proconfig (1.145209ms)
  ✔ e2_finalize_new_abono: language_name (1.373687ms)
  ✔ e2_finalize_new_abono: owner_name (0.96215ms)
  ✔ e2_finalize_new_abono: result_type (1.068937ms)
  ✔ e2_finalize_new_abono: identity_arguments (1.251426ms)
  ✔ e2_attest_new_retained: missing (0.897948ms)
  ✔ e2_attest_new_retained: prosrc (0.877897ms)
  ✔ e2_attest_new_retained: prokind (1.182946ms)
  ✔ e2_attest_new_retained: provolatile (0.923963ms)
  ✔ e2_attest_new_retained: proparallel (0.892838ms)
  ✔ e2_attest_new_retained: prosecdef (0.86459ms)
  ✔ e2_attest_new_retained: proleakproof (1.32729ms)
  ✔ e2_attest_new_retained: proisstrict (0.927841ms)
  ✔ e2_attest_new_retained: proretset (0.879384ms)
  ✔ e2_attest_new_retained: proacl (1.18682ms)
  ✔ e2_attest_new_retained: proconfig (0.916198ms)
  ✔ e2_attest_new_retained: language_name (0.867972ms)
  ✔ e2_attest_new_retained: owner_name (0.878705ms)
  ✔ e2_attest_new_retained: result_type (0.841737ms)
  ✔ e2_attest_new_retained: identity_arguments (1.092915ms)
✔ A+C mock preflight independently rejects each catalog drift (377.096427ms)
ℹ tests 428
ℹ suites 0
ℹ pass 427
ℹ fail 1
ℹ cancelled 0
ℹ skipped 0
ℹ todo 0
ℹ duration_ms 792.423786

✖ failing tests:

test at reports/e2-apertura-limitada/evidencia-a-c/negative-offline.test.mjs:90:1
✖ mounted ordinary producer: UNUSED/PARTIAL/FULL and FIFO persistence ordering (108.248788ms)
  AssertionError [ERR_ASSERTION]: classification must match canonical allocations
  
  'FULL' !== 'UNUSED'
  
      at ordinary (file:///home/runner/workspace/reports/e2-apertura-limitada/evidencia-a-c/negative-offline.test.mjs:82:10)
      at async TestContext.<anonymous> (file:///home/runner/workspace/reports/e2-apertura-limitada/evidencia-a-c/negative-offline.test.mjs:91:43)
      at async Test.run (node:internal/test_runner/test:1113:7)
      at async startSubtestAfterBootstrap (node:internal/test_runner/harness:358:3) {
    generatedMessage: false,
    code: 'ERR_ASSERTION',
    actual: 'FULL',
    expected: 'UNUSED',
    operator: 'strictEqual',
    diff: 'simple'
  }
