✔ mounted ordinary producer: UNUSED/PARTIAL/FULL and FIFO persistence ordering (316.11712ms)
✔ mounted directed approval finalizes FULL only after its application (26.706217ms)
✔ actual core rejects directed result/amount mismatches before persistence (0.655825ms)
✔ positive proof is mandatory in the real refund service (71.336161ms)
✔ real refund service accepts both origins and rejects absent/used ABONO finalization (67.3463ms)
✔ R4 application-order guard exists in prepared SQL (LEXICAL ONLY, not SQL semantics) (0.476475ms)
▶ A+C mock preflight independently rejects each catalog drift
  ✔ finalizaciones_abono_e2.abono_id: missing (0.690421ms)
  ✔ finalizaciones_abono_e2.abono_id: data_type (0.40821ms)
  ✔ finalizaciones_abono_e2.abono_id: is_nullable (0.362461ms)
  ✔ finalizaciones_abono_e2.abono_id: column_default (0.488492ms)
  ✔ finalizaciones_abono_e2.operacion_productor: missing (0.299133ms)
  ✔ finalizaciones_abono_e2.operacion_productor: data_type (0.23779ms)
  ✔ finalizaciones_abono_e2.operacion_productor: is_nullable (0.213668ms)
  ✔ finalizaciones_abono_e2.operacion_productor: column_default (0.2142ms)
  ✔ finalizaciones_abono_e2.operacion_clave: missing (0.905948ms)
  ✔ finalizaciones_abono_e2.operacion_clave: data_type (0.304248ms)
  ✔ finalizaciones_abono_e2.operacion_clave: is_nullable (0.227112ms)
  ✔ finalizaciones_abono_e2.operacion_clave: column_default (0.369308ms)
  ✔ finalizaciones_abono_e2.cliente_id: missing (0.30469ms)
  ✔ finalizaciones_abono_e2.cliente_id: data_type (0.221068ms)
  ✔ finalizaciones_abono_e2.cliente_id: is_nullable (2.403797ms)
  ✔ finalizaciones_abono_e2.cliente_id: column_default (0.257205ms)
  ✔ finalizaciones_abono_e2.importe: missing (0.214084ms)
  ✔ finalizaciones_abono_e2.importe: data_type (4.966539ms)
  ✔ finalizaciones_abono_e2.importe: is_nullable (0.289393ms)
  ✔ finalizaciones_abono_e2.importe: column_default (0.187224ms)
  ✔ finalizaciones_abono_e2.importe: numeric_precision (0.299755ms)
  ✔ finalizaciones_abono_e2.importe: numeric_scale (0.314952ms)
  ✔ finalizaciones_abono_e2.resultado: missing (0.215492ms)
  ✔ finalizaciones_abono_e2.resultado: data_type (0.160283ms)
  ✔ finalizaciones_abono_e2.resultado: is_nullable (0.234297ms)
  ✔ finalizaciones_abono_e2.resultado: column_default (0.269915ms)
  ✔ finalizaciones_abono_e2.aplicado: missing (0.235004ms)
  ✔ finalizaciones_abono_e2.aplicado: data_type (0.175692ms)
  ✔ finalizaciones_abono_e2.aplicado: is_nullable (0.22239ms)
  ✔ finalizaciones_abono_e2.aplicado: column_default (0.301366ms)
  ✔ finalizaciones_abono_e2.aplicado: numeric_precision (0.176243ms)
  ✔ finalizaciones_abono_e2.aplicado: numeric_scale (0.144363ms)
  ✔ finalizaciones_abono_e2.evaluacion: missing (0.292698ms)
  ✔ finalizaciones_abono_e2.evaluacion: data_type (0.237575ms)
  ✔ finalizaciones_abono_e2.evaluacion: is_nullable (0.159827ms)
  ✔ finalizaciones_abono_e2.evaluacion: column_default (0.141759ms)
  ✔ finalizaciones_abono_e2.contrato_revision: missing (0.144843ms)
  ✔ finalizaciones_abono_e2.contrato_revision: data_type (0.18264ms)
  ✔ finalizaciones_abono_e2.contrato_revision: is_nullable (0.143993ms)
  ✔ finalizaciones_abono_e2.contrato_revision: column_default (0.135904ms)
  ✔ finalizaciones_abono_e2.created_at: missing (0.13202ms)
  ✔ finalizaciones_abono_e2.created_at: data_type (0.133774ms)
  ✔ finalizaciones_abono_e2.created_at: is_nullable (0.13239ms)
  ✔ finalizaciones_abono_e2.created_at: column_default (0.151025ms)
  ✔ evidencia_no_aplicada_e2.fuente: missing (0.192275ms)
  ✔ evidencia_no_aplicada_e2.fuente: data_type (0.150604ms)
  ✔ evidencia_no_aplicada_e2.fuente: is_nullable (0.142647ms)
  ✔ evidencia_no_aplicada_e2.fuente: column_default (0.144188ms)
  ✔ evidencia_no_aplicada_e2.abono_id: missing (0.165521ms)
  ✔ evidencia_no_aplicada_e2.abono_id: data_type (0.144998ms)
  ✔ evidencia_no_aplicada_e2.abono_id: is_nullable (0.14508ms)
  ✔ evidencia_no_aplicada_e2.abono_id: column_default (0.143446ms)
  ✔ evidencia_no_aplicada_e2.cobro_productor: missing (0.133607ms)
  ✔ evidencia_no_aplicada_e2.cobro_productor: data_type (0.150169ms)
  ✔ evidencia_no_aplicada_e2.cobro_productor: is_nullable (0.170601ms)
  ✔ evidencia_no_aplicada_e2.cobro_productor: column_default (0.143943ms)
  ✔ evidencia_no_aplicada_e2.cobro_clave: missing (0.146868ms)
  ✔ evidencia_no_aplicada_e2.cobro_clave: data_type (0.143775ms)
  ✔ evidencia_no_aplicada_e2.cobro_clave: is_nullable (0.157132ms)
  ✔ evidencia_no_aplicada_e2.cobro_clave: column_default (0.148004ms)
  ✔ evidencia_no_aplicada_e2.cliente_id: missing (0.14599ms)
  ✔ evidencia_no_aplicada_e2.cliente_id: data_type (0.295811ms)
  ✔ evidencia_no_aplicada_e2.cliente_id: is_nullable (0.208739ms)
  ✔ evidencia_no_aplicada_e2.cliente_id: column_default (0.151251ms)
  ✔ evidencia_no_aplicada_e2.importe: missing (0.142366ms)
  ✔ evidencia_no_aplicada_e2.importe: data_type (0.142956ms)
  ✔ evidencia_no_aplicada_e2.importe: is_nullable (0.13385ms)
  ✔ evidencia_no_aplicada_e2.importe: column_default (0.227681ms)
  ✔ evidencia_no_aplicada_e2.importe: numeric_precision (0.155542ms)
  ✔ evidencia_no_aplicada_e2.importe: numeric_scale (0.146252ms)
  ✔ evidencia_no_aplicada_e2.forma_pago: missing (0.213229ms)
  ✔ evidencia_no_aplicada_e2.forma_pago: data_type (0.258496ms)
  ✔ evidencia_no_aplicada_e2.forma_pago: is_nullable (0.169152ms)
  ✔ evidencia_no_aplicada_e2.forma_pago: column_default (0.144752ms)
  ✔ evidencia_no_aplicada_e2.naturaleza: missing (0.136868ms)
  ✔ evidencia_no_aplicada_e2.naturaleza: data_type (0.138679ms)
  ✔ evidencia_no_aplicada_e2.naturaleza: is_nullable (0.198552ms)
  ✔ evidencia_no_aplicada_e2.naturaleza: column_default (0.203256ms)
  ✔ evidencia_no_aplicada_e2.created_at: missing (0.146008ms)
  ✔ evidencia_no_aplicada_e2.created_at: data_type (0.208924ms)
  ✔ evidencia_no_aplicada_e2.created_at: is_nullable (0.154552ms)
  ✔ evidencia_no_aplicada_e2.created_at: column_default (0.455822ms)
  ✔ finalizaciones_abono_e2_pkey: missing (0.225249ms)
  ✔ finalizaciones_abono_e2_pkey: table_name (0.41083ms)
  ✔ finalizaciones_abono_e2_pkey: definition (0.316632ms)
  ✔ finalizaciones_abono_e2_pkey: convalidated (0.227497ms)
  ✔ finalizaciones_abono_e2_pkey: condeferrable (0.258687ms)
  ✔ finalizaciones_abono_e2_pkey: condeferred (0.195591ms)
  ✔ finalizaciones_abono_e2_pkey: index_valid (0.178753ms)
  ✔ finalizaciones_abono_e2_abono_id_fkey: missing (0.178913ms)
  ✔ finalizaciones_abono_e2_abono_id_fkey: table_name (0.222208ms)
  ✔ finalizaciones_abono_e2_abono_id_fkey: definition (0.262262ms)
  ✔ finalizaciones_abono_e2_abono_id_fkey: convalidated (0.222771ms)
  ✔ finalizaciones_abono_e2_abono_id_fkey: condeferrable (0.185574ms)
  ✔ finalizaciones_abono_e2_abono_id_fkey: condeferred (0.199727ms)
  ✔ finalizaciones_abono_e2_abono_id_fkey: index_valid (0.186542ms)
  ✔ finalizaciones_abono_e2_cliente_id_fkey: missing (0.264865ms)
  ✔ finalizaciones_abono_e2_cliente_id_fkey: table_name (0.268265ms)
  ✔ finalizaciones_abono_e2_cliente_id_fkey: definition (0.198992ms)
  ✔ finalizaciones_abono_e2_cliente_id_fkey: convalidated (0.187796ms)
  ✔ finalizaciones_abono_e2_cliente_id_fkey: condeferrable (0.176163ms)
  ✔ finalizaciones_abono_e2_cliente_id_fkey: condeferred (0.200569ms)
  ✔ finalizaciones_abono_e2_cliente_id_fkey: index_valid (0.193969ms)
  ✔ finalizaciones_abono_e2_operacion_productor_operacion_clave_key: missing (0.180877ms)
  ✔ finalizaciones_abono_e2_operacion_productor_operacion_clave_key: table_name (0.269717ms)
  ✔ finalizaciones_abono_e2_operacion_productor_operacion_clave_key: definition (0.205239ms)
  ✔ finalizaciones_abono_e2_operacion_productor_operacion_clave_key: convalidated (0.186359ms)
  ✔ finalizaciones_abono_e2_operacion_productor_operacion_clave_key: condeferrable (0.18759ms)
  ✔ finalizaciones_abono_e2_operacion_productor_operacion_clave_key: condeferred (0.180148ms)
  ✔ finalizaciones_abono_e2_operacion_productor_operacion_clave_key: index_valid (0.229883ms)
  ✔ finalizaciones_abono_e2_importe_check: missing (0.179417ms)
  ✔ finalizaciones_abono_e2_importe_check: table_name (0.175599ms)
  ✔ finalizaciones_abono_e2_importe_check: definition (0.203283ms)
  ✔ finalizaciones_abono_e2_importe_check: convalidated (0.281617ms)
  ✔ finalizaciones_abono_e2_importe_check: condeferrable (0.195414ms)
  ✔ finalizaciones_abono_e2_importe_check: condeferred (0.189965ms)
  ✔ finalizaciones_abono_e2_importe_check: index_valid (0.183748ms)
  ✔ finalizaciones_abono_e2_resultado_check: missing (0.218529ms)
  ✔ finalizaciones_abono_e2_resultado_check: table_name (0.249857ms)
  ✔ finalizaciones_abono_e2_resultado_check: definition (0.192335ms)
  ✔ finalizaciones_abono_e2_resultado_check: convalidated (0.186006ms)
  ✔ finalizaciones_abono_e2_resultado_check: condeferrable (0.20451ms)
  ✔ finalizaciones_abono_e2_resultado_check: condeferred (0.186671ms)
  ✔ finalizaciones_abono_e2_resultado_check: index_valid (0.393517ms)
  ✔ finalizaciones_abono_e2_aplicado_check: missing (0.243228ms)
  ✔ finalizaciones_abono_e2_aplicado_check: table_name (0.204706ms)
  ✔ finalizaciones_abono_e2_aplicado_check: definition (0.201063ms)
  ✔ finalizaciones_abono_e2_aplicado_check: convalidated (0.189853ms)
  ✔ finalizaciones_abono_e2_aplicado_check: condeferrable (0.276236ms)
  ✔ finalizaciones_abono_e2_aplicado_check: condeferred (0.198277ms)
  ✔ finalizaciones_abono_e2_aplicado_check: index_valid (0.209369ms)
  ✔ finalizaciones_abono_e2_evaluacion_check: missing (0.204984ms)
  ✔ finalizaciones_abono_e2_evaluacion_check: table_name (0.230603ms)
  ✔ finalizaciones_abono_e2_evaluacion_check: definition (0.313589ms)
  ✔ finalizaciones_abono_e2_evaluacion_check: convalidated (0.200855ms)
  ✔ finalizaciones_abono_e2_evaluacion_check: condeferrable (0.318241ms)
  ✔ finalizaciones_abono_e2_evaluacion_check: condeferred (0.217012ms)
  ✔ finalizaciones_abono_e2_evaluacion_check: index_valid (0.196876ms)
  ✔ finalizaciones_abono_e2_contrato_revision_check: missing (0.246535ms)
  ✔ finalizaciones_abono_e2_contrato_revision_check: table_name (0.225599ms)
  ✔ finalizaciones_abono_e2_contrato_revision_check: definition (0.208984ms)
  ✔ finalizaciones_abono_e2_contrato_revision_check: convalidated (0.269333ms)
  ✔ finalizaciones_abono_e2_contrato_revision_check: condeferrable (0.337097ms)
  ✔ finalizaciones_abono_e2_contrato_revision_check: condeferred (0.282643ms)
  ✔ finalizaciones_abono_e2_contrato_revision_check: index_valid (0.273874ms)
  ✔ finalizaciones_abono_e2_check: missing (0.209448ms)
  ✔ finalizaciones_abono_e2_check: table_name (0.202058ms)
  ✔ finalizaciones_abono_e2_check: definition (0.199341ms)
  ✔ finalizaciones_abono_e2_check: convalidated (0.199033ms)
  ✔ finalizaciones_abono_e2_check: condeferrable (0.24898ms)
  ✔ finalizaciones_abono_e2_check: condeferred (0.187976ms)
  ✔ finalizaciones_abono_e2_check: index_valid (0.201008ms)
  ✔ finalizaciones_abono_e2_operacion_productor_check: missing (0.178903ms)
  ✔ finalizaciones_abono_e2_operacion_productor_check: table_name (0.249993ms)
  ✔ finalizaciones_abono_e2_operacion_productor_check: definition (0.240752ms)
  ✔ finalizaciones_abono_e2_operacion_productor_check: convalidated (0.22515ms)
  ✔ finalizaciones_abono_e2_operacion_productor_check: condeferrable (0.227836ms)
  ✔ finalizaciones_abono_e2_operacion_productor_check: condeferred (0.225423ms)
  ✔ finalizaciones_abono_e2_operacion_productor_check: index_valid (0.20124ms)
  ✔ evidencia_no_aplicada_e2_pkey: missing (0.231292ms)
  ✔ evidencia_no_aplicada_e2_pkey: table_name (0.33321ms)
  ✔ evidencia_no_aplicada_e2_pkey: definition (0.29256ms)
  ✔ evidencia_no_aplicada_e2_pkey: convalidated (0.281143ms)
  ✔ evidencia_no_aplicada_e2_pkey: condeferrable (0.400205ms)
  ✔ evidencia_no_aplicada_e2_pkey: condeferred (0.320755ms)
  ✔ evidencia_no_aplicada_e2_pkey: index_valid (0.275409ms)
  ✔ evidencia_no_aplicada_e2_abono_id_key: missing (0.237993ms)
  ✔ evidencia_no_aplicada_e2_abono_id_key: table_name (0.260446ms)
  ✔ evidencia_no_aplicada_e2_abono_id_key: definition (0.316562ms)
  ✔ evidencia_no_aplicada_e2_abono_id_key: convalidated (0.260438ms)
  ✔ evidencia_no_aplicada_e2_abono_id_key: condeferrable (0.219517ms)
  ✔ evidencia_no_aplicada_e2_abono_id_key: condeferred (0.205847ms)
  ✔ evidencia_no_aplicada_e2_abono_id_key: index_valid (0.25338ms)
  ✔ evidencia_no_aplicada_e2_cobro_clave_key: missing (0.187882ms)
  ✔ evidencia_no_aplicada_e2_cobro_clave_key: table_name (0.82408ms)
  ✔ evidencia_no_aplicada_e2_cobro_clave_key: definition (0.316523ms)
  ✔ evidencia_no_aplicada_e2_cobro_clave_key: convalidated (0.217361ms)
  ✔ evidencia_no_aplicada_e2_cobro_clave_key: condeferrable (0.23671ms)
  ✔ evidencia_no_aplicada_e2_cobro_clave_key: condeferred (0.198082ms)
  ✔ evidencia_no_aplicada_e2_cobro_clave_key: index_valid (0.195448ms)
  ✔ evidencia_no_aplicada_e2_cobro_productor_cobro_clave_fkey: missing (0.174358ms)
  ✔ evidencia_no_aplicada_e2_cobro_productor_cobro_clave_fkey: table_name (0.311274ms)
  ✔ evidencia_no_aplicada_e2_cobro_productor_cobro_clave_fkey: definition (0.216885ms)
  ✔ evidencia_no_aplicada_e2_cobro_productor_cobro_clave_fkey: convalidated (0.26041ms)
  ✔ evidencia_no_aplicada_e2_cobro_productor_cobro_clave_fkey: condeferrable (0.287615ms)
  ✔ evidencia_no_aplicada_e2_cobro_productor_cobro_clave_fkey: condeferred (0.210199ms)
  ✔ evidencia_no_aplicada_e2_cobro_productor_cobro_clave_fkey: index_valid (0.292364ms)
  ✔ evidencia_no_aplicada_e2_abono_id_fkey: missing (0.222484ms)
  ✔ evidencia_no_aplicada_e2_abono_id_fkey: table_name (0.241673ms)
  ✔ evidencia_no_aplicada_e2_abono_id_fkey: definition (0.203104ms)
  ✔ evidencia_no_aplicada_e2_abono_id_fkey: convalidated (0.205502ms)
  ✔ evidencia_no_aplicada_e2_abono_id_fkey: condeferrable (0.236649ms)
  ✔ evidencia_no_aplicada_e2_abono_id_fkey: condeferred (0.219143ms)
  ✔ evidencia_no_aplicada_e2_abono_id_fkey: index_valid (0.214915ms)
  ✔ evidencia_no_aplicada_e2_cliente_id_fkey: missing (0.178616ms)
  ✔ evidencia_no_aplicada_e2_cliente_id_fkey: table_name (0.298435ms)
  ✔ evidencia_no_aplicada_e2_cliente_id_fkey: definition (0.243622ms)
  ✔ evidencia_no_aplicada_e2_cliente_id_fkey: convalidated (0.213119ms)
  ✔ evidencia_no_aplicada_e2_cliente_id_fkey: condeferrable (0.419018ms)
  ✔ evidencia_no_aplicada_e2_cliente_id_fkey: condeferred (0.244386ms)
  ✔ evidencia_no_aplicada_e2_cliente_id_fkey: index_valid (0.214088ms)
  ✔ evidencia_no_aplicada_e2_importe_check: missing (0.180639ms)
  ✔ evidencia_no_aplicada_e2_importe_check: table_name (0.252935ms)
  ✔ evidencia_no_aplicada_e2_importe_check: definition (0.210266ms)
  ✔ evidencia_no_aplicada_e2_importe_check: convalidated (0.208452ms)
  ✔ evidencia_no_aplicada_e2_importe_check: condeferrable (0.198661ms)
  ✔ evidencia_no_aplicada_e2_importe_check: condeferred (0.248906ms)
  ✔ evidencia_no_aplicada_e2_importe_check: index_valid (0.202994ms)
  ✔ evidencia_no_aplicada_e2_forma_pago_check: missing (0.204236ms)
  ✔ evidencia_no_aplicada_e2_forma_pago_check: table_name (0.294772ms)
  ✔ evidencia_no_aplicada_e2_forma_pago_check: definition (0.227875ms)
  ✔ evidencia_no_aplicada_e2_forma_pago_check: convalidated (0.206833ms)
  ✔ evidencia_no_aplicada_e2_forma_pago_check: condeferrable (0.206742ms)
  ✔ evidencia_no_aplicada_e2_forma_pago_check: condeferred (0.366177ms)
  ✔ evidencia_no_aplicada_e2_forma_pago_check: index_valid (0.248865ms)
  ✔ evidencia_no_aplicada_e2_naturaleza_check: missing (0.194077ms)
  ✔ evidencia_no_aplicada_e2_naturaleza_check: table_name (0.300399ms)
  ✔ evidencia_no_aplicada_e2_naturaleza_check: definition (0.228687ms)
  ✔ evidencia_no_aplicada_e2_naturaleza_check: convalidated (0.407575ms)
  ✔ evidencia_no_aplicada_e2_naturaleza_check: condeferrable (0.280727ms)
  ✔ evidencia_no_aplicada_e2_naturaleza_check: condeferred (0.233293ms)
  ✔ evidencia_no_aplicada_e2_naturaleza_check: index_valid (0.442308ms)
  ✔ evidencia_no_aplicada_e2_check: missing (0.227044ms)
  ✔ evidencia_no_aplicada_e2_check: table_name (0.220489ms)
  ✔ evidencia_no_aplicada_e2_check: definition (0.215216ms)
  ✔ evidencia_no_aplicada_e2_check: convalidated (0.246363ms)
  ✔ evidencia_no_aplicada_e2_check: condeferrable (0.233098ms)
  ✔ evidencia_no_aplicada_e2_check: condeferred (0.290045ms)
  ✔ evidencia_no_aplicada_e2_check: index_valid (0.257033ms)
  ✔ e2_finalization_immutable: missing (0.333305ms)
  ✔ e2_finalization_immutable: prosrc (0.525488ms)
  ✔ e2_finalization_immutable: prokind (0.288364ms)
  ✔ e2_finalization_immutable: provolatile (0.25156ms)
  ✔ e2_finalization_immutable: proparallel (0.399217ms)
  ✔ e2_finalization_immutable: prosecdef (0.298902ms)
  ✔ e2_finalization_immutable: proleakproof (0.44418ms)
  ✔ e2_finalization_immutable: proisstrict (0.341573ms)
  ✔ e2_finalization_immutable: proretset (0.258078ms)
  ✔ e2_finalization_immutable: proacl (0.295083ms)
  ✔ e2_finalization_immutable: proconfig (0.252313ms)
  ✔ e2_finalization_immutable: language_name (0.242803ms)
  ✔ e2_finalization_immutable: owner_name (0.276583ms)
  ✔ e2_finalization_immutable: result_type (0.258308ms)
  ✔ e2_finalization_immutable: identity_arguments (0.235863ms)
  ✔ e2_finalization_immutable: tgenabled (0.372937ms)
  ✔ e2_finalization_immutable: tgtype (0.261316ms)
  ✔ e2_finalization_immutable: table_name (0.239808ms)
  ✔ e2_finalization_immutable: function_name (0.277422ms)
  ✔ e2_finalization_immutable: function_schema (0.333195ms)
  ✔ e2_finalization_immutable: args_length (0.392469ms)
  ✔ e2_finalization_immutable: trigger_attr (0.735692ms)
  ✔ e2_finalization_immutable: has_parent (0.823983ms)
  ✔ e2_finalization_immutable: has_qual (2.548275ms)
  ✔ e2_finalization_immutable: has_constraint (0.337076ms)
  ✔ e2_finalization_immutable: tgdeferrable (0.365821ms)
  ✔ e2_finalization_immutable: tginitdeferred (6.234423ms)
  ✔ e2_validate_abono_finalization: missing (0.298416ms)
  ✔ e2_validate_abono_finalization: prosrc (0.321205ms)
  ✔ e2_validate_abono_finalization: prokind (0.237303ms)
  ✔ e2_validate_abono_finalization: provolatile (0.206602ms)
  ✔ e2_validate_abono_finalization: proparallel (0.25431ms)
  ✔ e2_validate_abono_finalization: prosecdef (0.205262ms)
  ✔ e2_validate_abono_finalization: proleakproof (0.196602ms)
  ✔ e2_validate_abono_finalization: proisstrict (0.190751ms)
  ✔ e2_validate_abono_finalization: proretset (0.299822ms)
  ✔ e2_validate_abono_finalization: proacl (0.201922ms)
  ✔ e2_validate_abono_finalization: proconfig (0.304655ms)
  ✔ e2_validate_abono_finalization: language_name (0.237766ms)
  ✔ e2_validate_abono_finalization: owner_name (0.205456ms)
  ✔ e2_validate_abono_finalization: result_type (0.196032ms)
  ✔ e2_validate_abono_finalization: identity_arguments (0.250382ms)
  ✔ e2_validate_abono_finalization: tgenabled (0.280884ms)
  ✔ e2_validate_abono_finalization: tgtype (0.194071ms)
  ✔ e2_validate_abono_finalization: table_name (0.217066ms)
  ✔ e2_validate_abono_finalization: function_name (0.199471ms)
  ✔ e2_validate_abono_finalization: function_schema (0.23202ms)
  ✔ e2_validate_abono_finalization: args_length (0.194385ms)
  ✔ e2_validate_abono_finalization: trigger_attr (0.189187ms)
  ✔ e2_validate_abono_finalization: has_parent (0.186276ms)
  ✔ e2_validate_abono_finalization: has_qual (0.27932ms)
  ✔ e2_validate_abono_finalization: has_constraint (0.221922ms)
  ✔ e2_validate_abono_finalization: tgdeferrable (0.225787ms)
  ✔ e2_validate_abono_finalization: tginitdeferred (0.199185ms)
  ✔ e2_proof_immutable: missing (0.27507ms)
  ✔ e2_proof_immutable: prosrc (0.231417ms)
  ✔ e2_proof_immutable: prokind (0.201762ms)
  ✔ e2_proof_immutable: provolatile (0.193917ms)
  ✔ e2_proof_immutable: proparallel (0.217202ms)
  ✔ e2_proof_immutable: prosecdef (0.194866ms)
  ✔ e2_proof_immutable: proleakproof (0.260231ms)
  ✔ e2_proof_immutable: proisstrict (0.25325ms)
  ✔ e2_proof_immutable: proretset (0.328118ms)
  ✔ e2_proof_immutable: proacl (0.266548ms)
  ✔ e2_proof_immutable: proconfig (0.28761ms)
  ✔ e2_proof_immutable: language_name (0.225161ms)
  ✔ e2_proof_immutable: owner_name (0.199444ms)
  ✔ e2_proof_immutable: result_type (0.190157ms)
  ✔ e2_proof_immutable: identity_arguments (0.239336ms)
  ✔ e2_proof_immutable: tgenabled (0.206374ms)
  ✔ e2_proof_immutable: tgtype (0.19248ms)
  ✔ e2_proof_immutable: table_name (0.187385ms)
  ✔ e2_proof_immutable: function_name (0.225026ms)
  ✔ e2_proof_immutable: function_schema (0.202813ms)
  ✔ e2_proof_immutable: args_length (0.190392ms)
  ✔ e2_proof_immutable: trigger_attr (0.183756ms)
  ✔ e2_proof_immutable: has_parent (0.190461ms)
  ✔ e2_proof_immutable: has_qual (0.234607ms)
  ✔ e2_proof_immutable: has_constraint (0.190349ms)
  ✔ e2_proof_immutable: tgdeferrable (0.190343ms)
  ✔ e2_proof_immutable: tginitdeferred (0.187168ms)
  ✔ e2_validate_unused_proof: missing (0.253988ms)
  ✔ e2_validate_unused_proof: prosrc (0.230847ms)
  ✔ e2_validate_unused_proof: prokind (0.287568ms)
  ✔ e2_validate_unused_proof: provolatile (0.281822ms)
  ✔ e2_validate_unused_proof: proparallel (0.238413ms)
  ✔ e2_validate_unused_proof: prosecdef (0.308561ms)
  ✔ e2_validate_unused_proof: proleakproof (0.303411ms)
  ✔ e2_validate_unused_proof: proisstrict (0.231768ms)
  ✔ e2_validate_unused_proof: proretset (0.299632ms)
  ✔ e2_validate_unused_proof: proacl (0.331896ms)
  ✔ e2_validate_unused_proof: proconfig (0.219361ms)
  ✔ e2_validate_unused_proof: language_name (0.198096ms)
  ✔ e2_validate_unused_proof: owner_name (0.190442ms)
  ✔ e2_validate_unused_proof: result_type (0.288999ms)
  ✔ e2_validate_unused_proof: identity_arguments (0.220236ms)
  ✔ e2_validate_unused_proof: tgenabled (0.200403ms)
  ✔ e2_validate_unused_proof: tgtype (0.194104ms)
  ✔ e2_validate_unused_proof: table_name (0.227726ms)
  ✔ e2_validate_unused_proof: function_name (0.20966ms)
  ✔ e2_validate_unused_proof: function_schema (0.191907ms)
  ✔ e2_validate_unused_proof: args_length (0.194129ms)
  ✔ e2_validate_unused_proof: trigger_attr (0.393225ms)
  ✔ e2_validate_unused_proof: has_parent (0.221821ms)
  ✔ e2_validate_unused_proof: has_qual (0.19969ms)
  ✔ e2_validate_unused_proof: has_constraint (0.202235ms)
  ✔ e2_validate_unused_proof: tgdeferrable (0.255899ms)
  ✔ e2_validate_unused_proof: tginitdeferred (0.196011ms)
  ✔ e2_abono_finalization_complete: missing (0.172542ms)
  ✔ e2_abono_finalization_complete: prosrc (0.201003ms)
  ✔ e2_abono_finalization_complete: prokind (0.310247ms)
  ✔ e2_abono_finalization_complete: provolatile (0.218635ms)
  ✔ e2_abono_finalization_complete: proparallel (0.203243ms)
  ✔ e2_abono_finalization_complete: prosecdef (0.192124ms)
  ✔ e2_abono_finalization_complete: proleakproof (0.215943ms)
  ✔ e2_abono_finalization_complete: proisstrict (0.202127ms)
  ✔ e2_abono_finalization_complete: proretset (0.193051ms)
  ✔ e2_abono_finalization_complete: proacl (0.197647ms)
  ✔ e2_abono_finalization_complete: proconfig (0.247495ms)
  ✔ e2_abono_finalization_complete: language_name (0.196996ms)
  ✔ e2_abono_finalization_complete: owner_name (0.198077ms)
  ✔ e2_abono_finalization_complete: result_type (0.244616ms)
  ✔ e2_abono_finalization_complete: identity_arguments (0.221029ms)
  ✔ e2_abono_finalization_complete: tgenabled (0.207101ms)
  ✔ e2_abono_finalization_complete: tgtype (0.209399ms)
  ✔ e2_abono_finalization_complete: table_name (1.171559ms)
  ✔ e2_abono_finalization_complete: function_name (0.255398ms)
  ✔ e2_abono_finalization_complete: function_schema (0.208841ms)
  ✔ e2_abono_finalization_complete: args_length (0.199966ms)
  ✔ e2_abono_finalization_complete: trigger_attr (0.236452ms)
  ✔ e2_abono_finalization_complete: has_parent (0.21476ms)
  ✔ e2_abono_finalization_complete: has_qual (0.262395ms)
  ✔ e2_abono_finalization_complete: has_constraint (0.258804ms)
  ✔ e2_abono_finalization_complete: tgdeferrable (0.246304ms)
  ✔ e2_abono_finalization_complete: tginitdeferred (0.205428ms)
  ✔ e2_capture_application_order: missing (0.167664ms)
  ✔ e2_capture_application_order: prosrc (0.200403ms)
  ✔ e2_capture_application_order: prokind (0.277646ms)
  ✔ e2_capture_application_order: provolatile (0.21818ms)
  ✔ e2_capture_application_order: proparallel (0.199736ms)
  ✔ e2_capture_application_order: prosecdef (0.20186ms)
  ✔ e2_capture_application_order: proleakproof (0.2437ms)
  ✔ e2_capture_application_order: proisstrict (0.210524ms)
  ✔ e2_capture_application_order: proretset (0.20054ms)
  ✔ e2_capture_application_order: proacl (0.195623ms)
  ✔ e2_capture_application_order: proconfig (0.23486ms)
  ✔ e2_capture_application_order: language_name (0.210988ms)
  ✔ e2_capture_application_order: owner_name (0.27291ms)
  ✔ e2_capture_application_order: result_type (0.252859ms)
  ✔ e2_capture_application_order: identity_arguments (0.220765ms)
  ✔ e2_capture_application_order: tgenabled (0.207372ms)
  ✔ e2_capture_application_order: tgtype (0.20338ms)
  ✔ e2_capture_application_order: table_name (0.357008ms)
  ✔ e2_capture_application_order: function_name (0.228413ms)
  ✔ e2_capture_application_order: function_schema (0.21052ms)
  ✔ e2_capture_application_order: args_length (0.238309ms)
  ✔ e2_capture_application_order: trigger_attr (0.216172ms)
  ✔ e2_capture_application_order: has_parent (0.200158ms)
  ✔ e2_capture_application_order: has_qual (0.203169ms)
  ✔ e2_capture_application_order: has_constraint (0.296239ms)
  ✔ e2_capture_application_order: tgdeferrable (0.218355ms)
  ✔ e2_capture_application_order: tginitdeferred (0.20424ms)
  ✔ e2_finalize_new_abono: missing (0.340898ms)
  ✔ e2_finalize_new_abono: prosrc (0.268146ms)
  ✔ e2_finalize_new_abono: prokind (0.227687ms)
  ✔ e2_finalize_new_abono: provolatile (0.218559ms)
  ✔ e2_finalize_new_abono: proparallel (0.318382ms)
  ✔ e2_finalize_new_abono: prosecdef (0.297426ms)
  ✔ e2_finalize_new_abono: proleakproof (0.305524ms)
  ✔ e2_finalize_new_abono: proisstrict (0.33591ms)
  ✔ e2_finalize_new_abono: proretset (0.240063ms)
  ✔ e2_finalize_new_abono: proacl (0.228643ms)
  ✔ e2_finalize_new_abono: proconfig (0.412938ms)
  ✔ e2_finalize_new_abono: language_name (0.249234ms)
  ✔ e2_finalize_new_abono: owner_name (0.341092ms)
  ✔ e2_finalize_new_abono: result_type (0.340199ms)
  ✔ e2_finalize_new_abono: identity_arguments (0.320642ms)
  ✔ e2_attest_new_retained: missing (0.320528ms)
  ✔ e2_attest_new_retained: prosrc (0.24911ms)
  ✔ e2_attest_new_retained: prokind (0.33049ms)
  ✔ e2_attest_new_retained: provolatile (0.288022ms)
  ✔ e2_attest_new_retained: proparallel (0.230906ms)
  ✔ e2_attest_new_retained: prosecdef (0.225448ms)
  ✔ e2_attest_new_retained: proleakproof (0.259348ms)
  ✔ e2_attest_new_retained: proisstrict (0.307874ms)
  ✔ e2_attest_new_retained: proretset (0.252385ms)
  ✔ e2_attest_new_retained: proacl (0.26324ms)
  ✔ e2_attest_new_retained: proconfig (0.238828ms)
  ✔ e2_attest_new_retained: language_name (0.229952ms)
  ✔ e2_attest_new_retained: owner_name (0.229035ms)
  ✔ e2_attest_new_retained: result_type (0.323546ms)
  ✔ e2_attest_new_retained: identity_arguments (0.30836ms)
✔ A+C mock preflight independently rejects each catalog drift (175.71808ms)
ℹ tests 428
ℹ suites 0
ℹ pass 428
ℹ fail 0
ℹ cancelled 0
ℹ skipped 0
ℹ todo 0
ℹ duration_ms 671.4664
