✔ mounted ordinary producer: UNUSED/PARTIAL/FULL and FIFO persistence ordering (265.221759ms)
✔ mounted directed approval finalizes FULL only after its application (25.22758ms)
✔ actual core rejects directed result/amount mismatches before persistence (0.613457ms)
✔ positive proof is mandatory in the real refund service (65.342798ms)
✔ real refund service accepts both origins and rejects absent/used ABONO finalization (65.324237ms)
✔ R4 application-order guard exists in prepared SQL (LEXICAL ONLY, not SQL semantics) (0.603109ms)
▶ A+C mock preflight independently rejects each catalog drift
  ✔ finalizaciones_abono_e2.abono_id: missing (0.676434ms)
  ✔ finalizaciones_abono_e2.abono_id: data_type (0.413448ms)
  ✔ finalizaciones_abono_e2.abono_id: is_nullable (0.440014ms)
  ✔ finalizaciones_abono_e2.abono_id: column_default (0.466234ms)
  ✔ finalizaciones_abono_e2.operacion_productor: missing (0.284699ms)
  ✔ finalizaciones_abono_e2.operacion_productor: data_type (0.217393ms)
  ✔ finalizaciones_abono_e2.operacion_productor: is_nullable (0.354486ms)
  ✔ finalizaciones_abono_e2.operacion_productor: column_default (0.28667ms)
  ✔ finalizaciones_abono_e2.operacion_clave: missing (0.369245ms)
  ✔ finalizaciones_abono_e2.operacion_clave: data_type (0.204109ms)
  ✔ finalizaciones_abono_e2.operacion_clave: is_nullable (0.263419ms)
  ✔ finalizaciones_abono_e2.operacion_clave: column_default (0.243314ms)
  ✔ finalizaciones_abono_e2.cliente_id: missing (0.294492ms)
  ✔ finalizaciones_abono_e2.cliente_id: data_type (0.317043ms)
  ✔ finalizaciones_abono_e2.cliente_id: is_nullable (0.295588ms)
  ✔ finalizaciones_abono_e2.cliente_id: column_default (0.214587ms)
  ✔ finalizaciones_abono_e2.importe: missing (0.229506ms)
  ✔ finalizaciones_abono_e2.importe: data_type (0.229555ms)
  ✔ finalizaciones_abono_e2.importe: is_nullable (0.320603ms)
  ✔ finalizaciones_abono_e2.importe: column_default (0.220875ms)
  ✔ finalizaciones_abono_e2.importe: numeric_precision (0.202836ms)
  ✔ finalizaciones_abono_e2.importe: numeric_scale (0.287619ms)
  ✔ finalizaciones_abono_e2.resultado: missing (0.249468ms)
  ✔ finalizaciones_abono_e2.resultado: data_type (0.230044ms)
  ✔ finalizaciones_abono_e2.resultado: is_nullable (0.310184ms)
  ✔ finalizaciones_abono_e2.resultado: column_default (0.3242ms)
  ✔ finalizaciones_abono_e2.aplicado: missing (0.263718ms)
  ✔ finalizaciones_abono_e2.aplicado: data_type (0.20138ms)
  ✔ finalizaciones_abono_e2.aplicado: is_nullable (0.379899ms)
  ✔ finalizaciones_abono_e2.aplicado: column_default (0.300445ms)
  ✔ finalizaciones_abono_e2.aplicado: numeric_precision (0.31248ms)
  ✔ finalizaciones_abono_e2.aplicado: numeric_scale (0.252268ms)
  ✔ finalizaciones_abono_e2.evaluacion: missing (0.378678ms)
  ✔ finalizaciones_abono_e2.evaluacion: data_type (0.329019ms)
  ✔ finalizaciones_abono_e2.evaluacion: is_nullable (0.236181ms)
  ✔ finalizaciones_abono_e2.evaluacion: column_default (0.218291ms)
  ✔ finalizaciones_abono_e2.contrato_revision: missing (0.206486ms)
  ✔ finalizaciones_abono_e2.contrato_revision: data_type (0.309888ms)
  ✔ finalizaciones_abono_e2.contrato_revision: is_nullable (0.221634ms)
  ✔ finalizaciones_abono_e2.contrato_revision: column_default (0.209867ms)
  ✔ finalizaciones_abono_e2.created_at: missing (0.199067ms)
  ✔ finalizaciones_abono_e2.created_at: data_type (0.24998ms)
  ✔ finalizaciones_abono_e2.created_at: is_nullable (0.278988ms)
  ✔ finalizaciones_abono_e2.created_at: column_default (0.2104ms)
  ✔ evidencia_no_aplicada_e2.fuente: missing (0.270545ms)
  ✔ evidencia_no_aplicada_e2.fuente: data_type (0.208324ms)
  ✔ evidencia_no_aplicada_e2.fuente: is_nullable (0.207086ms)
  ✔ evidencia_no_aplicada_e2.fuente: column_default (0.239257ms)
  ✔ evidencia_no_aplicada_e2.abono_id: missing (0.196618ms)
  ✔ evidencia_no_aplicada_e2.abono_id: data_type (0.220122ms)
  ✔ evidencia_no_aplicada_e2.abono_id: is_nullable (0.21704ms)
  ✔ evidencia_no_aplicada_e2.abono_id: column_default (0.244137ms)
  ✔ evidencia_no_aplicada_e2.cobro_productor: missing (0.212446ms)
  ✔ evidencia_no_aplicada_e2.cobro_productor: data_type (0.203978ms)
  ✔ evidencia_no_aplicada_e2.cobro_productor: is_nullable (0.340994ms)
  ✔ evidencia_no_aplicada_e2.cobro_productor: column_default (0.217921ms)
  ✔ evidencia_no_aplicada_e2.cobro_clave: missing (0.216057ms)
  ✔ evidencia_no_aplicada_e2.cobro_clave: data_type (0.253925ms)
  ✔ evidencia_no_aplicada_e2.cobro_clave: is_nullable (0.210122ms)
  ✔ evidencia_no_aplicada_e2.cobro_clave: column_default (0.208004ms)
  ✔ evidencia_no_aplicada_e2.cliente_id: missing (0.206087ms)
  ✔ evidencia_no_aplicada_e2.cliente_id: data_type (0.398362ms)
  ✔ evidencia_no_aplicada_e2.cliente_id: is_nullable (0.313166ms)
  ✔ evidencia_no_aplicada_e2.cliente_id: column_default (0.303631ms)
  ✔ evidencia_no_aplicada_e2.importe: missing (0.239259ms)
  ✔ evidencia_no_aplicada_e2.importe: data_type (0.275199ms)
  ✔ evidencia_no_aplicada_e2.importe: is_nullable (0.213084ms)
  ✔ evidencia_no_aplicada_e2.importe: column_default (0.208442ms)
  ✔ evidencia_no_aplicada_e2.importe: numeric_precision (0.202134ms)
  ✔ evidencia_no_aplicada_e2.importe: numeric_scale (0.294323ms)
  ✔ evidencia_no_aplicada_e2.forma_pago: missing (0.280017ms)
  ✔ evidencia_no_aplicada_e2.forma_pago: data_type (0.270805ms)
  ✔ evidencia_no_aplicada_e2.forma_pago: is_nullable (0.284355ms)
  ✔ evidencia_no_aplicada_e2.forma_pago: column_default (0.231841ms)
  ✔ evidencia_no_aplicada_e2.naturaleza: missing (0.223285ms)
  ✔ evidencia_no_aplicada_e2.naturaleza: data_type (0.287363ms)
  ✔ evidencia_no_aplicada_e2.naturaleza: is_nullable (0.245248ms)
  ✔ evidencia_no_aplicada_e2.naturaleza: column_default (0.646045ms)
  ✔ evidencia_no_aplicada_e2.created_at: missing (0.281448ms)
  ✔ evidencia_no_aplicada_e2.created_at: data_type (0.250108ms)
  ✔ evidencia_no_aplicada_e2.created_at: is_nullable (0.264199ms)
  ✔ evidencia_no_aplicada_e2.created_at: column_default (0.524357ms)
  ✔ finalizaciones_abono_e2_pkey: missing (0.317276ms)
  ✔ finalizaciones_abono_e2_pkey: table_name (0.357748ms)
  ✔ finalizaciones_abono_e2_pkey: definition (0.561207ms)
  ✔ finalizaciones_abono_e2_pkey: convalidated (0.271335ms)
  ✔ finalizaciones_abono_e2_pkey: condeferrable (0.238625ms)
  ✔ finalizaciones_abono_e2_pkey: condeferred (0.2617ms)
  ✔ finalizaciones_abono_e2_pkey: index_valid (0.205279ms)
  ✔ finalizaciones_abono_e2_abono_id_fkey: missing (0.187911ms)
  ✔ finalizaciones_abono_e2_abono_id_fkey: table_name (0.27936ms)
  ✔ finalizaciones_abono_e2_abono_id_fkey: definition (0.327071ms)
  ✔ finalizaciones_abono_e2_abono_id_fkey: convalidated (0.250728ms)
  ✔ finalizaciones_abono_e2_abono_id_fkey: condeferrable (0.287458ms)
  ✔ finalizaciones_abono_e2_abono_id_fkey: condeferred (0.254889ms)
  ✔ finalizaciones_abono_e2_abono_id_fkey: index_valid (0.229702ms)
  ✔ finalizaciones_abono_e2_cliente_id_fkey: missing (0.571428ms)
  ✔ finalizaciones_abono_e2_cliente_id_fkey: table_name (0.309525ms)
  ✔ finalizaciones_abono_e2_cliente_id_fkey: definition (0.284233ms)
  ✔ finalizaciones_abono_e2_cliente_id_fkey: convalidated (0.246341ms)
  ✔ finalizaciones_abono_e2_cliente_id_fkey: condeferrable (8.370533ms)
  ✔ finalizaciones_abono_e2_cliente_id_fkey: condeferred (0.351125ms)
  ✔ finalizaciones_abono_e2_cliente_id_fkey: index_valid (0.237587ms)
  ✔ finalizaciones_abono_e2_operacion_productor_operacion_clave_key: missing (0.251632ms)
  ✔ finalizaciones_abono_e2_operacion_productor_operacion_clave_key: table_name (0.29528ms)
  ✔ finalizaciones_abono_e2_operacion_productor_operacion_clave_key: definition (0.211003ms)
  ✔ finalizaciones_abono_e2_operacion_productor_operacion_clave_key: convalidated (0.300015ms)
  ✔ finalizaciones_abono_e2_operacion_productor_operacion_clave_key: condeferrable (0.235366ms)
  ✔ finalizaciones_abono_e2_operacion_productor_operacion_clave_key: condeferred (0.188112ms)
  ✔ finalizaciones_abono_e2_operacion_productor_operacion_clave_key: index_valid (0.201352ms)
  ✔ finalizaciones_abono_e2_importe_check: missing (0.26029ms)
  ✔ finalizaciones_abono_e2_importe_check: table_name (0.194354ms)
  ✔ finalizaciones_abono_e2_importe_check: definition (0.1824ms)
  ✔ finalizaciones_abono_e2_importe_check: convalidated (0.178772ms)
  ✔ finalizaciones_abono_e2_importe_check: condeferrable (0.23586ms)
  ✔ finalizaciones_abono_e2_importe_check: condeferred (0.1952ms)
  ✔ finalizaciones_abono_e2_importe_check: index_valid (0.189765ms)
  ✔ finalizaciones_abono_e2_resultado_check: missing (0.178353ms)
  ✔ finalizaciones_abono_e2_resultado_check: table_name (0.324521ms)
  ✔ finalizaciones_abono_e2_resultado_check: definition (0.210199ms)
  ✔ finalizaciones_abono_e2_resultado_check: convalidated (0.200455ms)
  ✔ finalizaciones_abono_e2_resultado_check: condeferrable (0.263215ms)
  ✔ finalizaciones_abono_e2_resultado_check: condeferred (0.206709ms)
  ✔ finalizaciones_abono_e2_resultado_check: index_valid (0.188914ms)
  ✔ finalizaciones_abono_e2_aplicado_check: missing (0.167516ms)
  ✔ finalizaciones_abono_e2_aplicado_check: table_name (0.224408ms)
  ✔ finalizaciones_abono_e2_aplicado_check: definition (0.2113ms)
  ✔ finalizaciones_abono_e2_aplicado_check: convalidated (0.181883ms)
  ✔ finalizaciones_abono_e2_aplicado_check: condeferrable (0.18249ms)
  ✔ finalizaciones_abono_e2_aplicado_check: condeferred (0.217682ms)
  ✔ finalizaciones_abono_e2_aplicado_check: index_valid (0.193388ms)
  ✔ finalizaciones_abono_e2_evaluacion_check: missing (0.178489ms)
  ✔ finalizaciones_abono_e2_evaluacion_check: table_name (0.193258ms)
  ✔ finalizaciones_abono_e2_evaluacion_check: definition (0.220677ms)
  ✔ finalizaciones_abono_e2_evaluacion_check: convalidated (0.188517ms)
  ✔ finalizaciones_abono_e2_evaluacion_check: condeferrable (0.190337ms)
  ✔ finalizaciones_abono_e2_evaluacion_check: condeferred (0.185406ms)
  ✔ finalizaciones_abono_e2_evaluacion_check: index_valid (0.185048ms)
  ✔ finalizaciones_abono_e2_contrato_revision_check: missing (0.295479ms)
  ✔ finalizaciones_abono_e2_contrato_revision_check: table_name (0.20883ms)
  ✔ finalizaciones_abono_e2_contrato_revision_check: definition (0.201978ms)
  ✔ finalizaciones_abono_e2_contrato_revision_check: convalidated (0.300843ms)
  ✔ finalizaciones_abono_e2_contrato_revision_check: condeferrable (0.247702ms)
  ✔ finalizaciones_abono_e2_contrato_revision_check: condeferred (0.24652ms)
  ✔ finalizaciones_abono_e2_contrato_revision_check: index_valid (0.307171ms)
  ✔ finalizaciones_abono_e2_check: missing (0.203815ms)
  ✔ finalizaciones_abono_e2_check: table_name (0.198482ms)
  ✔ finalizaciones_abono_e2_check: definition (0.187188ms)
  ✔ finalizaciones_abono_e2_check: convalidated (0.200118ms)
  ✔ finalizaciones_abono_e2_check: condeferrable (0.203514ms)
  ✔ finalizaciones_abono_e2_check: condeferred (0.188455ms)
  ✔ finalizaciones_abono_e2_check: index_valid (0.343907ms)
  ✔ finalizaciones_abono_e2_operacion_productor_check: missing (0.234898ms)
  ✔ finalizaciones_abono_e2_operacion_productor_check: table_name (0.213682ms)
  ✔ finalizaciones_abono_e2_operacion_productor_check: definition (0.249702ms)
  ✔ finalizaciones_abono_e2_operacion_productor_check: convalidated (0.205956ms)
  ✔ finalizaciones_abono_e2_operacion_productor_check: condeferrable (0.197053ms)
  ✔ finalizaciones_abono_e2_operacion_productor_check: condeferred (0.206587ms)
  ✔ finalizaciones_abono_e2_operacion_productor_check: index_valid (0.19447ms)
  ✔ evidencia_no_aplicada_e2_pkey: missing (0.259978ms)
  ✔ evidencia_no_aplicada_e2_pkey: table_name (0.370794ms)
  ✔ evidencia_no_aplicada_e2_pkey: definition (0.24869ms)
  ✔ evidencia_no_aplicada_e2_pkey: convalidated (0.305483ms)
  ✔ evidencia_no_aplicada_e2_pkey: condeferrable (0.39876ms)
  ✔ evidencia_no_aplicada_e2_pkey: condeferred (0.490088ms)
  ✔ evidencia_no_aplicada_e2_pkey: index_valid (0.240105ms)
  ✔ evidencia_no_aplicada_e2_abono_id_key: missing (0.268396ms)
  ✔ evidencia_no_aplicada_e2_abono_id_key: table_name (0.28275ms)
  ✔ evidencia_no_aplicada_e2_abono_id_key: definition (0.388604ms)
  ✔ evidencia_no_aplicada_e2_abono_id_key: convalidated (0.345206ms)
  ✔ evidencia_no_aplicada_e2_abono_id_key: condeferrable (0.223123ms)
  ✔ evidencia_no_aplicada_e2_abono_id_key: condeferred (0.193175ms)
  ✔ evidencia_no_aplicada_e2_abono_id_key: index_valid (0.221112ms)
  ✔ evidencia_no_aplicada_e2_cobro_clave_key: missing (0.198901ms)
  ✔ evidencia_no_aplicada_e2_cobro_clave_key: table_name (0.869667ms)
  ✔ evidencia_no_aplicada_e2_cobro_clave_key: definition (0.347742ms)
  ✔ evidencia_no_aplicada_e2_cobro_clave_key: convalidated (0.274289ms)
  ✔ evidencia_no_aplicada_e2_cobro_clave_key: condeferrable (0.204818ms)
  ✔ evidencia_no_aplicada_e2_cobro_clave_key: condeferred (0.190026ms)
  ✔ evidencia_no_aplicada_e2_cobro_clave_key: index_valid (0.200703ms)
  ✔ evidencia_no_aplicada_e2_cobro_productor_cobro_clave_fkey: missing (0.22483ms)
  ✔ evidencia_no_aplicada_e2_cobro_productor_cobro_clave_fkey: table_name (0.211603ms)
  ✔ evidencia_no_aplicada_e2_cobro_productor_cobro_clave_fkey: definition (0.209276ms)
  ✔ evidencia_no_aplicada_e2_cobro_productor_cobro_clave_fkey: convalidated (0.207377ms)
  ✔ evidencia_no_aplicada_e2_cobro_productor_cobro_clave_fkey: condeferrable (0.232694ms)
  ✔ evidencia_no_aplicada_e2_cobro_productor_cobro_clave_fkey: condeferred (0.21565ms)
  ✔ evidencia_no_aplicada_e2_cobro_productor_cobro_clave_fkey: index_valid (0.35715ms)
  ✔ evidencia_no_aplicada_e2_abono_id_fkey: missing (0.342073ms)
  ✔ evidencia_no_aplicada_e2_abono_id_fkey: table_name (0.218587ms)
  ✔ evidencia_no_aplicada_e2_abono_id_fkey: definition (0.197346ms)
  ✔ evidencia_no_aplicada_e2_abono_id_fkey: convalidated (0.226166ms)
  ✔ evidencia_no_aplicada_e2_abono_id_fkey: condeferrable (0.233883ms)
  ✔ evidencia_no_aplicada_e2_abono_id_fkey: condeferred (0.193163ms)
  ✔ evidencia_no_aplicada_e2_abono_id_fkey: index_valid (0.186956ms)
  ✔ evidencia_no_aplicada_e2_cliente_id_fkey: missing (0.213212ms)
  ✔ evidencia_no_aplicada_e2_cliente_id_fkey: table_name (0.202309ms)
  ✔ evidencia_no_aplicada_e2_cliente_id_fkey: definition (0.205894ms)
  ✔ evidencia_no_aplicada_e2_cliente_id_fkey: convalidated (0.193665ms)
  ✔ evidencia_no_aplicada_e2_cliente_id_fkey: condeferrable (0.437273ms)
  ✔ evidencia_no_aplicada_e2_cliente_id_fkey: condeferred (0.272771ms)
  ✔ evidencia_no_aplicada_e2_cliente_id_fkey: index_valid (0.209937ms)
  ✔ evidencia_no_aplicada_e2_importe_check: missing (0.297979ms)
  ✔ evidencia_no_aplicada_e2_importe_check: table_name (0.212796ms)
  ✔ evidencia_no_aplicada_e2_importe_check: definition (0.218647ms)
  ✔ evidencia_no_aplicada_e2_importe_check: convalidated (0.243958ms)
  ✔ evidencia_no_aplicada_e2_importe_check: condeferrable (0.210407ms)
  ✔ evidencia_no_aplicada_e2_importe_check: condeferred (0.189723ms)
  ✔ evidencia_no_aplicada_e2_importe_check: index_valid (0.193638ms)
  ✔ evidencia_no_aplicada_e2_forma_pago_check: missing (0.240903ms)
  ✔ evidencia_no_aplicada_e2_forma_pago_check: table_name (0.211069ms)
  ✔ evidencia_no_aplicada_e2_forma_pago_check: definition (0.199724ms)
  ✔ evidencia_no_aplicada_e2_forma_pago_check: convalidated (0.312789ms)
  ✔ evidencia_no_aplicada_e2_forma_pago_check: condeferrable (0.24914ms)
  ✔ evidencia_no_aplicada_e2_forma_pago_check: condeferred (0.19686ms)
  ✔ evidencia_no_aplicada_e2_forma_pago_check: index_valid (0.212816ms)
  ✔ evidencia_no_aplicada_e2_naturaleza_check: missing (0.296915ms)
  ✔ evidencia_no_aplicada_e2_naturaleza_check: table_name (0.243069ms)
  ✔ evidencia_no_aplicada_e2_naturaleza_check: definition (0.262781ms)
  ✔ evidencia_no_aplicada_e2_naturaleza_check: convalidated (0.265063ms)
  ✔ evidencia_no_aplicada_e2_naturaleza_check: condeferrable (0.227871ms)
  ✔ evidencia_no_aplicada_e2_naturaleza_check: condeferred (0.218427ms)
  ✔ evidencia_no_aplicada_e2_naturaleza_check: index_valid (0.369657ms)
  ✔ evidencia_no_aplicada_e2_check: missing (0.28041ms)
  ✔ evidencia_no_aplicada_e2_check: table_name (0.242022ms)
  ✔ evidencia_no_aplicada_e2_check: definition (0.217083ms)
  ✔ evidencia_no_aplicada_e2_check: convalidated (0.272202ms)
  ✔ evidencia_no_aplicada_e2_check: condeferrable (0.207586ms)
  ✔ evidencia_no_aplicada_e2_check: condeferred (0.286434ms)
  ✔ evidencia_no_aplicada_e2_check: index_valid (0.463979ms)
  ✔ e2_finalization_immutable: missing (0.321481ms)
  ✔ e2_finalization_immutable: prosrc (0.320725ms)
  ✔ e2_finalization_immutable: prokind (0.217203ms)
  ✔ e2_finalization_immutable: provolatile (0.197896ms)
  ✔ e2_finalization_immutable: proparallel (0.25185ms)
  ✔ e2_finalization_immutable: prosecdef (0.202398ms)
  ✔ e2_finalization_immutable: proleakproof (0.337635ms)
  ✔ e2_finalization_immutable: proisstrict (0.432369ms)
  ✔ e2_finalization_immutable: proretset (0.241504ms)
  ✔ e2_finalization_immutable: proacl (0.199705ms)
  ✔ e2_finalization_immutable: proconfig (0.309055ms)
  ✔ e2_finalization_immutable: language_name (0.255123ms)
  ✔ e2_finalization_immutable: owner_name (0.202219ms)
  ✔ e2_finalization_immutable: result_type (0.187549ms)
  ✔ e2_finalization_immutable: identity_arguments (0.253217ms)
  ✔ e2_finalization_immutable: tgenabled (0.253447ms)
  ✔ e2_finalization_immutable: tgtype (0.203555ms)
  ✔ e2_finalization_immutable: table_name (0.18264ms)
  ✔ e2_finalization_immutable: function_name (0.301927ms)
  ✔ e2_finalization_immutable: function_schema (0.400205ms)
  ✔ e2_finalization_immutable: args_length (0.410764ms)
  ✔ e2_finalization_immutable: trigger_attr (0.284599ms)
  ✔ e2_finalization_immutable: has_parent (0.20968ms)
  ✔ e2_finalization_immutable: has_qual (0.243551ms)
  ✔ e2_finalization_immutable: has_constraint (0.204512ms)
  ✔ e2_finalization_immutable: tgdeferrable (0.394312ms)
  ✔ e2_finalization_immutable: tginitdeferred (0.238275ms)
  ✔ e2_validate_abono_finalization: missing (0.182023ms)
  ✔ e2_validate_abono_finalization: prosrc (0.276592ms)
  ✔ e2_validate_abono_finalization: prokind (0.226834ms)
  ✔ e2_validate_abono_finalization: provolatile (0.195263ms)
  ✔ e2_validate_abono_finalization: proparallel (0.203453ms)
  ✔ e2_validate_abono_finalization: prosecdef (0.191861ms)
  ✔ e2_validate_abono_finalization: proleakproof (0.23993ms)
  ✔ e2_validate_abono_finalization: proisstrict (0.193616ms)
  ✔ e2_validate_abono_finalization: proretset (0.18649ms)
  ✔ e2_validate_abono_finalization: proacl (0.188033ms)
  ✔ e2_validate_abono_finalization: proconfig (0.522045ms)
  ✔ e2_validate_abono_finalization: language_name (0.34374ms)
  ✔ e2_validate_abono_finalization: owner_name (0.424551ms)
  ✔ e2_validate_abono_finalization: result_type (0.323106ms)
  ✔ e2_validate_abono_finalization: identity_arguments (0.512345ms)
  ✔ e2_validate_abono_finalization: tgenabled (0.368526ms)
  ✔ e2_validate_abono_finalization: tgtype (0.402839ms)
  ✔ e2_validate_abono_finalization: table_name (0.349657ms)
  ✔ e2_validate_abono_finalization: function_name (0.485095ms)
  ✔ e2_validate_abono_finalization: function_schema (0.350454ms)
  ✔ e2_validate_abono_finalization: args_length (0.409892ms)
  ✔ e2_validate_abono_finalization: trigger_attr (0.344374ms)
  ✔ e2_validate_abono_finalization: has_parent (0.374095ms)
  ✔ e2_validate_abono_finalization: has_qual (0.411126ms)
  ✔ e2_validate_abono_finalization: has_constraint (0.257467ms)
  ✔ e2_validate_abono_finalization: tgdeferrable (0.292776ms)
  ✔ e2_validate_abono_finalization: tginitdeferred (0.21895ms)
  ✔ e2_proof_immutable: missing (0.178056ms)
  ✔ e2_proof_immutable: prosrc (0.200677ms)
  ✔ e2_proof_immutable: prokind (0.35112ms)
  ✔ e2_proof_immutable: provolatile (0.209307ms)
  ✔ e2_proof_immutable: proparallel (0.204067ms)
  ✔ e2_proof_immutable: prosecdef (0.242777ms)
  ✔ e2_proof_immutable: proleakproof (0.281845ms)
  ✔ e2_proof_immutable: proisstrict (0.229461ms)
  ✔ e2_proof_immutable: proretset (0.36218ms)
  ✔ e2_proof_immutable: proacl (0.305858ms)
  ✔ e2_proof_immutable: proconfig (0.245751ms)
  ✔ e2_proof_immutable: language_name (0.266685ms)
  ✔ e2_proof_immutable: owner_name (0.209625ms)
  ✔ e2_proof_immutable: result_type (0.197467ms)
  ✔ e2_proof_immutable: identity_arguments (0.193999ms)
  ✔ e2_proof_immutable: tgenabled (0.377949ms)
  ✔ e2_proof_immutable: tgtype (0.228997ms)
  ✔ e2_proof_immutable: table_name (0.237619ms)
  ✔ e2_proof_immutable: function_name (0.2475ms)
  ✔ e2_proof_immutable: function_schema (0.203933ms)
  ✔ e2_proof_immutable: args_length (0.192417ms)
  ✔ e2_proof_immutable: trigger_attr (0.193718ms)
  ✔ e2_proof_immutable: has_parent (0.234195ms)
  ✔ e2_proof_immutable: has_qual (0.209602ms)
  ✔ e2_proof_immutable: has_constraint (0.197957ms)
  ✔ e2_proof_immutable: tgdeferrable (0.191748ms)
  ✔ e2_proof_immutable: tginitdeferred (0.2313ms)
  ✔ e2_validate_unused_proof: missing (0.178203ms)
  ✔ e2_validate_unused_proof: prosrc (0.203754ms)
  ✔ e2_validate_unused_proof: prokind (0.383993ms)
  ✔ e2_validate_unused_proof: provolatile (0.311074ms)
  ✔ e2_validate_unused_proof: proparallel (0.273976ms)
  ✔ e2_validate_unused_proof: prosecdef (0.410079ms)
  ✔ e2_validate_unused_proof: proleakproof (0.457001ms)
  ✔ e2_validate_unused_proof: proisstrict (0.300864ms)
  ✔ e2_validate_unused_proof: proretset (2.099237ms)
  ✔ e2_validate_unused_proof: proacl (0.361622ms)
  ✔ e2_validate_unused_proof: proconfig (0.284347ms)
  ✔ e2_validate_unused_proof: language_name (0.237885ms)
  ✔ e2_validate_unused_proof: owner_name (0.217527ms)
  ✔ e2_validate_unused_proof: result_type (0.207977ms)
  ✔ e2_validate_unused_proof: identity_arguments (0.541354ms)
  ✔ e2_validate_unused_proof: tgenabled (0.238291ms)
  ✔ e2_validate_unused_proof: tgtype (0.205444ms)
  ✔ e2_validate_unused_proof: table_name (0.21322ms)
  ✔ e2_validate_unused_proof: function_name (0.1937ms)
  ✔ e2_validate_unused_proof: function_schema (0.195753ms)
  ✔ e2_validate_unused_proof: args_length (0.199644ms)
  ✔ e2_validate_unused_proof: trigger_attr (0.394336ms)
  ✔ e2_validate_unused_proof: has_parent (0.231269ms)
  ✔ e2_validate_unused_proof: has_qual (0.235135ms)
  ✔ e2_validate_unused_proof: has_constraint (0.232387ms)
  ✔ e2_validate_unused_proof: tgdeferrable (0.220259ms)
  ✔ e2_validate_unused_proof: tginitdeferred (0.207786ms)
  ✔ e2_abono_finalization_complete: missing (0.212261ms)
  ✔ e2_abono_finalization_complete: prosrc (0.218463ms)
  ✔ e2_abono_finalization_complete: prokind (0.208201ms)
  ✔ e2_abono_finalization_complete: provolatile (0.207676ms)
  ✔ e2_abono_finalization_complete: proparallel (0.24593ms)
  ✔ e2_abono_finalization_complete: prosecdef (0.223821ms)
  ✔ e2_abono_finalization_complete: proleakproof (0.199914ms)
  ✔ e2_abono_finalization_complete: proisstrict (0.200817ms)
  ✔ e2_abono_finalization_complete: proretset (0.273903ms)
  ✔ e2_abono_finalization_complete: proacl (0.226984ms)
  ✔ e2_abono_finalization_complete: proconfig (0.205176ms)
  ✔ e2_abono_finalization_complete: language_name (0.195172ms)
  ✔ e2_abono_finalization_complete: owner_name (7.336284ms)
  ✔ e2_abono_finalization_complete: result_type (0.272198ms)
  ✔ e2_abono_finalization_complete: identity_arguments (0.22392ms)
  ✔ e2_abono_finalization_complete: tgenabled (0.264339ms)
  ✔ e2_abono_finalization_complete: tgtype (0.223116ms)
  ✔ e2_abono_finalization_complete: table_name (0.977729ms)
  ✔ e2_abono_finalization_complete: function_name (0.230133ms)
  ✔ e2_abono_finalization_complete: function_schema (0.215875ms)
  ✔ e2_abono_finalization_complete: args_length (0.263443ms)
  ✔ e2_abono_finalization_complete: trigger_attr (0.20266ms)
  ✔ e2_abono_finalization_complete: has_parent (0.197523ms)
  ✔ e2_abono_finalization_complete: has_qual (0.292246ms)
  ✔ e2_abono_finalization_complete: has_constraint (0.244045ms)
  ✔ e2_abono_finalization_complete: tgdeferrable (0.201197ms)
  ✔ e2_abono_finalization_complete: tginitdeferred (0.194746ms)
  ✔ e2_capture_application_order: missing (0.261003ms)
  ✔ e2_capture_application_order: prosrc (0.224721ms)
  ✔ e2_capture_application_order: prokind (0.204597ms)
  ✔ e2_capture_application_order: provolatile (0.195788ms)
  ✔ e2_capture_application_order: proparallel (0.237885ms)
  ✔ e2_capture_application_order: prosecdef (0.204898ms)
  ✔ e2_capture_application_order: proleakproof (0.198213ms)
  ✔ e2_capture_application_order: proisstrict (0.199957ms)
  ✔ e2_capture_application_order: proretset (0.239033ms)
  ✔ e2_capture_application_order: proacl (0.222326ms)
  ✔ e2_capture_application_order: proconfig (0.205398ms)
  ✔ e2_capture_application_order: language_name (0.202845ms)
  ✔ e2_capture_application_order: owner_name (0.34136ms)
  ✔ e2_capture_application_order: result_type (0.223863ms)
  ✔ e2_capture_application_order: identity_arguments (0.205398ms)
  ✔ e2_capture_application_order: tgenabled (0.253859ms)
  ✔ e2_capture_application_order: tgtype (0.220656ms)
  ✔ e2_capture_application_order: table_name (0.252789ms)
  ✔ e2_capture_application_order: function_name (0.211376ms)
  ✔ e2_capture_application_order: function_schema (0.241988ms)
  ✔ e2_capture_application_order: args_length (0.206442ms)
  ✔ e2_capture_application_order: trigger_attr (0.204885ms)
  ✔ e2_capture_application_order: has_parent (0.19393ms)
  ✔ e2_capture_application_order: has_qual (0.254335ms)
  ✔ e2_capture_application_order: has_constraint (0.249552ms)
  ✔ e2_capture_application_order: tgdeferrable (0.207623ms)
  ✔ e2_capture_application_order: tginitdeferred (0.222175ms)
  ✔ e2_finalize_new_abono: missing (0.357577ms)
  ✔ e2_finalize_new_abono: prosrc (0.257728ms)
  ✔ e2_finalize_new_abono: prokind (0.276741ms)
  ✔ e2_finalize_new_abono: provolatile (0.231287ms)
  ✔ e2_finalize_new_abono: proparallel (0.21869ms)
  ✔ e2_finalize_new_abono: prosecdef (0.323161ms)
  ✔ e2_finalize_new_abono: proleakproof (0.322043ms)
  ✔ e2_finalize_new_abono: proisstrict (0.30133ms)
  ✔ e2_finalize_new_abono: proretset (0.266448ms)
  ✔ e2_finalize_new_abono: proacl (0.236202ms)
  ✔ e2_finalize_new_abono: proconfig (0.36492ms)
  ✔ e2_finalize_new_abono: language_name (0.33287ms)
  ✔ e2_finalize_new_abono: owner_name (0.353065ms)
  ✔ e2_finalize_new_abono: result_type (0.335502ms)
  ✔ e2_finalize_new_abono: identity_arguments (0.33796ms)
  ✔ e2_attest_new_retained: missing (0.246827ms)
  ✔ e2_attest_new_retained: prosrc (0.235376ms)
  ✔ e2_attest_new_retained: prokind (0.314177ms)
  ✔ e2_attest_new_retained: provolatile (0.251249ms)
  ✔ e2_attest_new_retained: proparallel (0.225244ms)
  ✔ e2_attest_new_retained: prosecdef (0.272986ms)
  ✔ e2_attest_new_retained: proleakproof (0.236152ms)
  ✔ e2_attest_new_retained: proisstrict (0.290789ms)
  ✔ e2_attest_new_retained: proretset (0.329438ms)
  ✔ e2_attest_new_retained: proacl (0.233719ms)
  ✔ e2_attest_new_retained: proconfig (0.226622ms)
  ✔ e2_attest_new_retained: language_name (0.263579ms)
  ✔ e2_attest_new_retained: owner_name (0.233625ms)
  ✔ e2_attest_new_retained: result_type (0.229059ms)
  ✔ e2_attest_new_retained: identity_arguments (0.29809ms)
✔ A+C mock preflight independently rejects each catalog drift (185.47085ms)
ℹ tests 428
ℹ suites 0
ℹ pass 428
ℹ fail 0
ℹ cancelled 0
ℹ skipped 0
ℹ todo 0
ℹ duration_ms 621.576512
