✔ mounted ordinary producer: UNUSED/PARTIAL/FULL and FIFO persistence ordering (272.447959ms)
✖ mounted directed approval finalizes FULL only after its application (27.604845ms)
✔ actual core rejects directed result/amount mismatches before persistence (0.600528ms)
✔ positive proof is mandatory in the real refund service (71.809426ms)
✔ real refund service accepts both origins and rejects absent/used ABONO finalization (61.563291ms)
✔ R4 application-order guard exists in prepared SQL (LEXICAL ONLY, not SQL semantics) (0.459437ms)
▶ A+C mock preflight independently rejects each catalog drift
  ✔ finalizaciones_abono_e2.abono_id: missing (0.61563ms)
  ✔ finalizaciones_abono_e2.abono_id: data_type (0.463165ms)
  ✔ finalizaciones_abono_e2.abono_id: is_nullable (0.442952ms)
  ✔ finalizaciones_abono_e2.abono_id: column_default (0.445583ms)
  ✔ finalizaciones_abono_e2.operacion_productor: missing (0.29308ms)
  ✔ finalizaciones_abono_e2.operacion_productor: data_type (0.218572ms)
  ✔ finalizaciones_abono_e2.operacion_productor: is_nullable (0.23873ms)
  ✔ finalizaciones_abono_e2.operacion_productor: column_default (0.269307ms)
  ✔ finalizaciones_abono_e2.operacion_clave: missing (0.359341ms)
  ✔ finalizaciones_abono_e2.operacion_clave: data_type (0.209827ms)
  ✔ finalizaciones_abono_e2.operacion_clave: is_nullable (0.236119ms)
  ✔ finalizaciones_abono_e2.operacion_clave: column_default (5.437932ms)
  ✔ finalizaciones_abono_e2.cliente_id: missing (0.384698ms)
  ✔ finalizaciones_abono_e2.cliente_id: data_type (0.215381ms)
  ✔ finalizaciones_abono_e2.cliente_id: is_nullable (0.259142ms)
  ✔ finalizaciones_abono_e2.cliente_id: column_default (0.266816ms)
  ✔ finalizaciones_abono_e2.importe: missing (0.197578ms)
  ✔ finalizaciones_abono_e2.importe: data_type (0.213217ms)
  ✔ finalizaciones_abono_e2.importe: is_nullable (0.204964ms)
  ✔ finalizaciones_abono_e2.importe: column_default (0.166433ms)
  ✔ finalizaciones_abono_e2.importe: numeric_precision (0.181493ms)
  ✔ finalizaciones_abono_e2.importe: numeric_scale (0.235102ms)
  ✔ finalizaciones_abono_e2.resultado: missing (0.214097ms)
  ✔ finalizaciones_abono_e2.resultado: data_type (0.198332ms)
  ✔ finalizaciones_abono_e2.resultado: is_nullable (0.282927ms)
  ✔ finalizaciones_abono_e2.resultado: column_default (0.235505ms)
  ✔ finalizaciones_abono_e2.aplicado: missing (0.222021ms)
  ✔ finalizaciones_abono_e2.aplicado: data_type (0.175254ms)
  ✔ finalizaciones_abono_e2.aplicado: is_nullable (0.246791ms)
  ✔ finalizaciones_abono_e2.aplicado: column_default (0.250752ms)
  ✔ finalizaciones_abono_e2.aplicado: numeric_precision (0.218965ms)
  ✔ finalizaciones_abono_e2.aplicado: numeric_scale (0.163034ms)
  ✔ finalizaciones_abono_e2.evaluacion: missing (0.274736ms)
  ✔ finalizaciones_abono_e2.evaluacion: data_type (0.23012ms)
  ✔ finalizaciones_abono_e2.evaluacion: is_nullable (0.189898ms)
  ✔ finalizaciones_abono_e2.evaluacion: column_default (0.159135ms)
  ✔ finalizaciones_abono_e2.contrato_revision: missing (0.180292ms)
  ✔ finalizaciones_abono_e2.contrato_revision: data_type (0.141643ms)
  ✔ finalizaciones_abono_e2.contrato_revision: is_nullable (0.146888ms)
  ✔ finalizaciones_abono_e2.contrato_revision: column_default (0.223574ms)
  ✔ finalizaciones_abono_e2.created_at: missing (0.164724ms)
  ✔ finalizaciones_abono_e2.created_at: data_type (0.149366ms)
  ✔ finalizaciones_abono_e2.created_at: is_nullable (0.136431ms)
  ✔ finalizaciones_abono_e2.created_at: column_default (0.138675ms)
  ✔ evidencia_no_aplicada_e2.fuente: missing (0.216617ms)
  ✔ evidencia_no_aplicada_e2.fuente: data_type (0.158294ms)
  ✔ evidencia_no_aplicada_e2.fuente: is_nullable (0.142719ms)
  ✔ evidencia_no_aplicada_e2.fuente: column_default (0.141194ms)
  ✔ evidencia_no_aplicada_e2.abono_id: missing (0.14196ms)
  ✔ evidencia_no_aplicada_e2.abono_id: data_type (0.508924ms)
  ✔ evidencia_no_aplicada_e2.abono_id: is_nullable (0.244866ms)
  ✔ evidencia_no_aplicada_e2.abono_id: column_default (0.165748ms)
  ✔ evidencia_no_aplicada_e2.cobro_productor: missing (0.19529ms)
  ✔ evidencia_no_aplicada_e2.cobro_productor: data_type (0.162282ms)
  ✔ evidencia_no_aplicada_e2.cobro_productor: is_nullable (0.201113ms)
  ✔ evidencia_no_aplicada_e2.cobro_productor: column_default (0.148568ms)
  ✔ evidencia_no_aplicada_e2.cobro_clave: missing (0.233556ms)
  ✔ evidencia_no_aplicada_e2.cobro_clave: data_type (0.178419ms)
  ✔ evidencia_no_aplicada_e2.cobro_clave: is_nullable (0.148081ms)
  ✔ evidencia_no_aplicada_e2.cobro_clave: column_default (0.14578ms)
  ✔ evidencia_no_aplicada_e2.cliente_id: missing (0.264823ms)
  ✔ evidencia_no_aplicada_e2.cliente_id: data_type (0.335088ms)
  ✔ evidencia_no_aplicada_e2.cliente_id: is_nullable (0.249332ms)
  ✔ evidencia_no_aplicada_e2.cliente_id: column_default (0.156735ms)
  ✔ evidencia_no_aplicada_e2.importe: missing (0.17925ms)
  ✔ evidencia_no_aplicada_e2.importe: data_type (0.21265ms)
  ✔ evidencia_no_aplicada_e2.importe: is_nullable (0.14421ms)
  ✔ evidencia_no_aplicada_e2.importe: column_default (0.140985ms)
  ✔ evidencia_no_aplicada_e2.importe: numeric_precision (0.135004ms)
  ✔ evidencia_no_aplicada_e2.importe: numeric_scale (0.175511ms)
  ✔ evidencia_no_aplicada_e2.forma_pago: missing (0.38666ms)
  ✔ evidencia_no_aplicada_e2.forma_pago: data_type (0.498905ms)
  ✔ evidencia_no_aplicada_e2.forma_pago: is_nullable (0.195066ms)
  ✔ evidencia_no_aplicada_e2.forma_pago: column_default (0.153399ms)
  ✔ evidencia_no_aplicada_e2.naturaleza: missing (0.1421ms)
  ✔ evidencia_no_aplicada_e2.naturaleza: data_type (0.138475ms)
  ✔ evidencia_no_aplicada_e2.naturaleza: is_nullable (0.185586ms)
  ✔ evidencia_no_aplicada_e2.naturaleza: column_default (0.216522ms)
  ✔ evidencia_no_aplicada_e2.created_at: missing (0.156789ms)
  ✔ evidencia_no_aplicada_e2.created_at: data_type (0.224282ms)
  ✔ evidencia_no_aplicada_e2.created_at: is_nullable (0.188957ms)
  ✔ evidencia_no_aplicada_e2.created_at: column_default (0.446272ms)
  ✔ finalizaciones_abono_e2_pkey: missing (0.320247ms)
  ✔ finalizaciones_abono_e2_pkey: table_name (0.339601ms)
  ✔ finalizaciones_abono_e2_pkey: definition (0.318799ms)
  ✔ finalizaciones_abono_e2_pkey: convalidated (0.262544ms)
  ✔ finalizaciones_abono_e2_pkey: condeferrable (0.19619ms)
  ✔ finalizaciones_abono_e2_pkey: condeferred (0.181705ms)
  ✔ finalizaciones_abono_e2_pkey: index_valid (0.21882ms)
  ✔ finalizaciones_abono_e2_abono_id_fkey: missing (0.179096ms)
  ✔ finalizaciones_abono_e2_abono_id_fkey: table_name (0.171468ms)
  ✔ finalizaciones_abono_e2_abono_id_fkey: definition (0.231185ms)
  ✔ finalizaciones_abono_e2_abono_id_fkey: convalidated (0.285554ms)
  ✔ finalizaciones_abono_e2_abono_id_fkey: condeferrable (0.193734ms)
  ✔ finalizaciones_abono_e2_abono_id_fkey: condeferred (0.178738ms)
  ✔ finalizaciones_abono_e2_abono_id_fkey: index_valid (0.178236ms)
  ✔ finalizaciones_abono_e2_cliente_id_fkey: missing (0.251408ms)
  ✔ finalizaciones_abono_e2_cliente_id_fkey: table_name (0.292968ms)
  ✔ finalizaciones_abono_e2_cliente_id_fkey: definition (0.183445ms)
  ✔ finalizaciones_abono_e2_cliente_id_fkey: convalidated (0.267522ms)
  ✔ finalizaciones_abono_e2_cliente_id_fkey: condeferrable (0.181394ms)
  ✔ finalizaciones_abono_e2_cliente_id_fkey: condeferred (0.184362ms)
  ✔ finalizaciones_abono_e2_cliente_id_fkey: index_valid (0.18022ms)
  ✔ finalizaciones_abono_e2_operacion_productor_operacion_clave_key: missing (0.203189ms)
  ✔ finalizaciones_abono_e2_operacion_productor_operacion_clave_key: table_name (0.275484ms)
  ✔ finalizaciones_abono_e2_operacion_productor_operacion_clave_key: definition (0.216638ms)
  ✔ finalizaciones_abono_e2_operacion_productor_operacion_clave_key: convalidated (0.186699ms)
  ✔ finalizaciones_abono_e2_operacion_productor_operacion_clave_key: condeferrable (0.228162ms)
  ✔ finalizaciones_abono_e2_operacion_productor_operacion_clave_key: condeferred (0.1814ms)
  ✔ finalizaciones_abono_e2_operacion_productor_operacion_clave_key: index_valid (0.17345ms)
  ✔ finalizaciones_abono_e2_importe_check: missing (0.16012ms)
  ✔ finalizaciones_abono_e2_importe_check: table_name (0.19615ms)
  ✔ finalizaciones_abono_e2_importe_check: definition (0.185785ms)
  ✔ finalizaciones_abono_e2_importe_check: convalidated (0.163741ms)
  ✔ finalizaciones_abono_e2_importe_check: condeferrable (0.16479ms)
  ✔ finalizaciones_abono_e2_importe_check: condeferred (0.16636ms)
  ✔ finalizaciones_abono_e2_importe_check: index_valid (0.234794ms)
  ✔ finalizaciones_abono_e2_resultado_check: missing (0.18875ms)
  ✔ finalizaciones_abono_e2_resultado_check: table_name (0.229681ms)
  ✔ finalizaciones_abono_e2_resultado_check: definition (0.183735ms)
  ✔ finalizaciones_abono_e2_resultado_check: convalidated (0.7626ms)
  ✔ finalizaciones_abono_e2_resultado_check: condeferrable (0.273784ms)
  ✔ finalizaciones_abono_e2_resultado_check: condeferred (0.21357ms)
  ✔ finalizaciones_abono_e2_resultado_check: index_valid (0.193008ms)
  ✔ finalizaciones_abono_e2_aplicado_check: missing (0.175442ms)
  ✔ finalizaciones_abono_e2_aplicado_check: table_name (0.178384ms)
  ✔ finalizaciones_abono_e2_aplicado_check: definition (0.238067ms)
  ✔ finalizaciones_abono_e2_aplicado_check: convalidated (0.319031ms)
  ✔ finalizaciones_abono_e2_aplicado_check: condeferrable (1.531017ms)
  ✔ finalizaciones_abono_e2_aplicado_check: condeferred (0.271563ms)
  ✔ finalizaciones_abono_e2_aplicado_check: index_valid (0.211931ms)
  ✔ finalizaciones_abono_e2_evaluacion_check: missing (0.218483ms)
  ✔ finalizaciones_abono_e2_evaluacion_check: table_name (0.55659ms)
  ✔ finalizaciones_abono_e2_evaluacion_check: definition (0.217337ms)
  ✔ finalizaciones_abono_e2_evaluacion_check: convalidated (0.288925ms)
  ✔ finalizaciones_abono_e2_evaluacion_check: condeferrable (0.202575ms)
  ✔ finalizaciones_abono_e2_evaluacion_check: condeferred (0.207782ms)
  ✔ finalizaciones_abono_e2_evaluacion_check: index_valid (0.220082ms)
  ✔ finalizaciones_abono_e2_contrato_revision_check: missing (0.205263ms)
  ✔ finalizaciones_abono_e2_contrato_revision_check: table_name (0.189397ms)
  ✔ finalizaciones_abono_e2_contrato_revision_check: definition (0.188012ms)
  ✔ finalizaciones_abono_e2_contrato_revision_check: convalidated (0.342198ms)
  ✔ finalizaciones_abono_e2_contrato_revision_check: condeferrable (0.273388ms)
  ✔ finalizaciones_abono_e2_contrato_revision_check: condeferred (0.249783ms)
  ✔ finalizaciones_abono_e2_contrato_revision_check: index_valid (0.271937ms)
  ✔ finalizaciones_abono_e2_check: missing (0.191781ms)
  ✔ finalizaciones_abono_e2_check: table_name (0.192961ms)
  ✔ finalizaciones_abono_e2_check: definition (0.227876ms)
  ✔ finalizaciones_abono_e2_check: convalidated (0.216366ms)
  ✔ finalizaciones_abono_e2_check: condeferrable (0.211512ms)
  ✔ finalizaciones_abono_e2_check: condeferred (0.191212ms)
  ✔ finalizaciones_abono_e2_check: index_valid (0.266827ms)
  ✔ finalizaciones_abono_e2_operacion_productor_check: missing (0.184981ms)
  ✔ finalizaciones_abono_e2_operacion_productor_check: table_name (0.320211ms)
  ✔ finalizaciones_abono_e2_operacion_productor_check: definition (0.301118ms)
  ✔ finalizaciones_abono_e2_operacion_productor_check: convalidated (0.22757ms)
  ✔ finalizaciones_abono_e2_operacion_productor_check: condeferrable (0.198519ms)
  ✔ finalizaciones_abono_e2_operacion_productor_check: condeferred (0.190275ms)
  ✔ finalizaciones_abono_e2_operacion_productor_check: index_valid (0.24424ms)
  ✔ evidencia_no_aplicada_e2_pkey: missing (0.235098ms)
  ✔ evidencia_no_aplicada_e2_pkey: table_name (4.804936ms)
  ✔ evidencia_no_aplicada_e2_pkey: definition (0.334383ms)
  ✔ evidencia_no_aplicada_e2_pkey: convalidated (0.376594ms)
  ✔ evidencia_no_aplicada_e2_pkey: condeferrable (0.387701ms)
  ✔ evidencia_no_aplicada_e2_pkey: condeferred (0.344481ms)
  ✔ evidencia_no_aplicada_e2_pkey: index_valid (0.24521ms)
  ✔ evidencia_no_aplicada_e2_abono_id_key: missing (0.180549ms)
  ✔ evidencia_no_aplicada_e2_abono_id_key: table_name (0.350515ms)
  ✔ evidencia_no_aplicada_e2_abono_id_key: definition (0.412562ms)
  ✔ evidencia_no_aplicada_e2_abono_id_key: convalidated (0.236512ms)
  ✔ evidencia_no_aplicada_e2_abono_id_key: condeferrable (0.202945ms)
  ✔ evidencia_no_aplicada_e2_abono_id_key: condeferred (1.630048ms)
  ✔ evidencia_no_aplicada_e2_abono_id_key: index_valid (0.31228ms)
  ✔ evidencia_no_aplicada_e2_cobro_clave_key: missing (0.207117ms)
  ✔ evidencia_no_aplicada_e2_cobro_clave_key: table_name (0.968928ms)
  ✔ evidencia_no_aplicada_e2_cobro_clave_key: definition (0.217857ms)
  ✔ evidencia_no_aplicada_e2_cobro_clave_key: convalidated (0.415475ms)
  ✔ evidencia_no_aplicada_e2_cobro_clave_key: condeferrable (0.332136ms)
  ✔ evidencia_no_aplicada_e2_cobro_clave_key: condeferred (0.240247ms)
  ✔ evidencia_no_aplicada_e2_cobro_clave_key: index_valid (0.290952ms)
  ✔ evidencia_no_aplicada_e2_cobro_productor_cobro_clave_fkey: missing (0.188778ms)
  ✔ evidencia_no_aplicada_e2_cobro_productor_cobro_clave_fkey: table_name (0.197986ms)
  ✔ evidencia_no_aplicada_e2_cobro_productor_cobro_clave_fkey: definition (0.211631ms)
  ✔ evidencia_no_aplicada_e2_cobro_productor_cobro_clave_fkey: convalidated (0.282377ms)
  ✔ evidencia_no_aplicada_e2_cobro_productor_cobro_clave_fkey: condeferrable (0.230108ms)
  ✔ evidencia_no_aplicada_e2_cobro_productor_cobro_clave_fkey: condeferred (0.538359ms)
  ✔ evidencia_no_aplicada_e2_cobro_productor_cobro_clave_fkey: index_valid (0.404832ms)
  ✔ evidencia_no_aplicada_e2_abono_id_fkey: missing (0.465818ms)
  ✔ evidencia_no_aplicada_e2_abono_id_fkey: table_name (0.248823ms)
  ✔ evidencia_no_aplicada_e2_abono_id_fkey: definition (0.206689ms)
  ✔ evidencia_no_aplicada_e2_abono_id_fkey: convalidated (0.197901ms)
  ✔ evidencia_no_aplicada_e2_abono_id_fkey: condeferrable (0.299395ms)
  ✔ evidencia_no_aplicada_e2_abono_id_fkey: condeferred (0.210219ms)
  ✔ evidencia_no_aplicada_e2_abono_id_fkey: index_valid (0.196684ms)
  ✔ evidencia_no_aplicada_e2_cliente_id_fkey: missing (0.165208ms)
  ✔ evidencia_no_aplicada_e2_cliente_id_fkey: table_name (0.246866ms)
  ✔ evidencia_no_aplicada_e2_cliente_id_fkey: definition (0.204743ms)
  ✔ evidencia_no_aplicada_e2_cliente_id_fkey: convalidated (0.316342ms)
  ✔ evidencia_no_aplicada_e2_cliente_id_fkey: condeferrable (0.505524ms)
  ✔ evidencia_no_aplicada_e2_cliente_id_fkey: condeferred (0.28078ms)
  ✔ evidencia_no_aplicada_e2_cliente_id_fkey: index_valid (0.20976ms)
  ✔ evidencia_no_aplicada_e2_importe_check: missing (0.195845ms)
  ✔ evidencia_no_aplicada_e2_importe_check: table_name (0.198324ms)
  ✔ evidencia_no_aplicada_e2_importe_check: definition (0.198328ms)
  ✔ evidencia_no_aplicada_e2_importe_check: convalidated (0.433317ms)
  ✔ evidencia_no_aplicada_e2_importe_check: condeferrable (0.437673ms)
  ✔ evidencia_no_aplicada_e2_importe_check: condeferred (0.27341ms)
  ✔ evidencia_no_aplicada_e2_importe_check: index_valid (0.225556ms)
  ✔ evidencia_no_aplicada_e2_forma_pago_check: missing (0.214151ms)
  ✔ evidencia_no_aplicada_e2_forma_pago_check: table_name (0.218643ms)
  ✔ evidencia_no_aplicada_e2_forma_pago_check: definition (0.35221ms)
  ✔ evidencia_no_aplicada_e2_forma_pago_check: convalidated (0.228005ms)
  ✔ evidencia_no_aplicada_e2_forma_pago_check: condeferrable (0.202416ms)
  ✔ evidencia_no_aplicada_e2_forma_pago_check: condeferred (0.243206ms)
  ✔ evidencia_no_aplicada_e2_forma_pago_check: index_valid (0.218869ms)
  ✔ evidencia_no_aplicada_e2_naturaleza_check: missing (0.460986ms)
  ✔ evidencia_no_aplicada_e2_naturaleza_check: table_name (0.48506ms)
  ✔ evidencia_no_aplicada_e2_naturaleza_check: definition (2.727593ms)
  ✔ evidencia_no_aplicada_e2_naturaleza_check: convalidated (0.235266ms)
  ✔ evidencia_no_aplicada_e2_naturaleza_check: condeferrable (0.213483ms)
  ✔ evidencia_no_aplicada_e2_naturaleza_check: condeferred (0.297075ms)
  ✔ evidencia_no_aplicada_e2_naturaleza_check: index_valid (0.215917ms)
  ✔ evidencia_no_aplicada_e2_check: missing (0.176089ms)
  ✔ evidencia_no_aplicada_e2_check: table_name (0.20279ms)
  ✔ evidencia_no_aplicada_e2_check: definition (0.343945ms)
  ✔ evidencia_no_aplicada_e2_check: convalidated (0.214569ms)
  ✔ evidencia_no_aplicada_e2_check: condeferrable (0.199737ms)
  ✔ evidencia_no_aplicada_e2_check: condeferred (0.311429ms)
  ✔ evidencia_no_aplicada_e2_check: index_valid (0.249427ms)
  ✔ e2_finalization_immutable: missing (0.292964ms)
  ✔ e2_finalization_immutable: prosrc (0.370457ms)
  ✔ e2_finalization_immutable: prokind (0.249447ms)
  ✔ e2_finalization_immutable: provolatile (0.247873ms)
  ✔ e2_finalization_immutable: proparallel (0.395394ms)
  ✔ e2_finalization_immutable: prosecdef (0.269924ms)
  ✔ e2_finalization_immutable: proleakproof (0.370336ms)
  ✔ e2_finalization_immutable: proisstrict (0.316534ms)
  ✔ e2_finalization_immutable: proretset (0.268724ms)
  ✔ e2_finalization_immutable: proacl (0.291506ms)
  ✔ e2_finalization_immutable: proconfig (0.255943ms)
  ✔ e2_finalization_immutable: language_name (0.395ms)
  ✔ e2_finalization_immutable: owner_name (0.523718ms)
  ✔ e2_finalization_immutable: result_type (0.547777ms)
  ✔ e2_finalization_immutable: identity_arguments (0.313515ms)
  ✔ e2_finalization_immutable: tgenabled (0.292078ms)
  ✔ e2_finalization_immutable: tgtype (0.591967ms)
  ✔ e2_finalization_immutable: table_name (0.26262ms)
  ✔ e2_finalization_immutable: function_name (0.292593ms)
  ✔ e2_finalization_immutable: function_schema (0.2974ms)
  ✔ e2_finalization_immutable: args_length (0.43354ms)
  ✔ e2_finalization_immutable: trigger_attr (0.513511ms)
  ✔ e2_finalization_immutable: has_parent (6.08114ms)
  ✔ e2_finalization_immutable: has_qual (0.380892ms)
  ✔ e2_finalization_immutable: has_constraint (0.2367ms)
  ✔ e2_finalization_immutable: tgdeferrable (0.284099ms)
  ✔ e2_finalization_immutable: tginitdeferred (0.212607ms)
  ✔ e2_validate_abono_finalization: missing (0.171807ms)
  ✔ e2_validate_abono_finalization: prosrc (0.282401ms)
  ✔ e2_validate_abono_finalization: prokind (0.299485ms)
  ✔ e2_validate_abono_finalization: provolatile (0.233373ms)
  ✔ e2_validate_abono_finalization: proparallel (0.198487ms)
  ✔ e2_validate_abono_finalization: prosecdef (0.192601ms)
  ✔ e2_validate_abono_finalization: proleakproof (0.238725ms)
  ✔ e2_validate_abono_finalization: proisstrict (0.195048ms)
  ✔ e2_validate_abono_finalization: proretset (0.188125ms)
  ✔ e2_validate_abono_finalization: proacl (0.196372ms)
  ✔ e2_validate_abono_finalization: proconfig (0.470695ms)
  ✔ e2_validate_abono_finalization: language_name (0.26195ms)
  ✔ e2_validate_abono_finalization: owner_name (0.205683ms)
  ✔ e2_validate_abono_finalization: result_type (0.252419ms)
  ✔ e2_validate_abono_finalization: identity_arguments (0.392178ms)
  ✔ e2_validate_abono_finalization: tgenabled (0.224634ms)
  ✔ e2_validate_abono_finalization: tgtype (0.285206ms)
  ✔ e2_validate_abono_finalization: table_name (0.199734ms)
  ✔ e2_validate_abono_finalization: function_name (0.188233ms)
  ✔ e2_validate_abono_finalization: function_schema (0.18547ms)
  ✔ e2_validate_abono_finalization: args_length (0.243687ms)
  ✔ e2_validate_abono_finalization: trigger_attr (0.190663ms)
  ✔ e2_validate_abono_finalization: has_parent (0.185716ms)
  ✔ e2_validate_abono_finalization: has_qual (0.184658ms)
  ✔ e2_validate_abono_finalization: has_constraint (0.221372ms)
  ✔ e2_validate_abono_finalization: tgdeferrable (0.208917ms)
  ✔ e2_validate_abono_finalization: tginitdeferred (0.257013ms)
  ✔ e2_proof_immutable: missing (0.181272ms)
  ✔ e2_proof_immutable: prosrc (0.244491ms)
  ✔ e2_proof_immutable: prokind (0.198416ms)
  ✔ e2_proof_immutable: provolatile (0.19054ms)
  ✔ e2_proof_immutable: proparallel (0.188351ms)
  ✔ e2_proof_immutable: prosecdef (0.292989ms)
  ✔ e2_proof_immutable: proleakproof (0.287652ms)
  ✔ e2_proof_immutable: proisstrict (0.231996ms)
  ✔ e2_proof_immutable: proretset (0.325986ms)
  ✔ e2_proof_immutable: proacl (0.252253ms)
  ✔ e2_proof_immutable: proconfig (0.197477ms)
  ✔ e2_proof_immutable: language_name (0.192938ms)
  ✔ e2_proof_immutable: owner_name (0.235415ms)
  ✔ e2_proof_immutable: result_type (0.199953ms)
  ✔ e2_proof_immutable: identity_arguments (0.19182ms)
  ✔ e2_proof_immutable: tgenabled (0.190294ms)
  ✔ e2_proof_immutable: tgtype (0.233632ms)
  ✔ e2_proof_immutable: table_name (0.195448ms)
  ✔ e2_proof_immutable: function_name (0.183065ms)
  ✔ e2_proof_immutable: function_schema (0.184262ms)
  ✔ e2_proof_immutable: args_length (0.273818ms)
  ✔ e2_proof_immutable: trigger_attr (0.227391ms)
  ✔ e2_proof_immutable: has_parent (0.196238ms)
  ✔ e2_proof_immutable: has_qual (0.192398ms)
  ✔ e2_proof_immutable: has_constraint (0.225374ms)
  ✔ e2_proof_immutable: tgdeferrable (0.202325ms)
  ✔ e2_proof_immutable: tginitdeferred (0.188777ms)
  ✔ e2_validate_unused_proof: missing (0.161844ms)
  ✔ e2_validate_unused_proof: prosrc (0.199548ms)
  ✔ e2_validate_unused_proof: prokind (0.329684ms)
  ✔ e2_validate_unused_proof: provolatile (0.249012ms)
  ✔ e2_validate_unused_proof: proparallel (0.210728ms)
  ✔ e2_validate_unused_proof: prosecdef (0.336111ms)
  ✔ e2_validate_unused_proof: proleakproof (0.324419ms)
  ✔ e2_validate_unused_proof: proisstrict (0.222966ms)
  ✔ e2_validate_unused_proof: proretset (0.386485ms)
  ✔ e2_validate_unused_proof: proacl (0.304524ms)
  ✔ e2_validate_unused_proof: proconfig (0.280812ms)
  ✔ e2_validate_unused_proof: language_name (0.219733ms)
  ✔ e2_validate_unused_proof: owner_name (0.194895ms)
  ✔ e2_validate_unused_proof: result_type (0.203323ms)
  ✔ e2_validate_unused_proof: identity_arguments (0.197112ms)
  ✔ e2_validate_unused_proof: tgenabled (0.214032ms)
  ✔ e2_validate_unused_proof: tgtype (0.197184ms)
  ✔ e2_validate_unused_proof: table_name (0.20015ms)
  ✔ e2_validate_unused_proof: function_name (0.192834ms)
  ✔ e2_validate_unused_proof: function_schema (0.235322ms)
  ✔ e2_validate_unused_proof: args_length (0.197065ms)
  ✔ e2_validate_unused_proof: trigger_attr (0.398218ms)
  ✔ e2_validate_unused_proof: has_parent (0.30605ms)
  ✔ e2_validate_unused_proof: has_qual (0.208265ms)
  ✔ e2_validate_unused_proof: has_constraint (0.192923ms)
  ✔ e2_validate_unused_proof: tgdeferrable (0.217297ms)
  ✔ e2_validate_unused_proof: tginitdeferred (0.208589ms)
  ✔ e2_abono_finalization_complete: missing (0.166598ms)
  ✔ e2_abono_finalization_complete: prosrc (0.193487ms)
  ✔ e2_abono_finalization_complete: prokind (0.200056ms)
  ✔ e2_abono_finalization_complete: provolatile (0.2497ms)
  ✔ e2_abono_finalization_complete: proparallel (0.212846ms)
  ✔ e2_abono_finalization_complete: prosecdef (0.204154ms)
  ✔ e2_abono_finalization_complete: proleakproof (0.201445ms)
  ✔ e2_abono_finalization_complete: proisstrict (0.236389ms)
  ✔ e2_abono_finalization_complete: proretset (0.195908ms)
  ✔ e2_abono_finalization_complete: proacl (0.199387ms)
  ✔ e2_abono_finalization_complete: proconfig (0.191957ms)
  ✔ e2_abono_finalization_complete: language_name (0.265147ms)
  ✔ e2_abono_finalization_complete: owner_name (0.211998ms)
  ✔ e2_abono_finalization_complete: result_type (0.197221ms)
  ✔ e2_abono_finalization_complete: identity_arguments (0.192058ms)
  ✔ e2_abono_finalization_complete: tgenabled (0.357961ms)
  ✔ e2_abono_finalization_complete: tgtype (0.378819ms)
  ✔ e2_abono_finalization_complete: table_name (1.109374ms)
  ✔ e2_abono_finalization_complete: function_name (0.282325ms)
  ✔ e2_abono_finalization_complete: function_schema (0.214852ms)
  ✔ e2_abono_finalization_complete: args_length (0.203902ms)
  ✔ e2_abono_finalization_complete: trigger_attr (0.203005ms)
  ✔ e2_abono_finalization_complete: has_parent (0.422793ms)
  ✔ e2_abono_finalization_complete: has_qual (0.303516ms)
  ✔ e2_abono_finalization_complete: has_constraint (0.269308ms)
  ✔ e2_abono_finalization_complete: tgdeferrable (0.216953ms)
  ✔ e2_abono_finalization_complete: tginitdeferred (0.219309ms)
  ✔ e2_capture_application_order: missing (0.168127ms)
  ✔ e2_capture_application_order: prosrc (0.240795ms)
  ✔ e2_capture_application_order: prokind (0.220642ms)
  ✔ e2_capture_application_order: provolatile (0.205207ms)
  ✔ e2_capture_application_order: proparallel (0.19811ms)
  ✔ e2_capture_application_order: prosecdef (0.236631ms)
  ✔ e2_capture_application_order: proleakproof (0.22303ms)
  ✔ e2_capture_application_order: proisstrict (0.201596ms)
  ✔ e2_capture_application_order: proretset (0.198915ms)
  ✔ e2_capture_application_order: proacl (0.271328ms)
  ✔ e2_capture_application_order: proconfig (0.237904ms)
  ✔ e2_capture_application_order: language_name (0.210312ms)
  ✔ e2_capture_application_order: owner_name (0.223071ms)
  ✔ e2_capture_application_order: result_type (0.253838ms)
  ✔ e2_capture_application_order: identity_arguments (0.208063ms)
  ✔ e2_capture_application_order: tgenabled (0.197825ms)
  ✔ e2_capture_application_order: tgtype (0.421814ms)
  ✔ e2_capture_application_order: table_name (0.313431ms)
  ✔ e2_capture_application_order: function_name (0.226679ms)
  ✔ e2_capture_application_order: function_schema (0.24507ms)
  ✔ e2_capture_application_order: args_length (0.224611ms)
  ✔ e2_capture_application_order: trigger_attr (0.25266ms)
  ✔ e2_capture_application_order: has_parent (0.219252ms)
  ✔ e2_capture_application_order: has_qual (0.294791ms)
  ✔ e2_capture_application_order: has_constraint (0.250277ms)
  ✔ e2_capture_application_order: tgdeferrable (0.21044ms)
  ✔ e2_capture_application_order: tginitdeferred (0.232548ms)
  ✔ e2_finalize_new_abono: missing (0.338968ms)
  ✔ e2_finalize_new_abono: prosrc (0.413346ms)
  ✔ e2_finalize_new_abono: prokind (0.258507ms)
  ✔ e2_finalize_new_abono: provolatile (0.230141ms)
  ✔ e2_finalize_new_abono: proparallel (0.235798ms)
  ✔ e2_finalize_new_abono: prosecdef (0.315202ms)
  ✔ e2_finalize_new_abono: proleakproof (0.304081ms)
  ✔ e2_finalize_new_abono: proisstrict (0.297777ms)
  ✔ e2_finalize_new_abono: proretset (0.305994ms)
  ✔ e2_finalize_new_abono: proacl (0.246346ms)
  ✔ e2_finalize_new_abono: proconfig (0.439727ms)
  ✔ e2_finalize_new_abono: language_name (0.257384ms)
  ✔ e2_finalize_new_abono: owner_name (0.311415ms)
  ✔ e2_finalize_new_abono: result_type (0.37341ms)
  ✔ e2_finalize_new_abono: identity_arguments (0.296124ms)
  ✔ e2_attest_new_retained: missing (0.242138ms)
  ✔ e2_attest_new_retained: prosrc (0.275189ms)
  ✔ e2_attest_new_retained: prokind (0.279276ms)
  ✔ e2_attest_new_retained: provolatile (0.258618ms)
  ✔ e2_attest_new_retained: proparallel (0.2989ms)
  ✔ e2_attest_new_retained: prosecdef (0.266217ms)
  ✔ e2_attest_new_retained: proleakproof (0.268791ms)
  ✔ e2_attest_new_retained: proisstrict (0.320112ms)
  ✔ e2_attest_new_retained: proretset (0.244602ms)
  ✔ e2_attest_new_retained: proacl (0.232697ms)
  ✔ e2_attest_new_retained: proconfig (0.263146ms)
  ✔ e2_attest_new_retained: language_name (0.253161ms)
  ✔ e2_attest_new_retained: owner_name (0.226536ms)
  ✔ e2_attest_new_retained: result_type (0.222676ms)
  ✔ e2_attest_new_retained: identity_arguments (0.315862ms)
✔ A+C mock preflight independently rejects each catalog drift (184.401378ms)
ℹ tests 428
ℹ suites 0
ℹ pass 427
ℹ fail 1
ℹ cancelled 0
ℹ skipped 0
ℹ todo 0
ℹ duration_ms 632.897696

✖ failing tests:

test at reports/e2-apertura-limitada/evidencia-a-c/negative-offline.test.mjs:94:1
✖ mounted directed approval finalizes FULL only after its application (27.604845ms)
  AssertionError [ERR_ASSERTION]: directed finalization must follow persisted application
  + actual - expected
  
    [
  +   'directed-finalize',
      'directed-persist',
  -   'directed-finalize'
    ]
  
      at TestContext.<anonymous> (file:///home/runner/workspace/reports/e2-apertura-limitada/evidencia-a-c/negative-offline.test.mjs:146:10)
      at async Test.run (node:internal/test_runner/test:1113:7)
      at async Test.processPendingSubtests (node:internal/test_runner/test:788:7) {
    generatedMessage: false,
    code: 'ERR_ASSERTION',
    actual: [Array],
    expected: [Array],
    operator: 'deepStrictEqual',
    diff: 'simple'
  }
