✔ mounted ordinary producer: UNUSED/PARTIAL/FULL and FIFO persistence ordering (312.104301ms)
✔ mounted directed approval finalizes FULL only after its application (32.991307ms)
✔ actual core rejects directed result/amount mismatches before persistence (0.634641ms)
✔ positive proof is mandatory in the real refund service (68.694478ms)
✔ real refund service accepts both origins and rejects absent/used ABONO finalization (64.891258ms)
✔ R4 application-order guard exists in prepared SQL (LEXICAL ONLY, not SQL semantics) (0.436098ms)
▶ A+C mock preflight independently rejects each catalog drift
  ✔ finalizaciones_abono_e2.abono_id: missing (0.663365ms)
  ✔ finalizaciones_abono_e2.abono_id: data_type (0.486287ms)
  ✔ finalizaciones_abono_e2.abono_id: is_nullable (0.366444ms)
  ✔ finalizaciones_abono_e2.abono_id: column_default (0.473902ms)
  ✔ finalizaciones_abono_e2.operacion_productor: missing (0.269309ms)
  ✔ finalizaciones_abono_e2.operacion_productor: data_type (0.272068ms)
  ✔ finalizaciones_abono_e2.operacion_productor: is_nullable (0.222902ms)
  ✔ finalizaciones_abono_e2.operacion_productor: column_default (0.323724ms)
  ✔ finalizaciones_abono_e2.operacion_clave: missing (0.40493ms)
  ✔ finalizaciones_abono_e2.operacion_clave: data_type (0.210508ms)
  ✔ finalizaciones_abono_e2.operacion_clave: is_nullable (0.188492ms)
  ✔ finalizaciones_abono_e2.operacion_clave: column_default (0.378032ms)
  ✔ finalizaciones_abono_e2.cliente_id: missing (0.270769ms)
  ✔ finalizaciones_abono_e2.cliente_id: data_type (0.212425ms)
  ✔ finalizaciones_abono_e2.cliente_id: is_nullable (0.279477ms)
  ✔ finalizaciones_abono_e2.cliente_id: column_default (0.222602ms)
  ✔ finalizaciones_abono_e2.importe: missing (0.216169ms)
  ✔ finalizaciones_abono_e2.importe: data_type (0.224171ms)
  ✔ finalizaciones_abono_e2.importe: is_nullable (0.25566ms)
  ✔ finalizaciones_abono_e2.importe: column_default (0.214481ms)
  ✔ finalizaciones_abono_e2.importe: numeric_precision (0.181884ms)
  ✔ finalizaciones_abono_e2.importe: numeric_scale (0.288338ms)
  ✔ finalizaciones_abono_e2.resultado: missing (0.240011ms)
  ✔ finalizaciones_abono_e2.resultado: data_type (0.1894ms)
  ✔ finalizaciones_abono_e2.resultado: is_nullable (0.329773ms)
  ✔ finalizaciones_abono_e2.resultado: column_default (0.367435ms)
  ✔ finalizaciones_abono_e2.aplicado: missing (0.253397ms)
  ✔ finalizaciones_abono_e2.aplicado: data_type (0.210285ms)
  ✔ finalizaciones_abono_e2.aplicado: is_nullable (0.509845ms)
  ✔ finalizaciones_abono_e2.aplicado: column_default (0.255881ms)
  ✔ finalizaciones_abono_e2.aplicado: numeric_precision (0.244513ms)
  ✔ finalizaciones_abono_e2.aplicado: numeric_scale (0.194347ms)
  ✔ finalizaciones_abono_e2.evaluacion: missing (0.284177ms)
  ✔ finalizaciones_abono_e2.evaluacion: data_type (0.262419ms)
  ✔ finalizaciones_abono_e2.evaluacion: is_nullable (0.191313ms)
  ✔ finalizaciones_abono_e2.evaluacion: column_default (0.163347ms)
  ✔ finalizaciones_abono_e2.contrato_revision: missing (0.170925ms)
  ✔ finalizaciones_abono_e2.contrato_revision: data_type (0.1705ms)
  ✔ finalizaciones_abono_e2.contrato_revision: is_nullable (0.266335ms)
  ✔ finalizaciones_abono_e2.contrato_revision: column_default (0.279962ms)
  ✔ finalizaciones_abono_e2.created_at: missing (0.196103ms)
  ✔ finalizaciones_abono_e2.created_at: data_type (0.17748ms)
  ✔ finalizaciones_abono_e2.created_at: is_nullable (0.308997ms)
  ✔ finalizaciones_abono_e2.created_at: column_default (0.177769ms)
  ✔ evidencia_no_aplicada_e2.fuente: missing (0.219386ms)
  ✔ evidencia_no_aplicada_e2.fuente: data_type (0.268649ms)
  ✔ evidencia_no_aplicada_e2.fuente: is_nullable (0.177803ms)
  ✔ evidencia_no_aplicada_e2.fuente: column_default (0.168117ms)
  ✔ evidencia_no_aplicada_e2.abono_id: missing (0.160114ms)
  ✔ evidencia_no_aplicada_e2.abono_id: data_type (0.196355ms)
  ✔ evidencia_no_aplicada_e2.abono_id: is_nullable (0.177602ms)
  ✔ evidencia_no_aplicada_e2.abono_id: column_default (0.160656ms)
  ✔ evidencia_no_aplicada_e2.cobro_productor: missing (0.163766ms)
  ✔ evidencia_no_aplicada_e2.cobro_productor: data_type (0.166578ms)
  ✔ evidencia_no_aplicada_e2.cobro_productor: is_nullable (0.241453ms)
  ✔ evidencia_no_aplicada_e2.cobro_productor: column_default (0.184891ms)
  ✔ evidencia_no_aplicada_e2.cobro_clave: missing (0.174541ms)
  ✔ evidencia_no_aplicada_e2.cobro_clave: data_type (0.208363ms)
  ✔ evidencia_no_aplicada_e2.cobro_clave: is_nullable (0.179257ms)
  ✔ evidencia_no_aplicada_e2.cobro_clave: column_default (0.164314ms)
  ✔ evidencia_no_aplicada_e2.cliente_id: missing (0.162654ms)
  ✔ evidencia_no_aplicada_e2.cliente_id: data_type (0.372837ms)
  ✔ evidencia_no_aplicada_e2.cliente_id: is_nullable (0.213881ms)
  ✔ evidencia_no_aplicada_e2.cliente_id: column_default (0.1862ms)
  ✔ evidencia_no_aplicada_e2.importe: missing (0.169378ms)
  ✔ evidencia_no_aplicada_e2.importe: data_type (0.42491ms)
  ✔ evidencia_no_aplicada_e2.importe: is_nullable (0.230999ms)
  ✔ evidencia_no_aplicada_e2.importe: column_default (0.178896ms)
  ✔ evidencia_no_aplicada_e2.importe: numeric_precision (0.277394ms)
  ✔ evidencia_no_aplicada_e2.importe: numeric_scale (0.27612ms)
  ✔ evidencia_no_aplicada_e2.forma_pago: missing (0.278384ms)
  ✔ evidencia_no_aplicada_e2.forma_pago: data_type (0.227375ms)
  ✔ evidencia_no_aplicada_e2.forma_pago: is_nullable (0.185271ms)
  ✔ evidencia_no_aplicada_e2.forma_pago: column_default (0.169529ms)
  ✔ evidencia_no_aplicada_e2.naturaleza: missing (0.166632ms)
  ✔ evidencia_no_aplicada_e2.naturaleza: data_type (0.161174ms)
  ✔ evidencia_no_aplicada_e2.naturaleza: is_nullable (0.18952ms)
  ✔ evidencia_no_aplicada_e2.naturaleza: column_default (0.228096ms)
  ✔ evidencia_no_aplicada_e2.created_at: missing (0.172374ms)
  ✔ evidencia_no_aplicada_e2.created_at: data_type (0.274772ms)
  ✔ evidencia_no_aplicada_e2.created_at: is_nullable (0.19143ms)
  ✔ evidencia_no_aplicada_e2.created_at: column_default (0.43353ms)
  ✔ finalizaciones_abono_e2_pkey: missing (0.356419ms)
  ✔ finalizaciones_abono_e2_pkey: table_name (0.341061ms)
  ✔ finalizaciones_abono_e2_pkey: definition (0.355207ms)
  ✔ finalizaciones_abono_e2_pkey: convalidated (0.232951ms)
  ✔ finalizaciones_abono_e2_pkey: condeferrable (0.190317ms)
  ✔ finalizaciones_abono_e2_pkey: condeferred (0.180798ms)
  ✔ finalizaciones_abono_e2_pkey: index_valid (0.212832ms)
  ✔ finalizaciones_abono_e2_abono_id_fkey: missing (0.186273ms)
  ✔ finalizaciones_abono_e2_abono_id_fkey: table_name (0.171132ms)
  ✔ finalizaciones_abono_e2_abono_id_fkey: definition (0.249882ms)
  ✔ finalizaciones_abono_e2_abono_id_fkey: convalidated (0.232402ms)
  ✔ finalizaciones_abono_e2_abono_id_fkey: condeferrable (0.198074ms)
  ✔ finalizaciones_abono_e2_abono_id_fkey: condeferred (0.179373ms)
  ✔ finalizaciones_abono_e2_abono_id_fkey: index_valid (0.172125ms)
  ✔ finalizaciones_abono_e2_cliente_id_fkey: missing (0.39332ms)
  ✔ finalizaciones_abono_e2_cliente_id_fkey: table_name (0.236238ms)
  ✔ finalizaciones_abono_e2_cliente_id_fkey: definition (0.189238ms)
  ✔ finalizaciones_abono_e2_cliente_id_fkey: convalidated (0.245085ms)
  ✔ finalizaciones_abono_e2_cliente_id_fkey: condeferrable (0.186387ms)
  ✔ finalizaciones_abono_e2_cliente_id_fkey: condeferred (0.175859ms)
  ✔ finalizaciones_abono_e2_cliente_id_fkey: index_valid (0.177457ms)
  ✔ finalizaciones_abono_e2_operacion_productor_operacion_clave_key: missing (0.202078ms)
  ✔ finalizaciones_abono_e2_operacion_productor_operacion_clave_key: table_name (0.287302ms)
  ✔ finalizaciones_abono_e2_operacion_productor_operacion_clave_key: definition (0.244075ms)
  ✔ finalizaciones_abono_e2_operacion_productor_operacion_clave_key: convalidated (0.188154ms)
  ✔ finalizaciones_abono_e2_operacion_productor_operacion_clave_key: condeferrable (0.346807ms)
  ✔ finalizaciones_abono_e2_operacion_productor_operacion_clave_key: condeferred (0.182585ms)
  ✔ finalizaciones_abono_e2_operacion_productor_operacion_clave_key: index_valid (0.302702ms)
  ✔ finalizaciones_abono_e2_importe_check: missing (0.282636ms)
  ✔ finalizaciones_abono_e2_importe_check: table_name (0.196716ms)
  ✔ finalizaciones_abono_e2_importe_check: definition (0.177048ms)
  ✔ finalizaciones_abono_e2_importe_check: convalidated (0.178884ms)
  ✔ finalizaciones_abono_e2_importe_check: condeferrable (0.215588ms)
  ✔ finalizaciones_abono_e2_importe_check: condeferred (0.179984ms)
  ✔ finalizaciones_abono_e2_importe_check: index_valid (0.170569ms)
  ✔ finalizaciones_abono_e2_resultado_check: missing (0.176712ms)
  ✔ finalizaciones_abono_e2_resultado_check: table_name (0.267473ms)
  ✔ finalizaciones_abono_e2_resultado_check: definition (0.20382ms)
  ✔ finalizaciones_abono_e2_resultado_check: convalidated (0.181717ms)
  ✔ finalizaciones_abono_e2_resultado_check: condeferrable (0.180785ms)
  ✔ finalizaciones_abono_e2_resultado_check: condeferred (0.207021ms)
  ✔ finalizaciones_abono_e2_resultado_check: index_valid (0.205488ms)
  ✔ finalizaciones_abono_e2_aplicado_check: missing (0.169286ms)
  ✔ finalizaciones_abono_e2_aplicado_check: table_name (0.180043ms)
  ✔ finalizaciones_abono_e2_aplicado_check: definition (0.179552ms)
  ✔ finalizaciones_abono_e2_aplicado_check: convalidated (0.287439ms)
  ✔ finalizaciones_abono_e2_aplicado_check: condeferrable (0.19519ms)
  ✔ finalizaciones_abono_e2_aplicado_check: condeferred (0.184903ms)
  ✔ finalizaciones_abono_e2_aplicado_check: index_valid (0.177849ms)
  ✔ finalizaciones_abono_e2_evaluacion_check: missing (0.20891ms)
  ✔ finalizaciones_abono_e2_evaluacion_check: table_name (0.185845ms)
  ✔ finalizaciones_abono_e2_evaluacion_check: definition (0.181962ms)
  ✔ finalizaciones_abono_e2_evaluacion_check: convalidated (0.176685ms)
  ✔ finalizaciones_abono_e2_evaluacion_check: condeferrable (0.211764ms)
  ✔ finalizaciones_abono_e2_evaluacion_check: condeferred (0.194408ms)
  ✔ finalizaciones_abono_e2_evaluacion_check: index_valid (0.1817ms)
  ✔ finalizaciones_abono_e2_contrato_revision_check: missing (0.173289ms)
  ✔ finalizaciones_abono_e2_contrato_revision_check: table_name (0.176473ms)
  ✔ finalizaciones_abono_e2_contrato_revision_check: definition (0.224316ms)
  ✔ finalizaciones_abono_e2_contrato_revision_check: convalidated (0.259122ms)
  ✔ finalizaciones_abono_e2_contrato_revision_check: condeferrable (0.283375ms)
  ✔ finalizaciones_abono_e2_contrato_revision_check: condeferred (0.34227ms)
  ✔ finalizaciones_abono_e2_contrato_revision_check: index_valid (0.248141ms)
  ✔ finalizaciones_abono_e2_check: missing (0.182017ms)
  ✔ finalizaciones_abono_e2_check: table_name (0.235208ms)
  ✔ finalizaciones_abono_e2_check: definition (0.206191ms)
  ✔ finalizaciones_abono_e2_check: convalidated (0.199268ms)
  ✔ finalizaciones_abono_e2_check: condeferrable (0.191802ms)
  ✔ finalizaciones_abono_e2_check: condeferred (0.185617ms)
  ✔ finalizaciones_abono_e2_check: index_valid (0.237367ms)
  ✔ finalizaciones_abono_e2_operacion_productor_check: missing (0.17172ms)
  ✔ finalizaciones_abono_e2_operacion_productor_check: table_name (0.189113ms)
  ✔ finalizaciones_abono_e2_operacion_productor_check: definition (0.230231ms)
  ✔ finalizaciones_abono_e2_operacion_productor_check: convalidated (0.244456ms)
  ✔ finalizaciones_abono_e2_operacion_productor_check: condeferrable (0.189241ms)
  ✔ finalizaciones_abono_e2_operacion_productor_check: condeferred (0.18929ms)
  ✔ finalizaciones_abono_e2_operacion_productor_check: index_valid (0.187527ms)
  ✔ evidencia_no_aplicada_e2_pkey: missing (0.285545ms)
  ✔ evidencia_no_aplicada_e2_pkey: table_name (0.320977ms)
  ✔ evidencia_no_aplicada_e2_pkey: definition (0.281113ms)
  ✔ evidencia_no_aplicada_e2_pkey: convalidated (0.298353ms)
  ✔ evidencia_no_aplicada_e2_pkey: condeferrable (9.33475ms)
  ✔ evidencia_no_aplicada_e2_pkey: condeferred (0.356758ms)
  ✔ evidencia_no_aplicada_e2_pkey: index_valid (0.253305ms)
  ✔ evidencia_no_aplicada_e2_abono_id_key: missing (0.164947ms)
  ✔ evidencia_no_aplicada_e2_abono_id_key: table_name (0.223516ms)
  ✔ evidencia_no_aplicada_e2_abono_id_key: definition (0.31095ms)
  ✔ evidencia_no_aplicada_e2_abono_id_key: convalidated (0.246655ms)
  ✔ evidencia_no_aplicada_e2_abono_id_key: condeferrable (0.174068ms)
  ✔ evidencia_no_aplicada_e2_abono_id_key: condeferred (0.15642ms)
  ✔ evidencia_no_aplicada_e2_abono_id_key: index_valid (0.171366ms)
  ✔ evidencia_no_aplicada_e2_cobro_clave_key: missing (0.141322ms)
  ✔ evidencia_no_aplicada_e2_cobro_clave_key: table_name (0.620783ms)
  ✔ evidencia_no_aplicada_e2_cobro_clave_key: definition (0.223733ms)
  ✔ evidencia_no_aplicada_e2_cobro_clave_key: convalidated (0.163395ms)
  ✔ evidencia_no_aplicada_e2_cobro_clave_key: condeferrable (0.151546ms)
  ✔ evidencia_no_aplicada_e2_cobro_clave_key: condeferred (0.150279ms)
  ✔ evidencia_no_aplicada_e2_cobro_clave_key: index_valid (0.186988ms)
  ✔ evidencia_no_aplicada_e2_cobro_productor_cobro_clave_fkey: missing (0.155194ms)
  ✔ evidencia_no_aplicada_e2_cobro_productor_cobro_clave_fkey: table_name (0.159681ms)
  ✔ evidencia_no_aplicada_e2_cobro_productor_cobro_clave_fkey: definition (0.153736ms)
  ✔ evidencia_no_aplicada_e2_cobro_productor_cobro_clave_fkey: convalidated (0.17153ms)
  ✔ evidencia_no_aplicada_e2_cobro_productor_cobro_clave_fkey: condeferrable (0.254611ms)
  ✔ evidencia_no_aplicada_e2_cobro_productor_cobro_clave_fkey: condeferred (0.161792ms)
  ✔ evidencia_no_aplicada_e2_cobro_productor_cobro_clave_fkey: index_valid (0.229647ms)
  ✔ evidencia_no_aplicada_e2_abono_id_fkey: missing (0.151251ms)
  ✔ evidencia_no_aplicada_e2_abono_id_fkey: table_name (0.187375ms)
  ✔ evidencia_no_aplicada_e2_abono_id_fkey: definition (0.162771ms)
  ✔ evidencia_no_aplicada_e2_abono_id_fkey: convalidated (0.151009ms)
  ✔ evidencia_no_aplicada_e2_abono_id_fkey: condeferrable (0.148487ms)
  ✔ evidencia_no_aplicada_e2_abono_id_fkey: condeferred (0.148229ms)
  ✔ evidencia_no_aplicada_e2_abono_id_fkey: index_valid (0.189662ms)
  ✔ evidencia_no_aplicada_e2_cliente_id_fkey: missing (0.145251ms)
  ✔ evidencia_no_aplicada_e2_cliente_id_fkey: table_name (0.154377ms)
  ✔ evidencia_no_aplicada_e2_cliente_id_fkey: definition (0.150382ms)
  ✔ evidencia_no_aplicada_e2_cliente_id_fkey: convalidated (0.151414ms)
  ✔ evidencia_no_aplicada_e2_cliente_id_fkey: condeferrable (0.349198ms)
  ✔ evidencia_no_aplicada_e2_cliente_id_fkey: condeferred (0.18935ms)
  ✔ evidencia_no_aplicada_e2_cliente_id_fkey: index_valid (0.160403ms)
  ✔ evidencia_no_aplicada_e2_importe_check: missing (0.139795ms)
  ✔ evidencia_no_aplicada_e2_importe_check: table_name (0.15091ms)
  ✔ evidencia_no_aplicada_e2_importe_check: definition (0.269014ms)
  ✔ evidencia_no_aplicada_e2_importe_check: convalidated (0.157799ms)
  ✔ evidencia_no_aplicada_e2_importe_check: condeferrable (0.154671ms)
  ✔ evidencia_no_aplicada_e2_importe_check: condeferred (0.15321ms)
  ✔ evidencia_no_aplicada_e2_importe_check: index_valid (0.153944ms)
  ✔ evidencia_no_aplicada_e2_forma_pago_check: missing (0.1589ms)
  ✔ evidencia_no_aplicada_e2_forma_pago_check: table_name (0.183699ms)
  ✔ evidencia_no_aplicada_e2_forma_pago_check: definition (0.185794ms)
  ✔ evidencia_no_aplicada_e2_forma_pago_check: convalidated (0.158628ms)
  ✔ evidencia_no_aplicada_e2_forma_pago_check: condeferrable (0.193025ms)
  ✔ evidencia_no_aplicada_e2_forma_pago_check: condeferred (0.162422ms)
  ✔ evidencia_no_aplicada_e2_forma_pago_check: index_valid (0.152903ms)
  ✔ evidencia_no_aplicada_e2_naturaleza_check: missing (0.134265ms)
  ✔ evidencia_no_aplicada_e2_naturaleza_check: table_name (0.148941ms)
  ✔ evidencia_no_aplicada_e2_naturaleza_check: definition (0.187633ms)
  ✔ evidencia_no_aplicada_e2_naturaleza_check: convalidated (0.163893ms)
  ✔ evidencia_no_aplicada_e2_naturaleza_check: condeferrable (0.16106ms)
  ✔ evidencia_no_aplicada_e2_naturaleza_check: condeferred (0.196299ms)
  ✔ evidencia_no_aplicada_e2_naturaleza_check: index_valid (0.159165ms)
  ✔ evidencia_no_aplicada_e2_check: missing (0.230452ms)
  ✔ evidencia_no_aplicada_e2_check: table_name (0.169783ms)
  ✔ evidencia_no_aplicada_e2_check: definition (0.165802ms)
  ✔ evidencia_no_aplicada_e2_check: convalidated (0.195804ms)
  ✔ evidencia_no_aplicada_e2_check: condeferrable (0.167574ms)
  ✔ evidencia_no_aplicada_e2_check: condeferred (0.260007ms)
  ✔ evidencia_no_aplicada_e2_check: index_valid (0.174749ms)
  ✔ e2_finalization_immutable: missing (0.246639ms)
  ✔ e2_finalization_immutable: prosrc (0.31627ms)
  ✔ e2_finalization_immutable: prokind (0.212771ms)
  ✔ e2_finalization_immutable: provolatile (0.196143ms)
  ✔ e2_finalization_immutable: proparallel (0.247147ms)
  ✔ e2_finalization_immutable: prosecdef (0.229648ms)
  ✔ e2_finalization_immutable: proleakproof (0.271505ms)
  ✔ e2_finalization_immutable: proisstrict (0.228899ms)
  ✔ e2_finalization_immutable: proretset (0.306599ms)
  ✔ e2_finalization_immutable: proacl (0.209089ms)
  ✔ e2_finalization_immutable: proconfig (0.188221ms)
  ✔ e2_finalization_immutable: language_name (0.17847ms)
  ✔ e2_finalization_immutable: owner_name (0.212466ms)
  ✔ e2_finalization_immutable: result_type (0.193425ms)
  ✔ e2_finalization_immutable: identity_arguments (0.183801ms)
  ✔ e2_finalization_immutable: tgenabled (0.237223ms)
  ✔ e2_finalization_immutable: tgtype (0.229682ms)
  ✔ e2_finalization_immutable: table_name (0.190526ms)
  ✔ e2_finalization_immutable: function_name (0.178667ms)
  ✔ e2_finalization_immutable: function_schema (0.260914ms)
  ✔ e2_finalization_immutable: args_length (0.336379ms)
  ✔ e2_finalization_immutable: trigger_attr (0.283937ms)
  ✔ e2_finalization_immutable: has_parent (0.199864ms)
  ✔ e2_finalization_immutable: has_qual (0.270387ms)
  ✔ e2_finalization_immutable: has_constraint (0.205535ms)
  ✔ e2_finalization_immutable: tgdeferrable (0.243437ms)
  ✔ e2_finalization_immutable: tginitdeferred (0.20047ms)
  ✔ e2_validate_abono_finalization: missing (0.205343ms)
  ✔ e2_validate_abono_finalization: prosrc (0.311867ms)
  ✔ e2_validate_abono_finalization: prokind (0.221936ms)
  ✔ e2_validate_abono_finalization: provolatile (0.225662ms)
  ✔ e2_validate_abono_finalization: proparallel (0.206295ms)
  ✔ e2_validate_abono_finalization: prosecdef (0.186539ms)
  ✔ e2_validate_abono_finalization: proleakproof (0.184866ms)
  ✔ e2_validate_abono_finalization: proisstrict (0.184187ms)
  ✔ e2_validate_abono_finalization: proretset (0.274816ms)
  ✔ e2_validate_abono_finalization: proacl (0.190245ms)
  ✔ e2_validate_abono_finalization: proconfig (0.271826ms)
  ✔ e2_validate_abono_finalization: language_name (0.278952ms)
  ✔ e2_validate_abono_finalization: owner_name (0.231813ms)
  ✔ e2_validate_abono_finalization: result_type (0.194144ms)
  ✔ e2_validate_abono_finalization: identity_arguments (0.26709ms)
  ✔ e2_validate_abono_finalization: tgenabled (0.21411ms)
  ✔ e2_validate_abono_finalization: tgtype (0.199583ms)
  ✔ e2_validate_abono_finalization: table_name (0.186684ms)
  ✔ e2_validate_abono_finalization: function_name (0.182731ms)
  ✔ e2_validate_abono_finalization: function_schema (0.225366ms)
  ✔ e2_validate_abono_finalization: args_length (0.193794ms)
  ✔ e2_validate_abono_finalization: trigger_attr (0.191726ms)
  ✔ e2_validate_abono_finalization: has_parent (0.197082ms)
  ✔ e2_validate_abono_finalization: has_qual (0.232533ms)
  ✔ e2_validate_abono_finalization: has_constraint (0.202566ms)
  ✔ e2_validate_abono_finalization: tgdeferrable (0.187084ms)
  ✔ e2_validate_abono_finalization: tginitdeferred (1.506615ms)
  ✔ e2_proof_immutable: missing (0.243271ms)
  ✔ e2_proof_immutable: prosrc (0.217762ms)
  ✔ e2_proof_immutable: prokind (0.194505ms)
  ✔ e2_proof_immutable: provolatile (0.249092ms)
  ✔ e2_proof_immutable: proparallel (0.25266ms)
  ✔ e2_proof_immutable: prosecdef (0.315676ms)
  ✔ e2_proof_immutable: proleakproof (0.550864ms)
  ✔ e2_proof_immutable: proisstrict (0.23648ms)
  ✔ e2_proof_immutable: proretset (0.361311ms)
  ✔ e2_proof_immutable: proacl (0.265874ms)
  ✔ e2_proof_immutable: proconfig (0.20789ms)
  ✔ e2_proof_immutable: language_name (0.25712ms)
  ✔ e2_proof_immutable: owner_name (0.21045ms)
  ✔ e2_proof_immutable: result_type (0.195854ms)
  ✔ e2_proof_immutable: identity_arguments (0.188417ms)
  ✔ e2_proof_immutable: tgenabled (0.240589ms)
  ✔ e2_proof_immutable: tgtype (0.212383ms)
  ✔ e2_proof_immutable: table_name (0.198046ms)
  ✔ e2_proof_immutable: function_name (0.191904ms)
  ✔ e2_proof_immutable: function_schema (0.220563ms)
  ✔ e2_proof_immutable: args_length (0.203294ms)
  ✔ e2_proof_immutable: trigger_attr (0.188533ms)
  ✔ e2_proof_immutable: has_parent (0.188152ms)
  ✔ e2_proof_immutable: has_qual (0.187562ms)
  ✔ e2_proof_immutable: has_constraint (0.283989ms)
  ✔ e2_proof_immutable: tgdeferrable (0.207452ms)
  ✔ e2_proof_immutable: tginitdeferred (0.195736ms)
  ✔ e2_validate_unused_proof: missing (0.163803ms)
  ✔ e2_validate_unused_proof: prosrc (0.243732ms)
  ✔ e2_validate_unused_proof: prokind (0.308187ms)
  ✔ e2_validate_unused_proof: provolatile (0.256904ms)
  ✔ e2_validate_unused_proof: proparallel (0.24433ms)
  ✔ e2_validate_unused_proof: prosecdef (0.322566ms)
  ✔ e2_validate_unused_proof: proleakproof (0.311585ms)
  ✔ e2_validate_unused_proof: proisstrict (0.258947ms)
  ✔ e2_validate_unused_proof: proretset (0.261594ms)
  ✔ e2_validate_unused_proof: proacl (0.303939ms)
  ✔ e2_validate_unused_proof: proconfig (0.309422ms)
  ✔ e2_validate_unused_proof: language_name (0.228365ms)
  ✔ e2_validate_unused_proof: owner_name (0.212044ms)
  ✔ e2_validate_unused_proof: result_type (0.191989ms)
  ✔ e2_validate_unused_proof: identity_arguments (0.236229ms)
  ✔ e2_validate_unused_proof: tgenabled (0.210361ms)
  ✔ e2_validate_unused_proof: tgtype (0.196881ms)
  ✔ e2_validate_unused_proof: table_name (0.188716ms)
  ✔ e2_validate_unused_proof: function_name (0.229406ms)
  ✔ e2_validate_unused_proof: function_schema (0.211367ms)
  ✔ e2_validate_unused_proof: args_length (0.205234ms)
  ✔ e2_validate_unused_proof: trigger_attr (0.349825ms)
  ✔ e2_validate_unused_proof: has_parent (0.221987ms)
  ✔ e2_validate_unused_proof: has_qual (0.193687ms)
  ✔ e2_validate_unused_proof: has_constraint (0.208808ms)
  ✔ e2_validate_unused_proof: tgdeferrable (0.208884ms)
  ✔ e2_validate_unused_proof: tginitdeferred (0.254536ms)
  ✔ e2_abono_finalization_complete: missing (0.17963ms)
  ✔ e2_abono_finalization_complete: prosrc (0.195419ms)
  ✔ e2_abono_finalization_complete: prokind (0.200433ms)
  ✔ e2_abono_finalization_complete: provolatile (0.225993ms)
  ✔ e2_abono_finalization_complete: proparallel (0.206291ms)
  ✔ e2_abono_finalization_complete: prosecdef (0.196369ms)
  ✔ e2_abono_finalization_complete: proleakproof (0.197566ms)
  ✔ e2_abono_finalization_complete: proisstrict (0.238874ms)
  ✔ e2_abono_finalization_complete: proretset (0.196752ms)
  ✔ e2_abono_finalization_complete: proacl (0.198247ms)
  ✔ e2_abono_finalization_complete: proconfig (0.197464ms)
  ✔ e2_abono_finalization_complete: language_name (0.240032ms)
  ✔ e2_abono_finalization_complete: owner_name (0.235694ms)
  ✔ e2_abono_finalization_complete: result_type (0.218472ms)
  ✔ e2_abono_finalization_complete: identity_arguments (0.204895ms)
  ✔ e2_abono_finalization_complete: tgenabled (0.285057ms)
  ✔ e2_abono_finalization_complete: tgtype (0.201465ms)
  ✔ e2_abono_finalization_complete: table_name (1.167599ms)
  ✔ e2_abono_finalization_complete: function_name (0.27544ms)
  ✔ e2_abono_finalization_complete: function_schema (0.231398ms)
  ✔ e2_abono_finalization_complete: args_length (0.207186ms)
  ✔ e2_abono_finalization_complete: trigger_attr (0.200794ms)
  ✔ e2_abono_finalization_complete: has_parent (0.231045ms)
  ✔ e2_abono_finalization_complete: has_qual (0.266202ms)
  ✔ e2_abono_finalization_complete: has_constraint (0.248537ms)
  ✔ e2_abono_finalization_complete: tgdeferrable (0.207645ms)
  ✔ e2_abono_finalization_complete: tginitdeferred (0.2944ms)
  ✔ e2_capture_application_order: missing (0.180098ms)
  ✔ e2_capture_application_order: prosrc (0.205559ms)
  ✔ e2_capture_application_order: prokind (0.198965ms)
  ✔ e2_capture_application_order: provolatile (0.24901ms)
  ✔ e2_capture_application_order: proparallel (0.336531ms)
  ✔ e2_capture_application_order: prosecdef (0.253327ms)
  ✔ e2_capture_application_order: proleakproof (0.260118ms)
  ✔ e2_capture_application_order: proisstrict (0.22306ms)
  ✔ e2_capture_application_order: proretset (0.204036ms)
  ✔ e2_capture_application_order: proacl (0.201198ms)
  ✔ e2_capture_application_order: proconfig (0.249ms)
  ✔ e2_capture_application_order: language_name (0.21407ms)
  ✔ e2_capture_application_order: owner_name (0.259983ms)
  ✔ e2_capture_application_order: result_type (0.28304ms)
  ✔ e2_capture_application_order: identity_arguments (0.312099ms)
  ✔ e2_capture_application_order: tgenabled (0.230579ms)
  ✔ e2_capture_application_order: tgtype (0.236499ms)
  ✔ e2_capture_application_order: table_name (0.375972ms)
  ✔ e2_capture_application_order: function_name (0.256915ms)
  ✔ e2_capture_application_order: function_schema (0.24663ms)
  ✔ e2_capture_application_order: args_length (0.485292ms)
  ✔ e2_capture_application_order: trigger_attr (0.220534ms)
  ✔ e2_capture_application_order: has_parent (0.263651ms)
  ✔ e2_capture_application_order: has_qual (0.21549ms)
  ✔ e2_capture_application_order: has_constraint (0.249782ms)
  ✔ e2_capture_application_order: tgdeferrable (0.380799ms)
  ✔ e2_capture_application_order: tginitdeferred (0.240085ms)
  ✔ e2_finalize_new_abono: missing (0.367496ms)
  ✔ e2_finalize_new_abono: prosrc (0.267902ms)
  ✔ e2_finalize_new_abono: prokind (0.253098ms)
  ✔ e2_finalize_new_abono: provolatile (0.228292ms)
  ✔ e2_finalize_new_abono: proparallel (0.26683ms)
  ✔ e2_finalize_new_abono: prosecdef (0.278341ms)
  ✔ e2_finalize_new_abono: proleakproof (0.292339ms)
  ✔ e2_finalize_new_abono: proisstrict (0.33109ms)
  ✔ e2_finalize_new_abono: proretset (0.234395ms)
  ✔ e2_finalize_new_abono: proacl (0.216099ms)
  ✔ e2_finalize_new_abono: proconfig (0.406479ms)
  ✔ e2_finalize_new_abono: language_name (0.244559ms)
  ✔ e2_finalize_new_abono: owner_name (0.354645ms)
  ✔ e2_finalize_new_abono: result_type (0.366887ms)
  ✔ e2_finalize_new_abono: identity_arguments (0.332054ms)
  ✔ e2_attest_new_retained: missing (0.274577ms)
  ✔ e2_attest_new_retained: prosrc (0.267578ms)
  ✔ e2_attest_new_retained: prokind (0.311965ms)
  ✔ e2_attest_new_retained: provolatile (9.872677ms)
  ✔ e2_attest_new_retained: proparallel (0.324326ms)
  ✔ e2_attest_new_retained: prosecdef (0.281436ms)
  ✔ e2_attest_new_retained: proleakproof (0.237536ms)
  ✔ e2_attest_new_retained: proisstrict (0.320798ms)
  ✔ e2_attest_new_retained: proretset (0.240383ms)
  ✔ e2_attest_new_retained: proacl (0.219391ms)
  ✔ e2_attest_new_retained: proconfig (0.227233ms)
  ✔ e2_attest_new_retained: language_name (0.264656ms)
  ✔ e2_attest_new_retained: owner_name (0.214906ms)
  ✔ e2_attest_new_retained: result_type (0.262507ms)
  ✔ e2_attest_new_retained: identity_arguments (0.40306ms)
✔ A+C mock preflight independently rejects each catalog drift (168.37802ms)
ℹ tests 428
ℹ suites 0
ℹ pass 428
ℹ fail 0
ℹ cancelled 0
ℹ skipped 0
ℹ todo 0
ℹ duration_ms 658.728554
