✔ mounted ordinary producer: UNUSED/PARTIAL/FULL and FIFO persistence ordering (297.672475ms)
✔ mounted directed approval finalizes FULL only after its application (30.088314ms)
✔ actual core rejects directed result/amount mismatches before persistence (0.781136ms)
✔ positive proof is mandatory in the real refund service (78.329207ms)
✔ real refund service accepts both origins and rejects absent/used ABONO finalization (71.212674ms)
✔ R4 application-order guard exists in prepared SQL (LEXICAL ONLY, not SQL semantics) (0.452389ms)
▶ A+C mock preflight independently rejects each catalog drift
  ✔ finalizaciones_abono_e2.abono_id: missing (0.623834ms)
  ✔ finalizaciones_abono_e2.abono_id: data_type (0.439543ms)
  ✔ finalizaciones_abono_e2.abono_id: is_nullable (0.355363ms)
  ✔ finalizaciones_abono_e2.abono_id: column_default (0.503997ms)
  ✔ finalizaciones_abono_e2.operacion_productor: missing (0.263338ms)
  ✔ finalizaciones_abono_e2.operacion_productor: data_type (0.220676ms)
  ✔ finalizaciones_abono_e2.operacion_productor: is_nullable (0.241889ms)
  ✔ finalizaciones_abono_e2.operacion_productor: column_default (0.2131ms)
  ✔ finalizaciones_abono_e2.operacion_clave: missing (0.400758ms)
  ✔ finalizaciones_abono_e2.operacion_clave: data_type (0.212253ms)
  ✔ finalizaciones_abono_e2.operacion_clave: is_nullable (0.194425ms)
  ✔ finalizaciones_abono_e2.operacion_clave: column_default (0.311028ms)
  ✔ finalizaciones_abono_e2.cliente_id: missing (0.343711ms)
  ✔ finalizaciones_abono_e2.cliente_id: data_type (0.212208ms)
  ✔ finalizaciones_abono_e2.cliente_id: is_nullable (0.263395ms)
  ✔ finalizaciones_abono_e2.cliente_id: column_default (0.241834ms)
  ✔ finalizaciones_abono_e2.importe: missing (0.187874ms)
  ✔ finalizaciones_abono_e2.importe: data_type (0.277479ms)
  ✔ finalizaciones_abono_e2.importe: is_nullable (0.316405ms)
  ✔ finalizaciones_abono_e2.importe: column_default (0.209226ms)
  ✔ finalizaciones_abono_e2.importe: numeric_precision (0.390433ms)
  ✔ finalizaciones_abono_e2.importe: numeric_scale (0.328974ms)
  ✔ finalizaciones_abono_e2.resultado: missing (0.231743ms)
  ✔ finalizaciones_abono_e2.resultado: data_type (0.214781ms)
  ✔ finalizaciones_abono_e2.resultado: is_nullable (0.267448ms)
  ✔ finalizaciones_abono_e2.resultado: column_default (0.25477ms)
  ✔ finalizaciones_abono_e2.aplicado: missing (0.249124ms)
  ✔ finalizaciones_abono_e2.aplicado: data_type (0.177867ms)
  ✔ finalizaciones_abono_e2.aplicado: is_nullable (0.235778ms)
  ✔ finalizaciones_abono_e2.aplicado: column_default (0.232124ms)
  ✔ finalizaciones_abono_e2.aplicado: numeric_precision (0.254513ms)
  ✔ finalizaciones_abono_e2.aplicado: numeric_scale (0.154206ms)
  ✔ finalizaciones_abono_e2.evaluacion: missing (0.256852ms)
  ✔ finalizaciones_abono_e2.evaluacion: data_type (0.299103ms)
  ✔ finalizaciones_abono_e2.evaluacion: is_nullable (0.196262ms)
  ✔ finalizaciones_abono_e2.evaluacion: column_default (0.14403ms)
  ✔ finalizaciones_abono_e2.contrato_revision: missing (0.171099ms)
  ✔ finalizaciones_abono_e2.contrato_revision: data_type (0.145377ms)
  ✔ finalizaciones_abono_e2.contrato_revision: is_nullable (0.170939ms)
  ✔ finalizaciones_abono_e2.contrato_revision: column_default (0.146595ms)
  ✔ finalizaciones_abono_e2.created_at: missing (0.132876ms)
  ✔ finalizaciones_abono_e2.created_at: data_type (0.137873ms)
  ✔ finalizaciones_abono_e2.created_at: is_nullable (0.143115ms)
  ✔ finalizaciones_abono_e2.created_at: column_default (0.178362ms)
  ✔ evidencia_no_aplicada_e2.fuente: missing (0.201817ms)
  ✔ evidencia_no_aplicada_e2.fuente: data_type (0.154427ms)
  ✔ evidencia_no_aplicada_e2.fuente: is_nullable (0.142978ms)
  ✔ evidencia_no_aplicada_e2.fuente: column_default (0.135676ms)
  ✔ evidencia_no_aplicada_e2.abono_id: missing (0.143055ms)
  ✔ evidencia_no_aplicada_e2.abono_id: data_type (0.244842ms)
  ✔ evidencia_no_aplicada_e2.abono_id: is_nullable (0.146569ms)
  ✔ evidencia_no_aplicada_e2.abono_id: column_default (0.291623ms)
  ✔ evidencia_no_aplicada_e2.cobro_productor: missing (0.190985ms)
  ✔ evidencia_no_aplicada_e2.cobro_productor: data_type (0.16916ms)
  ✔ evidencia_no_aplicada_e2.cobro_productor: is_nullable (0.223011ms)
  ✔ evidencia_no_aplicada_e2.cobro_productor: column_default (0.151199ms)
  ✔ evidencia_no_aplicada_e2.cobro_clave: missing (0.139193ms)
  ✔ evidencia_no_aplicada_e2.cobro_clave: data_type (0.170065ms)
  ✔ evidencia_no_aplicada_e2.cobro_clave: is_nullable (0.152799ms)
  ✔ evidencia_no_aplicada_e2.cobro_clave: column_default (0.138049ms)
  ✔ evidencia_no_aplicada_e2.cliente_id: missing (0.136451ms)
  ✔ evidencia_no_aplicada_e2.cliente_id: data_type (0.416454ms)
  ✔ evidencia_no_aplicada_e2.cliente_id: is_nullable (0.291278ms)
  ✔ evidencia_no_aplicada_e2.cliente_id: column_default (0.188411ms)
  ✔ evidencia_no_aplicada_e2.importe: missing (0.156392ms)
  ✔ evidencia_no_aplicada_e2.importe: data_type (0.246769ms)
  ✔ evidencia_no_aplicada_e2.importe: is_nullable (0.149621ms)
  ✔ evidencia_no_aplicada_e2.importe: column_default (0.202123ms)
  ✔ evidencia_no_aplicada_e2.importe: numeric_precision (0.157429ms)
  ✔ evidencia_no_aplicada_e2.importe: numeric_scale (0.195546ms)
  ✔ evidencia_no_aplicada_e2.forma_pago: missing (0.230252ms)
  ✔ evidencia_no_aplicada_e2.forma_pago: data_type (0.162647ms)
  ✔ evidencia_no_aplicada_e2.forma_pago: is_nullable (0.147818ms)
  ✔ evidencia_no_aplicada_e2.forma_pago: column_default (0.164844ms)
  ✔ evidencia_no_aplicada_e2.naturaleza: missing (0.167069ms)
  ✔ evidencia_no_aplicada_e2.naturaleza: data_type (0.141431ms)
  ✔ evidencia_no_aplicada_e2.naturaleza: is_nullable (0.163223ms)
  ✔ evidencia_no_aplicada_e2.naturaleza: column_default (0.203629ms)
  ✔ evidencia_no_aplicada_e2.created_at: missing (0.193882ms)
  ✔ evidencia_no_aplicada_e2.created_at: data_type (0.210592ms)
  ✔ evidencia_no_aplicada_e2.created_at: is_nullable (0.222967ms)
  ✔ evidencia_no_aplicada_e2.created_at: column_default (0.546857ms)
  ✔ finalizaciones_abono_e2_pkey: missing (0.24803ms)
  ✔ finalizaciones_abono_e2_pkey: table_name (0.329222ms)
  ✔ finalizaciones_abono_e2_pkey: definition (0.304189ms)
  ✔ finalizaciones_abono_e2_pkey: convalidated (0.188037ms)
  ✔ finalizaciones_abono_e2_pkey: condeferrable (0.160932ms)
  ✔ finalizaciones_abono_e2_pkey: condeferred (0.169ms)
  ✔ finalizaciones_abono_e2_pkey: index_valid (0.16376ms)
  ✔ finalizaciones_abono_e2_abono_id_fkey: missing (0.144708ms)
  ✔ finalizaciones_abono_e2_abono_id_fkey: table_name (0.145247ms)
  ✔ finalizaciones_abono_e2_abono_id_fkey: definition (0.279955ms)
  ✔ finalizaciones_abono_e2_abono_id_fkey: convalidated (0.205495ms)
  ✔ finalizaciones_abono_e2_abono_id_fkey: condeferrable (0.242122ms)
  ✔ finalizaciones_abono_e2_abono_id_fkey: condeferred (0.193957ms)
  ✔ finalizaciones_abono_e2_abono_id_fkey: index_valid (0.276207ms)
  ✔ finalizaciones_abono_e2_cliente_id_fkey: missing (0.25913ms)
  ✔ finalizaciones_abono_e2_cliente_id_fkey: table_name (0.260163ms)
  ✔ finalizaciones_abono_e2_cliente_id_fkey: definition (0.195854ms)
  ✔ finalizaciones_abono_e2_cliente_id_fkey: convalidated (0.176114ms)
  ✔ finalizaciones_abono_e2_cliente_id_fkey: condeferrable (0.292867ms)
  ✔ finalizaciones_abono_e2_cliente_id_fkey: condeferred (0.260352ms)
  ✔ finalizaciones_abono_e2_cliente_id_fkey: index_valid (0.247176ms)
  ✔ finalizaciones_abono_e2_operacion_productor_operacion_clave_key: missing (0.211047ms)
  ✔ finalizaciones_abono_e2_operacion_productor_operacion_clave_key: table_name (0.297936ms)
  ✔ finalizaciones_abono_e2_operacion_productor_operacion_clave_key: definition (0.213523ms)
  ✔ finalizaciones_abono_e2_operacion_productor_operacion_clave_key: convalidated (0.182601ms)
  ✔ finalizaciones_abono_e2_operacion_productor_operacion_clave_key: condeferrable (0.172349ms)
  ✔ finalizaciones_abono_e2_operacion_productor_operacion_clave_key: condeferred (0.173056ms)
  ✔ finalizaciones_abono_e2_operacion_productor_operacion_clave_key: index_valid (0.302218ms)
  ✔ finalizaciones_abono_e2_importe_check: missing (0.186787ms)
  ✔ finalizaciones_abono_e2_importe_check: table_name (0.178384ms)
  ✔ finalizaciones_abono_e2_importe_check: definition (0.174712ms)
  ✔ finalizaciones_abono_e2_importe_check: convalidated (0.200307ms)
  ✔ finalizaciones_abono_e2_importe_check: condeferrable (0.182785ms)
  ✔ finalizaciones_abono_e2_importe_check: condeferred (0.174618ms)
  ✔ finalizaciones_abono_e2_importe_check: index_valid (0.175112ms)
  ✔ finalizaciones_abono_e2_resultado_check: missing (0.212956ms)
  ✔ finalizaciones_abono_e2_resultado_check: table_name (0.2856ms)
  ✔ finalizaciones_abono_e2_resultado_check: definition (0.335677ms)
  ✔ finalizaciones_abono_e2_resultado_check: convalidated (0.22795ms)
  ✔ finalizaciones_abono_e2_resultado_check: condeferrable (0.189471ms)
  ✔ finalizaciones_abono_e2_resultado_check: condeferred (0.184446ms)
  ✔ finalizaciones_abono_e2_resultado_check: index_valid (0.290331ms)
  ✔ finalizaciones_abono_e2_aplicado_check: missing (0.191962ms)
  ✔ finalizaciones_abono_e2_aplicado_check: table_name (0.185796ms)
  ✔ finalizaciones_abono_e2_aplicado_check: definition (0.186596ms)
  ✔ finalizaciones_abono_e2_aplicado_check: convalidated (0.217601ms)
  ✔ finalizaciones_abono_e2_aplicado_check: condeferrable (0.195912ms)
  ✔ finalizaciones_abono_e2_aplicado_check: condeferred (0.180845ms)
  ✔ finalizaciones_abono_e2_aplicado_check: index_valid (0.187053ms)
  ✔ finalizaciones_abono_e2_evaluacion_check: missing (0.169775ms)
  ✔ finalizaciones_abono_e2_evaluacion_check: table_name (0.557477ms)
  ✔ finalizaciones_abono_e2_evaluacion_check: definition (0.225944ms)
  ✔ finalizaciones_abono_e2_evaluacion_check: convalidated (0.248354ms)
  ✔ finalizaciones_abono_e2_evaluacion_check: condeferrable (0.298291ms)
  ✔ finalizaciones_abono_e2_evaluacion_check: condeferred (0.361174ms)
  ✔ finalizaciones_abono_e2_evaluacion_check: index_valid (0.319376ms)
  ✔ finalizaciones_abono_e2_contrato_revision_check: missing (0.193589ms)
  ✔ finalizaciones_abono_e2_contrato_revision_check: table_name (0.190737ms)
  ✔ finalizaciones_abono_e2_contrato_revision_check: definition (0.19046ms)
  ✔ finalizaciones_abono_e2_contrato_revision_check: convalidated (0.256373ms)
  ✔ finalizaciones_abono_e2_contrato_revision_check: condeferrable (0.194399ms)
  ✔ finalizaciones_abono_e2_contrato_revision_check: condeferred (0.23659ms)
  ✔ finalizaciones_abono_e2_contrato_revision_check: index_valid (0.280746ms)
  ✔ finalizaciones_abono_e2_check: missing (0.198126ms)
  ✔ finalizaciones_abono_e2_check: table_name (0.410901ms)
  ✔ finalizaciones_abono_e2_check: definition (0.259762ms)
  ✔ finalizaciones_abono_e2_check: convalidated (0.207678ms)
  ✔ finalizaciones_abono_e2_check: condeferrable (0.196785ms)
  ✔ finalizaciones_abono_e2_check: condeferred (0.19223ms)
  ✔ finalizaciones_abono_e2_check: index_valid (0.287038ms)
  ✔ finalizaciones_abono_e2_operacion_productor_check: missing (0.182371ms)
  ✔ finalizaciones_abono_e2_operacion_productor_check: table_name (0.230281ms)
  ✔ finalizaciones_abono_e2_operacion_productor_check: definition (0.285892ms)
  ✔ finalizaciones_abono_e2_operacion_productor_check: convalidated (0.241025ms)
  ✔ finalizaciones_abono_e2_operacion_productor_check: condeferrable (0.355436ms)
  ✔ finalizaciones_abono_e2_operacion_productor_check: condeferred (0.381295ms)
  ✔ finalizaciones_abono_e2_operacion_productor_check: index_valid (0.216797ms)
  ✔ evidencia_no_aplicada_e2_pkey: missing (0.601313ms)
  ✔ evidencia_no_aplicada_e2_pkey: table_name (0.34127ms)
  ✔ evidencia_no_aplicada_e2_pkey: definition (0.29627ms)
  ✔ evidencia_no_aplicada_e2_pkey: convalidated (0.494285ms)
  ✔ evidencia_no_aplicada_e2_pkey: condeferrable (0.412474ms)
  ✔ evidencia_no_aplicada_e2_pkey: condeferred (0.313965ms)
  ✔ evidencia_no_aplicada_e2_pkey: index_valid (0.271896ms)
  ✔ evidencia_no_aplicada_e2_abono_id_key: missing (0.185583ms)
  ✔ evidencia_no_aplicada_e2_abono_id_key: table_name (0.285411ms)
  ✔ evidencia_no_aplicada_e2_abono_id_key: definition (0.307654ms)
  ✔ evidencia_no_aplicada_e2_abono_id_key: convalidated (0.223256ms)
  ✔ evidencia_no_aplicada_e2_abono_id_key: condeferrable (0.480863ms)
  ✔ evidencia_no_aplicada_e2_abono_id_key: condeferred (0.199848ms)
  ✔ evidencia_no_aplicada_e2_abono_id_key: index_valid (0.20147ms)
  ✔ evidencia_no_aplicada_e2_cobro_clave_key: missing (0.26057ms)
  ✔ evidencia_no_aplicada_e2_cobro_clave_key: table_name (0.843351ms)
  ✔ evidencia_no_aplicada_e2_cobro_clave_key: definition (0.259134ms)
  ✔ evidencia_no_aplicada_e2_cobro_clave_key: convalidated (0.199147ms)
  ✔ evidencia_no_aplicada_e2_cobro_clave_key: condeferrable (0.18935ms)
  ✔ evidencia_no_aplicada_e2_cobro_clave_key: condeferred (0.233447ms)
  ✔ evidencia_no_aplicada_e2_cobro_clave_key: index_valid (0.208697ms)
  ✔ evidencia_no_aplicada_e2_cobro_productor_cobro_clave_fkey: missing (0.174187ms)
  ✔ evidencia_no_aplicada_e2_cobro_productor_cobro_clave_fkey: table_name (0.184378ms)
  ✔ evidencia_no_aplicada_e2_cobro_productor_cobro_clave_fkey: definition (0.223882ms)
  ✔ evidencia_no_aplicada_e2_cobro_productor_cobro_clave_fkey: convalidated (0.253698ms)
  ✔ evidencia_no_aplicada_e2_cobro_productor_cobro_clave_fkey: condeferrable (0.213108ms)
  ✔ evidencia_no_aplicada_e2_cobro_productor_cobro_clave_fkey: condeferred (0.235538ms)
  ✔ evidencia_no_aplicada_e2_cobro_productor_cobro_clave_fkey: index_valid (0.421193ms)
  ✔ evidencia_no_aplicada_e2_abono_id_fkey: missing (0.200562ms)
  ✔ evidencia_no_aplicada_e2_abono_id_fkey: table_name (0.320847ms)
  ✔ evidencia_no_aplicada_e2_abono_id_fkey: definition (0.230816ms)
  ✔ evidencia_no_aplicada_e2_abono_id_fkey: convalidated (0.216095ms)
  ✔ evidencia_no_aplicada_e2_abono_id_fkey: condeferrable (0.24711ms)
  ✔ evidencia_no_aplicada_e2_abono_id_fkey: condeferred (0.238429ms)
  ✔ evidencia_no_aplicada_e2_abono_id_fkey: index_valid (0.210543ms)
  ✔ evidencia_no_aplicada_e2_cliente_id_fkey: missing (0.173712ms)
  ✔ evidencia_no_aplicada_e2_cliente_id_fkey: table_name (0.196845ms)
  ✔ evidencia_no_aplicada_e2_cliente_id_fkey: definition (0.237629ms)
  ✔ evidencia_no_aplicada_e2_cliente_id_fkey: convalidated (0.21282ms)
  ✔ evidencia_no_aplicada_e2_cliente_id_fkey: condeferrable (0.368927ms)
  ✔ evidencia_no_aplicada_e2_cliente_id_fkey: condeferred (0.370265ms)
  ✔ evidencia_no_aplicada_e2_cliente_id_fkey: index_valid (0.341624ms)
  ✔ evidencia_no_aplicada_e2_importe_check: missing (0.287496ms)
  ✔ evidencia_no_aplicada_e2_importe_check: table_name (0.260262ms)
  ✔ evidencia_no_aplicada_e2_importe_check: definition (0.209077ms)
  ✔ evidencia_no_aplicada_e2_importe_check: convalidated (0.198366ms)
  ✔ evidencia_no_aplicada_e2_importe_check: condeferrable (0.197766ms)
  ✔ evidencia_no_aplicada_e2_importe_check: condeferred (0.256422ms)
  ✔ evidencia_no_aplicada_e2_importe_check: index_valid (0.271719ms)
  ✔ evidencia_no_aplicada_e2_forma_pago_check: missing (0.201243ms)
  ✔ evidencia_no_aplicada_e2_forma_pago_check: table_name (0.239455ms)
  ✔ evidencia_no_aplicada_e2_forma_pago_check: definition (0.204958ms)
  ✔ evidencia_no_aplicada_e2_forma_pago_check: convalidated (0.196978ms)
  ✔ evidencia_no_aplicada_e2_forma_pago_check: condeferrable (0.200883ms)
  ✔ evidencia_no_aplicada_e2_forma_pago_check: condeferred (0.272547ms)
  ✔ evidencia_no_aplicada_e2_forma_pago_check: index_valid (0.325687ms)
  ✔ evidencia_no_aplicada_e2_naturaleza_check: missing (0.210466ms)
  ✔ evidencia_no_aplicada_e2_naturaleza_check: table_name (0.247399ms)
  ✔ evidencia_no_aplicada_e2_naturaleza_check: definition (0.260785ms)
  ✔ evidencia_no_aplicada_e2_naturaleza_check: convalidated (0.206719ms)
  ✔ evidencia_no_aplicada_e2_naturaleza_check: condeferrable (0.19904ms)
  ✔ evidencia_no_aplicada_e2_naturaleza_check: condeferred (0.237464ms)
  ✔ evidencia_no_aplicada_e2_naturaleza_check: index_valid (0.209165ms)
  ✔ evidencia_no_aplicada_e2_check: missing (0.169802ms)
  ✔ evidencia_no_aplicada_e2_check: table_name (0.195789ms)
  ✔ evidencia_no_aplicada_e2_check: definition (0.231545ms)
  ✔ evidencia_no_aplicada_e2_check: convalidated (0.220958ms)
  ✔ evidencia_no_aplicada_e2_check: condeferrable (0.204831ms)
  ✔ evidencia_no_aplicada_e2_check: condeferred (0.275567ms)
  ✔ evidencia_no_aplicada_e2_check: index_valid (0.322765ms)
  ✔ e2_finalization_immutable: missing (0.323753ms)
  ✔ e2_finalization_immutable: prosrc (0.402134ms)
  ✔ e2_finalization_immutable: prokind (0.274217ms)
  ✔ e2_finalization_immutable: provolatile (0.244482ms)
  ✔ e2_finalization_immutable: proparallel (0.338624ms)
  ✔ e2_finalization_immutable: prosecdef (0.272101ms)
  ✔ e2_finalization_immutable: proleakproof (0.336772ms)
  ✔ e2_finalization_immutable: proisstrict (0.333253ms)
  ✔ e2_finalization_immutable: proretset (0.257693ms)
  ✔ e2_finalization_immutable: proacl (0.238779ms)
  ✔ e2_finalization_immutable: proconfig (0.359555ms)
  ✔ e2_finalization_immutable: language_name (0.249078ms)
  ✔ e2_finalization_immutable: owner_name (0.234006ms)
  ✔ e2_finalization_immutable: result_type (0.274371ms)
  ✔ e2_finalization_immutable: identity_arguments (0.242484ms)
  ✔ e2_finalization_immutable: tgenabled (0.554282ms)
  ✔ e2_finalization_immutable: tgtype (0.250962ms)
  ✔ e2_finalization_immutable: table_name (0.230666ms)
  ✔ e2_finalization_immutable: function_name (0.224355ms)
  ✔ e2_finalization_immutable: function_schema (0.361924ms)
  ✔ e2_finalization_immutable: args_length (0.350897ms)
  ✔ e2_finalization_immutable: trigger_attr (0.418127ms)
  ✔ e2_finalization_immutable: has_parent (0.260096ms)
  ✔ e2_finalization_immutable: has_qual (0.24839ms)
  ✔ e2_finalization_immutable: has_constraint (3.806184ms)
  ✔ e2_finalization_immutable: tgdeferrable (2.110943ms)
  ✔ e2_finalization_immutable: tginitdeferred (1.882203ms)
  ✔ e2_validate_abono_finalization: missing (1.330251ms)
  ✔ e2_validate_abono_finalization: prosrc (0.53316ms)
  ✔ e2_validate_abono_finalization: prokind (6.646729ms)
  ✔ e2_validate_abono_finalization: provolatile (0.3844ms)
  ✔ e2_validate_abono_finalization: proparallel (0.342004ms)
  ✔ e2_validate_abono_finalization: prosecdef (0.242173ms)
  ✔ e2_validate_abono_finalization: proleakproof (0.205482ms)
  ✔ e2_validate_abono_finalization: proisstrict (0.266329ms)
  ✔ e2_validate_abono_finalization: proretset (0.215993ms)
  ✔ e2_validate_abono_finalization: proacl (0.193913ms)
  ✔ e2_validate_abono_finalization: proconfig (0.378314ms)
  ✔ e2_validate_abono_finalization: language_name (0.36645ms)
  ✔ e2_validate_abono_finalization: owner_name (0.342333ms)
  ✔ e2_validate_abono_finalization: result_type (0.41026ms)
  ✔ e2_validate_abono_finalization: identity_arguments (0.476846ms)
  ✔ e2_validate_abono_finalization: tgenabled (0.383674ms)
  ✔ e2_validate_abono_finalization: tgtype (0.323375ms)
  ✔ e2_validate_abono_finalization: table_name (0.40716ms)
  ✔ e2_validate_abono_finalization: function_name (0.342679ms)
  ✔ e2_validate_abono_finalization: function_schema (0.40245ms)
  ✔ e2_validate_abono_finalization: args_length (0.361882ms)
  ✔ e2_validate_abono_finalization: trigger_attr (0.414928ms)
  ✔ e2_validate_abono_finalization: has_parent (0.322864ms)
  ✔ e2_validate_abono_finalization: has_qual (0.454978ms)
  ✔ e2_validate_abono_finalization: has_constraint (0.281931ms)
  ✔ e2_validate_abono_finalization: tgdeferrable (0.223817ms)
  ✔ e2_validate_abono_finalization: tginitdeferred (0.260321ms)
  ✔ e2_proof_immutable: missing (0.179782ms)
  ✔ e2_proof_immutable: prosrc (0.197995ms)
  ✔ e2_proof_immutable: prokind (0.236426ms)
  ✔ e2_proof_immutable: provolatile (0.245715ms)
  ✔ e2_proof_immutable: proparallel (0.194705ms)
  ✔ e2_proof_immutable: prosecdef (0.187096ms)
  ✔ e2_proof_immutable: proleakproof (0.255183ms)
  ✔ e2_proof_immutable: proisstrict (0.225699ms)
  ✔ e2_proof_immutable: proretset (0.390842ms)
  ✔ e2_proof_immutable: proacl (0.403981ms)
  ✔ e2_proof_immutable: proconfig (0.288593ms)
  ✔ e2_proof_immutable: language_name (0.263059ms)
  ✔ e2_proof_immutable: owner_name (0.24291ms)
  ✔ e2_proof_immutable: result_type (0.200131ms)
  ✔ e2_proof_immutable: identity_arguments (0.189964ms)
  ✔ e2_proof_immutable: tgenabled (0.193612ms)
  ✔ e2_proof_immutable: tgtype (0.229651ms)
  ✔ e2_proof_immutable: table_name (0.205583ms)
  ✔ e2_proof_immutable: function_name (0.201862ms)
  ✔ e2_proof_immutable: function_schema (0.192672ms)
  ✔ e2_proof_immutable: args_length (0.223742ms)
  ✔ e2_proof_immutable: trigger_attr (0.201091ms)
  ✔ e2_proof_immutable: has_parent (0.189211ms)
  ✔ e2_proof_immutable: has_qual (0.185092ms)
  ✔ e2_proof_immutable: has_constraint (0.181105ms)
  ✔ e2_proof_immutable: tgdeferrable (0.336271ms)
  ✔ e2_proof_immutable: tginitdeferred (0.221652ms)
  ✔ e2_validate_unused_proof: missing (0.170146ms)
  ✔ e2_validate_unused_proof: prosrc (0.253923ms)
  ✔ e2_validate_unused_proof: prokind (0.335782ms)
  ✔ e2_validate_unused_proof: provolatile (0.267956ms)
  ✔ e2_validate_unused_proof: proparallel (0.250898ms)
  ✔ e2_validate_unused_proof: prosecdef (0.371132ms)
  ✔ e2_validate_unused_proof: proleakproof (0.465621ms)
  ✔ e2_validate_unused_proof: proisstrict (0.258738ms)
  ✔ e2_validate_unused_proof: proretset (0.285155ms)
  ✔ e2_validate_unused_proof: proacl (0.457344ms)
  ✔ e2_validate_unused_proof: proconfig (0.251962ms)
  ✔ e2_validate_unused_proof: language_name (0.208572ms)
  ✔ e2_validate_unused_proof: owner_name (0.243605ms)
  ✔ e2_validate_unused_proof: result_type (0.211608ms)
  ✔ e2_validate_unused_proof: identity_arguments (0.199925ms)
  ✔ e2_validate_unused_proof: tgenabled (0.190486ms)
  ✔ e2_validate_unused_proof: tgtype (0.228934ms)
  ✔ e2_validate_unused_proof: table_name (0.206568ms)
  ✔ e2_validate_unused_proof: function_name (0.190369ms)
  ✔ e2_validate_unused_proof: function_schema (0.185955ms)
  ✔ e2_validate_unused_proof: args_length (0.200267ms)
  ✔ e2_validate_unused_proof: trigger_attr (0.389663ms)
  ✔ e2_validate_unused_proof: has_parent (0.233393ms)
  ✔ e2_validate_unused_proof: has_qual (0.200487ms)
  ✔ e2_validate_unused_proof: has_constraint (0.339977ms)
  ✔ e2_validate_unused_proof: tgdeferrable (0.246777ms)
  ✔ e2_validate_unused_proof: tginitdeferred (0.23943ms)
  ✔ e2_abono_finalization_complete: missing (0.187445ms)
  ✔ e2_abono_finalization_complete: prosrc (0.206521ms)
  ✔ e2_abono_finalization_complete: prokind (0.202279ms)
  ✔ e2_abono_finalization_complete: provolatile (0.194984ms)
  ✔ e2_abono_finalization_complete: proparallel (0.262086ms)
  ✔ e2_abono_finalization_complete: prosecdef (0.205463ms)
  ✔ e2_abono_finalization_complete: proleakproof (0.199877ms)
  ✔ e2_abono_finalization_complete: proisstrict (0.20403ms)
  ✔ e2_abono_finalization_complete: proretset (0.248883ms)
  ✔ e2_abono_finalization_complete: proacl (0.2092ms)
  ✔ e2_abono_finalization_complete: proconfig (0.208955ms)
  ✔ e2_abono_finalization_complete: language_name (0.19487ms)
  ✔ e2_abono_finalization_complete: owner_name (0.35926ms)
  ✔ e2_abono_finalization_complete: result_type (0.23889ms)
  ✔ e2_abono_finalization_complete: identity_arguments (0.229336ms)
  ✔ e2_abono_finalization_complete: tgenabled (0.23388ms)
  ✔ e2_abono_finalization_complete: tgtype (0.213683ms)
  ✔ e2_abono_finalization_complete: table_name (1.069676ms)
  ✔ e2_abono_finalization_complete: function_name (0.237807ms)
  ✔ e2_abono_finalization_complete: function_schema (0.251684ms)
  ✔ e2_abono_finalization_complete: args_length (0.219972ms)
  ✔ e2_abono_finalization_complete: trigger_attr (0.199787ms)
  ✔ e2_abono_finalization_complete: has_parent (0.198141ms)
  ✔ e2_abono_finalization_complete: has_qual (0.429139ms)
  ✔ e2_abono_finalization_complete: has_constraint (0.27735ms)
  ✔ e2_abono_finalization_complete: tgdeferrable (0.219046ms)
  ✔ e2_abono_finalization_complete: tginitdeferred (0.251933ms)
  ✔ e2_capture_application_order: missing (0.176453ms)
  ✔ e2_capture_application_order: prosrc (0.206566ms)
  ✔ e2_capture_application_order: prokind (0.216116ms)
  ✔ e2_capture_application_order: provolatile (0.249567ms)
  ✔ e2_capture_application_order: proparallel (0.211867ms)
  ✔ e2_capture_application_order: prosecdef (0.198036ms)
  ✔ e2_capture_application_order: proleakproof (0.199871ms)
  ✔ e2_capture_application_order: proisstrict (0.233927ms)
  ✔ e2_capture_application_order: proretset (0.21325ms)
  ✔ e2_capture_application_order: proacl (0.208725ms)
  ✔ e2_capture_application_order: proconfig (0.196252ms)
  ✔ e2_capture_application_order: language_name (0.338447ms)
  ✔ e2_capture_application_order: owner_name (0.285545ms)
  ✔ e2_capture_application_order: result_type (0.255461ms)
  ✔ e2_capture_application_order: identity_arguments (0.270781ms)
  ✔ e2_capture_application_order: tgenabled (0.216958ms)
  ✔ e2_capture_application_order: tgtype (0.245836ms)
  ✔ e2_capture_application_order: table_name (0.468925ms)
  ✔ e2_capture_application_order: function_name (0.243113ms)
  ✔ e2_capture_application_order: function_schema (0.217833ms)
  ✔ e2_capture_application_order: args_length (0.252433ms)
  ✔ e2_capture_application_order: trigger_attr (0.208963ms)
  ✔ e2_capture_application_order: has_parent (0.204695ms)
  ✔ e2_capture_application_order: has_qual (0.206148ms)
  ✔ e2_capture_application_order: has_constraint (0.383189ms)
  ✔ e2_capture_application_order: tgdeferrable (0.222733ms)
  ✔ e2_capture_application_order: tginitdeferred (0.205008ms)
  ✔ e2_finalize_new_abono: missing (0.415664ms)
  ✔ e2_finalize_new_abono: prosrc (0.267874ms)
  ✔ e2_finalize_new_abono: prokind (0.230835ms)
  ✔ e2_finalize_new_abono: provolatile (0.290003ms)
  ✔ e2_finalize_new_abono: proparallel (0.219268ms)
  ✔ e2_finalize_new_abono: prosecdef (0.298652ms)
  ✔ e2_finalize_new_abono: proleakproof (0.361498ms)
  ✔ e2_finalize_new_abono: proisstrict (0.323329ms)
  ✔ e2_finalize_new_abono: proretset (0.238162ms)
  ✔ e2_finalize_new_abono: proacl (0.304848ms)
  ✔ e2_finalize_new_abono: proconfig (0.442991ms)
  ✔ e2_finalize_new_abono: language_name (0.276293ms)
  ✔ e2_finalize_new_abono: owner_name (0.320465ms)
  ✔ e2_finalize_new_abono: result_type (0.517216ms)
  ✔ e2_finalize_new_abono: identity_arguments (0.312543ms)
  ✔ e2_attest_new_retained: missing (0.306054ms)
  ✔ e2_attest_new_retained: prosrc (0.26281ms)
  ✔ e2_attest_new_retained: prokind (0.300249ms)
  ✔ e2_attest_new_retained: provolatile (0.354903ms)
  ✔ e2_attest_new_retained: proparallel (0.265073ms)
  ✔ e2_attest_new_retained: prosecdef (0.232372ms)
  ✔ e2_attest_new_retained: proleakproof (0.2587ms)
  ✔ e2_attest_new_retained: proisstrict (0.354988ms)
  ✔ e2_attest_new_retained: proretset (0.255856ms)
  ✔ e2_attest_new_retained: proacl (0.52489ms)
  ✔ e2_attest_new_retained: proconfig (0.282367ms)
  ✔ e2_attest_new_retained: language_name (0.515971ms)
  ✔ e2_attest_new_retained: owner_name (0.257164ms)
  ✔ e2_attest_new_retained: result_type (0.237712ms)
  ✔ e2_attest_new_retained: identity_arguments (0.411729ms)
✔ A+C mock preflight independently rejects each catalog drift (185.552344ms)
ℹ tests 428
ℹ suites 0
ℹ pass 428
ℹ fail 0
ℹ cancelled 0
ℹ skipped 0
ℹ todo 0
ℹ duration_ms 678.416332
