✔ mounted ordinary producer: UNUSED/PARTIAL/FULL and FIFO persistence ordering (309.082512ms)
✔ mounted directed approval finalizes FULL only after its application (31.41871ms)
✖ actual core rejects directed result/amount mismatches before persistence (0.769405ms)
✔ positive proof is mandatory in the real refund service (70.747191ms)
✔ real refund service accepts both origins and rejects absent/used ABONO finalization (63.67656ms)
✔ R4 application-order guard exists in prepared SQL (LEXICAL ONLY, not SQL semantics) (0.463322ms)
▶ A+C mock preflight independently rejects each catalog drift
  ✔ finalizaciones_abono_e2.abono_id: missing (0.640114ms)
  ✔ finalizaciones_abono_e2.abono_id: data_type (0.493466ms)
  ✔ finalizaciones_abono_e2.abono_id: is_nullable (0.410877ms)
  ✔ finalizaciones_abono_e2.abono_id: column_default (0.592748ms)
  ✔ finalizaciones_abono_e2.operacion_productor: missing (0.307171ms)
  ✔ finalizaciones_abono_e2.operacion_productor: data_type (0.226804ms)
  ✔ finalizaciones_abono_e2.operacion_productor: is_nullable (0.281885ms)
  ✔ finalizaciones_abono_e2.operacion_productor: column_default (0.24908ms)
  ✔ finalizaciones_abono_e2.operacion_clave: missing (0.439523ms)
  ✔ finalizaciones_abono_e2.operacion_clave: data_type (0.249773ms)
  ✔ finalizaciones_abono_e2.operacion_clave: is_nullable (0.203975ms)
  ✔ finalizaciones_abono_e2.operacion_clave: column_default (0.278871ms)
  ✔ finalizaciones_abono_e2.cliente_id: missing (0.290718ms)
  ✔ finalizaciones_abono_e2.cliente_id: data_type (0.216867ms)
  ✔ finalizaciones_abono_e2.cliente_id: is_nullable (0.32402ms)
  ✔ finalizaciones_abono_e2.cliente_id: column_default (0.241787ms)
  ✔ finalizaciones_abono_e2.importe: missing (0.218807ms)
  ✔ finalizaciones_abono_e2.importe: data_type (0.254727ms)
  ✔ finalizaciones_abono_e2.importe: is_nullable (0.237698ms)
  ✔ finalizaciones_abono_e2.importe: column_default (0.200592ms)
  ✔ finalizaciones_abono_e2.importe: numeric_precision (0.183748ms)
  ✔ finalizaciones_abono_e2.importe: numeric_scale (0.366879ms)
  ✔ finalizaciones_abono_e2.resultado: missing (0.410607ms)
  ✔ finalizaciones_abono_e2.resultado: data_type (0.288021ms)
  ✔ finalizaciones_abono_e2.resultado: is_nullable (0.322089ms)
  ✔ finalizaciones_abono_e2.resultado: column_default (0.39658ms)
  ✔ finalizaciones_abono_e2.aplicado: missing (0.33791ms)
  ✔ finalizaciones_abono_e2.aplicado: data_type (0.217344ms)
  ✔ finalizaciones_abono_e2.aplicado: is_nullable (0.411646ms)
  ✔ finalizaciones_abono_e2.aplicado: column_default (0.388772ms)
  ✔ finalizaciones_abono_e2.aplicado: numeric_precision (0.232583ms)
  ✔ finalizaciones_abono_e2.aplicado: numeric_scale (0.30473ms)
  ✔ finalizaciones_abono_e2.evaluacion: missing (0.320671ms)
  ✔ finalizaciones_abono_e2.evaluacion: data_type (0.292414ms)
  ✔ finalizaciones_abono_e2.evaluacion: is_nullable (0.248707ms)
  ✔ finalizaciones_abono_e2.evaluacion: column_default (0.184637ms)
  ✔ finalizaciones_abono_e2.contrato_revision: missing (0.170857ms)
  ✔ finalizaciones_abono_e2.contrato_revision: data_type (0.1753ms)
  ✔ finalizaciones_abono_e2.contrato_revision: is_nullable (0.21434ms)
  ✔ finalizaciones_abono_e2.contrato_revision: column_default (0.180118ms)
  ✔ finalizaciones_abono_e2.created_at: missing (0.164654ms)
  ✔ finalizaciones_abono_e2.created_at: data_type (0.167655ms)
  ✔ finalizaciones_abono_e2.created_at: is_nullable (0.164324ms)
  ✔ finalizaciones_abono_e2.created_at: column_default (0.218873ms)
  ✔ evidencia_no_aplicada_e2.fuente: missing (0.223794ms)
  ✔ evidencia_no_aplicada_e2.fuente: data_type (0.228083ms)
  ✔ evidencia_no_aplicada_e2.fuente: is_nullable (0.268132ms)
  ✔ evidencia_no_aplicada_e2.fuente: column_default (0.230425ms)
  ✔ evidencia_no_aplicada_e2.abono_id: missing (0.180475ms)
  ✔ evidencia_no_aplicada_e2.abono_id: data_type (0.172865ms)
  ✔ evidencia_no_aplicada_e2.abono_id: is_nullable (0.209715ms)
  ✔ evidencia_no_aplicada_e2.abono_id: column_default (0.184953ms)
  ✔ evidencia_no_aplicada_e2.cobro_productor: missing (0.169543ms)
  ✔ evidencia_no_aplicada_e2.cobro_productor: data_type (0.16762ms)
  ✔ evidencia_no_aplicada_e2.cobro_productor: is_nullable (0.29707ms)
  ✔ evidencia_no_aplicada_e2.cobro_productor: column_default (0.205828ms)
  ✔ evidencia_no_aplicada_e2.cobro_clave: missing (0.181071ms)
  ✔ evidencia_no_aplicada_e2.cobro_clave: data_type (0.16976ms)
  ✔ evidencia_no_aplicada_e2.cobro_clave: is_nullable (0.222511ms)
  ✔ evidencia_no_aplicada_e2.cobro_clave: column_default (0.184037ms)
  ✔ evidencia_no_aplicada_e2.cliente_id: missing (0.173959ms)
  ✔ evidencia_no_aplicada_e2.cliente_id: data_type (0.294887ms)
  ✔ evidencia_no_aplicada_e2.cliente_id: is_nullable (0.362028ms)
  ✔ evidencia_no_aplicada_e2.cliente_id: column_default (0.217484ms)
  ✔ evidencia_no_aplicada_e2.importe: missing (0.181392ms)
  ✔ evidencia_no_aplicada_e2.importe: data_type (0.206194ms)
  ✔ evidencia_no_aplicada_e2.importe: is_nullable (0.208973ms)
  ✔ evidencia_no_aplicada_e2.importe: column_default (0.229496ms)
  ✔ evidencia_no_aplicada_e2.importe: numeric_precision (0.272165ms)
  ✔ evidencia_no_aplicada_e2.importe: numeric_scale (0.340409ms)
  ✔ evidencia_no_aplicada_e2.forma_pago: missing (0.262572ms)
  ✔ evidencia_no_aplicada_e2.forma_pago: data_type (0.201027ms)
  ✔ evidencia_no_aplicada_e2.forma_pago: is_nullable (0.231367ms)
  ✔ evidencia_no_aplicada_e2.forma_pago: column_default (0.183124ms)
  ✔ evidencia_no_aplicada_e2.naturaleza: missing (0.17843ms)
  ✔ evidencia_no_aplicada_e2.naturaleza: data_type (0.181743ms)
  ✔ evidencia_no_aplicada_e2.naturaleza: is_nullable (0.53116ms)
  ✔ evidencia_no_aplicada_e2.naturaleza: column_default (0.337982ms)
  ✔ evidencia_no_aplicada_e2.created_at: missing (0.32226ms)
  ✔ evidencia_no_aplicada_e2.created_at: data_type (0.263548ms)
  ✔ evidencia_no_aplicada_e2.created_at: is_nullable (0.228565ms)
  ✔ evidencia_no_aplicada_e2.created_at: column_default (0.641453ms)
  ✔ finalizaciones_abono_e2_pkey: missing (0.385554ms)
  ✔ finalizaciones_abono_e2_pkey: table_name (0.418329ms)
  ✔ finalizaciones_abono_e2_pkey: definition (0.483966ms)
  ✔ finalizaciones_abono_e2_pkey: convalidated (0.248762ms)
  ✔ finalizaciones_abono_e2_pkey: condeferrable (0.193456ms)
  ✔ finalizaciones_abono_e2_pkey: condeferred (0.248606ms)
  ✔ finalizaciones_abono_e2_pkey: index_valid (0.187887ms)
  ✔ finalizaciones_abono_e2_abono_id_fkey: missing (0.196077ms)
  ✔ finalizaciones_abono_e2_abono_id_fkey: table_name (0.209928ms)
  ✔ finalizaciones_abono_e2_abono_id_fkey: definition (0.415832ms)
  ✔ finalizaciones_abono_e2_abono_id_fkey: convalidated (0.228484ms)
  ✔ finalizaciones_abono_e2_abono_id_fkey: condeferrable (0.193866ms)
  ✔ finalizaciones_abono_e2_abono_id_fkey: condeferred (0.374175ms)
  ✔ finalizaciones_abono_e2_abono_id_fkey: index_valid (0.25882ms)
  ✔ finalizaciones_abono_e2_cliente_id_fkey: missing (0.388238ms)
  ✔ finalizaciones_abono_e2_cliente_id_fkey: table_name (0.395423ms)
  ✔ finalizaciones_abono_e2_cliente_id_fkey: definition (0.318386ms)
  ✔ finalizaciones_abono_e2_cliente_id_fkey: convalidated (0.303825ms)
  ✔ finalizaciones_abono_e2_cliente_id_fkey: condeferrable (0.346368ms)
  ✔ finalizaciones_abono_e2_cliente_id_fkey: condeferred (0.304362ms)
  ✔ finalizaciones_abono_e2_cliente_id_fkey: index_valid (0.358142ms)
  ✔ finalizaciones_abono_e2_operacion_productor_operacion_clave_key: missing (0.317494ms)
  ✔ finalizaciones_abono_e2_operacion_productor_operacion_clave_key: table_name (0.395711ms)
  ✔ finalizaciones_abono_e2_operacion_productor_operacion_clave_key: definition (0.339599ms)
  ✔ finalizaciones_abono_e2_operacion_productor_operacion_clave_key: convalidated (0.285193ms)
  ✔ finalizaciones_abono_e2_operacion_productor_operacion_clave_key: condeferrable (0.340239ms)
  ✔ finalizaciones_abono_e2_operacion_productor_operacion_clave_key: condeferred (0.215461ms)
  ✔ finalizaciones_abono_e2_operacion_productor_operacion_clave_key: index_valid (0.318383ms)
  ✔ finalizaciones_abono_e2_importe_check: missing (0.236016ms)
  ✔ finalizaciones_abono_e2_importe_check: table_name (0.193315ms)
  ✔ finalizaciones_abono_e2_importe_check: definition (0.177109ms)
  ✔ finalizaciones_abono_e2_importe_check: convalidated (0.185585ms)
  ✔ finalizaciones_abono_e2_importe_check: condeferrable (0.224557ms)
  ✔ finalizaciones_abono_e2_importe_check: condeferred (0.196078ms)
  ✔ finalizaciones_abono_e2_importe_check: index_valid (0.184193ms)
  ✔ finalizaciones_abono_e2_resultado_check: missing (0.167966ms)
  ✔ finalizaciones_abono_e2_resultado_check: table_name (0.346651ms)
  ✔ finalizaciones_abono_e2_resultado_check: definition (0.235577ms)
  ✔ finalizaciones_abono_e2_resultado_check: convalidated (0.197023ms)
  ✔ finalizaciones_abono_e2_resultado_check: condeferrable (0.180588ms)
  ✔ finalizaciones_abono_e2_resultado_check: condeferred (0.249925ms)
  ✔ finalizaciones_abono_e2_resultado_check: index_valid (0.213754ms)
  ✔ finalizaciones_abono_e2_aplicado_check: missing (0.17797ms)
  ✔ finalizaciones_abono_e2_aplicado_check: table_name (0.180118ms)
  ✔ finalizaciones_abono_e2_aplicado_check: definition (0.237918ms)
  ✔ finalizaciones_abono_e2_aplicado_check: convalidated (0.190287ms)
  ✔ finalizaciones_abono_e2_aplicado_check: condeferrable (0.183401ms)
  ✔ finalizaciones_abono_e2_aplicado_check: condeferred (0.182426ms)
  ✔ finalizaciones_abono_e2_aplicado_check: index_valid (0.219813ms)
  ✔ finalizaciones_abono_e2_evaluacion_check: missing (0.176475ms)
  ✔ finalizaciones_abono_e2_evaluacion_check: table_name (0.18525ms)
  ✔ finalizaciones_abono_e2_evaluacion_check: definition (0.180088ms)
  ✔ finalizaciones_abono_e2_evaluacion_check: convalidated (0.180622ms)
  ✔ finalizaciones_abono_e2_evaluacion_check: condeferrable (0.254266ms)
  ✔ finalizaciones_abono_e2_evaluacion_check: condeferred (0.197718ms)
  ✔ finalizaciones_abono_e2_evaluacion_check: index_valid (0.187316ms)
  ✔ finalizaciones_abono_e2_contrato_revision_check: missing (0.214946ms)
  ✔ finalizaciones_abono_e2_contrato_revision_check: table_name (0.193924ms)
  ✔ finalizaciones_abono_e2_contrato_revision_check: definition (0.186713ms)
  ✔ finalizaciones_abono_e2_contrato_revision_check: convalidated (0.257071ms)
  ✔ finalizaciones_abono_e2_contrato_revision_check: condeferrable (0.276559ms)
  ✔ finalizaciones_abono_e2_contrato_revision_check: condeferred (0.257932ms)
  ✔ finalizaciones_abono_e2_contrato_revision_check: index_valid (0.242543ms)
  ✔ finalizaciones_abono_e2_check: missing (0.22022ms)
  ✔ finalizaciones_abono_e2_check: table_name (0.210354ms)
  ✔ finalizaciones_abono_e2_check: definition (0.194617ms)
  ✔ finalizaciones_abono_e2_check: convalidated (0.216983ms)
  ✔ finalizaciones_abono_e2_check: condeferrable (0.335361ms)
  ✔ finalizaciones_abono_e2_check: condeferred (0.232748ms)
  ✔ finalizaciones_abono_e2_check: index_valid (0.204965ms)
  ✔ finalizaciones_abono_e2_operacion_productor_check: missing (0.170858ms)
  ✔ finalizaciones_abono_e2_operacion_productor_check: table_name (0.281397ms)
  ✔ finalizaciones_abono_e2_operacion_productor_check: definition (0.230825ms)
  ✔ finalizaciones_abono_e2_operacion_productor_check: convalidated (0.194592ms)
  ✔ finalizaciones_abono_e2_operacion_productor_check: condeferrable (0.227917ms)
  ✔ finalizaciones_abono_e2_operacion_productor_check: condeferred (0.215227ms)
  ✔ finalizaciones_abono_e2_operacion_productor_check: index_valid (0.231456ms)
  ✔ evidencia_no_aplicada_e2_pkey: missing (0.192341ms)
  ✔ evidencia_no_aplicada_e2_pkey: table_name (0.371182ms)
  ✔ evidencia_no_aplicada_e2_pkey: definition (0.375853ms)
  ✔ evidencia_no_aplicada_e2_pkey: convalidated (0.445205ms)
  ✔ evidencia_no_aplicada_e2_pkey: condeferrable (12.420666ms)
  ✔ evidencia_no_aplicada_e2_pkey: condeferred (0.418825ms)
  ✔ evidencia_no_aplicada_e2_pkey: index_valid (0.303878ms)
  ✔ evidencia_no_aplicada_e2_abono_id_key: missing (0.215277ms)
  ✔ evidencia_no_aplicada_e2_abono_id_key: table_name (0.298685ms)
  ✔ evidencia_no_aplicada_e2_abono_id_key: definition (0.361328ms)
  ✔ evidencia_no_aplicada_e2_abono_id_key: convalidated (0.216706ms)
  ✔ evidencia_no_aplicada_e2_abono_id_key: condeferrable (0.193849ms)
  ✔ evidencia_no_aplicada_e2_abono_id_key: condeferred (0.166618ms)
  ✔ evidencia_no_aplicada_e2_abono_id_key: index_valid (0.176147ms)
  ✔ evidencia_no_aplicada_e2_cobro_clave_key: missing (0.160546ms)
  ✔ evidencia_no_aplicada_e2_cobro_clave_key: table_name (0.954485ms)
  ✔ evidencia_no_aplicada_e2_cobro_clave_key: definition (0.304559ms)
  ✔ evidencia_no_aplicada_e2_cobro_clave_key: convalidated (0.217944ms)
  ✔ evidencia_no_aplicada_e2_cobro_clave_key: condeferrable (0.175216ms)
  ✔ evidencia_no_aplicada_e2_cobro_clave_key: condeferred (0.167369ms)
  ✔ evidencia_no_aplicada_e2_cobro_clave_key: index_valid (0.290564ms)
  ✔ evidencia_no_aplicada_e2_cobro_productor_cobro_clave_fkey: missing (0.183118ms)
  ✔ evidencia_no_aplicada_e2_cobro_productor_cobro_clave_fkey: table_name (0.201572ms)
  ✔ evidencia_no_aplicada_e2_cobro_productor_cobro_clave_fkey: definition (0.173085ms)
  ✔ evidencia_no_aplicada_e2_cobro_productor_cobro_clave_fkey: convalidated (0.225361ms)
  ✔ evidencia_no_aplicada_e2_cobro_productor_cobro_clave_fkey: condeferrable (0.174447ms)
  ✔ evidencia_no_aplicada_e2_cobro_productor_cobro_clave_fkey: condeferred (0.16676ms)
  ✔ evidencia_no_aplicada_e2_cobro_productor_cobro_clave_fkey: index_valid (0.448786ms)
  ✔ evidencia_no_aplicada_e2_abono_id_fkey: missing (0.238323ms)
  ✔ evidencia_no_aplicada_e2_abono_id_fkey: table_name (0.183758ms)
  ✔ evidencia_no_aplicada_e2_abono_id_fkey: definition (0.206136ms)
  ✔ evidencia_no_aplicada_e2_abono_id_fkey: convalidated (0.169878ms)
  ✔ evidencia_no_aplicada_e2_abono_id_fkey: condeferrable (0.155496ms)
  ✔ evidencia_no_aplicada_e2_abono_id_fkey: condeferred (0.151192ms)
  ✔ evidencia_no_aplicada_e2_abono_id_fkey: index_valid (0.154293ms)
  ✔ evidencia_no_aplicada_e2_cliente_id_fkey: missing (0.138023ms)
  ✔ evidencia_no_aplicada_e2_cliente_id_fkey: table_name (0.176347ms)
  ✔ evidencia_no_aplicada_e2_cliente_id_fkey: definition (0.158407ms)
  ✔ evidencia_no_aplicada_e2_cliente_id_fkey: convalidated (0.212762ms)
  ✔ evidencia_no_aplicada_e2_cliente_id_fkey: condeferrable (0.481168ms)
  ✔ evidencia_no_aplicada_e2_cliente_id_fkey: condeferred (0.309924ms)
  ✔ evidencia_no_aplicada_e2_cliente_id_fkey: index_valid (0.228367ms)
  ✔ evidencia_no_aplicada_e2_importe_check: missing (0.272717ms)
  ✔ evidencia_no_aplicada_e2_importe_check: table_name (0.173185ms)
  ✔ evidencia_no_aplicada_e2_importe_check: definition (0.169462ms)
  ✔ evidencia_no_aplicada_e2_importe_check: convalidated (0.15784ms)
  ✔ evidencia_no_aplicada_e2_importe_check: condeferrable (0.306014ms)
  ✔ evidencia_no_aplicada_e2_importe_check: condeferred (0.219052ms)
  ✔ evidencia_no_aplicada_e2_importe_check: index_valid (0.172299ms)
  ✔ evidencia_no_aplicada_e2_forma_pago_check: missing (0.16608ms)
  ✔ evidencia_no_aplicada_e2_forma_pago_check: table_name (0.207497ms)
  ✔ evidencia_no_aplicada_e2_forma_pago_check: definition (0.163054ms)
  ✔ evidencia_no_aplicada_e2_forma_pago_check: convalidated (0.155679ms)
  ✔ evidencia_no_aplicada_e2_forma_pago_check: condeferrable (0.150513ms)
  ✔ evidencia_no_aplicada_e2_forma_pago_check: condeferred (0.151044ms)
  ✔ evidencia_no_aplicada_e2_forma_pago_check: index_valid (0.207784ms)
  ✔ evidencia_no_aplicada_e2_naturaleza_check: missing (0.181555ms)
  ✔ evidencia_no_aplicada_e2_naturaleza_check: table_name (0.184414ms)
  ✔ evidencia_no_aplicada_e2_naturaleza_check: definition (0.173402ms)
  ✔ evidencia_no_aplicada_e2_naturaleza_check: convalidated (0.189359ms)
  ✔ evidencia_no_aplicada_e2_naturaleza_check: condeferrable (0.201723ms)
  ✔ evidencia_no_aplicada_e2_naturaleza_check: condeferred (0.212451ms)
  ✔ evidencia_no_aplicada_e2_naturaleza_check: index_valid (0.265956ms)
  ✔ evidencia_no_aplicada_e2_check: missing (0.197114ms)
  ✔ evidencia_no_aplicada_e2_check: table_name (0.169613ms)
  ✔ evidencia_no_aplicada_e2_check: definition (0.163052ms)
  ✔ evidencia_no_aplicada_e2_check: convalidated (0.157612ms)
  ✔ evidencia_no_aplicada_e2_check: condeferrable (0.15676ms)
  ✔ evidencia_no_aplicada_e2_check: condeferred (0.251922ms)
  ✔ evidencia_no_aplicada_e2_check: index_valid (0.195514ms)
  ✔ e2_finalization_immutable: missing (0.294172ms)
  ✔ e2_finalization_immutable: prosrc (0.338576ms)
  ✔ e2_finalization_immutable: prokind (0.205285ms)
  ✔ e2_finalization_immutable: provolatile (0.186871ms)
  ✔ e2_finalization_immutable: proparallel (0.181044ms)
  ✔ e2_finalization_immutable: prosecdef (0.391051ms)
  ✔ e2_finalization_immutable: proleakproof (0.348324ms)
  ✔ e2_finalization_immutable: proisstrict (0.32738ms)
  ✔ e2_finalization_immutable: proretset (0.217384ms)
  ✔ e2_finalization_immutable: proacl (0.193535ms)
  ✔ e2_finalization_immutable: proconfig (0.197447ms)
  ✔ e2_finalization_immutable: language_name (0.310756ms)
  ✔ e2_finalization_immutable: owner_name (0.212285ms)
  ✔ e2_finalization_immutable: result_type (0.185389ms)
  ✔ e2_finalization_immutable: identity_arguments (0.181323ms)
  ✔ e2_finalization_immutable: tgenabled (0.284606ms)
  ✔ e2_finalization_immutable: tgtype (0.200915ms)
  ✔ e2_finalization_immutable: table_name (0.182803ms)
  ✔ e2_finalization_immutable: function_name (0.310735ms)
  ✔ e2_finalization_immutable: function_schema (0.294723ms)
  ✔ e2_finalization_immutable: args_length (0.431108ms)
  ✔ e2_finalization_immutable: trigger_attr (0.289713ms)
  ✔ e2_finalization_immutable: has_parent (0.204275ms)
  ✔ e2_finalization_immutable: has_qual (0.198674ms)
  ✔ e2_finalization_immutable: has_constraint (0.285257ms)
  ✔ e2_finalization_immutable: tgdeferrable (0.25731ms)
  ✔ e2_finalization_immutable: tginitdeferred (1.234237ms)
  ✔ e2_validate_abono_finalization: missing (0.369344ms)
  ✔ e2_validate_abono_finalization: prosrc (0.336469ms)
  ✔ e2_validate_abono_finalization: prokind (0.361433ms)
  ✔ e2_validate_abono_finalization: provolatile (0.262032ms)
  ✔ e2_validate_abono_finalization: proparallel (0.281329ms)
  ✔ e2_validate_abono_finalization: prosecdef (0.328058ms)
  ✔ e2_validate_abono_finalization: proleakproof (0.259621ms)
  ✔ e2_validate_abono_finalization: proisstrict (0.213023ms)
  ✔ e2_validate_abono_finalization: proretset (0.272935ms)
  ✔ e2_validate_abono_finalization: proacl (0.231208ms)
  ✔ e2_validate_abono_finalization: proconfig (0.313599ms)
  ✔ e2_validate_abono_finalization: language_name (0.243984ms)
  ✔ e2_validate_abono_finalization: owner_name (0.298547ms)
  ✔ e2_validate_abono_finalization: result_type (0.225285ms)
  ✔ e2_validate_abono_finalization: identity_arguments (0.388457ms)
  ✔ e2_validate_abono_finalization: tgenabled (0.268213ms)
  ✔ e2_validate_abono_finalization: tgtype (0.213298ms)
  ✔ e2_validate_abono_finalization: table_name (0.195035ms)
  ✔ e2_validate_abono_finalization: function_name (0.282482ms)
  ✔ e2_validate_abono_finalization: function_schema (0.233993ms)
  ✔ e2_validate_abono_finalization: args_length (0.211656ms)
  ✔ e2_validate_abono_finalization: trigger_attr (0.257321ms)
  ✔ e2_validate_abono_finalization: has_parent (0.206758ms)
  ✔ e2_validate_abono_finalization: has_qual (0.203568ms)
  ✔ e2_validate_abono_finalization: has_constraint (0.195329ms)
  ✔ e2_validate_abono_finalization: tgdeferrable (0.320581ms)
  ✔ e2_validate_abono_finalization: tginitdeferred (0.221647ms)
  ✔ e2_proof_immutable: missing (0.178009ms)
  ✔ e2_proof_immutable: prosrc (0.244395ms)
  ✔ e2_proof_immutable: prokind (0.215821ms)
  ✔ e2_proof_immutable: provolatile (0.191196ms)
  ✔ e2_proof_immutable: proparallel (0.189024ms)
  ✔ e2_proof_immutable: prosecdef (0.226597ms)
  ✔ e2_proof_immutable: proleakproof (0.457129ms)
  ✔ e2_proof_immutable: proisstrict (0.265581ms)
  ✔ e2_proof_immutable: proretset (0.366686ms)
  ✔ e2_proof_immutable: proacl (0.260357ms)
  ✔ e2_proof_immutable: proconfig (0.208371ms)
  ✔ e2_proof_immutable: language_name (0.297672ms)
  ✔ e2_proof_immutable: owner_name (0.232386ms)
  ✔ e2_proof_immutable: result_type (0.200292ms)
  ✔ e2_proof_immutable: identity_arguments (0.3885ms)
  ✔ e2_proof_immutable: tgenabled (0.232674ms)
  ✔ e2_proof_immutable: tgtype (0.203423ms)
  ✔ e2_proof_immutable: table_name (0.18917ms)
  ✔ e2_proof_immutable: function_name (0.241885ms)
  ✔ e2_proof_immutable: function_schema (0.203109ms)
  ✔ e2_proof_immutable: args_length (0.191533ms)
  ✔ e2_proof_immutable: trigger_attr (0.186214ms)
  ✔ e2_proof_immutable: has_parent (0.346103ms)
  ✔ e2_proof_immutable: has_qual (0.240622ms)
  ✔ e2_proof_immutable: has_constraint (0.204685ms)
  ✔ e2_proof_immutable: tgdeferrable (0.193755ms)
  ✔ e2_proof_immutable: tginitdeferred (0.261089ms)
  ✔ e2_validate_unused_proof: missing (0.187401ms)
  ✔ e2_validate_unused_proof: prosrc (0.262459ms)
  ✔ e2_validate_unused_proof: prokind (0.540534ms)
  ✔ e2_validate_unused_proof: provolatile (0.291519ms)
  ✔ e2_validate_unused_proof: proparallel (0.284051ms)
  ✔ e2_validate_unused_proof: prosecdef (0.336049ms)
  ✔ e2_validate_unused_proof: proleakproof (0.435227ms)
  ✔ e2_validate_unused_proof: proisstrict (0.40006ms)
  ✔ e2_validate_unused_proof: proretset (0.314572ms)
  ✔ e2_validate_unused_proof: proacl (0.429463ms)
  ✔ e2_validate_unused_proof: proconfig (0.543124ms)
  ✔ e2_validate_unused_proof: language_name (0.238644ms)
  ✔ e2_validate_unused_proof: owner_name (0.21365ms)
  ✔ e2_validate_unused_proof: result_type (0.2345ms)
  ✔ e2_validate_unused_proof: identity_arguments (0.237265ms)
  ✔ e2_validate_unused_proof: tgenabled (0.203139ms)
  ✔ e2_validate_unused_proof: tgtype (0.198856ms)
  ✔ e2_validate_unused_proof: table_name (0.232743ms)
  ✔ e2_validate_unused_proof: function_name (0.207416ms)
  ✔ e2_validate_unused_proof: function_schema (0.2002ms)
  ✔ e2_validate_unused_proof: args_length (0.213121ms)
  ✔ e2_validate_unused_proof: trigger_attr (0.55775ms)
  ✔ e2_validate_unused_proof: has_parent (0.502946ms)
  ✔ e2_validate_unused_proof: has_qual (0.306137ms)
  ✔ e2_validate_unused_proof: has_constraint (0.23737ms)
  ✔ e2_validate_unused_proof: tgdeferrable (0.343754ms)
  ✔ e2_validate_unused_proof: tginitdeferred (0.234386ms)
  ✔ e2_abono_finalization_complete: missing (0.181786ms)
  ✔ e2_abono_finalization_complete: prosrc (0.206677ms)
  ✔ e2_abono_finalization_complete: prokind (0.246833ms)
  ✔ e2_abono_finalization_complete: provolatile (0.209303ms)
  ✔ e2_abono_finalization_complete: proparallel (0.199763ms)
  ✔ e2_abono_finalization_complete: prosecdef (0.198783ms)
  ✔ e2_abono_finalization_complete: proleakproof (0.316357ms)
  ✔ e2_abono_finalization_complete: proisstrict (0.228836ms)
  ✔ e2_abono_finalization_complete: proretset (0.206726ms)
  ✔ e2_abono_finalization_complete: proacl (0.344307ms)
  ✔ e2_abono_finalization_complete: proconfig (0.256859ms)
  ✔ e2_abono_finalization_complete: language_name (0.220919ms)
  ✔ e2_abono_finalization_complete: owner_name (0.250074ms)
  ✔ e2_abono_finalization_complete: result_type (0.257687ms)
  ✔ e2_abono_finalization_complete: identity_arguments (0.245026ms)
  ✔ e2_abono_finalization_complete: tgenabled (0.214196ms)
  ✔ e2_abono_finalization_complete: tgtype (0.29803ms)
  ✔ e2_abono_finalization_complete: table_name (0.219972ms)
  ✔ e2_abono_finalization_complete: function_name (1.323702ms)
  ✔ e2_abono_finalization_complete: function_schema (0.274818ms)
  ✔ e2_abono_finalization_complete: args_length (0.225315ms)
  ✔ e2_abono_finalization_complete: trigger_attr (0.342861ms)
  ✔ e2_abono_finalization_complete: has_parent (0.249602ms)
  ✔ e2_abono_finalization_complete: has_qual (0.315673ms)
  ✔ e2_abono_finalization_complete: has_constraint (0.291355ms)
  ✔ e2_abono_finalization_complete: tgdeferrable (0.292807ms)
  ✔ e2_abono_finalization_complete: tginitdeferred (0.220656ms)
  ✔ e2_capture_application_order: missing (0.176155ms)
  ✔ e2_capture_application_order: prosrc (0.213656ms)
  ✔ e2_capture_application_order: prokind (0.36143ms)
  ✔ e2_capture_application_order: provolatile (0.341861ms)
  ✔ e2_capture_application_order: proparallel (0.479085ms)
  ✔ e2_capture_application_order: prosecdef (0.24138ms)
  ✔ e2_capture_application_order: proleakproof (0.220823ms)
  ✔ e2_capture_application_order: proisstrict (0.25068ms)
  ✔ e2_capture_application_order: proretset (0.214345ms)
  ✔ e2_capture_application_order: proacl (0.201279ms)
  ✔ e2_capture_application_order: proconfig (0.209223ms)
  ✔ e2_capture_application_order: language_name (0.248424ms)
  ✔ e2_capture_application_order: owner_name (0.272028ms)
  ✔ e2_capture_application_order: result_type (0.203634ms)
  ✔ e2_capture_application_order: identity_arguments (0.22905ms)
  ✔ e2_capture_application_order: tgenabled (0.223006ms)
  ✔ e2_capture_application_order: tgtype (0.208572ms)
  ✔ e2_capture_application_order: table_name (0.47025ms)
  ✔ e2_capture_application_order: function_name (0.259804ms)
  ✔ e2_capture_application_order: function_schema (0.218764ms)
  ✔ e2_capture_application_order: args_length (0.581721ms)
  ✔ e2_capture_application_order: trigger_attr (0.223565ms)
  ✔ e2_capture_application_order: has_parent (0.239602ms)
  ✔ e2_capture_application_order: has_qual (0.268366ms)
  ✔ e2_capture_application_order: has_constraint (0.207516ms)
  ✔ e2_capture_application_order: tgdeferrable (0.205191ms)
  ✔ e2_capture_application_order: tginitdeferred (0.208553ms)
  ✔ e2_finalize_new_abono: missing (0.44665ms)
  ✔ e2_finalize_new_abono: prosrc (0.44689ms)
  ✔ e2_finalize_new_abono: prokind (0.369487ms)
  ✔ e2_finalize_new_abono: provolatile (0.327079ms)
  ✔ e2_finalize_new_abono: proparallel (0.352051ms)
  ✔ e2_finalize_new_abono: prosecdef (0.311954ms)
  ✔ e2_finalize_new_abono: proleakproof (0.494378ms)
  ✔ e2_finalize_new_abono: proisstrict (0.494372ms)
  ✔ e2_finalize_new_abono: proretset (0.300706ms)
  ✔ e2_finalize_new_abono: proacl (0.271999ms)
  ✔ e2_finalize_new_abono: proconfig (0.476662ms)
  ✔ e2_finalize_new_abono: language_name (0.303181ms)
  ✔ e2_finalize_new_abono: owner_name (0.349638ms)
  ✔ e2_finalize_new_abono: result_type (0.498701ms)
  ✔ e2_finalize_new_abono: identity_arguments (0.326671ms)
  ✔ e2_attest_new_retained: missing (0.260226ms)
  ✔ e2_attest_new_retained: prosrc (0.24533ms)
  ✔ e2_attest_new_retained: prokind (0.350157ms)
  ✔ e2_attest_new_retained: provolatile (10.765033ms)
  ✔ e2_attest_new_retained: proparallel (0.303386ms)
  ✔ e2_attest_new_retained: prosecdef (0.261643ms)
  ✔ e2_attest_new_retained: proleakproof (0.426591ms)
  ✔ e2_attest_new_retained: proisstrict (0.37622ms)
  ✔ e2_attest_new_retained: proretset (0.347718ms)
  ✔ e2_attest_new_retained: proacl (0.260605ms)
  ✔ e2_attest_new_retained: proconfig (0.232728ms)
  ✔ e2_attest_new_retained: language_name (0.270563ms)
  ✔ e2_attest_new_retained: owner_name (0.234905ms)
  ✔ e2_attest_new_retained: result_type (0.228537ms)
  ✔ e2_attest_new_retained: identity_arguments (0.399497ms)
✔ A+C mock preflight independently rejects each catalog drift (193.856745ms)
ℹ tests 428
ℹ suites 0
ℹ pass 427
ℹ fail 1
ℹ cancelled 0
ℹ skipped 0
ℹ todo 0
ℹ duration_ms 681.128394

✖ failing tests:

test at reports/e2-apertura-limitada/evidencia-a-c/negative-offline.test.mjs:150:1
✖ actual core rejects directed result/amount mismatches before persistence (0.769405ms)
  AssertionError [ERR_ASSERTION]: Missing expected rejection: directed UNUSED/0: mismatch must reject before persistence
      at async TestContext.<anonymous> (file:///home/runner/workspace/reports/e2-apertura-limitada/evidencia-a-c/negative-offline.test.mjs:161:5)
      at async Test.run (node:internal/test_runner/test:1113:7)
      at async Test.processPendingSubtests (node:internal/test_runner/test:788:7) {
    generatedMessage: false,
    code: 'ERR_ASSERTION',
    actual: undefined,
    expected: /dirigida.*FULL/,
    operator: 'rejects',
    diff: 'simple'
  }
