✔ mounted ordinary producer: UNUSED/PARTIAL/FULL and FIFO persistence ordering (309.657437ms)
✖ mounted directed approval finalizes FULL only after its application (26.997725ms)
✔ actual core rejects directed result/amount mismatches before persistence (0.594003ms)
✔ positive proof is mandatory in the real refund service (67.810698ms)
✔ real refund service accepts both origins and rejects absent/used ABONO finalization (58.172839ms)
✔ R4 application-order guard exists in prepared SQL (LEXICAL ONLY, not SQL semantics) (0.441582ms)
▶ A+C mock preflight independently rejects each catalog drift
  ✔ finalizaciones_abono_e2.abono_id: missing (0.591972ms)
  ✔ finalizaciones_abono_e2.abono_id: data_type (0.414983ms)
  ✔ finalizaciones_abono_e2.abono_id: is_nullable (0.359319ms)
  ✔ finalizaciones_abono_e2.abono_id: column_default (0.524545ms)
  ✔ finalizaciones_abono_e2.operacion_productor: missing (0.220786ms)
  ✔ finalizaciones_abono_e2.operacion_productor: data_type (0.228514ms)
  ✔ finalizaciones_abono_e2.operacion_productor: is_nullable (0.230456ms)
  ✔ finalizaciones_abono_e2.operacion_productor: column_default (0.20047ms)
  ✔ finalizaciones_abono_e2.operacion_clave: missing (0.34905ms)
  ✔ finalizaciones_abono_e2.operacion_clave: data_type (0.181302ms)
  ✔ finalizaciones_abono_e2.operacion_clave: is_nullable (0.171275ms)
  ✔ finalizaciones_abono_e2.operacion_clave: column_default (0.216215ms)
  ✔ finalizaciones_abono_e2.cliente_id: missing (0.203929ms)
  ✔ finalizaciones_abono_e2.cliente_id: data_type (0.189395ms)
  ✔ finalizaciones_abono_e2.cliente_id: is_nullable (0.231946ms)
  ✔ finalizaciones_abono_e2.cliente_id: column_default (0.22896ms)
  ✔ finalizaciones_abono_e2.importe: missing (0.242519ms)
  ✔ finalizaciones_abono_e2.importe: data_type (0.211981ms)
  ✔ finalizaciones_abono_e2.importe: is_nullable (0.204163ms)
  ✔ finalizaciones_abono_e2.importe: column_default (0.172521ms)
  ✔ finalizaciones_abono_e2.importe: numeric_precision (0.189142ms)
  ✔ finalizaciones_abono_e2.importe: numeric_scale (0.268303ms)
  ✔ finalizaciones_abono_e2.resultado: missing (0.20645ms)
  ✔ finalizaciones_abono_e2.resultado: data_type (0.16122ms)
  ✔ finalizaciones_abono_e2.resultado: is_nullable (0.316269ms)
  ✔ finalizaciones_abono_e2.resultado: column_default (0.270729ms)
  ✔ finalizaciones_abono_e2.aplicado: missing (0.224177ms)
  ✔ finalizaciones_abono_e2.aplicado: data_type (0.166135ms)
  ✔ finalizaciones_abono_e2.aplicado: is_nullable (0.268698ms)
  ✔ finalizaciones_abono_e2.aplicado: column_default (0.217271ms)
  ✔ finalizaciones_abono_e2.aplicado: numeric_precision (0.215537ms)
  ✔ finalizaciones_abono_e2.aplicado: numeric_scale (0.399125ms)
  ✔ finalizaciones_abono_e2.evaluacion: missing (0.291049ms)
  ✔ finalizaciones_abono_e2.evaluacion: data_type (0.270135ms)
  ✔ finalizaciones_abono_e2.evaluacion: is_nullable (0.194416ms)
  ✔ finalizaciones_abono_e2.evaluacion: column_default (0.144844ms)
  ✔ finalizaciones_abono_e2.contrato_revision: missing (0.14813ms)
  ✔ finalizaciones_abono_e2.contrato_revision: data_type (0.147768ms)
  ✔ finalizaciones_abono_e2.contrato_revision: is_nullable (0.135042ms)
  ✔ finalizaciones_abono_e2.contrato_revision: column_default (0.170361ms)
  ✔ finalizaciones_abono_e2.created_at: missing (0.152135ms)
  ✔ finalizaciones_abono_e2.created_at: data_type (0.138635ms)
  ✔ finalizaciones_abono_e2.created_at: is_nullable (0.143974ms)
  ✔ finalizaciones_abono_e2.created_at: column_default (0.142232ms)
  ✔ evidencia_no_aplicada_e2.fuente: missing (0.270465ms)
  ✔ evidencia_no_aplicada_e2.fuente: data_type (0.160437ms)
  ✔ evidencia_no_aplicada_e2.fuente: is_nullable (0.138408ms)
  ✔ evidencia_no_aplicada_e2.fuente: column_default (0.138812ms)
  ✔ evidencia_no_aplicada_e2.abono_id: missing (0.13286ms)
  ✔ evidencia_no_aplicada_e2.abono_id: data_type (0.133704ms)
  ✔ evidencia_no_aplicada_e2.abono_id: is_nullable (0.231696ms)
  ✔ evidencia_no_aplicada_e2.abono_id: column_default (0.144993ms)
  ✔ evidencia_no_aplicada_e2.cobro_productor: missing (0.143415ms)
  ✔ evidencia_no_aplicada_e2.cobro_productor: data_type (0.187338ms)
  ✔ evidencia_no_aplicada_e2.cobro_productor: is_nullable (0.202775ms)
  ✔ evidencia_no_aplicada_e2.cobro_productor: column_default (0.148916ms)
  ✔ evidencia_no_aplicada_e2.cobro_clave: missing (0.138913ms)
  ✔ evidencia_no_aplicada_e2.cobro_clave: data_type (0.140494ms)
  ✔ evidencia_no_aplicada_e2.cobro_clave: is_nullable (0.137035ms)
  ✔ evidencia_no_aplicada_e2.cobro_clave: column_default (0.185648ms)
  ✔ evidencia_no_aplicada_e2.cliente_id: missing (0.165196ms)
  ✔ evidencia_no_aplicada_e2.cliente_id: data_type (0.346997ms)
  ✔ evidencia_no_aplicada_e2.cliente_id: is_nullable (0.231633ms)
  ✔ evidencia_no_aplicada_e2.cliente_id: column_default (0.194758ms)
  ✔ evidencia_no_aplicada_e2.importe: missing (0.171034ms)
  ✔ evidencia_no_aplicada_e2.importe: data_type (0.164302ms)
  ✔ evidencia_no_aplicada_e2.importe: is_nullable (0.164266ms)
  ✔ evidencia_no_aplicada_e2.importe: column_default (0.247564ms)
  ✔ evidencia_no_aplicada_e2.importe: numeric_precision (0.180622ms)
  ✔ evidencia_no_aplicada_e2.importe: numeric_scale (0.163824ms)
  ✔ evidencia_no_aplicada_e2.forma_pago: missing (0.244884ms)
  ✔ evidencia_no_aplicada_e2.forma_pago: data_type (0.219915ms)
  ✔ evidencia_no_aplicada_e2.forma_pago: is_nullable (0.198267ms)
  ✔ evidencia_no_aplicada_e2.forma_pago: column_default (0.167687ms)
  ✔ evidencia_no_aplicada_e2.naturaleza: missing (0.162747ms)
  ✔ evidencia_no_aplicada_e2.naturaleza: data_type (0.162805ms)
  ✔ evidencia_no_aplicada_e2.naturaleza: is_nullable (0.1879ms)
  ✔ evidencia_no_aplicada_e2.naturaleza: column_default (0.239581ms)
  ✔ evidencia_no_aplicada_e2.created_at: missing (0.17422ms)
  ✔ evidencia_no_aplicada_e2.created_at: data_type (0.232453ms)
  ✔ evidencia_no_aplicada_e2.created_at: is_nullable (0.185377ms)
  ✔ evidencia_no_aplicada_e2.created_at: column_default (0.425077ms)
  ✔ finalizaciones_abono_e2_pkey: missing (0.346347ms)
  ✔ finalizaciones_abono_e2_pkey: table_name (0.346934ms)
  ✔ finalizaciones_abono_e2_pkey: definition (0.311141ms)
  ✔ finalizaciones_abono_e2_pkey: convalidated (0.23055ms)
  ✔ finalizaciones_abono_e2_pkey: condeferrable (0.180878ms)
  ✔ finalizaciones_abono_e2_pkey: condeferred (0.178353ms)
  ✔ finalizaciones_abono_e2_pkey: index_valid (0.169239ms)
  ✔ finalizaciones_abono_e2_abono_id_fkey: missing (0.231263ms)
  ✔ finalizaciones_abono_e2_abono_id_fkey: table_name (0.184417ms)
  ✔ finalizaciones_abono_e2_abono_id_fkey: definition (0.230912ms)
  ✔ finalizaciones_abono_e2_abono_id_fkey: convalidated (0.204663ms)
  ✔ finalizaciones_abono_e2_abono_id_fkey: condeferrable (0.204265ms)
  ✔ finalizaciones_abono_e2_abono_id_fkey: condeferred (0.176856ms)
  ✔ finalizaciones_abono_e2_abono_id_fkey: index_valid (0.170841ms)
  ✔ finalizaciones_abono_e2_cliente_id_fkey: missing (0.322495ms)
  ✔ finalizaciones_abono_e2_cliente_id_fkey: table_name (0.268823ms)
  ✔ finalizaciones_abono_e2_cliente_id_fkey: definition (0.198272ms)
  ✔ finalizaciones_abono_e2_cliente_id_fkey: convalidated (0.175739ms)
  ✔ finalizaciones_abono_e2_cliente_id_fkey: condeferrable (0.195604ms)
  ✔ finalizaciones_abono_e2_cliente_id_fkey: condeferred (0.178693ms)
  ✔ finalizaciones_abono_e2_cliente_id_fkey: index_valid (0.172387ms)
  ✔ finalizaciones_abono_e2_operacion_productor_operacion_clave_key: missing (0.166579ms)
  ✔ finalizaciones_abono_e2_operacion_productor_operacion_clave_key: table_name (0.280387ms)
  ✔ finalizaciones_abono_e2_operacion_productor_operacion_clave_key: definition (0.192089ms)
  ✔ finalizaciones_abono_e2_operacion_productor_operacion_clave_key: convalidated (0.183437ms)
  ✔ finalizaciones_abono_e2_operacion_productor_operacion_clave_key: condeferrable (0.17857ms)
  ✔ finalizaciones_abono_e2_operacion_productor_operacion_clave_key: condeferred (0.206435ms)
  ✔ finalizaciones_abono_e2_operacion_productor_operacion_clave_key: index_valid (3.063107ms)
  ✔ finalizaciones_abono_e2_importe_check: missing (0.242742ms)
  ✔ finalizaciones_abono_e2_importe_check: table_name (0.199929ms)
  ✔ finalizaciones_abono_e2_importe_check: definition (0.191268ms)
  ✔ finalizaciones_abono_e2_importe_check: convalidated (0.228976ms)
  ✔ finalizaciones_abono_e2_importe_check: condeferrable (0.18833ms)
  ✔ finalizaciones_abono_e2_importe_check: condeferred (0.190279ms)
  ✔ finalizaciones_abono_e2_importe_check: index_valid (0.276693ms)
  ✔ finalizaciones_abono_e2_resultado_check: missing (0.318123ms)
  ✔ finalizaciones_abono_e2_resultado_check: table_name (0.258557ms)
  ✔ finalizaciones_abono_e2_resultado_check: definition (0.235343ms)
  ✔ finalizaciones_abono_e2_resultado_check: convalidated (0.192565ms)
  ✔ finalizaciones_abono_e2_resultado_check: condeferrable (0.179403ms)
  ✔ finalizaciones_abono_e2_resultado_check: condeferred (0.177769ms)
  ✔ finalizaciones_abono_e2_resultado_check: index_valid (0.394439ms)
  ✔ finalizaciones_abono_e2_aplicado_check: missing (0.225628ms)
  ✔ finalizaciones_abono_e2_aplicado_check: table_name (0.195725ms)
  ✔ finalizaciones_abono_e2_aplicado_check: definition (0.1903ms)
  ✔ finalizaciones_abono_e2_aplicado_check: convalidated (0.205829ms)
  ✔ finalizaciones_abono_e2_aplicado_check: condeferrable (0.188736ms)
  ✔ finalizaciones_abono_e2_aplicado_check: condeferred (0.181631ms)
  ✔ finalizaciones_abono_e2_aplicado_check: index_valid (0.184545ms)
  ✔ finalizaciones_abono_e2_evaluacion_check: missing (0.251213ms)
  ✔ finalizaciones_abono_e2_evaluacion_check: table_name (0.215559ms)
  ✔ finalizaciones_abono_e2_evaluacion_check: definition (0.229804ms)
  ✔ finalizaciones_abono_e2_evaluacion_check: convalidated (0.246178ms)
  ✔ finalizaciones_abono_e2_evaluacion_check: condeferrable (0.191576ms)
  ✔ finalizaciones_abono_e2_evaluacion_check: condeferred (0.183403ms)
  ✔ finalizaciones_abono_e2_evaluacion_check: index_valid (0.188757ms)
  ✔ finalizaciones_abono_e2_contrato_revision_check: missing (0.218968ms)
  ✔ finalizaciones_abono_e2_contrato_revision_check: table_name (0.205465ms)
  ✔ finalizaciones_abono_e2_contrato_revision_check: definition (0.193232ms)
  ✔ finalizaciones_abono_e2_contrato_revision_check: convalidated (0.254191ms)
  ✔ finalizaciones_abono_e2_contrato_revision_check: condeferrable (0.284843ms)
  ✔ finalizaciones_abono_e2_contrato_revision_check: condeferred (0.249052ms)
  ✔ finalizaciones_abono_e2_contrato_revision_check: index_valid (0.249187ms)
  ✔ finalizaciones_abono_e2_check: missing (0.262282ms)
  ✔ finalizaciones_abono_e2_check: table_name (0.21171ms)
  ✔ finalizaciones_abono_e2_check: definition (0.192931ms)
  ✔ finalizaciones_abono_e2_check: convalidated (0.198146ms)
  ✔ finalizaciones_abono_e2_check: condeferrable (0.2724ms)
  ✔ finalizaciones_abono_e2_check: condeferred (0.198988ms)
  ✔ finalizaciones_abono_e2_check: index_valid (0.194619ms)
  ✔ finalizaciones_abono_e2_operacion_productor_check: missing (0.174733ms)
  ✔ finalizaciones_abono_e2_operacion_productor_check: table_name (0.22838ms)
  ✔ finalizaciones_abono_e2_operacion_productor_check: definition (0.237476ms)
  ✔ finalizaciones_abono_e2_operacion_productor_check: convalidated (0.232713ms)
  ✔ finalizaciones_abono_e2_operacion_productor_check: condeferrable (0.205032ms)
  ✔ finalizaciones_abono_e2_operacion_productor_check: condeferred (0.238763ms)
  ✔ finalizaciones_abono_e2_operacion_productor_check: index_valid (0.1934ms)
  ✔ evidencia_no_aplicada_e2_pkey: missing (0.233848ms)
  ✔ evidencia_no_aplicada_e2_pkey: table_name (0.210227ms)
  ✔ evidencia_no_aplicada_e2_pkey: definition (0.355521ms)
  ✔ evidencia_no_aplicada_e2_pkey: convalidated (0.320121ms)
  ✔ evidencia_no_aplicada_e2_pkey: condeferrable (0.354759ms)
  ✔ evidencia_no_aplicada_e2_pkey: condeferred (0.287146ms)
  ✔ evidencia_no_aplicada_e2_pkey: index_valid (0.226181ms)
  ✔ evidencia_no_aplicada_e2_abono_id_key: missing (0.172361ms)
  ✔ evidencia_no_aplicada_e2_abono_id_key: table_name (0.33231ms)
  ✔ evidencia_no_aplicada_e2_abono_id_key: definition (0.310472ms)
  ✔ evidencia_no_aplicada_e2_abono_id_key: convalidated (0.297746ms)
  ✔ evidencia_no_aplicada_e2_abono_id_key: condeferrable (0.215524ms)
  ✔ evidencia_no_aplicada_e2_abono_id_key: condeferred (0.207538ms)
  ✔ evidencia_no_aplicada_e2_abono_id_key: index_valid (0.192806ms)
  ✔ evidencia_no_aplicada_e2_cobro_clave_key: missing (0.173841ms)
  ✔ evidencia_no_aplicada_e2_cobro_clave_key: table_name (0.881123ms)
  ✔ evidencia_no_aplicada_e2_cobro_clave_key: definition (0.235787ms)
  ✔ evidencia_no_aplicada_e2_cobro_clave_key: convalidated (0.210967ms)
  ✔ evidencia_no_aplicada_e2_cobro_clave_key: condeferrable (0.18993ms)
  ✔ evidencia_no_aplicada_e2_cobro_clave_key: condeferred (0.223661ms)
  ✔ evidencia_no_aplicada_e2_cobro_clave_key: index_valid (0.201665ms)
  ✔ evidencia_no_aplicada_e2_cobro_productor_cobro_clave_fkey: missing (0.177889ms)
  ✔ evidencia_no_aplicada_e2_cobro_productor_cobro_clave_fkey: table_name (0.187233ms)
  ✔ evidencia_no_aplicada_e2_cobro_productor_cobro_clave_fkey: definition (0.189062ms)
  ✔ evidencia_no_aplicada_e2_cobro_productor_cobro_clave_fkey: convalidated (0.428882ms)
  ✔ evidencia_no_aplicada_e2_cobro_productor_cobro_clave_fkey: condeferrable (0.217974ms)
  ✔ evidencia_no_aplicada_e2_cobro_productor_cobro_clave_fkey: condeferred (0.500529ms)
  ✔ evidencia_no_aplicada_e2_cobro_productor_cobro_clave_fkey: index_valid (0.322865ms)
  ✔ evidencia_no_aplicada_e2_abono_id_fkey: missing (0.191563ms)
  ✔ evidencia_no_aplicada_e2_abono_id_fkey: table_name (0.243445ms)
  ✔ evidencia_no_aplicada_e2_abono_id_fkey: definition (0.203241ms)
  ✔ evidencia_no_aplicada_e2_abono_id_fkey: convalidated (0.1923ms)
  ✔ evidencia_no_aplicada_e2_abono_id_fkey: condeferrable (0.190212ms)
  ✔ evidencia_no_aplicada_e2_abono_id_fkey: condeferred (0.237614ms)
  ✔ evidencia_no_aplicada_e2_abono_id_fkey: index_valid (0.195914ms)
  ✔ evidencia_no_aplicada_e2_cliente_id_fkey: missing (0.167048ms)
  ✔ evidencia_no_aplicada_e2_cliente_id_fkey: table_name (0.190875ms)
  ✔ evidencia_no_aplicada_e2_cliente_id_fkey: definition (0.223278ms)
  ✔ evidencia_no_aplicada_e2_cliente_id_fkey: convalidated (0.208144ms)
  ✔ evidencia_no_aplicada_e2_cliente_id_fkey: condeferrable (0.380464ms)
  ✔ evidencia_no_aplicada_e2_cliente_id_fkey: condeferred (0.374409ms)
  ✔ evidencia_no_aplicada_e2_cliente_id_fkey: index_valid (0.219935ms)
  ✔ evidencia_no_aplicada_e2_importe_check: missing (0.175369ms)
  ✔ evidencia_no_aplicada_e2_importe_check: table_name (0.190484ms)
  ✔ evidencia_no_aplicada_e2_importe_check: definition (0.240285ms)
  ✔ evidencia_no_aplicada_e2_importe_check: convalidated (0.200417ms)
  ✔ evidencia_no_aplicada_e2_importe_check: condeferrable (0.196396ms)
  ✔ evidencia_no_aplicada_e2_importe_check: condeferred (0.195751ms)
  ✔ evidencia_no_aplicada_e2_importe_check: index_valid (0.335111ms)
  ✔ evidencia_no_aplicada_e2_forma_pago_check: missing (0.20183ms)
  ✔ evidencia_no_aplicada_e2_forma_pago_check: table_name (0.208988ms)
  ✔ evidencia_no_aplicada_e2_forma_pago_check: definition (0.231869ms)
  ✔ evidencia_no_aplicada_e2_forma_pago_check: convalidated (0.202102ms)
  ✔ evidencia_no_aplicada_e2_forma_pago_check: condeferrable (0.199533ms)
  ✔ evidencia_no_aplicada_e2_forma_pago_check: condeferred (0.191531ms)
  ✔ evidencia_no_aplicada_e2_forma_pago_check: index_valid (0.278462ms)
  ✔ evidencia_no_aplicada_e2_naturaleza_check: missing (0.203922ms)
  ✔ evidencia_no_aplicada_e2_naturaleza_check: table_name (0.20906ms)
  ✔ evidencia_no_aplicada_e2_naturaleza_check: definition (0.207722ms)
  ✔ evidencia_no_aplicada_e2_naturaleza_check: convalidated (0.295933ms)
  ✔ evidencia_no_aplicada_e2_naturaleza_check: condeferrable (0.207035ms)
  ✔ evidencia_no_aplicada_e2_naturaleza_check: condeferred (0.198426ms)
  ✔ evidencia_no_aplicada_e2_naturaleza_check: index_valid (0.199502ms)
  ✔ evidencia_no_aplicada_e2_check: missing (0.212142ms)
  ✔ evidencia_no_aplicada_e2_check: table_name (0.206989ms)
  ✔ evidencia_no_aplicada_e2_check: definition (0.204551ms)
  ✔ evidencia_no_aplicada_e2_check: convalidated (0.201052ms)
  ✔ evidencia_no_aplicada_e2_check: condeferrable (0.237556ms)
  ✔ evidencia_no_aplicada_e2_check: condeferred (0.274212ms)
  ✔ evidencia_no_aplicada_e2_check: index_valid (0.222593ms)
  ✔ e2_finalization_immutable: missing (0.415771ms)
  ✔ e2_finalization_immutable: prosrc (0.329241ms)
  ✔ e2_finalization_immutable: prokind (0.255182ms)
  ✔ e2_finalization_immutable: provolatile (0.262772ms)
  ✔ e2_finalization_immutable: proparallel (0.298274ms)
  ✔ e2_finalization_immutable: prosecdef (0.634067ms)
  ✔ e2_finalization_immutable: proleakproof (0.331242ms)
  ✔ e2_finalization_immutable: proisstrict (0.325747ms)
  ✔ e2_finalization_immutable: proretset (0.261974ms)
  ✔ e2_finalization_immutable: proacl (5.983173ms)
  ✔ e2_finalization_immutable: proconfig (0.326277ms)
  ✔ e2_finalization_immutable: language_name (0.27032ms)
  ✔ e2_finalization_immutable: owner_name (0.201902ms)
  ✔ e2_finalization_immutable: result_type (0.191261ms)
  ✔ e2_finalization_immutable: identity_arguments (0.194636ms)
  ✔ e2_finalization_immutable: tgenabled (0.272152ms)
  ✔ e2_finalization_immutable: tgtype (0.198398ms)
  ✔ e2_finalization_immutable: table_name (0.182664ms)
  ✔ e2_finalization_immutable: function_name (0.331523ms)
  ✔ e2_finalization_immutable: function_schema (0.265493ms)
  ✔ e2_finalization_immutable: args_length (0.344667ms)
  ✔ e2_finalization_immutable: trigger_attr (0.286666ms)
  ✔ e2_finalization_immutable: has_parent (0.191677ms)
  ✔ e2_finalization_immutable: has_qual (0.178824ms)
  ✔ e2_finalization_immutable: has_constraint (0.176707ms)
  ✔ e2_finalization_immutable: tgdeferrable (0.231011ms)
  ✔ e2_finalization_immutable: tginitdeferred (0.20502ms)
  ✔ e2_validate_abono_finalization: missing (0.165242ms)
  ✔ e2_validate_abono_finalization: prosrc (0.261588ms)
  ✔ e2_validate_abono_finalization: prokind (0.222728ms)
  ✔ e2_validate_abono_finalization: provolatile (0.191633ms)
  ✔ e2_validate_abono_finalization: proparallel (0.184934ms)
  ✔ e2_validate_abono_finalization: prosecdef (0.181789ms)
  ✔ e2_validate_abono_finalization: proleakproof (0.285811ms)
  ✔ e2_validate_abono_finalization: proisstrict (0.197775ms)
  ✔ e2_validate_abono_finalization: proretset (0.188654ms)
  ✔ e2_validate_abono_finalization: proacl (0.181851ms)
  ✔ e2_validate_abono_finalization: proconfig (0.271843ms)
  ✔ e2_validate_abono_finalization: language_name (0.190016ms)
  ✔ e2_validate_abono_finalization: owner_name (0.222504ms)
  ✔ e2_validate_abono_finalization: result_type (0.204757ms)
  ✔ e2_validate_abono_finalization: identity_arguments (0.302756ms)
  ✔ e2_validate_abono_finalization: tgenabled (0.201916ms)
  ✔ e2_validate_abono_finalization: tgtype (0.338283ms)
  ✔ e2_validate_abono_finalization: table_name (0.317158ms)
  ✔ e2_validate_abono_finalization: function_name (0.366431ms)
  ✔ e2_validate_abono_finalization: function_schema (0.372427ms)
  ✔ e2_validate_abono_finalization: args_length (0.21952ms)
  ✔ e2_validate_abono_finalization: trigger_attr (0.343465ms)
  ✔ e2_validate_abono_finalization: has_parent (0.266005ms)
  ✔ e2_validate_abono_finalization: has_qual (0.20311ms)
  ✔ e2_validate_abono_finalization: has_constraint (0.225076ms)
  ✔ e2_validate_abono_finalization: tgdeferrable (0.24978ms)
  ✔ e2_validate_abono_finalization: tginitdeferred (0.206767ms)
  ✔ e2_proof_immutable: missing (0.166447ms)
  ✔ e2_proof_immutable: prosrc (0.188163ms)
  ✔ e2_proof_immutable: prokind (0.184357ms)
  ✔ e2_proof_immutable: provolatile (0.213034ms)
  ✔ e2_proof_immutable: proparallel (0.186561ms)
  ✔ e2_proof_immutable: prosecdef (0.182514ms)
  ✔ e2_proof_immutable: proleakproof (0.274099ms)
  ✔ e2_proof_immutable: proisstrict (0.2725ms)
  ✔ e2_proof_immutable: proretset (0.332558ms)
  ✔ e2_proof_immutable: proacl (0.299581ms)
  ✔ e2_proof_immutable: proconfig (0.207087ms)
  ✔ e2_proof_immutable: language_name (0.193157ms)
  ✔ e2_proof_immutable: owner_name (0.195435ms)
  ✔ e2_proof_immutable: result_type (0.236426ms)
  ✔ e2_proof_immutable: identity_arguments (0.205157ms)
  ✔ e2_proof_immutable: tgenabled (0.196858ms)
  ✔ e2_proof_immutable: tgtype (0.184795ms)
  ✔ e2_proof_immutable: table_name (0.215171ms)
  ✔ e2_proof_immutable: function_name (0.194775ms)
  ✔ e2_proof_immutable: function_schema (0.188885ms)
  ✔ e2_proof_immutable: args_length (0.179161ms)
  ✔ e2_proof_immutable: trigger_attr (0.195749ms)
  ✔ e2_proof_immutable: has_parent (0.206286ms)
  ✔ e2_proof_immutable: has_qual (0.189702ms)
  ✔ e2_proof_immutable: has_constraint (0.194891ms)
  ✔ e2_proof_immutable: tgdeferrable (0.183628ms)
  ✔ e2_proof_immutable: tginitdeferred (0.202935ms)
  ✔ e2_validate_unused_proof: missing (0.163429ms)
  ✔ e2_validate_unused_proof: prosrc (0.194081ms)
  ✔ e2_validate_unused_proof: prokind (0.32467ms)
  ✔ e2_validate_unused_proof: provolatile (0.251903ms)
  ✔ e2_validate_unused_proof: proparallel (0.199557ms)
  ✔ e2_validate_unused_proof: prosecdef (0.298909ms)
  ✔ e2_validate_unused_proof: proleakproof (0.341559ms)
  ✔ e2_validate_unused_proof: proisstrict (0.241406ms)
  ✔ e2_validate_unused_proof: proretset (0.27266ms)
  ✔ e2_validate_unused_proof: proacl (0.362711ms)
  ✔ e2_validate_unused_proof: proconfig (0.219795ms)
  ✔ e2_validate_unused_proof: language_name (0.195891ms)
  ✔ e2_validate_unused_proof: owner_name (0.188958ms)
  ✔ e2_validate_unused_proof: result_type (0.212862ms)
  ✔ e2_validate_unused_proof: identity_arguments (0.22219ms)
  ✔ e2_validate_unused_proof: tgenabled (0.222947ms)
  ✔ e2_validate_unused_proof: tgtype (0.23948ms)
  ✔ e2_validate_unused_proof: table_name (0.211714ms)
  ✔ e2_validate_unused_proof: function_name (0.199422ms)
  ✔ e2_validate_unused_proof: function_schema (0.187353ms)
  ✔ e2_validate_unused_proof: args_length (0.190545ms)
  ✔ e2_validate_unused_proof: trigger_attr (0.331933ms)
  ✔ e2_validate_unused_proof: has_parent (0.223532ms)
  ✔ e2_validate_unused_proof: has_qual (0.198644ms)
  ✔ e2_validate_unused_proof: has_constraint (0.284011ms)
  ✔ e2_validate_unused_proof: tgdeferrable (0.226775ms)
  ✔ e2_validate_unused_proof: tginitdeferred (0.204884ms)
  ✔ e2_abono_finalization_complete: missing (0.168055ms)
  ✔ e2_abono_finalization_complete: prosrc (0.246531ms)
  ✔ e2_abono_finalization_complete: prokind (0.331268ms)
  ✔ e2_abono_finalization_complete: provolatile (0.229376ms)
  ✔ e2_abono_finalization_complete: proparallel (0.233851ms)
  ✔ e2_abono_finalization_complete: prosecdef (0.20942ms)
  ✔ e2_abono_finalization_complete: proleakproof (0.199532ms)
  ✔ e2_abono_finalization_complete: proisstrict (0.205304ms)
  ✔ e2_abono_finalization_complete: proretset (0.223594ms)
  ✔ e2_abono_finalization_complete: proacl (0.211878ms)
  ✔ e2_abono_finalization_complete: proconfig (0.198492ms)
  ✔ e2_abono_finalization_complete: language_name (0.520727ms)
  ✔ e2_abono_finalization_complete: owner_name (0.269151ms)
  ✔ e2_abono_finalization_complete: result_type (0.216206ms)
  ✔ e2_abono_finalization_complete: identity_arguments (0.203796ms)
  ✔ e2_abono_finalization_complete: tgenabled (0.259179ms)
  ✔ e2_abono_finalization_complete: tgtype (0.204635ms)
  ✔ e2_abono_finalization_complete: table_name (1.068611ms)
  ✔ e2_abono_finalization_complete: function_name (0.217863ms)
  ✔ e2_abono_finalization_complete: function_schema (0.238999ms)
  ✔ e2_abono_finalization_complete: args_length (0.211031ms)
  ✔ e2_abono_finalization_complete: trigger_attr (0.201364ms)
  ✔ e2_abono_finalization_complete: has_parent (0.333584ms)
  ✔ e2_abono_finalization_complete: has_qual (0.354275ms)
  ✔ e2_abono_finalization_complete: has_constraint (0.247769ms)
  ✔ e2_abono_finalization_complete: tgdeferrable (0.238052ms)
  ✔ e2_abono_finalization_complete: tginitdeferred (0.225464ms)
  ✔ e2_capture_application_order: missing (0.168128ms)
  ✔ e2_capture_application_order: prosrc (0.200842ms)
  ✔ e2_capture_application_order: prokind (0.202504ms)
  ✔ e2_capture_application_order: provolatile (0.245581ms)
  ✔ e2_capture_application_order: proparallel (0.210253ms)
  ✔ e2_capture_application_order: prosecdef (0.199456ms)
  ✔ e2_capture_application_order: proleakproof (0.19486ms)
  ✔ e2_capture_application_order: proisstrict (0.239194ms)
  ✔ e2_capture_application_order: proretset (0.206349ms)
  ✔ e2_capture_application_order: proacl (0.200947ms)
  ✔ e2_capture_application_order: proconfig (0.200765ms)
  ✔ e2_capture_application_order: language_name (0.287224ms)
  ✔ e2_capture_application_order: owner_name (0.259486ms)
  ✔ e2_capture_application_order: result_type (0.207277ms)
  ✔ e2_capture_application_order: identity_arguments (0.240861ms)
  ✔ e2_capture_application_order: tgenabled (0.210558ms)
  ✔ e2_capture_application_order: tgtype (0.192054ms)
  ✔ e2_capture_application_order: table_name (0.267692ms)
  ✔ e2_capture_application_order: function_name (0.255992ms)
  ✔ e2_capture_application_order: function_schema (0.210513ms)
  ✔ e2_capture_application_order: args_length (0.202426ms)
  ✔ e2_capture_application_order: trigger_attr (0.196956ms)
  ✔ e2_capture_application_order: has_parent (0.250484ms)
  ✔ e2_capture_application_order: has_qual (0.207469ms)
  ✔ e2_capture_application_order: has_constraint (0.259042ms)
  ✔ e2_capture_application_order: tgdeferrable (0.21104ms)
  ✔ e2_capture_application_order: tginitdeferred (0.228805ms)
  ✔ e2_finalize_new_abono: missing (0.329096ms)
  ✔ e2_finalize_new_abono: prosrc (0.285132ms)
  ✔ e2_finalize_new_abono: prokind (0.239183ms)
  ✔ e2_finalize_new_abono: provolatile (0.223544ms)
  ✔ e2_finalize_new_abono: proparallel (0.218717ms)
  ✔ e2_finalize_new_abono: prosecdef (0.311704ms)
  ✔ e2_finalize_new_abono: proleakproof (0.304644ms)
  ✔ e2_finalize_new_abono: proisstrict (0.288881ms)
  ✔ e2_finalize_new_abono: proretset (0.263069ms)
  ✔ e2_finalize_new_abono: proacl (0.228012ms)
  ✔ e2_finalize_new_abono: proconfig (0.390282ms)
  ✔ e2_finalize_new_abono: language_name (0.317964ms)
  ✔ e2_finalize_new_abono: owner_name (0.305416ms)
  ✔ e2_finalize_new_abono: result_type (0.355488ms)
  ✔ e2_finalize_new_abono: identity_arguments (0.266662ms)
  ✔ e2_attest_new_retained: missing (0.2451ms)
  ✔ e2_attest_new_retained: prosrc (0.229072ms)
  ✔ e2_attest_new_retained: prokind (0.320879ms)
  ✔ e2_attest_new_retained: provolatile (0.264503ms)
  ✔ e2_attest_new_retained: proparallel (0.239143ms)
  ✔ e2_attest_new_retained: prosecdef (0.27133ms)
  ✔ e2_attest_new_retained: proleakproof (0.229736ms)
  ✔ e2_attest_new_retained: proisstrict (0.285546ms)
  ✔ e2_attest_new_retained: proretset (0.309902ms)
  ✔ e2_attest_new_retained: proacl (0.244449ms)
  ✔ e2_attest_new_retained: proconfig (0.218877ms)
  ✔ e2_attest_new_retained: language_name (0.224246ms)
  ✔ e2_attest_new_retained: owner_name (0.25779ms)
  ✔ e2_attest_new_retained: result_type (0.233435ms)
  ✔ e2_attest_new_retained: identity_arguments (0.308895ms)
✔ A+C mock preflight independently rejects each catalog drift (168.301357ms)
ℹ tests 428
ℹ suites 0
ℹ pass 427
ℹ fail 1
ℹ cancelled 0
ℹ skipped 0
ℹ todo 0
ℹ duration_ms 644.554678

✖ failing tests:

test at reports/e2-apertura-limitada/evidencia-a-c/negative-offline.test.mjs:94:1
✖ mounted directed approval finalizes FULL only after its application (26.997725ms)
  AssertionError [ERR_ASSERTION]: directed provenance must not claim canonical FIFO
  + actual - expected
  
  + 'projectCreditLedger'
  - 'directedApplication'
  
      at TestContext.<anonymous> (file:///home/runner/workspace/reports/e2-apertura-limitada/evidencia-a-c/negative-offline.test.mjs:144:10)
      at async Test.run (node:internal/test_runner/test:1113:7)
      at async Test.processPendingSubtests (node:internal/test_runner/test:788:7) {
    generatedMessage: false,
    code: 'ERR_ASSERTION',
    actual: 'projectCreditLedger',
    expected: 'directedApplication',
    operator: 'strictEqual',
    diff: 'simple'
  }
