✔ mounted ordinary producer: UNUSED/PARTIAL/FULL and FIFO persistence ordering (278.792508ms)
✖ mounted directed approval finalizes FULL only after its application (25.354716ms)
✔ actual core rejects directed result/amount mismatches before persistence (0.723638ms)
✔ positive proof is mandatory in the real refund service (64.041962ms)
✔ real refund service accepts both origins and rejects absent/used ABONO finalization (61.402996ms)
✔ R4 application-order guard exists in prepared SQL (LEXICAL ONLY, not SQL semantics) (0.45235ms)
▶ A+C mock preflight independently rejects each catalog drift
  ✔ finalizaciones_abono_e2.abono_id: missing (0.691553ms)
  ✔ finalizaciones_abono_e2.abono_id: data_type (0.419294ms)
  ✔ finalizaciones_abono_e2.abono_id: is_nullable (0.399774ms)
  ✔ finalizaciones_abono_e2.abono_id: column_default (0.509797ms)
  ✔ finalizaciones_abono_e2.operacion_productor: missing (0.305829ms)
  ✔ finalizaciones_abono_e2.operacion_productor: data_type (0.225053ms)
  ✔ finalizaciones_abono_e2.operacion_productor: is_nullable (0.240811ms)
  ✔ finalizaciones_abono_e2.operacion_productor: column_default (0.325323ms)
  ✔ finalizaciones_abono_e2.operacion_clave: missing (0.368534ms)
  ✔ finalizaciones_abono_e2.operacion_clave: data_type (0.213848ms)
  ✔ finalizaciones_abono_e2.operacion_clave: is_nullable (0.237001ms)
  ✔ finalizaciones_abono_e2.operacion_clave: column_default (0.239719ms)
  ✔ finalizaciones_abono_e2.cliente_id: missing (0.291443ms)
  ✔ finalizaciones_abono_e2.cliente_id: data_type (0.255771ms)
  ✔ finalizaciones_abono_e2.cliente_id: is_nullable (0.302158ms)
  ✔ finalizaciones_abono_e2.cliente_id: column_default (0.217441ms)
  ✔ finalizaciones_abono_e2.importe: missing (0.18489ms)
  ✔ finalizaciones_abono_e2.importe: data_type (0.237064ms)
  ✔ finalizaciones_abono_e2.importe: is_nullable (0.242246ms)
  ✔ finalizaciones_abono_e2.importe: column_default (0.19963ms)
  ✔ finalizaciones_abono_e2.importe: numeric_precision (0.279776ms)
  ✔ finalizaciones_abono_e2.importe: numeric_scale (0.320687ms)
  ✔ finalizaciones_abono_e2.resultado: missing (0.237523ms)
  ✔ finalizaciones_abono_e2.resultado: data_type (0.223349ms)
  ✔ finalizaciones_abono_e2.resultado: is_nullable (0.313483ms)
  ✔ finalizaciones_abono_e2.resultado: column_default (0.296126ms)
  ✔ finalizaciones_abono_e2.aplicado: missing (0.286112ms)
  ✔ finalizaciones_abono_e2.aplicado: data_type (0.205035ms)
  ✔ finalizaciones_abono_e2.aplicado: is_nullable (0.271304ms)
  ✔ finalizaciones_abono_e2.aplicado: column_default (0.283866ms)
  ✔ finalizaciones_abono_e2.aplicado: numeric_precision (0.271404ms)
  ✔ finalizaciones_abono_e2.aplicado: numeric_scale (0.19313ms)
  ✔ finalizaciones_abono_e2.evaluacion: missing (0.293292ms)
  ✔ finalizaciones_abono_e2.evaluacion: data_type (0.308495ms)
  ✔ finalizaciones_abono_e2.evaluacion: is_nullable (0.188718ms)
  ✔ finalizaciones_abono_e2.evaluacion: column_default (0.170944ms)
  ✔ finalizaciones_abono_e2.contrato_revision: missing (0.200174ms)
  ✔ finalizaciones_abono_e2.contrato_revision: data_type (0.187102ms)
  ✔ finalizaciones_abono_e2.contrato_revision: is_nullable (0.178929ms)
  ✔ finalizaciones_abono_e2.contrato_revision: column_default (0.167869ms)
  ✔ finalizaciones_abono_e2.created_at: missing (0.164165ms)
  ✔ finalizaciones_abono_e2.created_at: data_type (0.222719ms)
  ✔ finalizaciones_abono_e2.created_at: is_nullable (0.235943ms)
  ✔ finalizaciones_abono_e2.created_at: column_default (0.17647ms)
  ✔ evidencia_no_aplicada_e2.fuente: missing (0.219111ms)
  ✔ evidencia_no_aplicada_e2.fuente: data_type (0.189262ms)
  ✔ evidencia_no_aplicada_e2.fuente: is_nullable (0.170426ms)
  ✔ evidencia_no_aplicada_e2.fuente: column_default (0.169479ms)
  ✔ evidencia_no_aplicada_e2.abono_id: missing (0.167992ms)
  ✔ evidencia_no_aplicada_e2.abono_id: data_type (0.246754ms)
  ✔ evidencia_no_aplicada_e2.abono_id: is_nullable (0.198259ms)
  ✔ evidencia_no_aplicada_e2.abono_id: column_default (0.176209ms)
  ✔ evidencia_no_aplicada_e2.cobro_productor: missing (0.163118ms)
  ✔ evidencia_no_aplicada_e2.cobro_productor: data_type (0.202019ms)
  ✔ evidencia_no_aplicada_e2.cobro_productor: is_nullable (0.225476ms)
  ✔ evidencia_no_aplicada_e2.cobro_productor: column_default (0.179694ms)
  ✔ evidencia_no_aplicada_e2.cobro_clave: missing (0.174088ms)
  ✔ evidencia_no_aplicada_e2.cobro_clave: data_type (0.196023ms)
  ✔ evidencia_no_aplicada_e2.cobro_clave: is_nullable (0.189603ms)
  ✔ evidencia_no_aplicada_e2.cobro_clave: column_default (0.178184ms)
  ✔ evidencia_no_aplicada_e2.cliente_id: missing (0.17192ms)
  ✔ evidencia_no_aplicada_e2.cliente_id: data_type (0.346583ms)
  ✔ evidencia_no_aplicada_e2.cliente_id: is_nullable (0.261456ms)
  ✔ evidencia_no_aplicada_e2.cliente_id: column_default (0.178556ms)
  ✔ evidencia_no_aplicada_e2.importe: missing (0.173107ms)
  ✔ evidencia_no_aplicada_e2.importe: data_type (0.246591ms)
  ✔ evidencia_no_aplicada_e2.importe: is_nullable (0.193272ms)
  ✔ evidencia_no_aplicada_e2.importe: column_default (0.167261ms)
  ✔ evidencia_no_aplicada_e2.importe: numeric_precision (0.166281ms)
  ✔ evidencia_no_aplicada_e2.importe: numeric_scale (0.169813ms)
  ✔ evidencia_no_aplicada_e2.forma_pago: missing (0.288705ms)
  ✔ evidencia_no_aplicada_e2.forma_pago: data_type (0.203432ms)
  ✔ evidencia_no_aplicada_e2.forma_pago: is_nullable (0.174767ms)
  ✔ evidencia_no_aplicada_e2.forma_pago: column_default (0.171635ms)
  ✔ evidencia_no_aplicada_e2.naturaleza: missing (0.191179ms)
  ✔ evidencia_no_aplicada_e2.naturaleza: data_type (0.290115ms)
  ✔ evidencia_no_aplicada_e2.naturaleza: is_nullable (0.253591ms)
  ✔ evidencia_no_aplicada_e2.naturaleza: column_default (0.337939ms)
  ✔ evidencia_no_aplicada_e2.created_at: missing (0.205124ms)
  ✔ evidencia_no_aplicada_e2.created_at: data_type (0.262714ms)
  ✔ evidencia_no_aplicada_e2.created_at: is_nullable (0.17388ms)
  ✔ evidencia_no_aplicada_e2.created_at: column_default (0.554261ms)
  ✔ finalizaciones_abono_e2_pkey: missing (0.276064ms)
  ✔ finalizaciones_abono_e2_pkey: table_name (0.395398ms)
  ✔ finalizaciones_abono_e2_pkey: definition (0.3497ms)
  ✔ finalizaciones_abono_e2_pkey: convalidated (0.300423ms)
  ✔ finalizaciones_abono_e2_pkey: condeferrable (0.204172ms)
  ✔ finalizaciones_abono_e2_pkey: condeferred (0.194512ms)
  ✔ finalizaciones_abono_e2_pkey: index_valid (0.192105ms)
  ✔ finalizaciones_abono_e2_abono_id_fkey: missing (0.282511ms)
  ✔ finalizaciones_abono_e2_abono_id_fkey: table_name (0.201937ms)
  ✔ finalizaciones_abono_e2_abono_id_fkey: definition (0.226908ms)
  ✔ finalizaciones_abono_e2_abono_id_fkey: convalidated (0.209158ms)
  ✔ finalizaciones_abono_e2_abono_id_fkey: condeferrable (0.238715ms)
  ✔ finalizaciones_abono_e2_abono_id_fkey: condeferred (0.18957ms)
  ✔ finalizaciones_abono_e2_abono_id_fkey: index_valid (0.178359ms)
  ✔ finalizaciones_abono_e2_cliente_id_fkey: missing (0.276621ms)
  ✔ finalizaciones_abono_e2_cliente_id_fkey: table_name (0.281264ms)
  ✔ finalizaciones_abono_e2_cliente_id_fkey: definition (0.201309ms)
  ✔ finalizaciones_abono_e2_cliente_id_fkey: convalidated (0.183893ms)
  ✔ finalizaciones_abono_e2_cliente_id_fkey: condeferrable (0.231701ms)
  ✔ finalizaciones_abono_e2_cliente_id_fkey: condeferred (0.18633ms)
  ✔ finalizaciones_abono_e2_cliente_id_fkey: index_valid (0.17672ms)
  ✔ finalizaciones_abono_e2_operacion_productor_operacion_clave_key: missing (0.176618ms)
  ✔ finalizaciones_abono_e2_operacion_productor_operacion_clave_key: table_name (0.380389ms)
  ✔ finalizaciones_abono_e2_operacion_productor_operacion_clave_key: definition (0.232873ms)
  ✔ finalizaciones_abono_e2_operacion_productor_operacion_clave_key: convalidated (6.825221ms)
  ✔ finalizaciones_abono_e2_operacion_productor_operacion_clave_key: condeferrable (0.288285ms)
  ✔ finalizaciones_abono_e2_operacion_productor_operacion_clave_key: condeferred (0.720358ms)
  ✔ finalizaciones_abono_e2_operacion_productor_operacion_clave_key: index_valid (0.201847ms)
  ✔ finalizaciones_abono_e2_importe_check: missing (0.311203ms)
  ✔ finalizaciones_abono_e2_importe_check: table_name (0.193991ms)
  ✔ finalizaciones_abono_e2_importe_check: definition (0.167879ms)
  ✔ finalizaciones_abono_e2_importe_check: convalidated (0.154493ms)
  ✔ finalizaciones_abono_e2_importe_check: condeferrable (0.190573ms)
  ✔ finalizaciones_abono_e2_importe_check: condeferred (0.160911ms)
  ✔ finalizaciones_abono_e2_importe_check: index_valid (0.150032ms)
  ✔ finalizaciones_abono_e2_resultado_check: missing (0.145099ms)
  ✔ finalizaciones_abono_e2_resultado_check: table_name (0.242551ms)
  ✔ finalizaciones_abono_e2_resultado_check: definition (0.334151ms)
  ✔ finalizaciones_abono_e2_resultado_check: convalidated (0.211324ms)
  ✔ finalizaciones_abono_e2_resultado_check: condeferrable (0.166327ms)
  ✔ finalizaciones_abono_e2_resultado_check: condeferred (0.274772ms)
  ✔ finalizaciones_abono_e2_resultado_check: index_valid (0.168335ms)
  ✔ finalizaciones_abono_e2_aplicado_check: missing (0.149153ms)
  ✔ finalizaciones_abono_e2_aplicado_check: table_name (0.154199ms)
  ✔ finalizaciones_abono_e2_aplicado_check: definition (0.150791ms)
  ✔ finalizaciones_abono_e2_aplicado_check: convalidated (0.285993ms)
  ✔ finalizaciones_abono_e2_aplicado_check: condeferrable (0.186634ms)
  ✔ finalizaciones_abono_e2_aplicado_check: condeferred (0.15859ms)
  ✔ finalizaciones_abono_e2_aplicado_check: index_valid (0.161956ms)
  ✔ finalizaciones_abono_e2_evaluacion_check: missing (0.188207ms)
  ✔ finalizaciones_abono_e2_evaluacion_check: table_name (0.156589ms)
  ✔ finalizaciones_abono_e2_evaluacion_check: definition (0.152089ms)
  ✔ finalizaciones_abono_e2_evaluacion_check: convalidated (0.156768ms)
  ✔ finalizaciones_abono_e2_evaluacion_check: condeferrable (0.149776ms)
  ✔ finalizaciones_abono_e2_evaluacion_check: condeferred (0.19296ms)
  ✔ finalizaciones_abono_e2_evaluacion_check: index_valid (0.156499ms)
  ✔ finalizaciones_abono_e2_contrato_revision_check: missing (0.149655ms)
  ✔ finalizaciones_abono_e2_contrato_revision_check: table_name (0.152596ms)
  ✔ finalizaciones_abono_e2_contrato_revision_check: definition (0.15224ms)
  ✔ finalizaciones_abono_e2_contrato_revision_check: convalidated (0.315813ms)
  ✔ finalizaciones_abono_e2_contrato_revision_check: condeferrable (0.247381ms)
  ✔ finalizaciones_abono_e2_contrato_revision_check: condeferred (0.213202ms)
  ✔ finalizaciones_abono_e2_contrato_revision_check: index_valid (0.256479ms)
  ✔ finalizaciones_abono_e2_check: missing (0.164364ms)
  ✔ finalizaciones_abono_e2_check: table_name (0.159747ms)
  ✔ finalizaciones_abono_e2_check: definition (0.156015ms)
  ✔ finalizaciones_abono_e2_check: convalidated (0.154597ms)
  ✔ finalizaciones_abono_e2_check: condeferrable (0.190226ms)
  ✔ finalizaciones_abono_e2_check: condeferred (0.166567ms)
  ✔ finalizaciones_abono_e2_check: index_valid (0.159813ms)
  ✔ finalizaciones_abono_e2_operacion_productor_check: missing (0.14186ms)
  ✔ finalizaciones_abono_e2_operacion_productor_check: table_name (0.160711ms)
  ✔ finalizaciones_abono_e2_operacion_productor_check: definition (0.217567ms)
  ✔ finalizaciones_abono_e2_operacion_productor_check: convalidated (0.18072ms)
  ✔ finalizaciones_abono_e2_operacion_productor_check: condeferrable (0.158762ms)
  ✔ finalizaciones_abono_e2_operacion_productor_check: condeferred (0.157871ms)
  ✔ finalizaciones_abono_e2_operacion_productor_check: index_valid (0.154316ms)
  ✔ evidencia_no_aplicada_e2_pkey: missing (0.234426ms)
  ✔ evidencia_no_aplicada_e2_pkey: table_name (0.191664ms)
  ✔ evidencia_no_aplicada_e2_pkey: definition (0.165411ms)
  ✔ evidencia_no_aplicada_e2_pkey: convalidated (0.266305ms)
  ✔ evidencia_no_aplicada_e2_pkey: condeferrable (0.30386ms)
  ✔ evidencia_no_aplicada_e2_pkey: condeferred (0.236031ms)
  ✔ evidencia_no_aplicada_e2_pkey: index_valid (0.185077ms)
  ✔ evidencia_no_aplicada_e2_abono_id_key: missing (0.150393ms)
  ✔ evidencia_no_aplicada_e2_abono_id_key: table_name (0.217789ms)
  ✔ evidencia_no_aplicada_e2_abono_id_key: definition (0.307572ms)
  ✔ evidencia_no_aplicada_e2_abono_id_key: convalidated (0.227906ms)
  ✔ evidencia_no_aplicada_e2_abono_id_key: condeferrable (0.20494ms)
  ✔ evidencia_no_aplicada_e2_abono_id_key: condeferred (0.163001ms)
  ✔ evidencia_no_aplicada_e2_abono_id_key: index_valid (0.163153ms)
  ✔ evidencia_no_aplicada_e2_cobro_clave_key: missing (0.144844ms)
  ✔ evidencia_no_aplicada_e2_cobro_clave_key: table_name (0.853563ms)
  ✔ evidencia_no_aplicada_e2_cobro_clave_key: definition (0.185261ms)
  ✔ evidencia_no_aplicada_e2_cobro_clave_key: convalidated (0.200301ms)
  ✔ evidencia_no_aplicada_e2_cobro_clave_key: condeferrable (0.166437ms)
  ✔ evidencia_no_aplicada_e2_cobro_clave_key: condeferred (0.156936ms)
  ✔ evidencia_no_aplicada_e2_cobro_clave_key: index_valid (0.154304ms)
  ✔ evidencia_no_aplicada_e2_cobro_productor_cobro_clave_fkey: missing (0.142946ms)
  ✔ evidencia_no_aplicada_e2_cobro_productor_cobro_clave_fkey: table_name (0.184481ms)
  ✔ evidencia_no_aplicada_e2_cobro_productor_cobro_clave_fkey: definition (0.165236ms)
  ✔ evidencia_no_aplicada_e2_cobro_productor_cobro_clave_fkey: convalidated (0.175887ms)
  ✔ evidencia_no_aplicada_e2_cobro_productor_cobro_clave_fkey: condeferrable (0.226851ms)
  ✔ evidencia_no_aplicada_e2_cobro_productor_cobro_clave_fkey: condeferred (0.167474ms)
  ✔ evidencia_no_aplicada_e2_cobro_productor_cobro_clave_fkey: index_valid (0.233461ms)
  ✔ evidencia_no_aplicada_e2_abono_id_fkey: missing (0.150656ms)
  ✔ evidencia_no_aplicada_e2_abono_id_fkey: table_name (0.154576ms)
  ✔ evidencia_no_aplicada_e2_abono_id_fkey: definition (0.154544ms)
  ✔ evidencia_no_aplicada_e2_abono_id_fkey: convalidated (0.248675ms)
  ✔ evidencia_no_aplicada_e2_abono_id_fkey: condeferrable (0.183845ms)
  ✔ evidencia_no_aplicada_e2_abono_id_fkey: condeferred (0.167712ms)
  ✔ evidencia_no_aplicada_e2_abono_id_fkey: index_valid (0.155491ms)
  ✔ evidencia_no_aplicada_e2_cliente_id_fkey: missing (0.139632ms)
  ✔ evidencia_no_aplicada_e2_cliente_id_fkey: table_name (0.19307ms)
  ✔ evidencia_no_aplicada_e2_cliente_id_fkey: definition (0.168426ms)
  ✔ evidencia_no_aplicada_e2_cliente_id_fkey: convalidated (0.162344ms)
  ✔ evidencia_no_aplicada_e2_cliente_id_fkey: condeferrable (0.305941ms)
  ✔ evidencia_no_aplicada_e2_cliente_id_fkey: condeferred (0.230183ms)
  ✔ evidencia_no_aplicada_e2_cliente_id_fkey: index_valid (0.179716ms)
  ✔ evidencia_no_aplicada_e2_importe_check: missing (0.144839ms)
  ✔ evidencia_no_aplicada_e2_importe_check: table_name (0.15543ms)
  ✔ evidencia_no_aplicada_e2_importe_check: definition (0.156661ms)
  ✔ evidencia_no_aplicada_e2_importe_check: convalidated (0.189203ms)
  ✔ evidencia_no_aplicada_e2_importe_check: condeferrable (0.159135ms)
  ✔ evidencia_no_aplicada_e2_importe_check: condeferred (0.15766ms)
  ✔ evidencia_no_aplicada_e2_importe_check: index_valid (0.155599ms)
  ✔ evidencia_no_aplicada_e2_forma_pago_check: missing (0.170128ms)
  ✔ evidencia_no_aplicada_e2_forma_pago_check: table_name (0.258249ms)
  ✔ evidencia_no_aplicada_e2_forma_pago_check: definition (0.172218ms)
  ✔ evidencia_no_aplicada_e2_forma_pago_check: convalidated (0.161791ms)
  ✔ evidencia_no_aplicada_e2_forma_pago_check: condeferrable (0.158721ms)
  ✔ evidencia_no_aplicada_e2_forma_pago_check: condeferred (0.197659ms)
  ✔ evidencia_no_aplicada_e2_forma_pago_check: index_valid (0.177273ms)
  ✔ evidencia_no_aplicada_e2_naturaleza_check: missing (0.146377ms)
  ✔ evidencia_no_aplicada_e2_naturaleza_check: table_name (0.161759ms)
  ✔ evidencia_no_aplicada_e2_naturaleza_check: definition (0.156597ms)
  ✔ evidencia_no_aplicada_e2_naturaleza_check: convalidated (0.217543ms)
  ✔ evidencia_no_aplicada_e2_naturaleza_check: condeferrable (0.204698ms)
  ✔ evidencia_no_aplicada_e2_naturaleza_check: condeferred (0.181599ms)
  ✔ evidencia_no_aplicada_e2_naturaleza_check: index_valid (0.167576ms)
  ✔ evidencia_no_aplicada_e2_check: missing (0.142782ms)
  ✔ evidencia_no_aplicada_e2_check: table_name (0.214438ms)
  ✔ evidencia_no_aplicada_e2_check: definition (0.172803ms)
  ✔ evidencia_no_aplicada_e2_check: convalidated (0.172114ms)
  ✔ evidencia_no_aplicada_e2_check: condeferrable (0.169561ms)
  ✔ evidencia_no_aplicada_e2_check: condeferred (0.340092ms)
  ✔ evidencia_no_aplicada_e2_check: index_valid (0.190504ms)
  ✔ e2_finalization_immutable: missing (0.322028ms)
  ✔ e2_finalization_immutable: prosrc (0.366324ms)
  ✔ e2_finalization_immutable: prokind (0.237845ms)
  ✔ e2_finalization_immutable: provolatile (0.216514ms)
  ✔ e2_finalization_immutable: proparallel (0.27551ms)
  ✔ e2_finalization_immutable: prosecdef (0.287609ms)
  ✔ e2_finalization_immutable: proleakproof (0.28707ms)
  ✔ e2_finalization_immutable: proisstrict (0.234697ms)
  ✔ e2_finalization_immutable: proretset (0.426507ms)
  ✔ e2_finalization_immutable: proacl (0.236875ms)
  ✔ e2_finalization_immutable: proconfig (0.308697ms)
  ✔ e2_finalization_immutable: language_name (0.211509ms)
  ✔ e2_finalization_immutable: owner_name (0.191979ms)
  ✔ e2_finalization_immutable: result_type (0.183027ms)
  ✔ e2_finalization_immutable: identity_arguments (0.344229ms)
  ✔ e2_finalization_immutable: tgenabled (0.28339ms)
  ✔ e2_finalization_immutable: tgtype (0.198336ms)
  ✔ e2_finalization_immutable: table_name (0.23163ms)
  ✔ e2_finalization_immutable: function_name (0.197118ms)
  ✔ e2_finalization_immutable: function_schema (0.261729ms)
  ✔ e2_finalization_immutable: args_length (0.399848ms)
  ✔ e2_finalization_immutable: trigger_attr (0.292072ms)
  ✔ e2_finalization_immutable: has_parent (0.197061ms)
  ✔ e2_finalization_immutable: has_qual (0.287876ms)
  ✔ e2_finalization_immutable: has_constraint (0.216703ms)
  ✔ e2_finalization_immutable: tgdeferrable (0.247248ms)
  ✔ e2_finalization_immutable: tginitdeferred (0.192298ms)
  ✔ e2_validate_abono_finalization: missing (0.196787ms)
  ✔ e2_validate_abono_finalization: prosrc (0.251541ms)
  ✔ e2_validate_abono_finalization: prokind (0.241237ms)
  ✔ e2_validate_abono_finalization: provolatile (0.240048ms)
  ✔ e2_validate_abono_finalization: proparallel (0.236275ms)
  ✔ e2_validate_abono_finalization: prosecdef (0.195734ms)
  ✔ e2_validate_abono_finalization: proleakproof (0.189543ms)
  ✔ e2_validate_abono_finalization: proisstrict (0.231785ms)
  ✔ e2_validate_abono_finalization: proretset (0.201847ms)
  ✔ e2_validate_abono_finalization: proacl (0.192217ms)
  ✔ e2_validate_abono_finalization: proconfig (0.274397ms)
  ✔ e2_validate_abono_finalization: language_name (0.289396ms)
  ✔ e2_validate_abono_finalization: owner_name (0.214453ms)
  ✔ e2_validate_abono_finalization: result_type (0.20202ms)
  ✔ e2_validate_abono_finalization: identity_arguments (0.356605ms)
  ✔ e2_validate_abono_finalization: tgenabled (0.225789ms)
  ✔ e2_validate_abono_finalization: tgtype (0.199081ms)
  ✔ e2_validate_abono_finalization: table_name (0.192418ms)
  ✔ e2_validate_abono_finalization: function_name (0.228697ms)
  ✔ e2_validate_abono_finalization: function_schema (0.211436ms)
  ✔ e2_validate_abono_finalization: args_length (0.190663ms)
  ✔ e2_validate_abono_finalization: trigger_attr (0.203029ms)
  ✔ e2_validate_abono_finalization: has_parent (0.227468ms)
  ✔ e2_validate_abono_finalization: has_qual (0.207333ms)
  ✔ e2_validate_abono_finalization: has_constraint (0.188987ms)
  ✔ e2_validate_abono_finalization: tgdeferrable (0.190409ms)
  ✔ e2_validate_abono_finalization: tginitdeferred (0.192219ms)
  ✔ e2_proof_immutable: missing (0.227878ms)
  ✔ e2_proof_immutable: prosrc (0.200813ms)
  ✔ e2_proof_immutable: prokind (0.230304ms)
  ✔ e2_proof_immutable: provolatile (0.262121ms)
  ✔ e2_proof_immutable: proparallel (0.21549ms)
  ✔ e2_proof_immutable: prosecdef (0.19623ms)
  ✔ e2_proof_immutable: proleakproof (0.255587ms)
  ✔ e2_proof_immutable: proisstrict (0.271235ms)
  ✔ e2_proof_immutable: proretset (0.29434ms)
  ✔ e2_proof_immutable: proacl (0.278558ms)
  ✔ e2_proof_immutable: proconfig (0.244272ms)
  ✔ e2_proof_immutable: language_name (0.20764ms)
  ✔ e2_proof_immutable: owner_name (0.195882ms)
  ✔ e2_proof_immutable: result_type (0.237803ms)
  ✔ e2_proof_immutable: identity_arguments (0.304356ms)
  ✔ e2_proof_immutable: tgenabled (0.208388ms)
  ✔ e2_proof_immutable: tgtype (0.19428ms)
  ✔ e2_proof_immutable: table_name (0.206841ms)
  ✔ e2_proof_immutable: function_name (0.217299ms)
  ✔ e2_proof_immutable: function_schema (0.210717ms)
  ✔ e2_proof_immutable: args_length (0.19167ms)
  ✔ e2_proof_immutable: trigger_attr (0.195546ms)
  ✔ e2_proof_immutable: has_parent (0.239224ms)
  ✔ e2_proof_immutable: has_qual (0.429221ms)
  ✔ e2_proof_immutable: has_constraint (0.344136ms)
  ✔ e2_proof_immutable: tgdeferrable (0.22843ms)
  ✔ e2_proof_immutable: tginitdeferred (0.20735ms)
  ✔ e2_validate_unused_proof: missing (0.172589ms)
  ✔ e2_validate_unused_proof: prosrc (0.320294ms)
  ✔ e2_validate_unused_proof: prokind (0.336722ms)
  ✔ e2_validate_unused_proof: provolatile (0.30651ms)
  ✔ e2_validate_unused_proof: proparallel (0.341662ms)
  ✔ e2_validate_unused_proof: prosecdef (0.334161ms)
  ✔ e2_validate_unused_proof: proleakproof (0.328323ms)
  ✔ e2_validate_unused_proof: proisstrict (0.23685ms)
  ✔ e2_validate_unused_proof: proretset (0.287724ms)
  ✔ e2_validate_unused_proof: proacl (0.345327ms)
  ✔ e2_validate_unused_proof: proconfig (0.243492ms)
  ✔ e2_validate_unused_proof: language_name (0.210197ms)
  ✔ e2_validate_unused_proof: owner_name (0.205158ms)
  ✔ e2_validate_unused_proof: result_type (0.29283ms)
  ✔ e2_validate_unused_proof: identity_arguments (0.204379ms)
  ✔ e2_validate_unused_proof: tgenabled (0.206555ms)
  ✔ e2_validate_unused_proof: tgtype (0.23916ms)
  ✔ e2_validate_unused_proof: table_name (0.221109ms)
  ✔ e2_validate_unused_proof: function_name (0.204407ms)
  ✔ e2_validate_unused_proof: function_schema (0.19622ms)
  ✔ e2_validate_unused_proof: args_length (0.589587ms)
  ✔ e2_validate_unused_proof: trigger_attr (0.363373ms)
  ✔ e2_validate_unused_proof: has_parent (0.259606ms)
  ✔ e2_validate_unused_proof: has_qual (0.217013ms)
  ✔ e2_validate_unused_proof: has_constraint (0.215688ms)
  ✔ e2_validate_unused_proof: tgdeferrable (0.221267ms)
  ✔ e2_validate_unused_proof: tginitdeferred (0.288176ms)
  ✔ e2_abono_finalization_complete: missing (0.189008ms)
  ✔ e2_abono_finalization_complete: prosrc (0.206186ms)
  ✔ e2_abono_finalization_complete: prokind (0.20243ms)
  ✔ e2_abono_finalization_complete: provolatile (0.28826ms)
  ✔ e2_abono_finalization_complete: proparallel (0.216998ms)
  ✔ e2_abono_finalization_complete: prosecdef (0.276002ms)
  ✔ e2_abono_finalization_complete: proleakproof (0.253128ms)
  ✔ e2_abono_finalization_complete: proisstrict (0.217704ms)
  ✔ e2_abono_finalization_complete: proretset (0.209327ms)
  ✔ e2_abono_finalization_complete: proacl (0.206001ms)
  ✔ e2_abono_finalization_complete: proconfig (0.235412ms)
  ✔ e2_abono_finalization_complete: language_name (0.213033ms)
  ✔ e2_abono_finalization_complete: owner_name (0.209342ms)
  ✔ e2_abono_finalization_complete: result_type (0.196706ms)
  ✔ e2_abono_finalization_complete: identity_arguments (0.297838ms)
  ✔ e2_abono_finalization_complete: tgenabled (0.228908ms)
  ✔ e2_abono_finalization_complete: tgtype (8.045759ms)
  ✔ e2_abono_finalization_complete: table_name (1.247788ms)
  ✔ e2_abono_finalization_complete: function_name (0.33557ms)
  ✔ e2_abono_finalization_complete: function_schema (0.233169ms)
  ✔ e2_abono_finalization_complete: args_length (0.221202ms)
  ✔ e2_abono_finalization_complete: trigger_attr (0.245449ms)
  ✔ e2_abono_finalization_complete: has_parent (0.225781ms)
  ✔ e2_abono_finalization_complete: has_qual (0.267878ms)
  ✔ e2_abono_finalization_complete: has_constraint (0.259125ms)
  ✔ e2_abono_finalization_complete: tgdeferrable (0.2642ms)
  ✔ e2_abono_finalization_complete: tginitdeferred (0.204493ms)
  ✔ e2_capture_application_order: missing (0.163583ms)
  ✔ e2_capture_application_order: prosrc (0.203435ms)
  ✔ e2_capture_application_order: prokind (0.225241ms)
  ✔ e2_capture_application_order: provolatile (0.215986ms)
  ✔ e2_capture_application_order: proparallel (0.198181ms)
  ✔ e2_capture_application_order: prosecdef (0.198891ms)
  ✔ e2_capture_application_order: proleakproof (0.214376ms)
  ✔ e2_capture_application_order: proisstrict (0.203203ms)
  ✔ e2_capture_application_order: proretset (0.20575ms)
  ✔ e2_capture_application_order: proacl (0.193263ms)
  ✔ e2_capture_application_order: proconfig (0.238689ms)
  ✔ e2_capture_application_order: language_name (0.214133ms)
  ✔ e2_capture_application_order: owner_name (0.256288ms)
  ✔ e2_capture_application_order: result_type (0.286685ms)
  ✔ e2_capture_application_order: identity_arguments (0.221202ms)
  ✔ e2_capture_application_order: tgenabled (0.202836ms)
  ✔ e2_capture_application_order: tgtype (0.199506ms)
  ✔ e2_capture_application_order: table_name (0.275463ms)
  ✔ e2_capture_application_order: function_name (0.213281ms)
  ✔ e2_capture_application_order: function_schema (0.201293ms)
  ✔ e2_capture_application_order: args_length (0.201925ms)
  ✔ e2_capture_application_order: trigger_attr (0.245639ms)
  ✔ e2_capture_application_order: has_parent (0.199362ms)
  ✔ e2_capture_application_order: has_qual (0.198579ms)
  ✔ e2_capture_application_order: has_constraint (0.279322ms)
  ✔ e2_capture_application_order: tgdeferrable (0.217095ms)
  ✔ e2_capture_application_order: tginitdeferred (0.195653ms)
  ✔ e2_finalize_new_abono: missing (0.335071ms)
  ✔ e2_finalize_new_abono: prosrc (0.309609ms)
  ✔ e2_finalize_new_abono: prokind (0.232399ms)
  ✔ e2_finalize_new_abono: provolatile (0.223951ms)
  ✔ e2_finalize_new_abono: proparallel (0.274533ms)
  ✔ e2_finalize_new_abono: prosecdef (0.281928ms)
  ✔ e2_finalize_new_abono: proleakproof (0.296024ms)
  ✔ e2_finalize_new_abono: proisstrict (0.316984ms)
  ✔ e2_finalize_new_abono: proretset (0.234039ms)
  ✔ e2_finalize_new_abono: proacl (0.230117ms)
  ✔ e2_finalize_new_abono: proconfig (0.386703ms)
  ✔ e2_finalize_new_abono: language_name (0.249788ms)
  ✔ e2_finalize_new_abono: owner_name (0.311385ms)
  ✔ e2_finalize_new_abono: result_type (0.558437ms)
  ✔ e2_finalize_new_abono: identity_arguments (0.319046ms)
  ✔ e2_attest_new_retained: missing (0.317562ms)
  ✔ e2_attest_new_retained: prosrc (0.240181ms)
  ✔ e2_attest_new_retained: prokind (0.279487ms)
  ✔ e2_attest_new_retained: provolatile (0.2919ms)
  ✔ e2_attest_new_retained: proparallel (0.226128ms)
  ✔ e2_attest_new_retained: prosecdef (0.218612ms)
  ✔ e2_attest_new_retained: proleakproof (0.224251ms)
  ✔ e2_attest_new_retained: proisstrict (0.291862ms)
  ✔ e2_attest_new_retained: proretset (0.232169ms)
  ✔ e2_attest_new_retained: proacl (0.220986ms)
  ✔ e2_attest_new_retained: proconfig (0.321665ms)
  ✔ e2_attest_new_retained: language_name (0.234108ms)
  ✔ e2_attest_new_retained: owner_name (0.221531ms)
  ✔ e2_attest_new_retained: result_type (0.25591ms)
  ✔ e2_attest_new_retained: identity_arguments (0.302772ms)
✔ A+C mock preflight independently rejects each catalog drift (166.72351ms)
ℹ tests 428
ℹ suites 0
ℹ pass 427
ℹ fail 1
ℹ cancelled 0
ℹ skipped 0
ℹ todo 0
ℹ duration_ms 612.583075

✖ failing tests:

test at reports/e2-apertura-limitada/evidencia-a-c/negative-offline.test.mjs:94:1
✖ mounted directed approval finalizes FULL only after its application (25.354716ms)
  AssertionError [ERR_ASSERTION]: directed producer must finalize exactly once
  
  0 !== 1
  
      at TestContext.<anonymous> (file:///home/runner/workspace/reports/e2-apertura-limitada/evidencia-a-c/negative-offline.test.mjs:142:10)
      at async Test.run (node:internal/test_runner/test:1113:7)
      at async Test.processPendingSubtests (node:internal/test_runner/test:788:7) {
    generatedMessage: false,
    code: 'ERR_ASSERTION',
    actual: 0,
    expected: 1,
    operator: 'strictEqual',
    diff: 'simple'
  }
