✖ mounted ordinary producer: UNUSED/PARTIAL/FULL and FIFO persistence ordering (313.033956ms)
✖ mounted directed approval finalizes FULL only after its application (25.717646ms)
✔ actual core rejects directed result/amount mismatches before persistence (0.753517ms)
✔ positive proof is mandatory in the real refund service (83.393547ms)
✔ real refund service accepts both origins and rejects absent/used ABONO finalization (70.386572ms)
✔ R4 application-order guard exists in prepared SQL (LEXICAL ONLY, not SQL semantics) (0.477426ms)
▶ A+C mock preflight independently rejects each catalog drift
  ✔ finalizaciones_abono_e2.abono_id: missing (0.764837ms)
  ✔ finalizaciones_abono_e2.abono_id: data_type (0.453416ms)
  ✔ finalizaciones_abono_e2.abono_id: is_nullable (0.321836ms)
  ✔ finalizaciones_abono_e2.abono_id: column_default (0.487793ms)
  ✔ finalizaciones_abono_e2.operacion_productor: missing (0.228181ms)
  ✔ finalizaciones_abono_e2.operacion_productor: data_type (0.185595ms)
  ✔ finalizaciones_abono_e2.operacion_productor: is_nullable (0.240504ms)
  ✔ finalizaciones_abono_e2.operacion_productor: column_default (0.198328ms)
  ✔ finalizaciones_abono_e2.operacion_clave: missing (0.314978ms)
  ✔ finalizaciones_abono_e2.operacion_clave: data_type (0.17702ms)
  ✔ finalizaciones_abono_e2.operacion_clave: is_nullable (0.190184ms)
  ✔ finalizaciones_abono_e2.operacion_clave: column_default (0.21231ms)
  ✔ finalizaciones_abono_e2.cliente_id: missing (0.34889ms)
  ✔ finalizaciones_abono_e2.cliente_id: data_type (0.19611ms)
  ✔ finalizaciones_abono_e2.cliente_id: is_nullable (0.262904ms)
  ✔ finalizaciones_abono_e2.cliente_id: column_default (0.224769ms)
  ✔ finalizaciones_abono_e2.importe: missing (0.193394ms)
  ✔ finalizaciones_abono_e2.importe: data_type (0.212277ms)
  ✔ finalizaciones_abono_e2.importe: is_nullable (0.210921ms)
  ✔ finalizaciones_abono_e2.importe: column_default (0.165884ms)
  ✔ finalizaciones_abono_e2.importe: numeric_precision (0.16328ms)
  ✔ finalizaciones_abono_e2.importe: numeric_scale (0.270092ms)
  ✔ finalizaciones_abono_e2.resultado: missing (0.213608ms)
  ✔ finalizaciones_abono_e2.resultado: data_type (0.195332ms)
  ✔ finalizaciones_abono_e2.resultado: is_nullable (0.35063ms)
  ✔ finalizaciones_abono_e2.resultado: column_default (0.257798ms)
  ✔ finalizaciones_abono_e2.aplicado: missing (0.315841ms)
  ✔ finalizaciones_abono_e2.aplicado: data_type (0.29637ms)
  ✔ finalizaciones_abono_e2.aplicado: is_nullable (0.406809ms)
  ✔ finalizaciones_abono_e2.aplicado: column_default (0.247696ms)
  ✔ finalizaciones_abono_e2.aplicado: numeric_precision (0.183235ms)
  ✔ finalizaciones_abono_e2.aplicado: numeric_scale (0.151815ms)
  ✔ finalizaciones_abono_e2.evaluacion: missing (0.263863ms)
  ✔ finalizaciones_abono_e2.evaluacion: data_type (0.277655ms)
  ✔ finalizaciones_abono_e2.evaluacion: is_nullable (0.171189ms)
  ✔ finalizaciones_abono_e2.evaluacion: column_default (0.139387ms)
  ✔ finalizaciones_abono_e2.contrato_revision: missing (0.139785ms)
  ✔ finalizaciones_abono_e2.contrato_revision: data_type (0.141588ms)
  ✔ finalizaciones_abono_e2.contrato_revision: is_nullable (0.136342ms)
  ✔ finalizaciones_abono_e2.contrato_revision: column_default (0.254801ms)
  ✔ finalizaciones_abono_e2.created_at: missing (0.161048ms)
  ✔ finalizaciones_abono_e2.created_at: data_type (0.137792ms)
  ✔ finalizaciones_abono_e2.created_at: is_nullable (0.258ms)
  ✔ finalizaciones_abono_e2.created_at: column_default (0.260185ms)
  ✔ evidencia_no_aplicada_e2.fuente: missing (0.199926ms)
  ✔ evidencia_no_aplicada_e2.fuente: data_type (0.150332ms)
  ✔ evidencia_no_aplicada_e2.fuente: is_nullable (0.145846ms)
  ✔ evidencia_no_aplicada_e2.fuente: column_default (0.142765ms)
  ✔ evidencia_no_aplicada_e2.abono_id: missing (0.187138ms)
  ✔ evidencia_no_aplicada_e2.abono_id: data_type (0.142229ms)
  ✔ evidencia_no_aplicada_e2.abono_id: is_nullable (0.139722ms)
  ✔ evidencia_no_aplicada_e2.abono_id: column_default (0.135488ms)
  ✔ evidencia_no_aplicada_e2.cobro_productor: missing (0.138659ms)
  ✔ evidencia_no_aplicada_e2.cobro_productor: data_type (0.253609ms)
  ✔ evidencia_no_aplicada_e2.cobro_productor: is_nullable (0.221187ms)
  ✔ evidencia_no_aplicada_e2.cobro_productor: column_default (0.18039ms)
  ✔ evidencia_no_aplicada_e2.cobro_clave: missing (0.174976ms)
  ✔ evidencia_no_aplicada_e2.cobro_clave: data_type (0.265082ms)
  ✔ evidencia_no_aplicada_e2.cobro_clave: is_nullable (0.181005ms)
  ✔ evidencia_no_aplicada_e2.cobro_clave: column_default (0.180859ms)
  ✔ evidencia_no_aplicada_e2.cliente_id: missing (0.259126ms)
  ✔ evidencia_no_aplicada_e2.cliente_id: data_type (0.361184ms)
  ✔ evidencia_no_aplicada_e2.cliente_id: is_nullable (0.242001ms)
  ✔ evidencia_no_aplicada_e2.cliente_id: column_default (0.222121ms)
  ✔ evidencia_no_aplicada_e2.importe: missing (0.185924ms)
  ✔ evidencia_no_aplicada_e2.importe: data_type (0.18504ms)
  ✔ evidencia_no_aplicada_e2.importe: is_nullable (0.17638ms)
  ✔ evidencia_no_aplicada_e2.importe: column_default (0.218156ms)
  ✔ evidencia_no_aplicada_e2.importe: numeric_precision (0.187362ms)
  ✔ evidencia_no_aplicada_e2.importe: numeric_scale (0.180035ms)
  ✔ evidencia_no_aplicada_e2.forma_pago: missing (0.265703ms)
  ✔ evidencia_no_aplicada_e2.forma_pago: data_type (0.257265ms)
  ✔ evidencia_no_aplicada_e2.forma_pago: is_nullable (0.193084ms)
  ✔ evidencia_no_aplicada_e2.forma_pago: column_default (0.178345ms)
  ✔ evidencia_no_aplicada_e2.naturaleza: missing (0.171795ms)
  ✔ evidencia_no_aplicada_e2.naturaleza: data_type (0.206119ms)
  ✔ evidencia_no_aplicada_e2.naturaleza: is_nullable (0.20776ms)
  ✔ evidencia_no_aplicada_e2.naturaleza: column_default (0.243104ms)
  ✔ evidencia_no_aplicada_e2.created_at: missing (0.184521ms)
  ✔ evidencia_no_aplicada_e2.created_at: data_type (0.294965ms)
  ✔ evidencia_no_aplicada_e2.created_at: is_nullable (0.245187ms)
  ✔ evidencia_no_aplicada_e2.created_at: column_default (1.026468ms)
  ✔ finalizaciones_abono_e2_pkey: missing (0.704274ms)
  ✔ finalizaciones_abono_e2_pkey: table_name (0.840411ms)
  ✔ finalizaciones_abono_e2_pkey: definition (0.814271ms)
  ✔ finalizaciones_abono_e2_pkey: convalidated (0.679013ms)
  ✔ finalizaciones_abono_e2_pkey: condeferrable (0.59792ms)
  ✔ finalizaciones_abono_e2_pkey: condeferred (0.592541ms)
  ✔ finalizaciones_abono_e2_pkey: index_valid (0.619983ms)
  ✔ finalizaciones_abono_e2_abono_id_fkey: missing (0.569176ms)
  ✔ finalizaciones_abono_e2_abono_id_fkey: table_name (0.58847ms)
  ✔ finalizaciones_abono_e2_abono_id_fkey: definition (0.749448ms)
  ✔ finalizaciones_abono_e2_abono_id_fkey: convalidated (0.583102ms)
  ✔ finalizaciones_abono_e2_abono_id_fkey: condeferrable (0.590139ms)
  ✔ finalizaciones_abono_e2_abono_id_fkey: condeferred (0.596122ms)
  ✔ finalizaciones_abono_e2_abono_id_fkey: index_valid (0.655171ms)
  ✔ finalizaciones_abono_e2_cliente_id_fkey: missing (0.658218ms)
  ✔ finalizaciones_abono_e2_cliente_id_fkey: table_name (0.612581ms)
  ✔ finalizaciones_abono_e2_cliente_id_fkey: definition (0.629022ms)
  ✔ finalizaciones_abono_e2_cliente_id_fkey: convalidated (0.57243ms)
  ✔ finalizaciones_abono_e2_cliente_id_fkey: condeferrable (0.552156ms)
  ✔ finalizaciones_abono_e2_cliente_id_fkey: condeferred (0.220499ms)
  ✔ finalizaciones_abono_e2_cliente_id_fkey: index_valid (0.216068ms)
  ✔ finalizaciones_abono_e2_operacion_productor_operacion_clave_key: missing (0.180907ms)
  ✔ finalizaciones_abono_e2_operacion_productor_operacion_clave_key: table_name (0.447109ms)
  ✔ finalizaciones_abono_e2_operacion_productor_operacion_clave_key: definition (0.237916ms)
  ✔ finalizaciones_abono_e2_operacion_productor_operacion_clave_key: convalidated (0.195264ms)
  ✔ finalizaciones_abono_e2_operacion_productor_operacion_clave_key: condeferrable (0.244053ms)
  ✔ finalizaciones_abono_e2_operacion_productor_operacion_clave_key: condeferred (0.18842ms)
  ✔ finalizaciones_abono_e2_operacion_productor_operacion_clave_key: index_valid (0.177052ms)
  ✔ finalizaciones_abono_e2_importe_check: missing (0.190579ms)
  ✔ finalizaciones_abono_e2_importe_check: table_name (0.222497ms)
  ✔ finalizaciones_abono_e2_importe_check: definition (0.186648ms)
  ✔ finalizaciones_abono_e2_importe_check: convalidated (0.1783ms)
  ✔ finalizaciones_abono_e2_importe_check: condeferrable (0.193006ms)
  ✔ finalizaciones_abono_e2_importe_check: condeferred (0.255857ms)
  ✔ finalizaciones_abono_e2_importe_check: index_valid (0.337625ms)
  ✔ finalizaciones_abono_e2_resultado_check: missing (0.188128ms)
  ✔ finalizaciones_abono_e2_resultado_check: table_name (0.296123ms)
  ✔ finalizaciones_abono_e2_resultado_check: definition (0.217495ms)
  ✔ finalizaciones_abono_e2_resultado_check: convalidated (0.192614ms)
  ✔ finalizaciones_abono_e2_resultado_check: condeferrable (0.181279ms)
  ✔ finalizaciones_abono_e2_resultado_check: condeferred (0.267311ms)
  ✔ finalizaciones_abono_e2_resultado_check: index_valid (0.193267ms)
  ✔ finalizaciones_abono_e2_aplicado_check: missing (0.177037ms)
  ✔ finalizaciones_abono_e2_aplicado_check: table_name (0.18389ms)
  ✔ finalizaciones_abono_e2_aplicado_check: definition (0.227863ms)
  ✔ finalizaciones_abono_e2_aplicado_check: convalidated (0.20303ms)
  ✔ finalizaciones_abono_e2_aplicado_check: condeferrable (0.190753ms)
  ✔ finalizaciones_abono_e2_aplicado_check: condeferred (0.185268ms)
  ✔ finalizaciones_abono_e2_aplicado_check: index_valid (0.177138ms)
  ✔ finalizaciones_abono_e2_evaluacion_check: missing (0.383766ms)
  ✔ finalizaciones_abono_e2_evaluacion_check: table_name (0.202465ms)
  ✔ finalizaciones_abono_e2_evaluacion_check: definition (0.192929ms)
  ✔ finalizaciones_abono_e2_evaluacion_check: convalidated (0.32697ms)
  ✔ finalizaciones_abono_e2_evaluacion_check: condeferrable (0.224234ms)
  ✔ finalizaciones_abono_e2_evaluacion_check: condeferred (0.192668ms)
  ✔ finalizaciones_abono_e2_evaluacion_check: index_valid (0.227621ms)
  ✔ finalizaciones_abono_e2_contrato_revision_check: missing (0.187513ms)
  ✔ finalizaciones_abono_e2_contrato_revision_check: table_name (0.188355ms)
  ✔ finalizaciones_abono_e2_contrato_revision_check: definition (0.183411ms)
  ✔ finalizaciones_abono_e2_contrato_revision_check: convalidated (0.294717ms)
  ✔ finalizaciones_abono_e2_contrato_revision_check: condeferrable (0.271163ms)
  ✔ finalizaciones_abono_e2_contrato_revision_check: condeferred (0.251995ms)
  ✔ finalizaciones_abono_e2_contrato_revision_check: index_valid (0.337095ms)
  ✔ finalizaciones_abono_e2_check: missing (0.318211ms)
  ✔ finalizaciones_abono_e2_check: table_name (0.200859ms)
  ✔ finalizaciones_abono_e2_check: definition (0.197553ms)
  ✔ finalizaciones_abono_e2_check: convalidated (0.243363ms)
  ✔ finalizaciones_abono_e2_check: condeferrable (0.197151ms)
  ✔ finalizaciones_abono_e2_check: condeferred (0.199059ms)
  ✔ finalizaciones_abono_e2_check: index_valid (0.189773ms)
  ✔ finalizaciones_abono_e2_operacion_productor_check: missing (0.214234ms)
  ✔ finalizaciones_abono_e2_operacion_productor_check: table_name (0.203033ms)
  ✔ finalizaciones_abono_e2_operacion_productor_check: definition (0.236207ms)
  ✔ finalizaciones_abono_e2_operacion_productor_check: convalidated (0.217071ms)
  ✔ finalizaciones_abono_e2_operacion_productor_check: condeferrable (0.243447ms)
  ✔ finalizaciones_abono_e2_operacion_productor_check: condeferred (0.198441ms)
  ✔ finalizaciones_abono_e2_operacion_productor_check: index_valid (0.199392ms)
  ✔ evidencia_no_aplicada_e2_pkey: missing (0.232285ms)
  ✔ evidencia_no_aplicada_e2_pkey: table_name (0.239243ms)
  ✔ evidencia_no_aplicada_e2_pkey: definition (0.264748ms)
  ✔ evidencia_no_aplicada_e2_pkey: convalidated (0.297311ms)
  ✔ evidencia_no_aplicada_e2_pkey: condeferrable (0.31306ms)
  ✔ evidencia_no_aplicada_e2_pkey: condeferred (0.349796ms)
  ✔ evidencia_no_aplicada_e2_pkey: index_valid (0.269599ms)
  ✔ evidencia_no_aplicada_e2_abono_id_key: missing (0.237424ms)
  ✔ evidencia_no_aplicada_e2_abono_id_key: table_name (0.250214ms)
  ✔ evidencia_no_aplicada_e2_abono_id_key: definition (0.363022ms)
  ✔ evidencia_no_aplicada_e2_abono_id_key: convalidated (0.221892ms)
  ✔ evidencia_no_aplicada_e2_abono_id_key: condeferrable (0.20621ms)
  ✔ evidencia_no_aplicada_e2_abono_id_key: condeferred (0.214779ms)
  ✔ evidencia_no_aplicada_e2_abono_id_key: index_valid (0.289922ms)
  ✔ evidencia_no_aplicada_e2_cobro_clave_key: missing (0.238385ms)
  ✔ evidencia_no_aplicada_e2_cobro_clave_key: table_name (0.888266ms)
  ✔ evidencia_no_aplicada_e2_cobro_clave_key: definition (0.207617ms)
  ✔ evidencia_no_aplicada_e2_cobro_clave_key: convalidated (0.19349ms)
  ✔ evidencia_no_aplicada_e2_cobro_clave_key: condeferrable (0.239465ms)
  ✔ evidencia_no_aplicada_e2_cobro_clave_key: condeferred (0.208149ms)
  ✔ evidencia_no_aplicada_e2_cobro_clave_key: index_valid (0.203209ms)
  ✔ evidencia_no_aplicada_e2_cobro_productor_cobro_clave_fkey: missing (0.172345ms)
  ✔ evidencia_no_aplicada_e2_cobro_productor_cobro_clave_fkey: table_name (0.234549ms)
  ✔ evidencia_no_aplicada_e2_cobro_productor_cobro_clave_fkey: definition (0.196107ms)
  ✔ evidencia_no_aplicada_e2_cobro_productor_cobro_clave_fkey: convalidated (0.468166ms)
  ✔ evidencia_no_aplicada_e2_cobro_productor_cobro_clave_fkey: condeferrable (0.318466ms)
  ✔ evidencia_no_aplicada_e2_cobro_productor_cobro_clave_fkey: condeferred (0.205431ms)
  ✔ evidencia_no_aplicada_e2_cobro_productor_cobro_clave_fkey: index_valid (0.286813ms)
  ✔ evidencia_no_aplicada_e2_abono_id_fkey: missing (0.232276ms)
  ✔ evidencia_no_aplicada_e2_abono_id_fkey: table_name (0.198561ms)
  ✔ evidencia_no_aplicada_e2_abono_id_fkey: definition (0.193235ms)
  ✔ evidencia_no_aplicada_e2_abono_id_fkey: convalidated (0.192851ms)
  ✔ evidencia_no_aplicada_e2_abono_id_fkey: condeferrable (0.232449ms)
  ✔ evidencia_no_aplicada_e2_abono_id_fkey: condeferred (0.205453ms)
  ✔ evidencia_no_aplicada_e2_abono_id_fkey: index_valid (0.195044ms)
  ✔ evidencia_no_aplicada_e2_cliente_id_fkey: missing (0.165683ms)
  ✔ evidencia_no_aplicada_e2_cliente_id_fkey: table_name (0.228868ms)
  ✔ evidencia_no_aplicada_e2_cliente_id_fkey: definition (0.20751ms)
  ✔ evidencia_no_aplicada_e2_cliente_id_fkey: convalidated (0.199346ms)
  ✔ evidencia_no_aplicada_e2_cliente_id_fkey: condeferrable (0.355088ms)
  ✔ evidencia_no_aplicada_e2_cliente_id_fkey: condeferred (0.335995ms)
  ✔ evidencia_no_aplicada_e2_cliente_id_fkey: index_valid (0.212695ms)
  ✔ evidencia_no_aplicada_e2_importe_check: missing (0.174788ms)
  ✔ evidencia_no_aplicada_e2_importe_check: table_name (0.229657ms)
  ✔ evidencia_no_aplicada_e2_importe_check: definition (1.411619ms)
  ✔ evidencia_no_aplicada_e2_importe_check: convalidated (0.338361ms)
  ✔ evidencia_no_aplicada_e2_importe_check: condeferrable (0.248523ms)
  ✔ evidencia_no_aplicada_e2_importe_check: condeferred (0.220346ms)
  ✔ evidencia_no_aplicada_e2_importe_check: index_valid (0.210412ms)
  ✔ evidencia_no_aplicada_e2_forma_pago_check: missing (0.205903ms)
  ✔ evidencia_no_aplicada_e2_forma_pago_check: table_name (0.214679ms)
  ✔ evidencia_no_aplicada_e2_forma_pago_check: definition (0.203573ms)
  ✔ evidencia_no_aplicada_e2_forma_pago_check: convalidated (0.241358ms)
  ✔ evidencia_no_aplicada_e2_forma_pago_check: condeferrable (0.213044ms)
  ✔ evidencia_no_aplicada_e2_forma_pago_check: condeferred (0.198039ms)
  ✔ evidencia_no_aplicada_e2_forma_pago_check: index_valid (0.196826ms)
  ✔ evidencia_no_aplicada_e2_naturaleza_check: missing (0.204227ms)
  ✔ evidencia_no_aplicada_e2_naturaleza_check: table_name (0.216474ms)
  ✔ evidencia_no_aplicada_e2_naturaleza_check: definition (0.202359ms)
  ✔ evidencia_no_aplicada_e2_naturaleza_check: convalidated (0.238173ms)
  ✔ evidencia_no_aplicada_e2_naturaleza_check: condeferrable (0.239051ms)
  ✔ evidencia_no_aplicada_e2_naturaleza_check: condeferred (0.21375ms)
  ✔ evidencia_no_aplicada_e2_naturaleza_check: index_valid (0.20654ms)
  ✔ evidencia_no_aplicada_e2_check: missing (0.174715ms)
  ✔ evidencia_no_aplicada_e2_check: table_name (0.283903ms)
  ✔ evidencia_no_aplicada_e2_check: definition (0.228087ms)
  ✔ evidencia_no_aplicada_e2_check: convalidated (0.2102ms)
  ✔ evidencia_no_aplicada_e2_check: condeferrable (0.2446ms)
  ✔ evidencia_no_aplicada_e2_check: condeferred (0.310605ms)
  ✔ evidencia_no_aplicada_e2_check: index_valid (0.226221ms)
  ✔ e2_finalization_immutable: missing (0.301594ms)
  ✔ e2_finalization_immutable: prosrc (0.364724ms)
  ✔ e2_finalization_immutable: prokind (0.26659ms)
  ✔ e2_finalization_immutable: provolatile (0.295445ms)
  ✔ e2_finalization_immutable: proparallel (0.260398ms)
  ✔ e2_finalization_immutable: prosecdef (7.977757ms)
  ✔ e2_finalization_immutable: proleakproof (0.357051ms)
  ✔ e2_finalization_immutable: proisstrict (0.35816ms)
  ✔ e2_finalization_immutable: proretset (0.224288ms)
  ✔ e2_finalization_immutable: proacl (0.215217ms)
  ✔ e2_finalization_immutable: proconfig (0.24502ms)
  ✔ e2_finalization_immutable: language_name (0.20038ms)
  ✔ e2_finalization_immutable: owner_name (0.196754ms)
  ✔ e2_finalization_immutable: result_type (0.187ms)
  ✔ e2_finalization_immutable: identity_arguments (0.222672ms)
  ✔ e2_finalization_immutable: tgenabled (0.249856ms)
  ✔ e2_finalization_immutable: tgtype (0.188449ms)
  ✔ e2_finalization_immutable: table_name (0.184822ms)
  ✔ e2_finalization_immutable: function_name (0.231732ms)
  ✔ e2_finalization_immutable: function_schema (0.254587ms)
  ✔ e2_finalization_immutable: args_length (0.332825ms)
  ✔ e2_finalization_immutable: trigger_attr (0.33734ms)
  ✔ e2_finalization_immutable: has_parent (0.214078ms)
  ✔ e2_finalization_immutable: has_qual (0.189572ms)
  ✔ e2_finalization_immutable: has_constraint (0.187601ms)
  ✔ e2_finalization_immutable: tgdeferrable (0.246191ms)
  ✔ e2_finalization_immutable: tginitdeferred (0.194893ms)
  ✔ e2_validate_abono_finalization: missing (0.168502ms)
  ✔ e2_validate_abono_finalization: prosrc (0.294597ms)
  ✔ e2_validate_abono_finalization: prokind (0.214419ms)
  ✔ e2_validate_abono_finalization: provolatile (0.190094ms)
  ✔ e2_validate_abono_finalization: proparallel (0.188397ms)
  ✔ e2_validate_abono_finalization: prosecdef (0.18552ms)
  ✔ e2_validate_abono_finalization: proleakproof (0.218962ms)
  ✔ e2_validate_abono_finalization: proisstrict (0.192005ms)
  ✔ e2_validate_abono_finalization: proretset (0.200166ms)
  ✔ e2_validate_abono_finalization: proacl (0.192383ms)
  ✔ e2_validate_abono_finalization: proconfig (0.347915ms)
  ✔ e2_validate_abono_finalization: language_name (0.198112ms)
  ✔ e2_validate_abono_finalization: owner_name (0.190463ms)
  ✔ e2_validate_abono_finalization: result_type (0.257271ms)
  ✔ e2_validate_abono_finalization: identity_arguments (0.316747ms)
  ✔ e2_validate_abono_finalization: tgenabled (0.215007ms)
  ✔ e2_validate_abono_finalization: tgtype (0.192321ms)
  ✔ e2_validate_abono_finalization: table_name (0.263106ms)
  ✔ e2_validate_abono_finalization: function_name (0.208496ms)
  ✔ e2_validate_abono_finalization: function_schema (0.186445ms)
  ✔ e2_validate_abono_finalization: args_length (0.180621ms)
  ✔ e2_validate_abono_finalization: trigger_attr (0.237709ms)
  ✔ e2_validate_abono_finalization: has_parent (0.201303ms)
  ✔ e2_validate_abono_finalization: has_qual (0.189027ms)
  ✔ e2_validate_abono_finalization: has_constraint (0.184273ms)
  ✔ e2_validate_abono_finalization: tgdeferrable (0.274553ms)
  ✔ e2_validate_abono_finalization: tginitdeferred (0.202533ms)
  ✔ e2_proof_immutable: missing (0.164269ms)
  ✔ e2_proof_immutable: prosrc (0.226ms)
  ✔ e2_proof_immutable: prokind (0.258367ms)
  ✔ e2_proof_immutable: provolatile (0.203898ms)
  ✔ e2_proof_immutable: proparallel (0.190835ms)
  ✔ e2_proof_immutable: prosecdef (0.191781ms)
  ✔ e2_proof_immutable: proleakproof (0.287677ms)
  ✔ e2_proof_immutable: proisstrict (0.231371ms)
  ✔ e2_proof_immutable: proretset (0.294081ms)
  ✔ e2_proof_immutable: proacl (0.272007ms)
  ✔ e2_proof_immutable: proconfig (0.200306ms)
  ✔ e2_proof_immutable: language_name (0.20097ms)
  ✔ e2_proof_immutable: owner_name (0.196125ms)
  ✔ e2_proof_immutable: result_type (0.27999ms)
  ✔ e2_proof_immutable: identity_arguments (0.211522ms)
  ✔ e2_proof_immutable: tgenabled (0.189252ms)
  ✔ e2_proof_immutable: tgtype (0.182873ms)
  ✔ e2_proof_immutable: table_name (0.223553ms)
  ✔ e2_proof_immutable: function_name (0.204815ms)
  ✔ e2_proof_immutable: function_schema (0.191443ms)
  ✔ e2_proof_immutable: args_length (0.188394ms)
  ✔ e2_proof_immutable: trigger_attr (0.218796ms)
  ✔ e2_proof_immutable: has_parent (0.207217ms)
  ✔ e2_proof_immutable: has_qual (0.195667ms)
  ✔ e2_proof_immutable: has_constraint (0.192784ms)
  ✔ e2_proof_immutable: tgdeferrable (0.182552ms)
  ✔ e2_proof_immutable: tginitdeferred (0.232477ms)
  ✔ e2_validate_unused_proof: missing (0.167182ms)
  ✔ e2_validate_unused_proof: prosrc (0.201365ms)
  ✔ e2_validate_unused_proof: prokind (0.30771ms)
  ✔ e2_validate_unused_proof: provolatile (0.266203ms)
  ✔ e2_validate_unused_proof: proparallel (0.201887ms)
  ✔ e2_validate_unused_proof: prosecdef (0.302708ms)
  ✔ e2_validate_unused_proof: proleakproof (0.367501ms)
  ✔ e2_validate_unused_proof: proisstrict (0.235636ms)
  ✔ e2_validate_unused_proof: proretset (0.269651ms)
  ✔ e2_validate_unused_proof: proacl (0.333985ms)
  ✔ e2_validate_unused_proof: proconfig (0.217921ms)
  ✔ e2_validate_unused_proof: language_name (0.197925ms)
  ✔ e2_validate_unused_proof: owner_name (0.495145ms)
  ✔ e2_validate_unused_proof: result_type (0.228921ms)
  ✔ e2_validate_unused_proof: identity_arguments (0.207457ms)
  ✔ e2_validate_unused_proof: tgenabled (0.233183ms)
  ✔ e2_validate_unused_proof: tgtype (0.20408ms)
  ✔ e2_validate_unused_proof: table_name (0.471715ms)
  ✔ e2_validate_unused_proof: function_name (0.255323ms)
  ✔ e2_validate_unused_proof: function_schema (0.210687ms)
  ✔ e2_validate_unused_proof: args_length (0.200323ms)
  ✔ e2_validate_unused_proof: trigger_attr (0.377927ms)
  ✔ e2_validate_unused_proof: has_parent (0.22706ms)
  ✔ e2_validate_unused_proof: has_qual (0.201904ms)
  ✔ e2_validate_unused_proof: has_constraint (0.238558ms)
  ✔ e2_validate_unused_proof: tgdeferrable (0.224174ms)
  ✔ e2_validate_unused_proof: tginitdeferred (0.20517ms)
  ✔ e2_abono_finalization_complete: missing (0.170435ms)
  ✔ e2_abono_finalization_complete: prosrc (0.29307ms)
  ✔ e2_abono_finalization_complete: prokind (0.217896ms)
  ✔ e2_abono_finalization_complete: provolatile (0.195238ms)
  ✔ e2_abono_finalization_complete: proparallel (0.202227ms)
  ✔ e2_abono_finalization_complete: prosecdef (0.230353ms)
  ✔ e2_abono_finalization_complete: proleakproof (0.215645ms)
  ✔ e2_abono_finalization_complete: proisstrict (0.202005ms)
  ✔ e2_abono_finalization_complete: proretset (0.194863ms)
  ✔ e2_abono_finalization_complete: proacl (0.233736ms)
  ✔ e2_abono_finalization_complete: proconfig (0.211935ms)
  ✔ e2_abono_finalization_complete: language_name (0.197788ms)
  ✔ e2_abono_finalization_complete: owner_name (0.190809ms)
  ✔ e2_abono_finalization_complete: result_type (0.195389ms)
  ✔ e2_abono_finalization_complete: identity_arguments (0.212423ms)
  ✔ e2_abono_finalization_complete: tgenabled (0.201591ms)
  ✔ e2_abono_finalization_complete: tgtype (0.200851ms)
  ✔ e2_abono_finalization_complete: table_name (0.192667ms)
  ✔ e2_abono_finalization_complete: function_name (1.1487ms)
  ✔ e2_abono_finalization_complete: function_schema (0.214997ms)
  ✔ e2_abono_finalization_complete: args_length (0.203417ms)
  ✔ e2_abono_finalization_complete: trigger_attr (0.20084ms)
  ✔ e2_abono_finalization_complete: has_parent (0.257631ms)
  ✔ e2_abono_finalization_complete: has_qual (0.289667ms)
  ✔ e2_abono_finalization_complete: has_constraint (0.259211ms)
  ✔ e2_abono_finalization_complete: tgdeferrable (0.261823ms)
  ✔ e2_abono_finalization_complete: tginitdeferred (0.2127ms)
  ✔ e2_capture_application_order: missing (0.172412ms)
  ✔ e2_capture_application_order: prosrc (0.203943ms)
  ✔ e2_capture_application_order: prokind (0.299439ms)
  ✔ e2_capture_application_order: provolatile (0.232057ms)
  ✔ e2_capture_application_order: proparallel (0.212878ms)
  ✔ e2_capture_application_order: prosecdef (0.200942ms)
  ✔ e2_capture_application_order: proleakproof (0.241489ms)
  ✔ e2_capture_application_order: proisstrict (0.376ms)
  ✔ e2_capture_application_order: proretset (0.220689ms)
  ✔ e2_capture_application_order: proacl (0.253019ms)
  ✔ e2_capture_application_order: proconfig (0.210729ms)
  ✔ e2_capture_application_order: language_name (0.202838ms)
  ✔ e2_capture_application_order: owner_name (0.28098ms)
  ✔ e2_capture_application_order: result_type (0.215953ms)
  ✔ e2_capture_application_order: identity_arguments (0.200158ms)
  ✔ e2_capture_application_order: tgenabled (0.198213ms)
  ✔ e2_capture_application_order: tgtype (0.24408ms)
  ✔ e2_capture_application_order: table_name (0.272955ms)
  ✔ e2_capture_application_order: function_name (0.211379ms)
  ✔ e2_capture_application_order: function_schema (0.198831ms)
  ✔ e2_capture_application_order: args_length (0.245348ms)
  ✔ e2_capture_application_order: trigger_attr (0.207877ms)
  ✔ e2_capture_application_order: has_parent (0.202705ms)
  ✔ e2_capture_application_order: has_qual (0.285166ms)
  ✔ e2_capture_application_order: has_constraint (0.216606ms)
  ✔ e2_capture_application_order: tgdeferrable (0.208112ms)
  ✔ e2_capture_application_order: tginitdeferred (0.201416ms)
  ✔ e2_finalize_new_abono: missing (0.338862ms)
  ✔ e2_finalize_new_abono: prosrc (0.269309ms)
  ✔ e2_finalize_new_abono: prokind (0.234036ms)
  ✔ e2_finalize_new_abono: provolatile (0.320042ms)
  ✔ e2_finalize_new_abono: proparallel (0.245524ms)
  ✔ e2_finalize_new_abono: prosecdef (0.278614ms)
  ✔ e2_finalize_new_abono: proleakproof (0.347604ms)
  ✔ e2_finalize_new_abono: proisstrict (0.311931ms)
  ✔ e2_finalize_new_abono: proretset (0.22331ms)
  ✔ e2_finalize_new_abono: proacl (0.259687ms)
  ✔ e2_finalize_new_abono: proconfig (0.347092ms)
  ✔ e2_finalize_new_abono: language_name (0.548454ms)
  ✔ e2_finalize_new_abono: owner_name (0.332897ms)
  ✔ e2_finalize_new_abono: result_type (0.414684ms)
  ✔ e2_finalize_new_abono: identity_arguments (0.307461ms)
  ✔ e2_attest_new_retained: missing (0.250506ms)
  ✔ e2_attest_new_retained: prosrc (0.276904ms)
  ✔ e2_attest_new_retained: prokind (0.320573ms)
  ✔ e2_attest_new_retained: provolatile (0.28169ms)
  ✔ e2_attest_new_retained: proparallel (0.405535ms)
  ✔ e2_attest_new_retained: prosecdef (0.281477ms)
  ✔ e2_attest_new_retained: proleakproof (0.24162ms)
  ✔ e2_attest_new_retained: proisstrict (0.298359ms)
  ✔ e2_attest_new_retained: proretset (0.241623ms)
  ✔ e2_attest_new_retained: proacl (0.230029ms)
  ✔ e2_attest_new_retained: proconfig (0.332338ms)
  ✔ e2_attest_new_retained: language_name (0.253402ms)
  ✔ e2_attest_new_retained: owner_name (0.231393ms)
  ✔ e2_attest_new_retained: result_type (0.284113ms)
  ✔ e2_attest_new_retained: identity_arguments (0.321347ms)
✔ A+C mock preflight independently rejects each catalog drift (182.496007ms)
ℹ tests 428
ℹ suites 0
ℹ pass 426
ℹ fail 2
ℹ cancelled 0
ℹ skipped 0
ℹ todo 0
ℹ duration_ms 689.439336

✖ failing tests:

test at reports/e2-apertura-limitada/evidencia-a-c/negative-offline.test.mjs:90:1
✖ mounted ordinary producer: UNUSED/PARTIAL/FULL and FIFO persistence ordering (313.033956ms)
  AssertionError [ERR_ASSERTION]: classification must match canonical allocations
  
  'UNUSED' !== 'FULL'
  
      at ordinary (file:///home/runner/workspace/reports/e2-apertura-limitada/evidencia-a-c/negative-offline.test.mjs:82:10)
      at async TestContext.<anonymous> (file:///home/runner/workspace/reports/e2-apertura-limitada/evidencia-a-c/negative-offline.test.mjs:91:43)
      at async Test.run (node:internal/test_runner/test:1113:7)
      at async startSubtestAfterBootstrap (node:internal/test_runner/harness:358:3) {
    generatedMessage: false,
    code: 'ERR_ASSERTION',
    actual: 'UNUSED',
    expected: 'FULL',
    operator: 'strictEqual',
    diff: 'simple'
  }

test at reports/e2-apertura-limitada/evidencia-a-c/negative-offline.test.mjs:94:1
✖ mounted directed approval finalizes FULL only after its application (25.717646ms)
  AssertionError [ERR_ASSERTION]: Got unwanted rejection: directed valid canonical FULL must not hit classification guard
  Actual message: "E2: la aplicación dirigida debe finalizar íntegramente como FULL."
      at async TestContext.<anonymous> (file:///home/runner/workspace/reports/e2-apertura-limitada/evidencia-a-c/negative-offline.test.mjs:138:3)
      at async Test.run (node:internal/test_runner/test:1113:7)
      at async Test.processPendingSubtests (node:internal/test_runner/test:788:7) {
    generatedMessage: false,
    code: 'ERR_ASSERTION',
    actual: Error: E2: la aplicación dirigida debe finalizar íntegramente como FULL.
        at Object.finalizePhysicalAbonoEvidenceCore (eval at evaluate (file:///home/runner/workspace/reports/e2-apertura-limitada/evidencia-a-c/negative-offline.test.mjs:29:3), <anonymous>:55:15)
        at finalizePhysicalAbonoEvidence (file:///home/runner/workspace/reports/e2-apertura-limitada/evidencia-a-c/negative-offline.test.mjs:132:22)
        at apply (eval at loadRoute (eval at evaluate (file:///home/runner/workspace/reports/e2-apertura-limitada/evidencia-a-c/negative-offline.test.mjs:29:3)), <anonymous>:125:73)
        at async eval (eval at loadRoute (eval at evaluate (file:///home/runner/workspace/reports/e2-apertura-limitada/evidencia-a-c/negative-offline.test.mjs:29:3)), <anonymous>:394:30)
        at async eval (eval at loadRoute (eval at evaluate (file:///home/runner/workspace/reports/e2-apertura-limitada/evidencia-a-c/negative-offline.test.mjs:29:3)), <anonymous>:359:24)
        at async Object.invoke (eval at evaluate (file:///home/runner/workspace/reports/e2-apertura-limitada/evidencia-a-c/negative-offline.test.mjs:29:3), <anonymous>:223:5)
        at async file:///home/runner/workspace/reports/e2-apertura-limitada/evidencia-a-c/negative-offline.test.mjs:139:13
        at async waitForActual (node:assert:646:5)
        at async strict.doesNotReject (node:assert:789:33)
        at async TestContext.<anonymous> (file:///home/runner/workspace/reports/e2-apertura-limitada/evidencia-a-c/negative-offline.test.mjs:138:3),
    expected: undefined,
    operator: 'doesNotReject',
    diff: 'simple'
  }
