✔ mounted ordinary producer: UNUSED/PARTIAL/FULL and FIFO persistence ordering (305.329561ms)
✔ mounted directed approval finalizes FULL only after its application (39.380359ms)
✔ actual core rejects directed result/amount mismatches before persistence (0.739252ms)
✔ positive proof is mandatory in the real refund service (73.115083ms)
✔ real refund service accepts both origins and rejects absent/used ABONO finalization (89.39666ms)
✔ R4 application-order guard exists in prepared SQL (LEXICAL ONLY, not SQL semantics) (0.458286ms)
▶ A+C mock preflight independently rejects each catalog drift
  ✔ finalizaciones_abono_e2.abono_id: missing (0.777994ms)
  ✔ finalizaciones_abono_e2.abono_id: data_type (0.45499ms)
  ✔ finalizaciones_abono_e2.abono_id: is_nullable (0.518442ms)
  ✔ finalizaciones_abono_e2.abono_id: column_default (0.52584ms)
  ✔ finalizaciones_abono_e2.operacion_productor: missing (0.256324ms)
  ✔ finalizaciones_abono_e2.operacion_productor: data_type (0.260502ms)
  ✔ finalizaciones_abono_e2.operacion_productor: is_nullable (0.244866ms)
  ✔ finalizaciones_abono_e2.operacion_productor: column_default (0.228937ms)
  ✔ finalizaciones_abono_e2.operacion_clave: missing (0.408833ms)
  ✔ finalizaciones_abono_e2.operacion_clave: data_type (0.216766ms)
  ✔ finalizaciones_abono_e2.operacion_clave: is_nullable (0.195144ms)
  ✔ finalizaciones_abono_e2.operacion_clave: column_default (0.241788ms)
  ✔ finalizaciones_abono_e2.cliente_id: missing (0.354975ms)
  ✔ finalizaciones_abono_e2.cliente_id: data_type (0.284194ms)
  ✔ finalizaciones_abono_e2.cliente_id: is_nullable (0.353281ms)
  ✔ finalizaciones_abono_e2.cliente_id: column_default (0.26554ms)
  ✔ finalizaciones_abono_e2.importe: missing (0.187068ms)
  ✔ finalizaciones_abono_e2.importe: data_type (0.231373ms)
  ✔ finalizaciones_abono_e2.importe: is_nullable (0.268331ms)
  ✔ finalizaciones_abono_e2.importe: column_default (0.239538ms)
  ✔ finalizaciones_abono_e2.importe: numeric_precision (2.649726ms)
  ✔ finalizaciones_abono_e2.importe: numeric_scale (0.385908ms)
  ✔ finalizaciones_abono_e2.resultado: missing (0.266207ms)
  ✔ finalizaciones_abono_e2.resultado: data_type (0.272779ms)
  ✔ finalizaciones_abono_e2.resultado: is_nullable (0.610434ms)
  ✔ finalizaciones_abono_e2.resultado: column_default (0.357795ms)
  ✔ finalizaciones_abono_e2.aplicado: missing (0.381356ms)
  ✔ finalizaciones_abono_e2.aplicado: data_type (0.240929ms)
  ✔ finalizaciones_abono_e2.aplicado: is_nullable (0.316966ms)
  ✔ finalizaciones_abono_e2.aplicado: column_default (2.434756ms)
  ✔ finalizaciones_abono_e2.aplicado: numeric_precision (0.269ms)
  ✔ finalizaciones_abono_e2.aplicado: numeric_scale (0.205421ms)
  ✔ finalizaciones_abono_e2.evaluacion: missing (0.441469ms)
  ✔ finalizaciones_abono_e2.evaluacion: data_type (0.290628ms)
  ✔ finalizaciones_abono_e2.evaluacion: is_nullable (0.243264ms)
  ✔ finalizaciones_abono_e2.evaluacion: column_default (0.19489ms)
  ✔ finalizaciones_abono_e2.contrato_revision: missing (0.17542ms)
  ✔ finalizaciones_abono_e2.contrato_revision: data_type (0.176ms)
  ✔ finalizaciones_abono_e2.contrato_revision: is_nullable (0.170417ms)
  ✔ finalizaciones_abono_e2.contrato_revision: column_default (0.227197ms)
  ✔ finalizaciones_abono_e2.created_at: missing (0.172219ms)
  ✔ finalizaciones_abono_e2.created_at: data_type (0.172843ms)
  ✔ finalizaciones_abono_e2.created_at: is_nullable (0.171965ms)
  ✔ finalizaciones_abono_e2.created_at: column_default (0.268988ms)
  ✔ evidencia_no_aplicada_e2.fuente: missing (0.252112ms)
  ✔ evidencia_no_aplicada_e2.fuente: data_type (0.188482ms)
  ✔ evidencia_no_aplicada_e2.fuente: is_nullable (0.179103ms)
  ✔ evidencia_no_aplicada_e2.fuente: column_default (0.239043ms)
  ✔ evidencia_no_aplicada_e2.abono_id: missing (0.171206ms)
  ✔ evidencia_no_aplicada_e2.abono_id: data_type (0.173171ms)
  ✔ evidencia_no_aplicada_e2.abono_id: is_nullable (0.172059ms)
  ✔ evidencia_no_aplicada_e2.abono_id: column_default (0.216613ms)
  ✔ evidencia_no_aplicada_e2.cobro_productor: missing (0.17198ms)
  ✔ evidencia_no_aplicada_e2.cobro_productor: data_type (0.16708ms)
  ✔ evidencia_no_aplicada_e2.cobro_productor: is_nullable (0.228743ms)
  ✔ evidencia_no_aplicada_e2.cobro_productor: column_default (0.222781ms)
  ✔ evidencia_no_aplicada_e2.cobro_clave: missing (0.171537ms)
  ✔ evidencia_no_aplicada_e2.cobro_clave: data_type (0.175852ms)
  ✔ evidencia_no_aplicada_e2.cobro_clave: is_nullable (0.163882ms)
  ✔ evidencia_no_aplicada_e2.cobro_clave: column_default (0.198211ms)
  ✔ evidencia_no_aplicada_e2.cliente_id: missing (0.186232ms)
  ✔ evidencia_no_aplicada_e2.cliente_id: data_type (0.337455ms)
  ✔ evidencia_no_aplicada_e2.cliente_id: is_nullable (0.241613ms)
  ✔ evidencia_no_aplicada_e2.cliente_id: column_default (0.276996ms)
  ✔ evidencia_no_aplicada_e2.importe: missing (0.182515ms)
  ✔ evidencia_no_aplicada_e2.importe: data_type (0.190766ms)
  ✔ evidencia_no_aplicada_e2.importe: is_nullable (0.173235ms)
  ✔ evidencia_no_aplicada_e2.importe: column_default (0.196152ms)
  ✔ evidencia_no_aplicada_e2.importe: numeric_precision (0.172319ms)
  ✔ evidencia_no_aplicada_e2.importe: numeric_scale (0.17671ms)
  ✔ evidencia_no_aplicada_e2.forma_pago: missing (0.268575ms)
  ✔ evidencia_no_aplicada_e2.forma_pago: data_type (0.201066ms)
  ✔ evidencia_no_aplicada_e2.forma_pago: is_nullable (0.178853ms)
  ✔ evidencia_no_aplicada_e2.forma_pago: column_default (0.17391ms)
  ✔ evidencia_no_aplicada_e2.naturaleza: missing (0.164496ms)
  ✔ evidencia_no_aplicada_e2.naturaleza: data_type (0.217963ms)
  ✔ evidencia_no_aplicada_e2.naturaleza: is_nullable (0.193711ms)
  ✔ evidencia_no_aplicada_e2.naturaleza: column_default (0.239644ms)
  ✔ evidencia_no_aplicada_e2.created_at: missing (0.187789ms)
  ✔ evidencia_no_aplicada_e2.created_at: data_type (0.334279ms)
  ✔ evidencia_no_aplicada_e2.created_at: is_nullable (0.204899ms)
  ✔ evidencia_no_aplicada_e2.created_at: column_default (0.546032ms)
  ✔ finalizaciones_abono_e2_pkey: missing (0.270457ms)
  ✔ finalizaciones_abono_e2_pkey: table_name (0.359975ms)
  ✔ finalizaciones_abono_e2_pkey: definition (0.367544ms)
  ✔ finalizaciones_abono_e2_pkey: convalidated (0.254548ms)
  ✔ finalizaciones_abono_e2_pkey: condeferrable (0.238104ms)
  ✔ finalizaciones_abono_e2_pkey: condeferred (0.250802ms)
  ✔ finalizaciones_abono_e2_pkey: index_valid (0.201678ms)
  ✔ finalizaciones_abono_e2_abono_id_fkey: missing (0.17972ms)
  ✔ finalizaciones_abono_e2_abono_id_fkey: table_name (0.265573ms)
  ✔ finalizaciones_abono_e2_abono_id_fkey: definition (0.264767ms)
  ✔ finalizaciones_abono_e2_abono_id_fkey: convalidated (0.265728ms)
  ✔ finalizaciones_abono_e2_abono_id_fkey: condeferrable (0.191481ms)
  ✔ finalizaciones_abono_e2_abono_id_fkey: condeferred (0.206197ms)
  ✔ finalizaciones_abono_e2_abono_id_fkey: index_valid (0.179188ms)
  ✔ finalizaciones_abono_e2_cliente_id_fkey: missing (0.279544ms)
  ✔ finalizaciones_abono_e2_cliente_id_fkey: table_name (0.23526ms)
  ✔ finalizaciones_abono_e2_cliente_id_fkey: definition (0.189776ms)
  ✔ finalizaciones_abono_e2_cliente_id_fkey: convalidated (0.185936ms)
  ✔ finalizaciones_abono_e2_cliente_id_fkey: condeferrable (0.226644ms)
  ✔ finalizaciones_abono_e2_cliente_id_fkey: condeferred (0.207075ms)
  ✔ finalizaciones_abono_e2_cliente_id_fkey: index_valid (0.222654ms)
  ✔ finalizaciones_abono_e2_operacion_productor_operacion_clave_key: missing (0.202809ms)
  ✔ finalizaciones_abono_e2_operacion_productor_operacion_clave_key: table_name (0.329259ms)
  ✔ finalizaciones_abono_e2_operacion_productor_operacion_clave_key: definition (0.231642ms)
  ✔ finalizaciones_abono_e2_operacion_productor_operacion_clave_key: convalidated (0.191488ms)
  ✔ finalizaciones_abono_e2_operacion_productor_operacion_clave_key: condeferrable (0.383112ms)
  ✔ finalizaciones_abono_e2_operacion_productor_operacion_clave_key: condeferred (0.211516ms)
  ✔ finalizaciones_abono_e2_operacion_productor_operacion_clave_key: index_valid (0.256721ms)
  ✔ finalizaciones_abono_e2_importe_check: missing (0.263512ms)
  ✔ finalizaciones_abono_e2_importe_check: table_name (0.210382ms)
  ✔ finalizaciones_abono_e2_importe_check: definition (0.189737ms)
  ✔ finalizaciones_abono_e2_importe_check: convalidated (0.188094ms)
  ✔ finalizaciones_abono_e2_importe_check: condeferrable (0.227831ms)
  ✔ finalizaciones_abono_e2_importe_check: condeferred (0.20268ms)
  ✔ finalizaciones_abono_e2_importe_check: index_valid (0.185618ms)
  ✔ finalizaciones_abono_e2_resultado_check: missing (0.182652ms)
  ✔ finalizaciones_abono_e2_resultado_check: table_name (0.335428ms)
  ✔ finalizaciones_abono_e2_resultado_check: definition (0.241828ms)
  ✔ finalizaciones_abono_e2_resultado_check: convalidated (0.219026ms)
  ✔ finalizaciones_abono_e2_resultado_check: condeferrable (0.189567ms)
  ✔ finalizaciones_abono_e2_resultado_check: condeferred (0.243977ms)
  ✔ finalizaciones_abono_e2_resultado_check: index_valid (0.193019ms)
  ✔ finalizaciones_abono_e2_aplicado_check: missing (0.174548ms)
  ✔ finalizaciones_abono_e2_aplicado_check: table_name (0.182847ms)
  ✔ finalizaciones_abono_e2_aplicado_check: definition (0.243983ms)
  ✔ finalizaciones_abono_e2_aplicado_check: convalidated (0.213895ms)
  ✔ finalizaciones_abono_e2_aplicado_check: condeferrable (0.193532ms)
  ✔ finalizaciones_abono_e2_aplicado_check: condeferred (0.183166ms)
  ✔ finalizaciones_abono_e2_aplicado_check: index_valid (0.231819ms)
  ✔ finalizaciones_abono_e2_evaluacion_check: missing (0.184816ms)
  ✔ finalizaciones_abono_e2_evaluacion_check: table_name (0.188353ms)
  ✔ finalizaciones_abono_e2_evaluacion_check: definition (0.18922ms)
  ✔ finalizaciones_abono_e2_evaluacion_check: convalidated (0.28792ms)
  ✔ finalizaciones_abono_e2_evaluacion_check: condeferrable (0.207779ms)
  ✔ finalizaciones_abono_e2_evaluacion_check: condeferred (0.19296ms)
  ✔ finalizaciones_abono_e2_evaluacion_check: index_valid (0.186508ms)
  ✔ finalizaciones_abono_e2_contrato_revision_check: missing (0.21548ms)
  ✔ finalizaciones_abono_e2_contrato_revision_check: table_name (0.201671ms)
  ✔ finalizaciones_abono_e2_contrato_revision_check: definition (0.192035ms)
  ✔ finalizaciones_abono_e2_contrato_revision_check: convalidated (0.258551ms)
  ✔ finalizaciones_abono_e2_contrato_revision_check: condeferrable (0.239064ms)
  ✔ finalizaciones_abono_e2_contrato_revision_check: condeferred (0.267978ms)
  ✔ finalizaciones_abono_e2_contrato_revision_check: index_valid (0.248085ms)
  ✔ finalizaciones_abono_e2_check: missing (0.222062ms)
  ✔ finalizaciones_abono_e2_check: table_name (0.205461ms)
  ✔ finalizaciones_abono_e2_check: definition (0.194121ms)
  ✔ finalizaciones_abono_e2_check: convalidated (6.651511ms)
  ✔ finalizaciones_abono_e2_check: condeferrable (0.25193ms)
  ✔ finalizaciones_abono_e2_check: condeferred (0.20873ms)
  ✔ finalizaciones_abono_e2_check: index_valid (0.199356ms)
  ✔ finalizaciones_abono_e2_operacion_productor_check: missing (0.165724ms)
  ✔ finalizaciones_abono_e2_operacion_productor_check: table_name (0.167497ms)
  ✔ finalizaciones_abono_e2_operacion_productor_check: definition (0.207682ms)
  ✔ finalizaciones_abono_e2_operacion_productor_check: convalidated (0.268076ms)
  ✔ finalizaciones_abono_e2_operacion_productor_check: condeferrable (0.180669ms)
  ✔ finalizaciones_abono_e2_operacion_productor_check: condeferred (0.161989ms)
  ✔ finalizaciones_abono_e2_operacion_productor_check: index_valid (0.157185ms)
  ✔ evidencia_no_aplicada_e2_pkey: missing (0.225006ms)
  ✔ evidencia_no_aplicada_e2_pkey: table_name (0.243472ms)
  ✔ evidencia_no_aplicada_e2_pkey: definition (0.244689ms)
  ✔ evidencia_no_aplicada_e2_pkey: convalidated (0.233113ms)
  ✔ evidencia_no_aplicada_e2_pkey: condeferrable (0.335063ms)
  ✔ evidencia_no_aplicada_e2_pkey: condeferred (0.282315ms)
  ✔ evidencia_no_aplicada_e2_pkey: index_valid (0.180505ms)
  ✔ evidencia_no_aplicada_e2_abono_id_key: missing (0.191551ms)
  ✔ evidencia_no_aplicada_e2_abono_id_key: table_name (0.220415ms)
  ✔ evidencia_no_aplicada_e2_abono_id_key: definition (0.273759ms)
  ✔ evidencia_no_aplicada_e2_abono_id_key: convalidated (0.20547ms)
  ✔ evidencia_no_aplicada_e2_abono_id_key: condeferrable (0.22474ms)
  ✔ evidencia_no_aplicada_e2_abono_id_key: condeferred (0.201941ms)
  ✔ evidencia_no_aplicada_e2_abono_id_key: index_valid (0.162728ms)
  ✔ evidencia_no_aplicada_e2_cobro_clave_key: missing (0.155027ms)
  ✔ evidencia_no_aplicada_e2_cobro_clave_key: table_name (0.72139ms)
  ✔ evidencia_no_aplicada_e2_cobro_clave_key: definition (0.249468ms)
  ✔ evidencia_no_aplicada_e2_cobro_clave_key: convalidated (0.174418ms)
  ✔ evidencia_no_aplicada_e2_cobro_clave_key: condeferrable (0.160324ms)
  ✔ evidencia_no_aplicada_e2_cobro_clave_key: condeferred (0.159993ms)
  ✔ evidencia_no_aplicada_e2_cobro_clave_key: index_valid (0.152538ms)
  ✔ evidencia_no_aplicada_e2_cobro_productor_cobro_clave_fkey: missing (0.149785ms)
  ✔ evidencia_no_aplicada_e2_cobro_productor_cobro_clave_fkey: table_name (0.178747ms)
  ✔ evidencia_no_aplicada_e2_cobro_productor_cobro_clave_fkey: definition (0.160091ms)
  ✔ evidencia_no_aplicada_e2_cobro_productor_cobro_clave_fkey: convalidated (0.213972ms)
  ✔ evidencia_no_aplicada_e2_cobro_productor_cobro_clave_fkey: condeferrable (0.174689ms)
  ✔ evidencia_no_aplicada_e2_cobro_productor_cobro_clave_fkey: condeferred (0.243736ms)
  ✔ evidencia_no_aplicada_e2_cobro_productor_cobro_clave_fkey: index_valid (0.241046ms)
  ✔ evidencia_no_aplicada_e2_abono_id_fkey: missing (0.150965ms)
  ✔ evidencia_no_aplicada_e2_abono_id_fkey: table_name (0.155974ms)
  ✔ evidencia_no_aplicada_e2_abono_id_fkey: definition (0.189322ms)
  ✔ evidencia_no_aplicada_e2_abono_id_fkey: convalidated (0.174454ms)
  ✔ evidencia_no_aplicada_e2_abono_id_fkey: condeferrable (0.156941ms)
  ✔ evidencia_no_aplicada_e2_abono_id_fkey: condeferred (0.161661ms)
  ✔ evidencia_no_aplicada_e2_abono_id_fkey: index_valid (0.158716ms)
  ✔ evidencia_no_aplicada_e2_cliente_id_fkey: missing (0.193121ms)
  ✔ evidencia_no_aplicada_e2_cliente_id_fkey: table_name (0.21995ms)
  ✔ evidencia_no_aplicada_e2_cliente_id_fkey: definition (0.163573ms)
  ✔ evidencia_no_aplicada_e2_cliente_id_fkey: convalidated (0.167925ms)
  ✔ evidencia_no_aplicada_e2_cliente_id_fkey: condeferrable (0.384866ms)
  ✔ evidencia_no_aplicada_e2_cliente_id_fkey: condeferred (0.200515ms)
  ✔ evidencia_no_aplicada_e2_cliente_id_fkey: index_valid (0.166022ms)
  ✔ evidencia_no_aplicada_e2_importe_check: missing (0.148187ms)
  ✔ evidencia_no_aplicada_e2_importe_check: table_name (0.154597ms)
  ✔ evidencia_no_aplicada_e2_importe_check: definition (0.180319ms)
  ✔ evidencia_no_aplicada_e2_importe_check: convalidated (0.164209ms)
  ✔ evidencia_no_aplicada_e2_importe_check: condeferrable (0.157783ms)
  ✔ evidencia_no_aplicada_e2_importe_check: condeferred (0.154375ms)
  ✔ evidencia_no_aplicada_e2_importe_check: index_valid (0.19723ms)
  ✔ evidencia_no_aplicada_e2_forma_pago_check: missing (0.171897ms)
  ✔ evidencia_no_aplicada_e2_forma_pago_check: table_name (0.171402ms)
  ✔ evidencia_no_aplicada_e2_forma_pago_check: definition (0.164142ms)
  ✔ evidencia_no_aplicada_e2_forma_pago_check: convalidated (0.152296ms)
  ✔ evidencia_no_aplicada_e2_forma_pago_check: condeferrable (0.197565ms)
  ✔ evidencia_no_aplicada_e2_forma_pago_check: condeferred (0.164614ms)
  ✔ evidencia_no_aplicada_e2_forma_pago_check: index_valid (0.161901ms)
  ✔ evidencia_no_aplicada_e2_naturaleza_check: missing (0.148441ms)
  ✔ evidencia_no_aplicada_e2_naturaleza_check: table_name (0.15802ms)
  ✔ evidencia_no_aplicada_e2_naturaleza_check: definition (0.201062ms)
  ✔ evidencia_no_aplicada_e2_naturaleza_check: convalidated (0.175938ms)
  ✔ evidencia_no_aplicada_e2_naturaleza_check: condeferrable (0.158156ms)
  ✔ evidencia_no_aplicada_e2_naturaleza_check: condeferred (0.159411ms)
  ✔ evidencia_no_aplicada_e2_naturaleza_check: index_valid (0.214ms)
  ✔ evidencia_no_aplicada_e2_check: missing (0.264199ms)
  ✔ evidencia_no_aplicada_e2_check: table_name (0.177471ms)
  ✔ evidencia_no_aplicada_e2_check: definition (0.167744ms)
  ✔ evidencia_no_aplicada_e2_check: convalidated (0.163646ms)
  ✔ evidencia_no_aplicada_e2_check: condeferrable (0.198642ms)
  ✔ evidencia_no_aplicada_e2_check: condeferred (0.233201ms)
  ✔ evidencia_no_aplicada_e2_check: index_valid (0.177595ms)
  ✔ e2_finalization_immutable: missing (0.300028ms)
  ✔ e2_finalization_immutable: prosrc (0.298531ms)
  ✔ e2_finalization_immutable: prokind (0.215366ms)
  ✔ e2_finalization_immutable: provolatile (0.202683ms)
  ✔ e2_finalization_immutable: proparallel (0.250987ms)
  ✔ e2_finalization_immutable: prosecdef (0.283145ms)
  ✔ e2_finalization_immutable: proleakproof (0.290545ms)
  ✔ e2_finalization_immutable: proisstrict (0.352454ms)
  ✔ e2_finalization_immutable: proretset (0.23702ms)
  ✔ e2_finalization_immutable: proacl (0.199195ms)
  ✔ e2_finalization_immutable: proconfig (0.193329ms)
  ✔ e2_finalization_immutable: language_name (0.218256ms)
  ✔ e2_finalization_immutable: owner_name (0.202187ms)
  ✔ e2_finalization_immutable: result_type (0.184337ms)
  ✔ e2_finalization_immutable: identity_arguments (0.181952ms)
  ✔ e2_finalization_immutable: tgenabled (0.280632ms)
  ✔ e2_finalization_immutable: tgtype (0.201251ms)
  ✔ e2_finalization_immutable: table_name (0.214351ms)
  ✔ e2_finalization_immutable: function_name (0.273677ms)
  ✔ e2_finalization_immutable: function_schema (0.290754ms)
  ✔ e2_finalization_immutable: args_length (0.305045ms)
  ✔ e2_finalization_immutable: trigger_attr (0.392321ms)
  ✔ e2_finalization_immutable: has_parent (0.229101ms)
  ✔ e2_finalization_immutable: has_qual (0.198871ms)
  ✔ e2_finalization_immutable: has_constraint (0.241496ms)
  ✔ e2_finalization_immutable: tgdeferrable (0.25517ms)
  ✔ e2_finalization_immutable: tginitdeferred (0.202916ms)
  ✔ e2_validate_abono_finalization: missing (0.1729ms)
  ✔ e2_validate_abono_finalization: prosrc (0.296075ms)
  ✔ e2_validate_abono_finalization: prokind (0.235031ms)
  ✔ e2_validate_abono_finalization: provolatile (0.207998ms)
  ✔ e2_validate_abono_finalization: proparallel (0.234994ms)
  ✔ e2_validate_abono_finalization: prosecdef (0.211691ms)
  ✔ e2_validate_abono_finalization: proleakproof (0.191535ms)
  ✔ e2_validate_abono_finalization: proisstrict (0.188794ms)
  ✔ e2_validate_abono_finalization: proretset (0.279083ms)
  ✔ e2_validate_abono_finalization: proacl (0.23674ms)
  ✔ e2_validate_abono_finalization: proconfig (0.306145ms)
  ✔ e2_validate_abono_finalization: language_name (0.280054ms)
  ✔ e2_validate_abono_finalization: owner_name (0.218035ms)
  ✔ e2_validate_abono_finalization: result_type (0.200777ms)
  ✔ e2_validate_abono_finalization: identity_arguments (0.25887ms)
  ✔ e2_validate_abono_finalization: tgenabled (0.322963ms)
  ✔ e2_validate_abono_finalization: tgtype (0.224196ms)
  ✔ e2_validate_abono_finalization: table_name (0.194976ms)
  ✔ e2_validate_abono_finalization: function_name (0.192672ms)
  ✔ e2_validate_abono_finalization: function_schema (0.241765ms)
  ✔ e2_validate_abono_finalization: args_length (0.218341ms)
  ✔ e2_validate_abono_finalization: trigger_attr (0.196393ms)
  ✔ e2_validate_abono_finalization: has_parent (0.195365ms)
  ✔ e2_validate_abono_finalization: has_qual (0.281047ms)
  ✔ e2_validate_abono_finalization: has_constraint (0.209101ms)
  ✔ e2_validate_abono_finalization: tgdeferrable (0.22631ms)
  ✔ e2_validate_abono_finalization: tginitdeferred (0.322401ms)
  ✔ e2_proof_immutable: missing (0.198388ms)
  ✔ e2_proof_immutable: prosrc (0.23215ms)
  ✔ e2_proof_immutable: prokind (0.204777ms)
  ✔ e2_proof_immutable: provolatile (0.253529ms)
  ✔ e2_proof_immutable: proparallel (0.224215ms)
  ✔ e2_proof_immutable: prosecdef (0.201466ms)
  ✔ e2_proof_immutable: proleakproof (0.265154ms)
  ✔ e2_proof_immutable: proisstrict (0.255603ms)
  ✔ e2_proof_immutable: proretset (0.293707ms)
  ✔ e2_proof_immutable: proacl (0.313185ms)
  ✔ e2_proof_immutable: proconfig (0.285534ms)
  ✔ e2_proof_immutable: language_name (0.209929ms)
  ✔ e2_proof_immutable: owner_name (0.202561ms)
  ✔ e2_proof_immutable: result_type (0.235588ms)
  ✔ e2_proof_immutable: identity_arguments (0.208946ms)
  ✔ e2_proof_immutable: tgenabled (0.204172ms)
  ✔ e2_proof_immutable: tgtype (0.197501ms)
  ✔ e2_proof_immutable: table_name (0.237956ms)
  ✔ e2_proof_immutable: function_name (0.208865ms)
  ✔ e2_proof_immutable: function_schema (0.196229ms)
  ✔ e2_proof_immutable: args_length (0.197792ms)
  ✔ e2_proof_immutable: trigger_attr (0.241921ms)
  ✔ e2_proof_immutable: has_parent (0.206511ms)
  ✔ e2_proof_immutable: has_qual (0.193066ms)
  ✔ e2_proof_immutable: has_constraint (0.192494ms)
  ✔ e2_proof_immutable: tgdeferrable (0.193626ms)
  ✔ e2_proof_immutable: tginitdeferred (0.262324ms)
  ✔ e2_validate_unused_proof: missing (0.181444ms)
  ✔ e2_validate_unused_proof: prosrc (0.218857ms)
  ✔ e2_validate_unused_proof: prokind (0.350747ms)
  ✔ e2_validate_unused_proof: provolatile (0.266498ms)
  ✔ e2_validate_unused_proof: proparallel (0.214333ms)
  ✔ e2_validate_unused_proof: prosecdef (0.35022ms)
  ✔ e2_validate_unused_proof: proleakproof (0.288538ms)
  ✔ e2_validate_unused_proof: proisstrict (0.215292ms)
  ✔ e2_validate_unused_proof: proretset (0.26318ms)
  ✔ e2_validate_unused_proof: proacl (0.354727ms)
  ✔ e2_validate_unused_proof: proconfig (0.231017ms)
  ✔ e2_validate_unused_proof: language_name (0.208781ms)
  ✔ e2_validate_unused_proof: owner_name (0.324051ms)
  ✔ e2_validate_unused_proof: result_type (0.210505ms)
  ✔ e2_validate_unused_proof: identity_arguments (0.194038ms)
  ✔ e2_validate_unused_proof: tgenabled (0.245285ms)
  ✔ e2_validate_unused_proof: tgtype (0.216689ms)
  ✔ e2_validate_unused_proof: table_name (0.204175ms)
  ✔ e2_validate_unused_proof: function_name (0.202143ms)
  ✔ e2_validate_unused_proof: function_schema (0.226301ms)
  ✔ e2_validate_unused_proof: args_length (0.215363ms)
  ✔ e2_validate_unused_proof: trigger_attr (0.344315ms)
  ✔ e2_validate_unused_proof: has_parent (0.224838ms)
  ✔ e2_validate_unused_proof: has_qual (0.227946ms)
  ✔ e2_validate_unused_proof: has_constraint (0.205098ms)
  ✔ e2_validate_unused_proof: tgdeferrable (0.22534ms)
  ✔ e2_validate_unused_proof: tginitdeferred (0.234684ms)
  ✔ e2_abono_finalization_complete: missing (0.191131ms)
  ✔ e2_abono_finalization_complete: prosrc (0.210359ms)
  ✔ e2_abono_finalization_complete: prokind (0.210111ms)
  ✔ e2_abono_finalization_complete: provolatile (0.238391ms)
  ✔ e2_abono_finalization_complete: proparallel (0.214018ms)
  ✔ e2_abono_finalization_complete: prosecdef (0.202492ms)
  ✔ e2_abono_finalization_complete: proleakproof (0.202279ms)
  ✔ e2_abono_finalization_complete: proisstrict (0.241971ms)
  ✔ e2_abono_finalization_complete: proretset (0.220775ms)
  ✔ e2_abono_finalization_complete: proacl (0.208385ms)
  ✔ e2_abono_finalization_complete: proconfig (0.21185ms)
  ✔ e2_abono_finalization_complete: language_name (0.240787ms)
  ✔ e2_abono_finalization_complete: owner_name (0.213998ms)
  ✔ e2_abono_finalization_complete: result_type (0.202622ms)
  ✔ e2_abono_finalization_complete: identity_arguments (0.200763ms)
  ✔ e2_abono_finalization_complete: tgenabled (0.28384ms)
  ✔ e2_abono_finalization_complete: tgtype (0.227526ms)
  ✔ e2_abono_finalization_complete: table_name (1.230447ms)
  ✔ e2_abono_finalization_complete: function_name (0.227248ms)
  ✔ e2_abono_finalization_complete: function_schema (0.261336ms)
  ✔ e2_abono_finalization_complete: args_length (0.209236ms)
  ✔ e2_abono_finalization_complete: trigger_attr (0.201842ms)
  ✔ e2_abono_finalization_complete: has_parent (0.194641ms)
  ✔ e2_abono_finalization_complete: has_qual (0.312324ms)
  ✔ e2_abono_finalization_complete: has_constraint (0.273877ms)
  ✔ e2_abono_finalization_complete: tgdeferrable (0.218492ms)
  ✔ e2_abono_finalization_complete: tginitdeferred (0.285195ms)
  ✔ e2_capture_application_order: missing (0.185969ms)
  ✔ e2_capture_application_order: prosrc (0.209393ms)
  ✔ e2_capture_application_order: prokind (0.20953ms)
  ✔ e2_capture_application_order: provolatile (0.266955ms)
  ✔ e2_capture_application_order: proparallel (0.208771ms)
  ✔ e2_capture_application_order: prosecdef (0.205668ms)
  ✔ e2_capture_application_order: proleakproof (0.589289ms)
  ✔ e2_capture_application_order: proisstrict (0.224044ms)
  ✔ e2_capture_application_order: proretset (0.203728ms)
  ✔ e2_capture_application_order: proacl (0.243743ms)
  ✔ e2_capture_application_order: proconfig (0.222413ms)
  ✔ e2_capture_application_order: language_name (0.208799ms)
  ✔ e2_capture_application_order: owner_name (0.259816ms)
  ✔ e2_capture_application_order: result_type (0.314508ms)
  ✔ e2_capture_application_order: identity_arguments (0.222501ms)
  ✔ e2_capture_application_order: tgenabled (0.209414ms)
  ✔ e2_capture_application_order: tgtype (0.240123ms)
  ✔ e2_capture_application_order: table_name (0.26596ms)
  ✔ e2_capture_application_order: function_name (0.219727ms)
  ✔ e2_capture_application_order: function_schema (0.206728ms)
  ✔ e2_capture_application_order: args_length (0.250781ms)
  ✔ e2_capture_application_order: trigger_attr (0.210776ms)
  ✔ e2_capture_application_order: has_parent (0.202058ms)
  ✔ e2_capture_application_order: has_qual (0.20811ms)
  ✔ e2_capture_application_order: has_constraint (0.261587ms)
  ✔ e2_capture_application_order: tgdeferrable (0.217479ms)
  ✔ e2_capture_application_order: tginitdeferred (0.203331ms)
  ✔ e2_finalize_new_abono: missing (0.413892ms)
  ✔ e2_finalize_new_abono: prosrc (0.263086ms)
  ✔ e2_finalize_new_abono: prokind (0.231859ms)
  ✔ e2_finalize_new_abono: provolatile (0.270129ms)
  ✔ e2_finalize_new_abono: proparallel (0.24842ms)
  ✔ e2_finalize_new_abono: prosecdef (0.289612ms)
  ✔ e2_finalize_new_abono: proleakproof (11.100901ms)
  ✔ e2_finalize_new_abono: proisstrict (0.481923ms)
  ✔ e2_finalize_new_abono: proretset (0.271067ms)
  ✔ e2_finalize_new_abono: proacl (0.24252ms)
  ✔ e2_finalize_new_abono: proconfig (0.474648ms)
  ✔ e2_finalize_new_abono: language_name (0.269173ms)
  ✔ e2_finalize_new_abono: owner_name (0.343006ms)
  ✔ e2_finalize_new_abono: result_type (0.337441ms)
  ✔ e2_finalize_new_abono: identity_arguments (0.296788ms)
  ✔ e2_attest_new_retained: missing (0.278483ms)
  ✔ e2_attest_new_retained: prosrc (0.272403ms)
  ✔ e2_attest_new_retained: prokind (0.341115ms)
  ✔ e2_attest_new_retained: provolatile (0.284084ms)
  ✔ e2_attest_new_retained: proparallel (0.230585ms)
  ✔ e2_attest_new_retained: prosecdef (0.230215ms)
  ✔ e2_attest_new_retained: proleakproof (0.216155ms)
  ✔ e2_attest_new_retained: proisstrict (0.318162ms)
  ✔ e2_attest_new_retained: proretset (0.239571ms)
  ✔ e2_attest_new_retained: proacl (0.236166ms)
  ✔ e2_attest_new_retained: proconfig (0.260529ms)
  ✔ e2_attest_new_retained: language_name (0.233743ms)
  ✔ e2_attest_new_retained: owner_name (0.218827ms)
  ✔ e2_attest_new_retained: result_type (0.255539ms)
  ✔ e2_attest_new_retained: identity_arguments (0.295249ms)
✔ A+C mock preflight independently rejects each catalog drift (189.701163ms)
ℹ tests 428
ℹ suites 0
ℹ pass 428
ℹ fail 0
ℹ cancelled 0
ℹ skipped 0
ℹ todo 0
ℹ duration_ms 709.413967
