✔ mounted ordinary producer: UNUSED/PARTIAL/FULL and FIFO persistence ordering (291.591941ms)
✔ mounted directed approval finalizes FULL only after its application (26.98546ms)
✖ actual core rejects directed result/amount mismatches before persistence (1.048223ms)
✔ positive proof is mandatory in the real refund service (77.953695ms)
✔ real refund service accepts both origins and rejects absent/used ABONO finalization (67.535904ms)
✔ R4 application-order guard exists in prepared SQL (LEXICAL ONLY, not SQL semantics) (0.52744ms)
▶ A+C mock preflight independently rejects each catalog drift
  ✔ finalizaciones_abono_e2.abono_id: missing (0.627973ms)
  ✔ finalizaciones_abono_e2.abono_id: data_type (0.429537ms)
  ✔ finalizaciones_abono_e2.abono_id: is_nullable (0.384251ms)
  ✔ finalizaciones_abono_e2.abono_id: column_default (0.476704ms)
  ✔ finalizaciones_abono_e2.operacion_productor: missing (0.265385ms)
  ✔ finalizaciones_abono_e2.operacion_productor: data_type (0.270188ms)
  ✔ finalizaciones_abono_e2.operacion_productor: is_nullable (0.395923ms)
  ✔ finalizaciones_abono_e2.operacion_productor: column_default (0.649987ms)
  ✔ finalizaciones_abono_e2.operacion_clave: missing (0.427339ms)
  ✔ finalizaciones_abono_e2.operacion_clave: data_type (0.241405ms)
  ✔ finalizaciones_abono_e2.operacion_clave: is_nullable (4.569185ms)
  ✔ finalizaciones_abono_e2.operacion_clave: column_default (0.279161ms)
  ✔ finalizaciones_abono_e2.cliente_id: missing (0.262134ms)
  ✔ finalizaciones_abono_e2.cliente_id: data_type (0.191803ms)
  ✔ finalizaciones_abono_e2.cliente_id: is_nullable (0.250121ms)
  ✔ finalizaciones_abono_e2.cliente_id: column_default (0.339289ms)
  ✔ finalizaciones_abono_e2.importe: missing (0.212292ms)
  ✔ finalizaciones_abono_e2.importe: data_type (0.234454ms)
  ✔ finalizaciones_abono_e2.importe: is_nullable (0.218833ms)
  ✔ finalizaciones_abono_e2.importe: column_default (0.170216ms)
  ✔ finalizaciones_abono_e2.importe: numeric_precision (0.188213ms)
  ✔ finalizaciones_abono_e2.importe: numeric_scale (0.261054ms)
  ✔ finalizaciones_abono_e2.resultado: missing (0.222689ms)
  ✔ finalizaciones_abono_e2.resultado: data_type (0.163792ms)
  ✔ finalizaciones_abono_e2.resultado: is_nullable (0.306902ms)
  ✔ finalizaciones_abono_e2.resultado: column_default (0.263096ms)
  ✔ finalizaciones_abono_e2.aplicado: missing (1.193434ms)
  ✔ finalizaciones_abono_e2.aplicado: data_type (0.329795ms)
  ✔ finalizaciones_abono_e2.aplicado: is_nullable (0.298353ms)
  ✔ finalizaciones_abono_e2.aplicado: column_default (0.23747ms)
  ✔ finalizaciones_abono_e2.aplicado: numeric_precision (0.214774ms)
  ✔ finalizaciones_abono_e2.aplicado: numeric_scale (0.177897ms)
  ✔ finalizaciones_abono_e2.evaluacion: missing (0.262836ms)
  ✔ finalizaciones_abono_e2.evaluacion: data_type (0.253744ms)
  ✔ finalizaciones_abono_e2.evaluacion: is_nullable (0.221675ms)
  ✔ finalizaciones_abono_e2.evaluacion: column_default (0.15659ms)
  ✔ finalizaciones_abono_e2.contrato_revision: missing (0.144258ms)
  ✔ finalizaciones_abono_e2.contrato_revision: data_type (0.141585ms)
  ✔ finalizaciones_abono_e2.contrato_revision: is_nullable (0.142729ms)
  ✔ finalizaciones_abono_e2.contrato_revision: column_default (0.28148ms)
  ✔ finalizaciones_abono_e2.created_at: missing (0.167876ms)
  ✔ finalizaciones_abono_e2.created_at: data_type (0.157199ms)
  ✔ finalizaciones_abono_e2.created_at: is_nullable (0.148274ms)
  ✔ finalizaciones_abono_e2.created_at: column_default (0.154356ms)
  ✔ evidencia_no_aplicada_e2.fuente: missing (0.207005ms)
  ✔ evidencia_no_aplicada_e2.fuente: data_type (0.180223ms)
  ✔ evidencia_no_aplicada_e2.fuente: is_nullable (0.150334ms)
  ✔ evidencia_no_aplicada_e2.fuente: column_default (0.141491ms)
  ✔ evidencia_no_aplicada_e2.abono_id: missing (0.184391ms)
  ✔ evidencia_no_aplicada_e2.abono_id: data_type (0.14565ms)
  ✔ evidencia_no_aplicada_e2.abono_id: is_nullable (0.139616ms)
  ✔ evidencia_no_aplicada_e2.abono_id: column_default (0.139922ms)
  ✔ evidencia_no_aplicada_e2.cobro_productor: missing (0.136591ms)
  ✔ evidencia_no_aplicada_e2.cobro_productor: data_type (0.168942ms)
  ✔ evidencia_no_aplicada_e2.cobro_productor: is_nullable (0.198535ms)
  ✔ evidencia_no_aplicada_e2.cobro_productor: column_default (0.157773ms)
  ✔ evidencia_no_aplicada_e2.cobro_clave: missing (0.140995ms)
  ✔ evidencia_no_aplicada_e2.cobro_clave: data_type (0.137267ms)
  ✔ evidencia_no_aplicada_e2.cobro_clave: is_nullable (0.306547ms)
  ✔ evidencia_no_aplicada_e2.cobro_clave: column_default (0.165867ms)
  ✔ evidencia_no_aplicada_e2.cliente_id: missing (0.14258ms)
  ✔ evidencia_no_aplicada_e2.cliente_id: data_type (0.3037ms)
  ✔ evidencia_no_aplicada_e2.cliente_id: is_nullable (0.336342ms)
  ✔ evidencia_no_aplicada_e2.cliente_id: column_default (0.267036ms)
  ✔ evidencia_no_aplicada_e2.importe: missing (0.267641ms)
  ✔ evidencia_no_aplicada_e2.importe: data_type (0.174955ms)
  ✔ evidencia_no_aplicada_e2.importe: is_nullable (0.146819ms)
  ✔ evidencia_no_aplicada_e2.importe: column_default (0.13983ms)
  ✔ evidencia_no_aplicada_e2.importe: numeric_precision (0.143437ms)
  ✔ evidencia_no_aplicada_e2.importe: numeric_scale (0.175857ms)
  ✔ evidencia_no_aplicada_e2.forma_pago: missing (0.238702ms)
  ✔ evidencia_no_aplicada_e2.forma_pago: data_type (0.166105ms)
  ✔ evidencia_no_aplicada_e2.forma_pago: is_nullable (0.163755ms)
  ✔ evidencia_no_aplicada_e2.forma_pago: column_default (0.146534ms)
  ✔ evidencia_no_aplicada_e2.naturaleza: missing (0.18905ms)
  ✔ evidencia_no_aplicada_e2.naturaleza: data_type (0.149949ms)
  ✔ evidencia_no_aplicada_e2.naturaleza: is_nullable (0.178423ms)
  ✔ evidencia_no_aplicada_e2.naturaleza: column_default (0.216618ms)
  ✔ evidencia_no_aplicada_e2.created_at: missing (0.172782ms)
  ✔ evidencia_no_aplicada_e2.created_at: data_type (0.296859ms)
  ✔ evidencia_no_aplicada_e2.created_at: is_nullable (0.208278ms)
  ✔ evidencia_no_aplicada_e2.created_at: column_default (0.436698ms)
  ✔ finalizaciones_abono_e2_pkey: missing (0.321371ms)
  ✔ finalizaciones_abono_e2_pkey: table_name (0.343962ms)
  ✔ finalizaciones_abono_e2_pkey: definition (0.518663ms)
  ✔ finalizaciones_abono_e2_pkey: convalidated (0.25985ms)
  ✔ finalizaciones_abono_e2_pkey: condeferrable (0.197812ms)
  ✔ finalizaciones_abono_e2_pkey: condeferred (0.282765ms)
  ✔ finalizaciones_abono_e2_pkey: index_valid (0.206436ms)
  ✔ finalizaciones_abono_e2_abono_id_fkey: missing (0.177314ms)
  ✔ finalizaciones_abono_e2_abono_id_fkey: table_name (0.191818ms)
  ✔ finalizaciones_abono_e2_abono_id_fkey: definition (0.285903ms)
  ✔ finalizaciones_abono_e2_abono_id_fkey: convalidated (0.225632ms)
  ✔ finalizaciones_abono_e2_abono_id_fkey: condeferrable (0.192837ms)
  ✔ finalizaciones_abono_e2_abono_id_fkey: condeferred (0.180704ms)
  ✔ finalizaciones_abono_e2_abono_id_fkey: index_valid (0.232216ms)
  ✔ finalizaciones_abono_e2_cliente_id_fkey: missing (0.389618ms)
  ✔ finalizaciones_abono_e2_cliente_id_fkey: table_name (0.421338ms)
  ✔ finalizaciones_abono_e2_cliente_id_fkey: definition (0.468222ms)
  ✔ finalizaciones_abono_e2_cliente_id_fkey: convalidated (0.411933ms)
  ✔ finalizaciones_abono_e2_cliente_id_fkey: condeferrable (0.233174ms)
  ✔ finalizaciones_abono_e2_cliente_id_fkey: condeferred (0.211244ms)
  ✔ finalizaciones_abono_e2_cliente_id_fkey: index_valid (0.263387ms)
  ✔ finalizaciones_abono_e2_operacion_productor_operacion_clave_key: missing (0.190637ms)
  ✔ finalizaciones_abono_e2_operacion_productor_operacion_clave_key: table_name (0.26357ms)
  ✔ finalizaciones_abono_e2_operacion_productor_operacion_clave_key: definition (0.334027ms)
  ✔ finalizaciones_abono_e2_operacion_productor_operacion_clave_key: convalidated (0.210453ms)
  ✔ finalizaciones_abono_e2_operacion_productor_operacion_clave_key: condeferrable (0.194573ms)
  ✔ finalizaciones_abono_e2_operacion_productor_operacion_clave_key: condeferred (0.186516ms)
  ✔ finalizaciones_abono_e2_operacion_productor_operacion_clave_key: index_valid (0.230306ms)
  ✔ finalizaciones_abono_e2_importe_check: missing (0.197856ms)
  ✔ finalizaciones_abono_e2_importe_check: table_name (0.30777ms)
  ✔ finalizaciones_abono_e2_importe_check: definition (0.24833ms)
  ✔ finalizaciones_abono_e2_importe_check: convalidated (0.240486ms)
  ✔ finalizaciones_abono_e2_importe_check: condeferrable (0.209582ms)
  ✔ finalizaciones_abono_e2_importe_check: condeferred (0.186202ms)
  ✔ finalizaciones_abono_e2_importe_check: index_valid (0.249222ms)
  ✔ finalizaciones_abono_e2_resultado_check: missing (0.197616ms)
  ✔ finalizaciones_abono_e2_resultado_check: table_name (0.250366ms)
  ✔ finalizaciones_abono_e2_resultado_check: definition (0.23195ms)
  ✔ finalizaciones_abono_e2_resultado_check: convalidated (0.20254ms)
  ✔ finalizaciones_abono_e2_resultado_check: condeferrable (0.186014ms)
  ✔ finalizaciones_abono_e2_resultado_check: condeferred (0.189176ms)
  ✔ finalizaciones_abono_e2_resultado_check: index_valid (0.184291ms)
  ✔ finalizaciones_abono_e2_aplicado_check: missing (0.220111ms)
  ✔ finalizaciones_abono_e2_aplicado_check: table_name (0.191526ms)
  ✔ finalizaciones_abono_e2_aplicado_check: definition (0.188445ms)
  ✔ finalizaciones_abono_e2_aplicado_check: convalidated (0.433241ms)
  ✔ finalizaciones_abono_e2_aplicado_check: condeferrable (0.224535ms)
  ✔ finalizaciones_abono_e2_aplicado_check: condeferred (0.195831ms)
  ✔ finalizaciones_abono_e2_aplicado_check: index_valid (0.18902ms)
  ✔ finalizaciones_abono_e2_evaluacion_check: missing (0.222762ms)
  ✔ finalizaciones_abono_e2_evaluacion_check: table_name (0.230848ms)
  ✔ finalizaciones_abono_e2_evaluacion_check: definition (0.194145ms)
  ✔ finalizaciones_abono_e2_evaluacion_check: convalidated (0.187625ms)
  ✔ finalizaciones_abono_e2_evaluacion_check: condeferrable (0.231874ms)
  ✔ finalizaciones_abono_e2_evaluacion_check: condeferred (0.199693ms)
  ✔ finalizaciones_abono_e2_evaluacion_check: index_valid (0.186522ms)
  ✔ finalizaciones_abono_e2_contrato_revision_check: missing (0.178623ms)
  ✔ finalizaciones_abono_e2_contrato_revision_check: table_name (0.224656ms)
  ✔ finalizaciones_abono_e2_contrato_revision_check: definition (0.202923ms)
  ✔ finalizaciones_abono_e2_contrato_revision_check: convalidated (0.352474ms)
  ✔ finalizaciones_abono_e2_contrato_revision_check: condeferrable (0.448843ms)
  ✔ finalizaciones_abono_e2_contrato_revision_check: condeferred (0.304828ms)
  ✔ finalizaciones_abono_e2_contrato_revision_check: index_valid (0.35413ms)
  ✔ finalizaciones_abono_e2_check: missing (0.277588ms)
  ✔ finalizaciones_abono_e2_check: table_name (0.213077ms)
  ✔ finalizaciones_abono_e2_check: definition (0.203237ms)
  ✔ finalizaciones_abono_e2_check: convalidated (0.224302ms)
  ✔ finalizaciones_abono_e2_check: condeferrable (0.208921ms)
  ✔ finalizaciones_abono_e2_check: condeferred (0.204981ms)
  ✔ finalizaciones_abono_e2_check: index_valid (0.236875ms)
  ✔ finalizaciones_abono_e2_operacion_productor_check: missing (0.192017ms)
  ✔ finalizaciones_abono_e2_operacion_productor_check: table_name (0.205396ms)
  ✔ finalizaciones_abono_e2_operacion_productor_check: definition (0.199268ms)
  ✔ finalizaciones_abono_e2_operacion_productor_check: convalidated (0.187272ms)
  ✔ finalizaciones_abono_e2_operacion_productor_check: condeferrable (0.306378ms)
  ✔ finalizaciones_abono_e2_operacion_productor_check: condeferred (0.241943ms)
  ✔ finalizaciones_abono_e2_operacion_productor_check: index_valid (0.210367ms)
  ✔ evidencia_no_aplicada_e2_pkey: missing (0.199467ms)
  ✔ evidencia_no_aplicada_e2_pkey: table_name (0.457382ms)
  ✔ evidencia_no_aplicada_e2_pkey: definition (0.516431ms)
  ✔ evidencia_no_aplicada_e2_pkey: convalidated (0.468325ms)
  ✔ evidencia_no_aplicada_e2_pkey: condeferrable (0.609838ms)
  ✔ evidencia_no_aplicada_e2_pkey: condeferred (0.576534ms)
  ✔ evidencia_no_aplicada_e2_pkey: index_valid (0.32921ms)
  ✔ evidencia_no_aplicada_e2_abono_id_key: missing (0.286452ms)
  ✔ evidencia_no_aplicada_e2_abono_id_key: table_name (0.286944ms)
  ✔ evidencia_no_aplicada_e2_abono_id_key: definition (0.369418ms)
  ✔ evidencia_no_aplicada_e2_abono_id_key: convalidated (0.281306ms)
  ✔ evidencia_no_aplicada_e2_abono_id_key: condeferrable (0.71322ms)
  ✔ evidencia_no_aplicada_e2_abono_id_key: condeferred (0.320992ms)
  ✔ evidencia_no_aplicada_e2_abono_id_key: index_valid (0.219549ms)
  ✔ evidencia_no_aplicada_e2_cobro_clave_key: missing (0.293002ms)
  ✔ evidencia_no_aplicada_e2_cobro_clave_key: table_name (0.923134ms)
  ✔ evidencia_no_aplicada_e2_cobro_clave_key: definition (0.238383ms)
  ✔ evidencia_no_aplicada_e2_cobro_clave_key: convalidated (0.305209ms)
  ✔ evidencia_no_aplicada_e2_cobro_clave_key: condeferrable (0.259993ms)
  ✔ evidencia_no_aplicada_e2_cobro_clave_key: condeferred (0.704002ms)
  ✔ evidencia_no_aplicada_e2_cobro_clave_key: index_valid (0.282775ms)
  ✔ evidencia_no_aplicada_e2_cobro_productor_cobro_clave_fkey: missing (0.201777ms)
  ✔ evidencia_no_aplicada_e2_cobro_productor_cobro_clave_fkey: table_name (0.225272ms)
  ✔ evidencia_no_aplicada_e2_cobro_productor_cobro_clave_fkey: definition (0.212338ms)
  ✔ evidencia_no_aplicada_e2_cobro_productor_cobro_clave_fkey: convalidated (1.719377ms)
  ✔ evidencia_no_aplicada_e2_cobro_productor_cobro_clave_fkey: condeferrable (0.348775ms)
  ✔ evidencia_no_aplicada_e2_cobro_productor_cobro_clave_fkey: condeferred (0.269164ms)
  ✔ evidencia_no_aplicada_e2_cobro_productor_cobro_clave_fkey: index_valid (0.316534ms)
  ✔ evidencia_no_aplicada_e2_abono_id_fkey: missing (0.279039ms)
  ✔ evidencia_no_aplicada_e2_abono_id_fkey: table_name (0.357703ms)
  ✔ evidencia_no_aplicada_e2_abono_id_fkey: definition (0.253168ms)
  ✔ evidencia_no_aplicada_e2_abono_id_fkey: convalidated (0.249113ms)
  ✔ evidencia_no_aplicada_e2_abono_id_fkey: condeferrable (0.214867ms)
  ✔ evidencia_no_aplicada_e2_abono_id_fkey: condeferred (0.203516ms)
  ✔ evidencia_no_aplicada_e2_abono_id_fkey: index_valid (0.232485ms)
  ✔ evidencia_no_aplicada_e2_cliente_id_fkey: missing (0.196424ms)
  ✔ evidencia_no_aplicada_e2_cliente_id_fkey: table_name (0.206314ms)
  ✔ evidencia_no_aplicada_e2_cliente_id_fkey: definition (0.197225ms)
  ✔ evidencia_no_aplicada_e2_cliente_id_fkey: convalidated (0.237839ms)
  ✔ evidencia_no_aplicada_e2_cliente_id_fkey: condeferrable (0.392661ms)
  ✔ evidencia_no_aplicada_e2_cliente_id_fkey: condeferred (0.250424ms)
  ✔ evidencia_no_aplicada_e2_cliente_id_fkey: index_valid (0.271239ms)
  ✔ evidencia_no_aplicada_e2_importe_check: missing (0.193164ms)
  ✔ evidencia_no_aplicada_e2_importe_check: table_name (0.19886ms)
  ✔ evidencia_no_aplicada_e2_importe_check: definition (0.204489ms)
  ✔ evidencia_no_aplicada_e2_importe_check: convalidated (0.237989ms)
  ✔ evidencia_no_aplicada_e2_importe_check: condeferrable (0.212471ms)
  ✔ evidencia_no_aplicada_e2_importe_check: condeferred (0.201237ms)
  ✔ evidencia_no_aplicada_e2_importe_check: index_valid (0.247355ms)
  ✔ evidencia_no_aplicada_e2_forma_pago_check: missing (0.226203ms)
  ✔ evidencia_no_aplicada_e2_forma_pago_check: table_name (0.211989ms)
  ✔ evidencia_no_aplicada_e2_forma_pago_check: definition (0.206208ms)
  ✔ evidencia_no_aplicada_e2_forma_pago_check: convalidated (0.20213ms)
  ✔ evidencia_no_aplicada_e2_forma_pago_check: condeferrable (0.246431ms)
  ✔ evidencia_no_aplicada_e2_forma_pago_check: condeferred (0.232799ms)
  ✔ evidencia_no_aplicada_e2_forma_pago_check: index_valid (0.225724ms)
  ✔ evidencia_no_aplicada_e2_naturaleza_check: missing (0.174912ms)
  ✔ evidencia_no_aplicada_e2_naturaleza_check: table_name (0.226374ms)
  ✔ evidencia_no_aplicada_e2_naturaleza_check: definition (0.250274ms)
  ✔ evidencia_no_aplicada_e2_naturaleza_check: convalidated (0.203461ms)
  ✔ evidencia_no_aplicada_e2_naturaleza_check: condeferrable (0.242154ms)
  ✔ evidencia_no_aplicada_e2_naturaleza_check: condeferred (0.226508ms)
  ✔ evidencia_no_aplicada_e2_naturaleza_check: index_valid (0.204359ms)
  ✔ evidencia_no_aplicada_e2_check: missing (0.176763ms)
  ✔ evidencia_no_aplicada_e2_check: table_name (0.290573ms)
  ✔ evidencia_no_aplicada_e2_check: definition (0.234312ms)
  ✔ evidencia_no_aplicada_e2_check: convalidated (0.213201ms)
  ✔ evidencia_no_aplicada_e2_check: condeferrable (0.204602ms)
  ✔ evidencia_no_aplicada_e2_check: condeferred (0.323472ms)
  ✔ evidencia_no_aplicada_e2_check: index_valid (0.230781ms)
  ✔ e2_finalization_immutable: missing (0.40948ms)
  ✔ e2_finalization_immutable: prosrc (0.332489ms)
  ✔ e2_finalization_immutable: prokind (0.267993ms)
  ✔ e2_finalization_immutable: provolatile (0.298884ms)
  ✔ e2_finalization_immutable: proparallel (0.494259ms)
  ✔ e2_finalization_immutable: prosecdef (0.327673ms)
  ✔ e2_finalization_immutable: proleakproof (0.327923ms)
  ✔ e2_finalization_immutable: proisstrict (0.42128ms)
  ✔ e2_finalization_immutable: proretset (0.284125ms)
  ✔ e2_finalization_immutable: proacl (0.255776ms)
  ✔ e2_finalization_immutable: proconfig (0.334844ms)
  ✔ e2_finalization_immutable: language_name (0.545611ms)
  ✔ e2_finalization_immutable: owner_name (0.35746ms)
  ✔ e2_finalization_immutable: result_type (0.26848ms)
  ✔ e2_finalization_immutable: identity_arguments (0.246817ms)
  ✔ e2_finalization_immutable: tgenabled (0.915975ms)
  ✔ e2_finalization_immutable: tgtype (0.320142ms)
  ✔ e2_finalization_immutable: table_name (0.249945ms)
  ✔ e2_finalization_immutable: function_name (0.240303ms)
  ✔ e2_finalization_immutable: function_schema (0.380843ms)
  ✔ e2_finalization_immutable: args_length (0.508436ms)
  ✔ e2_finalization_immutable: trigger_attr (6.40882ms)
  ✔ e2_finalization_immutable: has_parent (0.44151ms)
  ✔ e2_finalization_immutable: has_qual (0.23435ms)
  ✔ e2_finalization_immutable: has_constraint (0.203745ms)
  ✔ e2_finalization_immutable: tgdeferrable (0.278572ms)
  ✔ e2_finalization_immutable: tginitdeferred (0.218332ms)
  ✔ e2_validate_abono_finalization: missing (0.184291ms)
  ✔ e2_validate_abono_finalization: prosrc (0.276249ms)
  ✔ e2_validate_abono_finalization: prokind (0.251009ms)
  ✔ e2_validate_abono_finalization: provolatile (0.195429ms)
  ✔ e2_validate_abono_finalization: proparallel (0.193962ms)
  ✔ e2_validate_abono_finalization: prosecdef (0.18906ms)
  ✔ e2_validate_abono_finalization: proleakproof (0.229703ms)
  ✔ e2_validate_abono_finalization: proisstrict (0.197319ms)
  ✔ e2_validate_abono_finalization: proretset (0.186517ms)
  ✔ e2_validate_abono_finalization: proacl (0.18844ms)
  ✔ e2_validate_abono_finalization: proconfig (0.347096ms)
  ✔ e2_validate_abono_finalization: language_name (0.222378ms)
  ✔ e2_validate_abono_finalization: owner_name (0.195985ms)
  ✔ e2_validate_abono_finalization: result_type (0.198153ms)
  ✔ e2_validate_abono_finalization: identity_arguments (0.303578ms)
  ✔ e2_validate_abono_finalization: tgenabled (0.212157ms)
  ✔ e2_validate_abono_finalization: tgtype (0.188122ms)
  ✔ e2_validate_abono_finalization: table_name (0.184091ms)
  ✔ e2_validate_abono_finalization: function_name (0.233347ms)
  ✔ e2_validate_abono_finalization: function_schema (0.190663ms)
  ✔ e2_validate_abono_finalization: args_length (0.181267ms)
  ✔ e2_validate_abono_finalization: trigger_attr (0.182609ms)
  ✔ e2_validate_abono_finalization: has_parent (0.217286ms)
  ✔ e2_validate_abono_finalization: has_qual (0.197885ms)
  ✔ e2_validate_abono_finalization: has_constraint (0.187689ms)
  ✔ e2_validate_abono_finalization: tgdeferrable (0.187112ms)
  ✔ e2_validate_abono_finalization: tginitdeferred (0.212957ms)
  ✔ e2_proof_immutable: missing (0.199803ms)
  ✔ e2_proof_immutable: prosrc (0.267447ms)
  ✔ e2_proof_immutable: prokind (0.200629ms)
  ✔ e2_proof_immutable: provolatile (0.230412ms)
  ✔ e2_proof_immutable: proparallel (0.19799ms)
  ✔ e2_proof_immutable: prosecdef (0.189587ms)
  ✔ e2_proof_immutable: proleakproof (0.423972ms)
  ✔ e2_proof_immutable: proisstrict (0.270015ms)
  ✔ e2_proof_immutable: proretset (0.305537ms)
  ✔ e2_proof_immutable: proacl (0.319242ms)
  ✔ e2_proof_immutable: proconfig (0.219652ms)
  ✔ e2_proof_immutable: language_name (0.193399ms)
  ✔ e2_proof_immutable: owner_name (0.188085ms)
  ✔ e2_proof_immutable: result_type (0.271186ms)
  ✔ e2_proof_immutable: identity_arguments (0.209985ms)
  ✔ e2_proof_immutable: tgenabled (0.347511ms)
  ✔ e2_proof_immutable: tgtype (0.263956ms)
  ✔ e2_proof_immutable: table_name (0.223143ms)
  ✔ e2_proof_immutable: function_name (0.206058ms)
  ✔ e2_proof_immutable: function_schema (0.186402ms)
  ✔ e2_proof_immutable: args_length (0.222759ms)
  ✔ e2_proof_immutable: trigger_attr (0.200408ms)
  ✔ e2_proof_immutable: has_parent (0.189238ms)
  ✔ e2_proof_immutable: has_qual (0.197369ms)
  ✔ e2_proof_immutable: has_constraint (0.188996ms)
  ✔ e2_proof_immutable: tgdeferrable (0.205077ms)
  ✔ e2_proof_immutable: tginitdeferred (0.89697ms)
  ✔ e2_validate_unused_proof: missing (0.247133ms)
  ✔ e2_validate_unused_proof: prosrc (0.237424ms)
  ✔ e2_validate_unused_proof: prokind (0.364787ms)
  ✔ e2_validate_unused_proof: provolatile (0.266769ms)
  ✔ e2_validate_unused_proof: proparallel (0.207577ms)
  ✔ e2_validate_unused_proof: prosecdef (0.383449ms)
  ✔ e2_validate_unused_proof: proleakproof (0.324512ms)
  ✔ e2_validate_unused_proof: proisstrict (0.219011ms)
  ✔ e2_validate_unused_proof: proretset (0.287275ms)
  ✔ e2_validate_unused_proof: proacl (0.314331ms)
  ✔ e2_validate_unused_proof: proconfig (0.25889ms)
  ✔ e2_validate_unused_proof: language_name (0.292745ms)
  ✔ e2_validate_unused_proof: owner_name (0.226695ms)
  ✔ e2_validate_unused_proof: result_type (0.210118ms)
  ✔ e2_validate_unused_proof: identity_arguments (0.1954ms)
  ✔ e2_validate_unused_proof: tgenabled (0.226122ms)
  ✔ e2_validate_unused_proof: tgtype (0.222184ms)
  ✔ e2_validate_unused_proof: table_name (0.190092ms)
  ✔ e2_validate_unused_proof: function_name (0.201115ms)
  ✔ e2_validate_unused_proof: function_schema (0.230733ms)
  ✔ e2_validate_unused_proof: args_length (0.510041ms)
  ✔ e2_validate_unused_proof: trigger_attr (0.433378ms)
  ✔ e2_validate_unused_proof: has_parent (0.246337ms)
  ✔ e2_validate_unused_proof: has_qual (0.206576ms)
  ✔ e2_validate_unused_proof: has_constraint (0.199183ms)
  ✔ e2_validate_unused_proof: tgdeferrable (0.30818ms)
  ✔ e2_validate_unused_proof: tginitdeferred (0.216191ms)
  ✔ e2_abono_finalization_complete: missing (0.177793ms)
  ✔ e2_abono_finalization_complete: prosrc (0.199316ms)
  ✔ e2_abono_finalization_complete: prokind (0.216424ms)
  ✔ e2_abono_finalization_complete: provolatile (0.197083ms)
  ✔ e2_abono_finalization_complete: proparallel (0.193539ms)
  ✔ e2_abono_finalization_complete: prosecdef (0.194891ms)
  ✔ e2_abono_finalization_complete: proleakproof (0.271471ms)
  ✔ e2_abono_finalization_complete: proisstrict (0.231181ms)
  ✔ e2_abono_finalization_complete: proretset (0.248849ms)
  ✔ e2_abono_finalization_complete: proacl (0.245349ms)
  ✔ e2_abono_finalization_complete: proconfig (0.213408ms)
  ✔ e2_abono_finalization_complete: language_name (0.19922ms)
  ✔ e2_abono_finalization_complete: owner_name (0.193887ms)
  ✔ e2_abono_finalization_complete: result_type (0.269272ms)
  ✔ e2_abono_finalization_complete: identity_arguments (0.221474ms)
  ✔ e2_abono_finalization_complete: tgenabled (0.207199ms)
  ✔ e2_abono_finalization_complete: tgtype (0.198157ms)
  ✔ e2_abono_finalization_complete: table_name (1.056729ms)
  ✔ e2_abono_finalization_complete: function_name (0.261781ms)
  ✔ e2_abono_finalization_complete: function_schema (0.207307ms)
  ✔ e2_abono_finalization_complete: args_length (0.195114ms)
  ✔ e2_abono_finalization_complete: trigger_attr (0.229427ms)
  ✔ e2_abono_finalization_complete: has_parent (0.212933ms)
  ✔ e2_abono_finalization_complete: has_qual (0.294436ms)
  ✔ e2_abono_finalization_complete: has_constraint (0.248542ms)
  ✔ e2_abono_finalization_complete: tgdeferrable (0.310088ms)
  ✔ e2_abono_finalization_complete: tginitdeferred (0.212542ms)
  ✔ e2_capture_application_order: missing (0.169655ms)
  ✔ e2_capture_application_order: prosrc (0.200461ms)
  ✔ e2_capture_application_order: prokind (0.255409ms)
  ✔ e2_capture_application_order: provolatile (0.206599ms)
  ✔ e2_capture_application_order: proparallel (0.200731ms)
  ✔ e2_capture_application_order: prosecdef (0.243895ms)
  ✔ e2_capture_application_order: proleakproof (0.227514ms)
  ✔ e2_capture_application_order: proisstrict (0.202554ms)
  ✔ e2_capture_application_order: proretset (0.196788ms)
  ✔ e2_capture_application_order: proacl (0.393613ms)
  ✔ e2_capture_application_order: proconfig (0.285421ms)
  ✔ e2_capture_application_order: language_name (0.229574ms)
  ✔ e2_capture_application_order: owner_name (0.571986ms)
  ✔ e2_capture_application_order: result_type (0.289168ms)
  ✔ e2_capture_application_order: identity_arguments (0.26545ms)
  ✔ e2_capture_application_order: tgenabled (0.222125ms)
  ✔ e2_capture_application_order: tgtype (0.211191ms)
  ✔ e2_capture_application_order: table_name (0.298364ms)
  ✔ e2_capture_application_order: function_name (0.237843ms)
  ✔ e2_capture_application_order: function_schema (0.207807ms)
  ✔ e2_capture_application_order: args_length (0.205581ms)
  ✔ e2_capture_application_order: trigger_attr (0.367139ms)
  ✔ e2_capture_application_order: has_parent (0.235373ms)
  ✔ e2_capture_application_order: has_qual (0.220039ms)
  ✔ e2_capture_application_order: has_constraint (0.20375ms)
  ✔ e2_capture_application_order: tgdeferrable (0.2585ms)
  ✔ e2_capture_application_order: tginitdeferred (0.254266ms)
  ✔ e2_finalize_new_abono: missing (0.342082ms)
  ✔ e2_finalize_new_abono: prosrc (0.273487ms)
  ✔ e2_finalize_new_abono: prokind (0.233132ms)
  ✔ e2_finalize_new_abono: provolatile (0.258172ms)
  ✔ e2_finalize_new_abono: proparallel (0.240584ms)
  ✔ e2_finalize_new_abono: prosecdef (0.27637ms)
  ✔ e2_finalize_new_abono: proleakproof (0.347448ms)
  ✔ e2_finalize_new_abono: proisstrict (0.244385ms)
  ✔ e2_finalize_new_abono: proretset (0.303523ms)
  ✔ e2_finalize_new_abono: proacl (0.24111ms)
  ✔ e2_finalize_new_abono: proconfig (0.369343ms)
  ✔ e2_finalize_new_abono: language_name (0.2906ms)
  ✔ e2_finalize_new_abono: owner_name (0.354294ms)
  ✔ e2_finalize_new_abono: result_type (0.471973ms)
  ✔ e2_finalize_new_abono: identity_arguments (0.486112ms)
  ✔ e2_attest_new_retained: missing (0.270488ms)
  ✔ e2_attest_new_retained: prosrc (0.245312ms)
  ✔ e2_attest_new_retained: prokind (0.343027ms)
  ✔ e2_attest_new_retained: provolatile (0.321538ms)
  ✔ e2_attest_new_retained: proparallel (0.391477ms)
  ✔ e2_attest_new_retained: prosecdef (0.265768ms)
  ✔ e2_attest_new_retained: proleakproof (0.238025ms)
  ✔ e2_attest_new_retained: proisstrict (0.349087ms)
  ✔ e2_attest_new_retained: proretset (0.25302ms)
  ✔ e2_attest_new_retained: proacl (0.332807ms)
  ✔ e2_attest_new_retained: proconfig (0.325283ms)
  ✔ e2_attest_new_retained: language_name (0.248575ms)
  ✔ e2_attest_new_retained: owner_name (0.27205ms)
  ✔ e2_attest_new_retained: result_type (0.287868ms)
  ✔ e2_attest_new_retained: identity_arguments (0.69318ms)
✔ A+C mock preflight independently rejects each catalog drift (186.407308ms)
ℹ tests 428
ℹ suites 0
ℹ pass 427
ℹ fail 1
ℹ cancelled 0
ℹ skipped 0
ℹ todo 0
ℹ duration_ms 665.626556

✖ failing tests:

test at reports/e2-apertura-limitada/evidencia-a-c/negative-offline.test.mjs:150:1
✖ actual core rejects directed result/amount mismatches before persistence (1.048223ms)
  AssertionError [ERR_ASSERTION]: Missing expected rejection: directed FULL/2500: mismatch must reject before persistence
      at async TestContext.<anonymous> (file:///home/runner/workspace/reports/e2-apertura-limitada/evidencia-a-c/negative-offline.test.mjs:161:5)
      at async Test.run (node:internal/test_runner/test:1113:7)
      at async Test.processPendingSubtests (node:internal/test_runner/test:788:7) {
    generatedMessage: false,
    code: 'ERR_ASSERTION',
    actual: undefined,
    expected: /dirigida.*FULL/,
    operator: 'rejects',
    diff: 'simple'
  }
