✔ mounted ordinary producer: UNUSED/PARTIAL/FULL and FIFO persistence ordering (292.654176ms)
✔ mounted directed approval finalizes FULL only after its application (31.615887ms)
✖ actual core rejects directed result/amount mismatches before persistence (1.09186ms)
✔ positive proof is mandatory in the real refund service (63.943257ms)
✔ real refund service accepts both origins and rejects absent/used ABONO finalization (67.010315ms)
✔ R4 application-order guard exists in prepared SQL (LEXICAL ONLY, not SQL semantics) (0.48376ms)
▶ A+C mock preflight independently rejects each catalog drift
  ✔ finalizaciones_abono_e2.abono_id: missing (0.690798ms)
  ✔ finalizaciones_abono_e2.abono_id: data_type (0.427171ms)
  ✔ finalizaciones_abono_e2.abono_id: is_nullable (0.373816ms)
  ✔ finalizaciones_abono_e2.abono_id: column_default (0.523437ms)
  ✔ finalizaciones_abono_e2.operacion_productor: missing (0.260045ms)
  ✔ finalizaciones_abono_e2.operacion_productor: data_type (0.488512ms)
  ✔ finalizaciones_abono_e2.operacion_productor: is_nullable (0.285188ms)
  ✔ finalizaciones_abono_e2.operacion_productor: column_default (0.237665ms)
  ✔ finalizaciones_abono_e2.operacion_clave: missing (0.358168ms)
  ✔ finalizaciones_abono_e2.operacion_clave: data_type (0.214457ms)
  ✔ finalizaciones_abono_e2.operacion_clave: is_nullable (0.19682ms)
  ✔ finalizaciones_abono_e2.operacion_clave: column_default (0.284702ms)
  ✔ finalizaciones_abono_e2.cliente_id: missing (0.268357ms)
  ✔ finalizaciones_abono_e2.cliente_id: data_type (0.256916ms)
  ✔ finalizaciones_abono_e2.cliente_id: is_nullable (0.303405ms)
  ✔ finalizaciones_abono_e2.cliente_id: column_default (0.226054ms)
  ✔ finalizaciones_abono_e2.importe: missing (0.216767ms)
  ✔ finalizaciones_abono_e2.importe: data_type (0.228781ms)
  ✔ finalizaciones_abono_e2.importe: is_nullable (0.23691ms)
  ✔ finalizaciones_abono_e2.importe: column_default (0.198613ms)
  ✔ finalizaciones_abono_e2.importe: numeric_precision (0.190092ms)
  ✔ finalizaciones_abono_e2.importe: numeric_scale (0.318748ms)
  ✔ finalizaciones_abono_e2.resultado: missing (0.238364ms)
  ✔ finalizaciones_abono_e2.resultado: data_type (0.185593ms)
  ✔ finalizaciones_abono_e2.resultado: is_nullable (0.335571ms)
  ✔ finalizaciones_abono_e2.resultado: column_default (0.356465ms)
  ✔ finalizaciones_abono_e2.aplicado: missing (0.289239ms)
  ✔ finalizaciones_abono_e2.aplicado: data_type (0.262324ms)
  ✔ finalizaciones_abono_e2.aplicado: is_nullable (0.311761ms)
  ✔ finalizaciones_abono_e2.aplicado: column_default (0.348787ms)
  ✔ finalizaciones_abono_e2.aplicado: numeric_precision (0.242376ms)
  ✔ finalizaciones_abono_e2.aplicado: numeric_scale (0.182914ms)
  ✔ finalizaciones_abono_e2.evaluacion: missing (0.454415ms)
  ✔ finalizaciones_abono_e2.evaluacion: data_type (0.279583ms)
  ✔ finalizaciones_abono_e2.evaluacion: is_nullable (0.184457ms)
  ✔ finalizaciones_abono_e2.evaluacion: column_default (0.166004ms)
  ✔ finalizaciones_abono_e2.contrato_revision: missing (0.304485ms)
  ✔ finalizaciones_abono_e2.contrato_revision: data_type (0.211463ms)
  ✔ finalizaciones_abono_e2.contrato_revision: is_nullable (0.175576ms)
  ✔ finalizaciones_abono_e2.contrato_revision: column_default (0.167165ms)
  ✔ finalizaciones_abono_e2.created_at: missing (0.215835ms)
  ✔ finalizaciones_abono_e2.created_at: data_type (0.17351ms)
  ✔ finalizaciones_abono_e2.created_at: is_nullable (0.165437ms)
  ✔ finalizaciones_abono_e2.created_at: column_default (0.167901ms)
  ✔ evidencia_no_aplicada_e2.fuente: missing (0.221694ms)
  ✔ evidencia_no_aplicada_e2.fuente: data_type (0.194011ms)
  ✔ evidencia_no_aplicada_e2.fuente: is_nullable (0.220078ms)
  ✔ evidencia_no_aplicada_e2.fuente: column_default (0.164024ms)
  ✔ evidencia_no_aplicada_e2.abono_id: missing (0.207221ms)
  ✔ evidencia_no_aplicada_e2.abono_id: data_type (0.187993ms)
  ✔ evidencia_no_aplicada_e2.abono_id: is_nullable (0.167747ms)
  ✔ evidencia_no_aplicada_e2.abono_id: column_default (0.167376ms)
  ✔ evidencia_no_aplicada_e2.cobro_productor: missing (0.161679ms)
  ✔ evidencia_no_aplicada_e2.cobro_productor: data_type (0.298167ms)
  ✔ evidencia_no_aplicada_e2.cobro_productor: is_nullable (0.225577ms)
  ✔ evidencia_no_aplicada_e2.cobro_productor: column_default (0.203223ms)
  ✔ evidencia_no_aplicada_e2.cobro_clave: missing (0.207362ms)
  ✔ evidencia_no_aplicada_e2.cobro_clave: data_type (0.171171ms)
  ✔ evidencia_no_aplicada_e2.cobro_clave: is_nullable (0.169327ms)
  ✔ evidencia_no_aplicada_e2.cobro_clave: column_default (0.162752ms)
  ✔ evidencia_no_aplicada_e2.cliente_id: missing (0.161637ms)
  ✔ evidencia_no_aplicada_e2.cliente_id: data_type (0.350591ms)
  ✔ evidencia_no_aplicada_e2.cliente_id: is_nullable (0.222532ms)
  ✔ evidencia_no_aplicada_e2.cliente_id: column_default (0.182409ms)
  ✔ evidencia_no_aplicada_e2.importe: missing (0.222319ms)
  ✔ evidencia_no_aplicada_e2.importe: data_type (0.17036ms)
  ✔ evidencia_no_aplicada_e2.importe: is_nullable (0.165706ms)
  ✔ evidencia_no_aplicada_e2.importe: column_default (0.16477ms)
  ✔ evidencia_no_aplicada_e2.importe: numeric_precision (0.162496ms)
  ✔ evidencia_no_aplicada_e2.importe: numeric_scale (0.19963ms)
  ✔ evidencia_no_aplicada_e2.forma_pago: missing (0.26588ms)
  ✔ evidencia_no_aplicada_e2.forma_pago: data_type (0.18717ms)
  ✔ evidencia_no_aplicada_e2.forma_pago: is_nullable (0.204748ms)
  ✔ evidencia_no_aplicada_e2.forma_pago: column_default (0.185113ms)
  ✔ evidencia_no_aplicada_e2.naturaleza: missing (0.170232ms)
  ✔ evidencia_no_aplicada_e2.naturaleza: data_type (0.168339ms)
  ✔ evidencia_no_aplicada_e2.naturaleza: is_nullable (0.188718ms)
  ✔ evidencia_no_aplicada_e2.naturaleza: column_default (0.240374ms)
  ✔ evidencia_no_aplicada_e2.created_at: missing (0.180506ms)
  ✔ evidencia_no_aplicada_e2.created_at: data_type (0.202379ms)
  ✔ evidencia_no_aplicada_e2.created_at: is_nullable (0.208084ms)
  ✔ evidencia_no_aplicada_e2.created_at: column_default (0.463383ms)
  ✔ finalizaciones_abono_e2_pkey: missing (0.250354ms)
  ✔ finalizaciones_abono_e2_pkey: table_name (0.443212ms)
  ✔ finalizaciones_abono_e2_pkey: definition (0.354905ms)
  ✔ finalizaciones_abono_e2_pkey: convalidated (0.256175ms)
  ✔ finalizaciones_abono_e2_pkey: condeferrable (0.198184ms)
  ✔ finalizaciones_abono_e2_pkey: condeferred (0.177227ms)
  ✔ finalizaciones_abono_e2_pkey: index_valid (0.172238ms)
  ✔ finalizaciones_abono_e2_abono_id_fkey: missing (0.218654ms)
  ✔ finalizaciones_abono_e2_abono_id_fkey: table_name (0.189573ms)
  ✔ finalizaciones_abono_e2_abono_id_fkey: definition (0.252775ms)
  ✔ finalizaciones_abono_e2_abono_id_fkey: convalidated (0.212548ms)
  ✔ finalizaciones_abono_e2_abono_id_fkey: condeferrable (0.395976ms)
  ✔ finalizaciones_abono_e2_abono_id_fkey: condeferred (0.187741ms)
  ✔ finalizaciones_abono_e2_abono_id_fkey: index_valid (0.173581ms)
  ✔ finalizaciones_abono_e2_cliente_id_fkey: missing (0.32117ms)
  ✔ finalizaciones_abono_e2_cliente_id_fkey: table_name (0.247751ms)
  ✔ finalizaciones_abono_e2_cliente_id_fkey: definition (0.223263ms)
  ✔ finalizaciones_abono_e2_cliente_id_fkey: convalidated (0.238906ms)
  ✔ finalizaciones_abono_e2_cliente_id_fkey: condeferrable (0.187396ms)
  ✔ finalizaciones_abono_e2_cliente_id_fkey: condeferred (0.173293ms)
  ✔ finalizaciones_abono_e2_cliente_id_fkey: index_valid (0.178704ms)
  ✔ finalizaciones_abono_e2_operacion_productor_operacion_clave_key: missing (0.213563ms)
  ✔ finalizaciones_abono_e2_operacion_productor_operacion_clave_key: table_name (0.262366ms)
  ✔ finalizaciones_abono_e2_operacion_productor_operacion_clave_key: definition (0.306447ms)
  ✔ finalizaciones_abono_e2_operacion_productor_operacion_clave_key: convalidated (0.210425ms)
  ✔ finalizaciones_abono_e2_operacion_productor_operacion_clave_key: condeferrable (0.189852ms)
  ✔ finalizaciones_abono_e2_operacion_productor_operacion_clave_key: condeferred (0.185846ms)
  ✔ finalizaciones_abono_e2_operacion_productor_operacion_clave_key: index_valid (0.181276ms)
  ✔ finalizaciones_abono_e2_importe_check: missing (0.28835ms)
  ✔ finalizaciones_abono_e2_importe_check: table_name (0.198787ms)
  ✔ finalizaciones_abono_e2_importe_check: definition (0.177827ms)
  ✔ finalizaciones_abono_e2_importe_check: convalidated (0.176998ms)
  ✔ finalizaciones_abono_e2_importe_check: condeferrable (0.225366ms)
  ✔ finalizaciones_abono_e2_importe_check: condeferred (0.218101ms)
  ✔ finalizaciones_abono_e2_importe_check: index_valid (0.172558ms)
  ✔ finalizaciones_abono_e2_resultado_check: missing (0.170473ms)
  ✔ finalizaciones_abono_e2_resultado_check: table_name (0.265332ms)
  ✔ finalizaciones_abono_e2_resultado_check: definition (0.193965ms)
  ✔ finalizaciones_abono_e2_resultado_check: convalidated (0.186643ms)
  ✔ finalizaciones_abono_e2_resultado_check: condeferrable (0.1854ms)
  ✔ finalizaciones_abono_e2_resultado_check: condeferred (0.208242ms)
  ✔ finalizaciones_abono_e2_resultado_check: index_valid (0.191504ms)
  ✔ finalizaciones_abono_e2_aplicado_check: missing (0.172168ms)
  ✔ finalizaciones_abono_e2_aplicado_check: table_name (0.175803ms)
  ✔ finalizaciones_abono_e2_aplicado_check: definition (0.180145ms)
  ✔ finalizaciones_abono_e2_aplicado_check: convalidated (0.297415ms)
  ✔ finalizaciones_abono_e2_aplicado_check: condeferrable (0.752049ms)
  ✔ finalizaciones_abono_e2_aplicado_check: condeferred (0.403597ms)
  ✔ finalizaciones_abono_e2_aplicado_check: index_valid (0.374728ms)
  ✔ finalizaciones_abono_e2_evaluacion_check: missing (0.22363ms)
  ✔ finalizaciones_abono_e2_evaluacion_check: table_name (0.206538ms)
  ✔ finalizaciones_abono_e2_evaluacion_check: definition (0.386203ms)
  ✔ finalizaciones_abono_e2_evaluacion_check: convalidated (0.238134ms)
  ✔ finalizaciones_abono_e2_evaluacion_check: condeferrable (0.204052ms)
  ✔ finalizaciones_abono_e2_evaluacion_check: condeferred (0.19445ms)
  ✔ finalizaciones_abono_e2_evaluacion_check: index_valid (0.217592ms)
  ✔ finalizaciones_abono_e2_contrato_revision_check: missing (0.178744ms)
  ✔ finalizaciones_abono_e2_contrato_revision_check: table_name (0.190748ms)
  ✔ finalizaciones_abono_e2_contrato_revision_check: definition (0.189474ms)
  ✔ finalizaciones_abono_e2_contrato_revision_check: convalidated (0.272775ms)
  ✔ finalizaciones_abono_e2_contrato_revision_check: condeferrable (0.24918ms)
  ✔ finalizaciones_abono_e2_contrato_revision_check: condeferred (0.248357ms)
  ✔ finalizaciones_abono_e2_contrato_revision_check: index_valid (0.287645ms)
  ✔ finalizaciones_abono_e2_check: missing (0.187608ms)
  ✔ finalizaciones_abono_e2_check: table_name (0.194736ms)
  ✔ finalizaciones_abono_e2_check: definition (0.19075ms)
  ✔ finalizaciones_abono_e2_check: convalidated (0.238975ms)
  ✔ finalizaciones_abono_e2_check: condeferrable (0.252777ms)
  ✔ finalizaciones_abono_e2_check: condeferred (0.207726ms)
  ✔ finalizaciones_abono_e2_check: index_valid (0.284894ms)
  ✔ finalizaciones_abono_e2_operacion_productor_check: missing (0.186857ms)
  ✔ finalizaciones_abono_e2_operacion_productor_check: table_name (0.192733ms)
  ✔ finalizaciones_abono_e2_operacion_productor_check: definition (0.191603ms)
  ✔ finalizaciones_abono_e2_operacion_productor_check: convalidated (0.271511ms)
  ✔ finalizaciones_abono_e2_operacion_productor_check: condeferrable (0.227048ms)
  ✔ finalizaciones_abono_e2_operacion_productor_check: condeferred (0.195562ms)
  ✔ finalizaciones_abono_e2_operacion_productor_check: index_valid (0.192733ms)
  ✔ evidencia_no_aplicada_e2_pkey: missing (0.191258ms)
  ✔ evidencia_no_aplicada_e2_pkey: table_name (0.302721ms)
  ✔ evidencia_no_aplicada_e2_pkey: definition (0.296808ms)
  ✔ evidencia_no_aplicada_e2_pkey: convalidated (0.319263ms)
  ✔ evidencia_no_aplicada_e2_pkey: condeferrable (8.729076ms)
  ✔ evidencia_no_aplicada_e2_pkey: condeferred (0.320437ms)
  ✔ evidencia_no_aplicada_e2_pkey: index_valid (0.261407ms)
  ✔ evidencia_no_aplicada_e2_abono_id_key: missing (0.174874ms)
  ✔ evidencia_no_aplicada_e2_abono_id_key: table_name (0.226716ms)
  ✔ evidencia_no_aplicada_e2_abono_id_key: definition (0.223921ms)
  ✔ evidencia_no_aplicada_e2_abono_id_key: convalidated (0.252677ms)
  ✔ evidencia_no_aplicada_e2_abono_id_key: condeferrable (0.18466ms)
  ✔ evidencia_no_aplicada_e2_abono_id_key: condeferred (0.166ms)
  ✔ evidencia_no_aplicada_e2_abono_id_key: index_valid (0.158446ms)
  ✔ evidencia_no_aplicada_e2_cobro_clave_key: missing (0.15197ms)
  ✔ evidencia_no_aplicada_e2_cobro_clave_key: table_name (0.707185ms)
  ✔ evidencia_no_aplicada_e2_cobro_clave_key: definition (0.174238ms)
  ✔ evidencia_no_aplicada_e2_cobro_clave_key: convalidated (0.246691ms)
  ✔ evidencia_no_aplicada_e2_cobro_clave_key: condeferrable (0.174544ms)
  ✔ evidencia_no_aplicada_e2_cobro_clave_key: condeferred (0.161229ms)
  ✔ evidencia_no_aplicada_e2_cobro_clave_key: index_valid (0.184331ms)
  ✔ evidencia_no_aplicada_e2_cobro_productor_cobro_clave_fkey: missing (0.156762ms)
  ✔ evidencia_no_aplicada_e2_cobro_productor_cobro_clave_fkey: table_name (0.199591ms)
  ✔ evidencia_no_aplicada_e2_cobro_productor_cobro_clave_fkey: definition (0.159294ms)
  ✔ evidencia_no_aplicada_e2_cobro_productor_cobro_clave_fkey: convalidated (0.172098ms)
  ✔ evidencia_no_aplicada_e2_cobro_productor_cobro_clave_fkey: condeferrable (0.206088ms)
  ✔ evidencia_no_aplicada_e2_cobro_productor_cobro_clave_fkey: condeferred (0.241822ms)
  ✔ evidencia_no_aplicada_e2_cobro_productor_cobro_clave_fkey: index_valid (0.238368ms)
  ✔ evidencia_no_aplicada_e2_abono_id_fkey: missing (0.157534ms)
  ✔ evidencia_no_aplicada_e2_abono_id_fkey: table_name (0.160486ms)
  ✔ evidencia_no_aplicada_e2_abono_id_fkey: definition (0.39608ms)
  ✔ evidencia_no_aplicada_e2_abono_id_fkey: convalidated (0.210193ms)
  ✔ evidencia_no_aplicada_e2_abono_id_fkey: condeferrable (0.16621ms)
  ✔ evidencia_no_aplicada_e2_abono_id_fkey: condeferred (0.156102ms)
  ✔ evidencia_no_aplicada_e2_abono_id_fkey: index_valid (0.276444ms)
  ✔ evidencia_no_aplicada_e2_cliente_id_fkey: missing (0.163187ms)
  ✔ evidencia_no_aplicada_e2_cliente_id_fkey: table_name (0.191989ms)
  ✔ evidencia_no_aplicada_e2_cliente_id_fkey: definition (0.16665ms)
  ✔ evidencia_no_aplicada_e2_cliente_id_fkey: convalidated (0.198146ms)
  ✔ evidencia_no_aplicada_e2_cliente_id_fkey: condeferrable (0.319422ms)
  ✔ evidencia_no_aplicada_e2_cliente_id_fkey: condeferred (0.210103ms)
  ✔ evidencia_no_aplicada_e2_cliente_id_fkey: index_valid (0.172265ms)
  ✔ evidencia_no_aplicada_e2_importe_check: missing (0.221149ms)
  ✔ evidencia_no_aplicada_e2_importe_check: table_name (0.174657ms)
  ✔ evidencia_no_aplicada_e2_importe_check: definition (0.151328ms)
  ✔ evidencia_no_aplicada_e2_importe_check: convalidated (0.151475ms)
  ✔ evidencia_no_aplicada_e2_importe_check: condeferrable (0.153172ms)
  ✔ evidencia_no_aplicada_e2_importe_check: condeferred (0.191071ms)
  ✔ evidencia_no_aplicada_e2_importe_check: index_valid (0.163869ms)
  ✔ evidencia_no_aplicada_e2_forma_pago_check: missing (0.163283ms)
  ✔ evidencia_no_aplicada_e2_forma_pago_check: table_name (0.176692ms)
  ✔ evidencia_no_aplicada_e2_forma_pago_check: definition (0.316693ms)
  ✔ evidencia_no_aplicada_e2_forma_pago_check: convalidated (0.240696ms)
  ✔ evidencia_no_aplicada_e2_forma_pago_check: condeferrable (0.181852ms)
  ✔ evidencia_no_aplicada_e2_forma_pago_check: condeferred (0.170402ms)
  ✔ evidencia_no_aplicada_e2_forma_pago_check: index_valid (0.21257ms)
  ✔ evidencia_no_aplicada_e2_naturaleza_check: missing (0.148013ms)
  ✔ evidencia_no_aplicada_e2_naturaleza_check: table_name (0.16273ms)
  ✔ evidencia_no_aplicada_e2_naturaleza_check: definition (0.158439ms)
  ✔ evidencia_no_aplicada_e2_naturaleza_check: convalidated (0.155223ms)
  ✔ evidencia_no_aplicada_e2_naturaleza_check: condeferrable (0.186459ms)
  ✔ evidencia_no_aplicada_e2_naturaleza_check: condeferred (0.162451ms)
  ✔ evidencia_no_aplicada_e2_naturaleza_check: index_valid (0.157279ms)
  ✔ evidencia_no_aplicada_e2_check: missing (0.137185ms)
  ✔ evidencia_no_aplicada_e2_check: table_name (0.151231ms)
  ✔ evidencia_no_aplicada_e2_check: definition (0.206159ms)
  ✔ evidencia_no_aplicada_e2_check: convalidated (0.16883ms)
  ✔ evidencia_no_aplicada_e2_check: condeferrable (0.162858ms)
  ✔ evidencia_no_aplicada_e2_check: condeferred (0.22108ms)
  ✔ evidencia_no_aplicada_e2_check: index_valid (0.28696ms)
  ✔ e2_finalization_immutable: missing (0.278547ms)
  ✔ e2_finalization_immutable: prosrc (0.265299ms)
  ✔ e2_finalization_immutable: prokind (0.231422ms)
  ✔ e2_finalization_immutable: provolatile (0.1995ms)
  ✔ e2_finalization_immutable: proparallel (0.274032ms)
  ✔ e2_finalization_immutable: prosecdef (0.23437ms)
  ✔ e2_finalization_immutable: proleakproof (0.299645ms)
  ✔ e2_finalization_immutable: proisstrict (0.203365ms)
  ✔ e2_finalization_immutable: proretset (0.299349ms)
  ✔ e2_finalization_immutable: proacl (0.208265ms)
  ✔ e2_finalization_immutable: proconfig (0.194911ms)
  ✔ e2_finalization_immutable: language_name (0.188644ms)
  ✔ e2_finalization_immutable: owner_name (0.2233ms)
  ✔ e2_finalization_immutable: result_type (0.262098ms)
  ✔ e2_finalization_immutable: identity_arguments (0.205387ms)
  ✔ e2_finalization_immutable: tgenabled (0.24479ms)
  ✔ e2_finalization_immutable: tgtype (0.210375ms)
  ✔ e2_finalization_immutable: table_name (0.245519ms)
  ✔ e2_finalization_immutable: function_name (0.202468ms)
  ✔ e2_finalization_immutable: function_schema (0.299757ms)
  ✔ e2_finalization_immutable: args_length (0.337656ms)
  ✔ e2_finalization_immutable: trigger_attr (0.279807ms)
  ✔ e2_finalization_immutable: has_parent (0.239758ms)
  ✔ e2_finalization_immutable: has_qual (0.19151ms)
  ✔ e2_finalization_immutable: has_constraint (0.189196ms)
  ✔ e2_finalization_immutable: tgdeferrable (0.274744ms)
  ✔ e2_finalization_immutable: tginitdeferred (0.240392ms)
  ✔ e2_validate_abono_finalization: missing (0.177711ms)
  ✔ e2_validate_abono_finalization: prosrc (0.282843ms)
  ✔ e2_validate_abono_finalization: prokind (0.250936ms)
  ✔ e2_validate_abono_finalization: provolatile (0.203827ms)
  ✔ e2_validate_abono_finalization: proparallel (0.200909ms)
  ✔ e2_validate_abono_finalization: prosecdef (0.197223ms)
  ✔ e2_validate_abono_finalization: proleakproof (0.253975ms)
  ✔ e2_validate_abono_finalization: proisstrict (0.201998ms)
  ✔ e2_validate_abono_finalization: proretset (0.187625ms)
  ✔ e2_validate_abono_finalization: proacl (0.194676ms)
  ✔ e2_validate_abono_finalization: proconfig (0.303026ms)
  ✔ e2_validate_abono_finalization: language_name (0.213157ms)
  ✔ e2_validate_abono_finalization: owner_name (0.199614ms)
  ✔ e2_validate_abono_finalization: result_type (0.19218ms)
  ✔ e2_validate_abono_finalization: identity_arguments (0.400323ms)
  ✔ e2_validate_abono_finalization: tgenabled (0.256287ms)
  ✔ e2_validate_abono_finalization: tgtype (0.211105ms)
  ✔ e2_validate_abono_finalization: table_name (0.244241ms)
  ✔ e2_validate_abono_finalization: function_name (0.201023ms)
  ✔ e2_validate_abono_finalization: function_schema (0.2004ms)
  ✔ e2_validate_abono_finalization: args_length (0.195545ms)
  ✔ e2_validate_abono_finalization: trigger_attr (0.251413ms)
  ✔ e2_validate_abono_finalization: has_parent (0.205723ms)
  ✔ e2_validate_abono_finalization: has_qual (0.202755ms)
  ✔ e2_validate_abono_finalization: has_constraint (0.197025ms)
  ✔ e2_validate_abono_finalization: tgdeferrable (0.233485ms)
  ✔ e2_validate_abono_finalization: tginitdeferred (0.211012ms)
  ✔ e2_proof_immutable: missing (0.185615ms)
  ✔ e2_proof_immutable: prosrc (0.218567ms)
  ✔ e2_proof_immutable: prokind (0.341822ms)
  ✔ e2_proof_immutable: provolatile (0.214355ms)
  ✔ e2_proof_immutable: proparallel (0.243454ms)
  ✔ e2_proof_immutable: prosecdef (0.250693ms)
  ✔ e2_proof_immutable: proleakproof (0.256332ms)
  ✔ e2_proof_immutable: proisstrict (0.269133ms)
  ✔ e2_proof_immutable: proretset (0.311265ms)
  ✔ e2_proof_immutable: proacl (0.261765ms)
  ✔ e2_proof_immutable: proconfig (0.2106ms)
  ✔ e2_proof_immutable: language_name (0.201563ms)
  ✔ e2_proof_immutable: owner_name (0.232495ms)
  ✔ e2_proof_immutable: result_type (0.215656ms)
  ✔ e2_proof_immutable: identity_arguments (0.22777ms)
  ✔ e2_proof_immutable: tgenabled (0.201539ms)
  ✔ e2_proof_immutable: tgtype (0.304453ms)
  ✔ e2_proof_immutable: table_name (0.212986ms)
  ✔ e2_proof_immutable: function_name (0.238557ms)
  ✔ e2_proof_immutable: function_schema (0.231572ms)
  ✔ e2_proof_immutable: args_length (0.215408ms)
  ✔ e2_proof_immutable: trigger_attr (0.203855ms)
  ✔ e2_proof_immutable: has_parent (0.200936ms)
  ✔ e2_proof_immutable: has_qual (0.234047ms)
  ✔ e2_proof_immutable: has_constraint (0.219628ms)
  ✔ e2_proof_immutable: tgdeferrable (0.205288ms)
  ✔ e2_proof_immutable: tginitdeferred (0.200691ms)
  ✔ e2_validate_unused_proof: missing (0.200744ms)
  ✔ e2_validate_unused_proof: prosrc (0.225055ms)
  ✔ e2_validate_unused_proof: prokind (0.322434ms)
  ✔ e2_validate_unused_proof: provolatile (0.516796ms)
  ✔ e2_validate_unused_proof: proparallel (0.241106ms)
  ✔ e2_validate_unused_proof: prosecdef (0.306893ms)
  ✔ e2_validate_unused_proof: proleakproof (0.377936ms)
  ✔ e2_validate_unused_proof: proisstrict (0.243026ms)
  ✔ e2_validate_unused_proof: proretset (0.374142ms)
  ✔ e2_validate_unused_proof: proacl (0.319011ms)
  ✔ e2_validate_unused_proof: proconfig (0.238743ms)
  ✔ e2_validate_unused_proof: language_name (0.256539ms)
  ✔ e2_validate_unused_proof: owner_name (0.208075ms)
  ✔ e2_validate_unused_proof: result_type (0.207568ms)
  ✔ e2_validate_unused_proof: identity_arguments (0.206781ms)
  ✔ e2_validate_unused_proof: tgenabled (0.274ms)
  ✔ e2_validate_unused_proof: tgtype (0.219308ms)
  ✔ e2_validate_unused_proof: table_name (0.204867ms)
  ✔ e2_validate_unused_proof: function_name (0.243759ms)
  ✔ e2_validate_unused_proof: function_schema (0.208192ms)
  ✔ e2_validate_unused_proof: args_length (0.213093ms)
  ✔ e2_validate_unused_proof: trigger_attr (0.324284ms)
  ✔ e2_validate_unused_proof: has_parent (0.671097ms)
  ✔ e2_validate_unused_proof: has_qual (0.270837ms)
  ✔ e2_validate_unused_proof: has_constraint (0.240305ms)
  ✔ e2_validate_unused_proof: tgdeferrable (0.221197ms)
  ✔ e2_validate_unused_proof: tginitdeferred (0.22082ms)
  ✔ e2_abono_finalization_complete: missing (0.210011ms)
  ✔ e2_abono_finalization_complete: prosrc (0.222528ms)
  ✔ e2_abono_finalization_complete: prokind (0.207916ms)
  ✔ e2_abono_finalization_complete: provolatile (0.212804ms)
  ✔ e2_abono_finalization_complete: proparallel (0.246054ms)
  ✔ e2_abono_finalization_complete: prosecdef (0.230207ms)
  ✔ e2_abono_finalization_complete: proleakproof (0.207908ms)
  ✔ e2_abono_finalization_complete: proisstrict (0.231472ms)
  ✔ e2_abono_finalization_complete: proretset (0.304249ms)
  ✔ e2_abono_finalization_complete: proacl (0.233328ms)
  ✔ e2_abono_finalization_complete: proconfig (0.216111ms)
  ✔ e2_abono_finalization_complete: language_name (0.213062ms)
  ✔ e2_abono_finalization_complete: owner_name (0.230908ms)
  ✔ e2_abono_finalization_complete: result_type (0.203292ms)
  ✔ e2_abono_finalization_complete: identity_arguments (0.210914ms)
  ✔ e2_abono_finalization_complete: tgenabled (0.237559ms)
  ✔ e2_abono_finalization_complete: tgtype (0.223198ms)
  ✔ e2_abono_finalization_complete: table_name (1.37923ms)
  ✔ e2_abono_finalization_complete: function_name (0.350788ms)
  ✔ e2_abono_finalization_complete: function_schema (0.258532ms)
  ✔ e2_abono_finalization_complete: args_length (0.231296ms)
  ✔ e2_abono_finalization_complete: trigger_attr (0.248639ms)
  ✔ e2_abono_finalization_complete: has_parent (0.257395ms)
  ✔ e2_abono_finalization_complete: has_qual (0.299733ms)
  ✔ e2_abono_finalization_complete: has_constraint (0.26101ms)
  ✔ e2_abono_finalization_complete: tgdeferrable (0.245746ms)
  ✔ e2_abono_finalization_complete: tginitdeferred (0.224489ms)
  ✔ e2_capture_application_order: missing (0.170757ms)
  ✔ e2_capture_application_order: prosrc (0.255439ms)
  ✔ e2_capture_application_order: prokind (0.226094ms)
  ✔ e2_capture_application_order: provolatile (0.213506ms)
  ✔ e2_capture_application_order: proparallel (0.203992ms)
  ✔ e2_capture_application_order: prosecdef (0.294691ms)
  ✔ e2_capture_application_order: proleakproof (0.234965ms)
  ✔ e2_capture_application_order: proisstrict (0.242158ms)
  ✔ e2_capture_application_order: proretset (0.219178ms)
  ✔ e2_capture_application_order: proacl (0.25592ms)
  ✔ e2_capture_application_order: proconfig (0.209729ms)
  ✔ e2_capture_application_order: language_name (0.203419ms)
  ✔ e2_capture_application_order: owner_name (0.281477ms)
  ✔ e2_capture_application_order: result_type (0.221388ms)
  ✔ e2_capture_application_order: identity_arguments (0.216733ms)
  ✔ e2_capture_application_order: tgenabled (0.206119ms)
  ✔ e2_capture_application_order: tgtype (0.242565ms)
  ✔ e2_capture_application_order: table_name (0.254042ms)
  ✔ e2_capture_application_order: function_name (0.214256ms)
  ✔ e2_capture_application_order: function_schema (0.21196ms)
  ✔ e2_capture_application_order: args_length (0.601667ms)
  ✔ e2_capture_application_order: trigger_attr (0.238739ms)
  ✔ e2_capture_application_order: has_parent (0.260258ms)
  ✔ e2_capture_application_order: has_qual (0.215411ms)
  ✔ e2_capture_application_order: has_constraint (0.217492ms)
  ✔ e2_capture_application_order: tgdeferrable (0.285633ms)
  ✔ e2_capture_application_order: tginitdeferred (0.227732ms)
  ✔ e2_finalize_new_abono: missing (0.324371ms)
  ✔ e2_finalize_new_abono: prosrc (0.311981ms)
  ✔ e2_finalize_new_abono: prokind (0.252732ms)
  ✔ e2_finalize_new_abono: provolatile (0.235771ms)
  ✔ e2_finalize_new_abono: proparallel (0.231354ms)
  ✔ e2_finalize_new_abono: prosecdef (0.31768ms)
  ✔ e2_finalize_new_abono: proleakproof (0.309704ms)
  ✔ e2_finalize_new_abono: proisstrict (0.346948ms)
  ✔ e2_finalize_new_abono: proretset (0.247824ms)
  ✔ e2_finalize_new_abono: proacl (0.267936ms)
  ✔ e2_finalize_new_abono: proconfig (0.396633ms)
  ✔ e2_finalize_new_abono: language_name (0.247974ms)
  ✔ e2_finalize_new_abono: owner_name (0.307817ms)
  ✔ e2_finalize_new_abono: result_type (0.428326ms)
  ✔ e2_finalize_new_abono: identity_arguments (0.362205ms)
  ✔ e2_attest_new_retained: missing (0.40828ms)
  ✔ e2_attest_new_retained: prosrc (0.269147ms)
  ✔ e2_attest_new_retained: prokind (0.287803ms)
  ✔ e2_attest_new_retained: provolatile (10.751543ms)
  ✔ e2_attest_new_retained: proparallel (0.415935ms)
  ✔ e2_attest_new_retained: prosecdef (0.294307ms)
  ✔ e2_attest_new_retained: proleakproof (0.262632ms)
  ✔ e2_attest_new_retained: proisstrict (0.298413ms)
  ✔ e2_attest_new_retained: proretset (0.243168ms)
  ✔ e2_attest_new_retained: proacl (0.229389ms)
  ✔ e2_attest_new_retained: proconfig (0.280973ms)
  ✔ e2_attest_new_retained: language_name (0.23336ms)
  ✔ e2_attest_new_retained: owner_name (0.231246ms)
  ✔ e2_attest_new_retained: result_type (0.263171ms)
  ✔ e2_attest_new_retained: identity_arguments (0.30232ms)
✔ A+C mock preflight independently rejects each catalog drift (178.4332ms)
ℹ tests 428
ℹ suites 0
ℹ pass 427
ℹ fail 1
ℹ cancelled 0
ℹ skipped 0
ℹ todo 0
ℹ duration_ms 645.758327

✖ failing tests:

test at reports/e2-apertura-limitada/evidencia-a-c/negative-offline.test.mjs:150:1
✖ actual core rejects directed result/amount mismatches before persistence (1.09186ms)
  AssertionError [ERR_ASSERTION]: Missing expected rejection: directed PARTIAL/10000: mismatch must reject before persistence
      at async TestContext.<anonymous> (file:///home/runner/workspace/reports/e2-apertura-limitada/evidencia-a-c/negative-offline.test.mjs:161:5)
      at async Test.run (node:internal/test_runner/test:1113:7)
      at async Test.processPendingSubtests (node:internal/test_runner/test:788:7) {
    generatedMessage: false,
    code: 'ERR_ASSERTION',
    actual: undefined,
    expected: /dirigida.*FULL/,
    operator: 'rejects',
    diff: 'simple'
  }
