✔ mounted ordinary producer: UNUSED/PARTIAL/FULL and FIFO persistence ordering (286.09561ms)
✔ mounted directed approval finalizes FULL only after its application (25.607129ms)
✔ actual core rejects directed result/amount mismatches before persistence (0.596903ms)
✔ positive proof is mandatory in the real refund service (67.911514ms)
✔ real refund service accepts both origins and rejects absent/used ABONO finalization (62.233617ms)
✔ R4 application-order guard exists in prepared SQL (LEXICAL ONLY, not SQL semantics) (0.450216ms)
▶ A+C mock preflight independently rejects each catalog drift
  ✔ finalizaciones_abono_e2.abono_id: missing (0.721332ms)
  ✔ finalizaciones_abono_e2.abono_id: data_type (0.420814ms)
  ✔ finalizaciones_abono_e2.abono_id: is_nullable (0.382225ms)
  ✔ finalizaciones_abono_e2.abono_id: column_default (0.44656ms)
  ✔ finalizaciones_abono_e2.operacion_productor: missing (0.297529ms)
  ✔ finalizaciones_abono_e2.operacion_productor: data_type (4.532121ms)
  ✔ finalizaciones_abono_e2.operacion_productor: is_nullable (0.304278ms)
  ✔ finalizaciones_abono_e2.operacion_productor: column_default (0.214861ms)
  ✔ finalizaciones_abono_e2.operacion_clave: missing (0.407091ms)
  ✔ finalizaciones_abono_e2.operacion_clave: data_type (0.319999ms)
  ✔ finalizaciones_abono_e2.operacion_clave: is_nullable (0.181553ms)
  ✔ finalizaciones_abono_e2.operacion_clave: column_default (0.2302ms)
  ✔ finalizaciones_abono_e2.cliente_id: missing (0.259167ms)
  ✔ finalizaciones_abono_e2.cliente_id: data_type (0.177222ms)
  ✔ finalizaciones_abono_e2.cliente_id: is_nullable (0.227764ms)
  ✔ finalizaciones_abono_e2.cliente_id: column_default (0.246756ms)
  ✔ finalizaciones_abono_e2.importe: missing (0.19547ms)
  ✔ finalizaciones_abono_e2.importe: data_type (0.214213ms)
  ✔ finalizaciones_abono_e2.importe: is_nullable (0.200111ms)
  ✔ finalizaciones_abono_e2.importe: column_default (0.165575ms)
  ✔ finalizaciones_abono_e2.importe: numeric_precision (0.155219ms)
  ✔ finalizaciones_abono_e2.importe: numeric_scale (0.284077ms)
  ✔ finalizaciones_abono_e2.resultado: missing (0.203959ms)
  ✔ finalizaciones_abono_e2.resultado: data_type (0.173363ms)
  ✔ finalizaciones_abono_e2.resultado: is_nullable (0.324819ms)
  ✔ finalizaciones_abono_e2.resultado: column_default (0.260169ms)
  ✔ finalizaciones_abono_e2.aplicado: missing (0.219321ms)
  ✔ finalizaciones_abono_e2.aplicado: data_type (0.163263ms)
  ✔ finalizaciones_abono_e2.aplicado: is_nullable (0.25382ms)
  ✔ finalizaciones_abono_e2.aplicado: column_default (0.224033ms)
  ✔ finalizaciones_abono_e2.aplicado: numeric_precision (0.176661ms)
  ✔ finalizaciones_abono_e2.aplicado: numeric_scale (0.147352ms)
  ✔ finalizaciones_abono_e2.evaluacion: missing (0.300752ms)
  ✔ finalizaciones_abono_e2.evaluacion: data_type (0.22356ms)
  ✔ finalizaciones_abono_e2.evaluacion: is_nullable (0.153423ms)
  ✔ finalizaciones_abono_e2.evaluacion: column_default (0.141936ms)
  ✔ finalizaciones_abono_e2.contrato_revision: missing (0.134537ms)
  ✔ finalizaciones_abono_e2.contrato_revision: data_type (0.150208ms)
  ✔ finalizaciones_abono_e2.contrato_revision: is_nullable (0.141486ms)
  ✔ finalizaciones_abono_e2.contrato_revision: column_default (0.132975ms)
  ✔ finalizaciones_abono_e2.created_at: missing (0.136058ms)
  ✔ finalizaciones_abono_e2.created_at: data_type (0.141235ms)
  ✔ finalizaciones_abono_e2.created_at: is_nullable (0.222248ms)
  ✔ finalizaciones_abono_e2.created_at: column_default (0.155322ms)
  ✔ evidencia_no_aplicada_e2.fuente: missing (0.187016ms)
  ✔ evidencia_no_aplicada_e2.fuente: data_type (0.159029ms)
  ✔ evidencia_no_aplicada_e2.fuente: is_nullable (0.140902ms)
  ✔ evidencia_no_aplicada_e2.fuente: column_default (0.178763ms)
  ✔ evidencia_no_aplicada_e2.abono_id: missing (0.142908ms)
  ✔ evidencia_no_aplicada_e2.abono_id: data_type (0.13204ms)
  ✔ evidencia_no_aplicada_e2.abono_id: is_nullable (0.13598ms)
  ✔ evidencia_no_aplicada_e2.abono_id: column_default (0.134172ms)
  ✔ evidencia_no_aplicada_e2.cobro_productor: missing (0.13059ms)
  ✔ evidencia_no_aplicada_e2.cobro_productor: data_type (0.155901ms)
  ✔ evidencia_no_aplicada_e2.cobro_productor: is_nullable (0.186165ms)
  ✔ evidencia_no_aplicada_e2.cobro_productor: column_default (0.144745ms)
  ✔ evidencia_no_aplicada_e2.cobro_clave: missing (0.13722ms)
  ✔ evidencia_no_aplicada_e2.cobro_clave: data_type (0.135211ms)
  ✔ evidencia_no_aplicada_e2.cobro_clave: is_nullable (0.160562ms)
  ✔ evidencia_no_aplicada_e2.cobro_clave: column_default (0.188211ms)
  ✔ evidencia_no_aplicada_e2.cliente_id: missing (0.135916ms)
  ✔ evidencia_no_aplicada_e2.cliente_id: data_type (0.266815ms)
  ✔ evidencia_no_aplicada_e2.cliente_id: is_nullable (0.313654ms)
  ✔ evidencia_no_aplicada_e2.cliente_id: column_default (0.156427ms)
  ✔ evidencia_no_aplicada_e2.importe: missing (0.13878ms)
  ✔ evidencia_no_aplicada_e2.importe: data_type (0.13864ms)
  ✔ evidencia_no_aplicada_e2.importe: is_nullable (0.147497ms)
  ✔ evidencia_no_aplicada_e2.importe: column_default (0.17832ms)
  ✔ evidencia_no_aplicada_e2.importe: numeric_precision (0.146541ms)
  ✔ evidencia_no_aplicada_e2.importe: numeric_scale (0.139435ms)
  ✔ evidencia_no_aplicada_e2.forma_pago: missing (0.219537ms)
  ✔ evidencia_no_aplicada_e2.forma_pago: data_type (0.157749ms)
  ✔ evidencia_no_aplicada_e2.forma_pago: is_nullable (0.193029ms)
  ✔ evidencia_no_aplicada_e2.forma_pago: column_default (0.172066ms)
  ✔ evidencia_no_aplicada_e2.naturaleza: missing (0.160673ms)
  ✔ evidencia_no_aplicada_e2.naturaleza: data_type (0.163722ms)
  ✔ evidencia_no_aplicada_e2.naturaleza: is_nullable (0.217911ms)
  ✔ evidencia_no_aplicada_e2.naturaleza: column_default (0.228197ms)
  ✔ evidencia_no_aplicada_e2.created_at: missing (0.17504ms)
  ✔ evidencia_no_aplicada_e2.created_at: data_type (0.204014ms)
  ✔ evidencia_no_aplicada_e2.created_at: is_nullable (0.280392ms)
  ✔ evidencia_no_aplicada_e2.created_at: column_default (0.457445ms)
  ✔ finalizaciones_abono_e2_pkey: missing (0.305563ms)
  ✔ finalizaciones_abono_e2_pkey: table_name (0.330418ms)
  ✔ finalizaciones_abono_e2_pkey: definition (0.325593ms)
  ✔ finalizaciones_abono_e2_pkey: convalidated (0.30303ms)
  ✔ finalizaciones_abono_e2_pkey: condeferrable (0.190366ms)
  ✔ finalizaciones_abono_e2_pkey: condeferred (0.182933ms)
  ✔ finalizaciones_abono_e2_pkey: index_valid (0.176173ms)
  ✔ finalizaciones_abono_e2_abono_id_fkey: missing (0.217566ms)
  ✔ finalizaciones_abono_e2_abono_id_fkey: table_name (0.221216ms)
  ✔ finalizaciones_abono_e2_abono_id_fkey: definition (0.235963ms)
  ✔ finalizaciones_abono_e2_abono_id_fkey: convalidated (0.289278ms)
  ✔ finalizaciones_abono_e2_abono_id_fkey: condeferrable (0.359035ms)
  ✔ finalizaciones_abono_e2_abono_id_fkey: condeferred (0.558442ms)
  ✔ finalizaciones_abono_e2_abono_id_fkey: index_valid (0.234195ms)
  ✔ finalizaciones_abono_e2_cliente_id_fkey: missing (0.254042ms)
  ✔ finalizaciones_abono_e2_cliente_id_fkey: table_name (0.290803ms)
  ✔ finalizaciones_abono_e2_cliente_id_fkey: definition (0.192885ms)
  ✔ finalizaciones_abono_e2_cliente_id_fkey: convalidated (0.194686ms)
  ✔ finalizaciones_abono_e2_cliente_id_fkey: condeferrable (0.18102ms)
  ✔ finalizaciones_abono_e2_cliente_id_fkey: condeferred (0.238392ms)
  ✔ finalizaciones_abono_e2_cliente_id_fkey: index_valid (0.176822ms)
  ✔ finalizaciones_abono_e2_operacion_productor_operacion_clave_key: missing (0.169589ms)
  ✔ finalizaciones_abono_e2_operacion_productor_operacion_clave_key: table_name (0.265298ms)
  ✔ finalizaciones_abono_e2_operacion_productor_operacion_clave_key: definition (0.246465ms)
  ✔ finalizaciones_abono_e2_operacion_productor_operacion_clave_key: convalidated (0.187682ms)
  ✔ finalizaciones_abono_e2_operacion_productor_operacion_clave_key: condeferrable (0.17981ms)
  ✔ finalizaciones_abono_e2_operacion_productor_operacion_clave_key: condeferred (0.173168ms)
  ✔ finalizaciones_abono_e2_operacion_productor_operacion_clave_key: index_valid (0.244209ms)
  ✔ finalizaciones_abono_e2_importe_check: missing (0.182648ms)
  ✔ finalizaciones_abono_e2_importe_check: table_name (0.183936ms)
  ✔ finalizaciones_abono_e2_importe_check: definition (0.173934ms)
  ✔ finalizaciones_abono_e2_importe_check: convalidated (0.216346ms)
  ✔ finalizaciones_abono_e2_importe_check: condeferrable (0.188035ms)
  ✔ finalizaciones_abono_e2_importe_check: condeferred (0.179738ms)
  ✔ finalizaciones_abono_e2_importe_check: index_valid (0.178633ms)
  ✔ finalizaciones_abono_e2_resultado_check: missing (0.167877ms)
  ✔ finalizaciones_abono_e2_resultado_check: table_name (0.240659ms)
  ✔ finalizaciones_abono_e2_resultado_check: definition (0.199204ms)
  ✔ finalizaciones_abono_e2_resultado_check: convalidated (0.183838ms)
  ✔ finalizaciones_abono_e2_resultado_check: condeferrable (0.26467ms)
  ✔ finalizaciones_abono_e2_resultado_check: condeferred (0.333433ms)
  ✔ finalizaciones_abono_e2_resultado_check: index_valid (0.204917ms)
  ✔ finalizaciones_abono_e2_aplicado_check: missing (0.173893ms)
  ✔ finalizaciones_abono_e2_aplicado_check: table_name (0.24947ms)
  ✔ finalizaciones_abono_e2_aplicado_check: definition (0.194545ms)
  ✔ finalizaciones_abono_e2_aplicado_check: convalidated (0.17984ms)
  ✔ finalizaciones_abono_e2_aplicado_check: condeferrable (0.178037ms)
  ✔ finalizaciones_abono_e2_aplicado_check: condeferred (0.38994ms)
  ✔ finalizaciones_abono_e2_aplicado_check: index_valid (0.186816ms)
  ✔ finalizaciones_abono_e2_evaluacion_check: missing (0.168128ms)
  ✔ finalizaciones_abono_e2_evaluacion_check: table_name (0.17905ms)
  ✔ finalizaciones_abono_e2_evaluacion_check: definition (0.227365ms)
  ✔ finalizaciones_abono_e2_evaluacion_check: convalidated (0.18643ms)
  ✔ finalizaciones_abono_e2_evaluacion_check: condeferrable (0.185837ms)
  ✔ finalizaciones_abono_e2_evaluacion_check: condeferred (0.179659ms)
  ✔ finalizaciones_abono_e2_evaluacion_check: index_valid (0.261241ms)
  ✔ finalizaciones_abono_e2_contrato_revision_check: missing (0.193416ms)
  ✔ finalizaciones_abono_e2_contrato_revision_check: table_name (0.186039ms)
  ✔ finalizaciones_abono_e2_contrato_revision_check: definition (0.187572ms)
  ✔ finalizaciones_abono_e2_contrato_revision_check: convalidated (0.296781ms)
  ✔ finalizaciones_abono_e2_contrato_revision_check: condeferrable (0.251746ms)
  ✔ finalizaciones_abono_e2_contrato_revision_check: condeferred (0.252694ms)
  ✔ finalizaciones_abono_e2_contrato_revision_check: index_valid (0.281618ms)
  ✔ finalizaciones_abono_e2_check: missing (0.194588ms)
  ✔ finalizaciones_abono_e2_check: table_name (0.187541ms)
  ✔ finalizaciones_abono_e2_check: definition (0.177607ms)
  ✔ finalizaciones_abono_e2_check: convalidated (0.219045ms)
  ✔ finalizaciones_abono_e2_check: condeferrable (0.200959ms)
  ✔ finalizaciones_abono_e2_check: condeferred (0.187805ms)
  ✔ finalizaciones_abono_e2_check: index_valid (0.183792ms)
  ✔ finalizaciones_abono_e2_operacion_productor_check: missing (0.162868ms)
  ✔ finalizaciones_abono_e2_operacion_productor_check: table_name (0.276098ms)
  ✔ finalizaciones_abono_e2_operacion_productor_check: definition (0.266752ms)
  ✔ finalizaciones_abono_e2_operacion_productor_check: convalidated (0.239763ms)
  ✔ finalizaciones_abono_e2_operacion_productor_check: condeferrable (0.24751ms)
  ✔ finalizaciones_abono_e2_operacion_productor_check: condeferred (0.201621ms)
  ✔ finalizaciones_abono_e2_operacion_productor_check: index_valid (0.190718ms)
  ✔ evidencia_no_aplicada_e2_pkey: missing (0.221506ms)
  ✔ evidencia_no_aplicada_e2_pkey: table_name (0.324897ms)
  ✔ evidencia_no_aplicada_e2_pkey: definition (0.290181ms)
  ✔ evidencia_no_aplicada_e2_pkey: convalidated (0.272315ms)
  ✔ evidencia_no_aplicada_e2_pkey: condeferrable (0.383115ms)
  ✔ evidencia_no_aplicada_e2_pkey: condeferred (0.293701ms)
  ✔ evidencia_no_aplicada_e2_pkey: index_valid (0.230591ms)
  ✔ evidencia_no_aplicada_e2_abono_id_key: missing (0.236943ms)
  ✔ evidencia_no_aplicada_e2_abono_id_key: table_name (0.295987ms)
  ✔ evidencia_no_aplicada_e2_abono_id_key: definition (0.306504ms)
  ✔ evidencia_no_aplicada_e2_abono_id_key: convalidated (0.233586ms)
  ✔ evidencia_no_aplicada_e2_abono_id_key: condeferrable (0.205337ms)
  ✔ evidencia_no_aplicada_e2_abono_id_key: condeferred (0.190511ms)
  ✔ evidencia_no_aplicada_e2_abono_id_key: index_valid (0.230224ms)
  ✔ evidencia_no_aplicada_e2_cobro_clave_key: missing (0.180581ms)
  ✔ evidencia_no_aplicada_e2_cobro_clave_key: table_name (0.83033ms)
  ✔ evidencia_no_aplicada_e2_cobro_clave_key: definition (0.271543ms)
  ✔ evidencia_no_aplicada_e2_cobro_clave_key: convalidated (0.225271ms)
  ✔ evidencia_no_aplicada_e2_cobro_clave_key: condeferrable (0.291614ms)
  ✔ evidencia_no_aplicada_e2_cobro_clave_key: condeferred (0.216114ms)
  ✔ evidencia_no_aplicada_e2_cobro_clave_key: index_valid (0.191404ms)
  ✔ evidencia_no_aplicada_e2_cobro_productor_cobro_clave_fkey: missing (0.169608ms)
  ✔ evidencia_no_aplicada_e2_cobro_productor_cobro_clave_fkey: table_name (0.222036ms)
  ✔ evidencia_no_aplicada_e2_cobro_productor_cobro_clave_fkey: definition (0.207378ms)
  ✔ evidencia_no_aplicada_e2_cobro_productor_cobro_clave_fkey: convalidated (0.257853ms)
  ✔ evidencia_no_aplicada_e2_cobro_productor_cobro_clave_fkey: condeferrable (0.208993ms)
  ✔ evidencia_no_aplicada_e2_cobro_productor_cobro_clave_fkey: condeferred (0.243712ms)
  ✔ evidencia_no_aplicada_e2_cobro_productor_cobro_clave_fkey: index_valid (0.282095ms)
  ✔ evidencia_no_aplicada_e2_abono_id_fkey: missing (0.184156ms)
  ✔ evidencia_no_aplicada_e2_abono_id_fkey: table_name (0.185673ms)
  ✔ evidencia_no_aplicada_e2_abono_id_fkey: definition (0.235826ms)
  ✔ evidencia_no_aplicada_e2_abono_id_fkey: convalidated (0.195094ms)
  ✔ evidencia_no_aplicada_e2_abono_id_fkey: condeferrable (0.186778ms)
  ✔ evidencia_no_aplicada_e2_abono_id_fkey: condeferred (0.187718ms)
  ✔ evidencia_no_aplicada_e2_abono_id_fkey: index_valid (0.287463ms)
  ✔ evidencia_no_aplicada_e2_cliente_id_fkey: missing (0.194074ms)
  ✔ evidencia_no_aplicada_e2_cliente_id_fkey: table_name (0.199553ms)
  ✔ evidencia_no_aplicada_e2_cliente_id_fkey: definition (0.195858ms)
  ✔ evidencia_no_aplicada_e2_cliente_id_fkey: convalidated (0.250528ms)
  ✔ evidencia_no_aplicada_e2_cliente_id_fkey: condeferrable (0.375417ms)
  ✔ evidencia_no_aplicada_e2_cliente_id_fkey: condeferred (0.220418ms)
  ✔ evidencia_no_aplicada_e2_cliente_id_fkey: index_valid (0.238317ms)
  ✔ evidencia_no_aplicada_e2_importe_check: missing (0.173176ms)
  ✔ evidencia_no_aplicada_e2_importe_check: table_name (0.188328ms)
  ✔ evidencia_no_aplicada_e2_importe_check: definition (0.191902ms)
  ✔ evidencia_no_aplicada_e2_importe_check: convalidated (0.230663ms)
  ✔ evidencia_no_aplicada_e2_importe_check: condeferrable (0.200367ms)
  ✔ evidencia_no_aplicada_e2_importe_check: condeferred (0.191024ms)
  ✔ evidencia_no_aplicada_e2_importe_check: index_valid (0.190405ms)
  ✔ evidencia_no_aplicada_e2_forma_pago_check: missing (0.26162ms)
  ✔ evidencia_no_aplicada_e2_forma_pago_check: table_name (0.228277ms)
  ✔ evidencia_no_aplicada_e2_forma_pago_check: definition (0.326696ms)
  ✔ evidencia_no_aplicada_e2_forma_pago_check: convalidated (0.232224ms)
  ✔ evidencia_no_aplicada_e2_forma_pago_check: condeferrable (0.212503ms)
  ✔ evidencia_no_aplicada_e2_forma_pago_check: condeferred (0.191959ms)
  ✔ evidencia_no_aplicada_e2_forma_pago_check: index_valid (0.195769ms)
  ✔ evidencia_no_aplicada_e2_naturaleza_check: missing (0.169079ms)
  ✔ evidencia_no_aplicada_e2_naturaleza_check: table_name (0.219983ms)
  ✔ evidencia_no_aplicada_e2_naturaleza_check: definition (0.200048ms)
  ✔ evidencia_no_aplicada_e2_naturaleza_check: convalidated (0.238171ms)
  ✔ evidencia_no_aplicada_e2_naturaleza_check: condeferrable (0.196595ms)
  ✔ evidencia_no_aplicada_e2_naturaleza_check: condeferred (0.211739ms)
  ✔ evidencia_no_aplicada_e2_naturaleza_check: index_valid (0.199039ms)
  ✔ evidencia_no_aplicada_e2_check: missing (0.169799ms)
  ✔ evidencia_no_aplicada_e2_check: table_name (0.188679ms)
  ✔ evidencia_no_aplicada_e2_check: definition (0.308583ms)
  ✔ evidencia_no_aplicada_e2_check: convalidated (0.214043ms)
  ✔ evidencia_no_aplicada_e2_check: condeferrable (0.20302ms)
  ✔ evidencia_no_aplicada_e2_check: condeferred (0.279126ms)
  ✔ evidencia_no_aplicada_e2_check: index_valid (0.238994ms)
  ✔ e2_finalization_immutable: missing (0.275357ms)
  ✔ e2_finalization_immutable: prosrc (0.339763ms)
  ✔ e2_finalization_immutable: prokind (0.260046ms)
  ✔ e2_finalization_immutable: provolatile (0.245434ms)
  ✔ e2_finalization_immutable: proparallel (0.279242ms)
  ✔ e2_finalization_immutable: prosecdef (0.265326ms)
  ✔ e2_finalization_immutable: proleakproof (0.326667ms)
  ✔ e2_finalization_immutable: proisstrict (0.319451ms)
  ✔ e2_finalization_immutable: proretset (0.341697ms)
  ✔ e2_finalization_immutable: proacl (0.260327ms)
  ✔ e2_finalization_immutable: proconfig (0.281488ms)
  ✔ e2_finalization_immutable: language_name (0.538446ms)
  ✔ e2_finalization_immutable: owner_name (0.288124ms)
  ✔ e2_finalization_immutable: result_type (0.247919ms)
  ✔ e2_finalization_immutable: identity_arguments (0.231056ms)
  ✔ e2_finalization_immutable: tgenabled (0.361525ms)
  ✔ e2_finalization_immutable: tgtype (0.260661ms)
  ✔ e2_finalization_immutable: table_name (6.283352ms)
  ✔ e2_finalization_immutable: function_name (0.339774ms)
  ✔ e2_finalization_immutable: function_schema (0.291347ms)
  ✔ e2_finalization_immutable: args_length (0.330769ms)
  ✔ e2_finalization_immutable: trigger_attr (0.275847ms)
  ✔ e2_finalization_immutable: has_parent (0.198808ms)
  ✔ e2_finalization_immutable: has_qual (0.187522ms)
  ✔ e2_finalization_immutable: has_constraint (0.27109ms)
  ✔ e2_finalization_immutable: tgdeferrable (0.265531ms)
  ✔ e2_finalization_immutable: tginitdeferred (0.19673ms)
  ✔ e2_validate_abono_finalization: missing (0.16632ms)
  ✔ e2_validate_abono_finalization: prosrc (0.302882ms)
  ✔ e2_validate_abono_finalization: prokind (0.2159ms)
  ✔ e2_validate_abono_finalization: provolatile (0.191686ms)
  ✔ e2_validate_abono_finalization: proparallel (0.194325ms)
  ✔ e2_validate_abono_finalization: prosecdef (0.21196ms)
  ✔ e2_validate_abono_finalization: proleakproof (0.200836ms)
  ✔ e2_validate_abono_finalization: proisstrict (0.185493ms)
  ✔ e2_validate_abono_finalization: proretset (0.18291ms)
  ✔ e2_validate_abono_finalization: proacl (0.225243ms)
  ✔ e2_validate_abono_finalization: proconfig (0.257178ms)
  ✔ e2_validate_abono_finalization: language_name (0.192037ms)
  ✔ e2_validate_abono_finalization: owner_name (0.185087ms)
  ✔ e2_validate_abono_finalization: result_type (0.265788ms)
  ✔ e2_validate_abono_finalization: identity_arguments (0.247591ms)
  ✔ e2_validate_abono_finalization: tgenabled (0.226984ms)
  ✔ e2_validate_abono_finalization: tgtype (0.224947ms)
  ✔ e2_validate_abono_finalization: table_name (0.204438ms)
  ✔ e2_validate_abono_finalization: function_name (0.188834ms)
  ✔ e2_validate_abono_finalization: function_schema (0.182968ms)
  ✔ e2_validate_abono_finalization: args_length (0.183626ms)
  ✔ e2_validate_abono_finalization: trigger_attr (0.231924ms)
  ✔ e2_validate_abono_finalization: has_parent (0.185389ms)
  ✔ e2_validate_abono_finalization: has_qual (0.216502ms)
  ✔ e2_validate_abono_finalization: has_constraint (0.210902ms)
  ✔ e2_validate_abono_finalization: tgdeferrable (0.263854ms)
  ✔ e2_validate_abono_finalization: tginitdeferred (0.195512ms)
  ✔ e2_proof_immutable: missing (0.170901ms)
  ✔ e2_proof_immutable: prosrc (0.250627ms)
  ✔ e2_proof_immutable: prokind (0.33612ms)
  ✔ e2_proof_immutable: provolatile (0.204957ms)
  ✔ e2_proof_immutable: proparallel (0.235492ms)
  ✔ e2_proof_immutable: prosecdef (0.230672ms)
  ✔ e2_proof_immutable: proleakproof (0.258842ms)
  ✔ e2_proof_immutable: proisstrict (0.252687ms)
  ✔ e2_proof_immutable: proretset (0.325382ms)
  ✔ e2_proof_immutable: proacl (0.236048ms)
  ✔ e2_proof_immutable: proconfig (0.460359ms)
  ✔ e2_proof_immutable: language_name (0.304087ms)
  ✔ e2_proof_immutable: owner_name (0.215311ms)
  ✔ e2_proof_immutable: result_type (0.19732ms)
  ✔ e2_proof_immutable: identity_arguments (0.188589ms)
  ✔ e2_proof_immutable: tgenabled (0.302059ms)
  ✔ e2_proof_immutable: tgtype (0.203417ms)
  ✔ e2_proof_immutable: table_name (0.20079ms)
  ✔ e2_proof_immutable: function_name (0.189568ms)
  ✔ e2_proof_immutable: function_schema (0.206115ms)
  ✔ e2_proof_immutable: args_length (0.186212ms)
  ✔ e2_proof_immutable: trigger_attr (0.185502ms)
  ✔ e2_proof_immutable: has_parent (0.182523ms)
  ✔ e2_proof_immutable: has_qual (0.230185ms)
  ✔ e2_proof_immutable: has_constraint (0.191775ms)
  ✔ e2_proof_immutable: tgdeferrable (0.192935ms)
  ✔ e2_proof_immutable: tginitdeferred (0.18412ms)
  ✔ e2_validate_unused_proof: missing (0.195901ms)
  ✔ e2_validate_unused_proof: prosrc (0.244213ms)
  ✔ e2_validate_unused_proof: prokind (0.341053ms)
  ✔ e2_validate_unused_proof: provolatile (0.330801ms)
  ✔ e2_validate_unused_proof: proparallel (0.216747ms)
  ✔ e2_validate_unused_proof: prosecdef (0.292398ms)
  ✔ e2_validate_unused_proof: proleakproof (0.266712ms)
  ✔ e2_validate_unused_proof: proisstrict (0.234579ms)
  ✔ e2_validate_unused_proof: proretset (0.262504ms)
  ✔ e2_validate_unused_proof: proacl (0.294047ms)
  ✔ e2_validate_unused_proof: proconfig (0.253774ms)
  ✔ e2_validate_unused_proof: language_name (0.207503ms)
  ✔ e2_validate_unused_proof: owner_name (0.199043ms)
  ✔ e2_validate_unused_proof: result_type (0.189997ms)
  ✔ e2_validate_unused_proof: identity_arguments (0.244316ms)
  ✔ e2_validate_unused_proof: tgenabled (0.204042ms)
  ✔ e2_validate_unused_proof: tgtype (0.192228ms)
  ✔ e2_validate_unused_proof: table_name (0.188768ms)
  ✔ e2_validate_unused_proof: function_name (0.285921ms)
  ✔ e2_validate_unused_proof: function_schema (0.201375ms)
  ✔ e2_validate_unused_proof: args_length (0.194483ms)
  ✔ e2_validate_unused_proof: trigger_attr (0.37587ms)
  ✔ e2_validate_unused_proof: has_parent (0.222595ms)
  ✔ e2_validate_unused_proof: has_qual (0.199976ms)
  ✔ e2_validate_unused_proof: has_constraint (0.194074ms)
  ✔ e2_validate_unused_proof: tgdeferrable (0.245458ms)
  ✔ e2_validate_unused_proof: tginitdeferred (0.208227ms)
  ✔ e2_abono_finalization_complete: missing (0.164857ms)
  ✔ e2_abono_finalization_complete: prosrc (0.199177ms)
  ✔ e2_abono_finalization_complete: prokind (0.232265ms)
  ✔ e2_abono_finalization_complete: provolatile (0.211889ms)
  ✔ e2_abono_finalization_complete: proparallel (0.196256ms)
  ✔ e2_abono_finalization_complete: prosecdef (0.194094ms)
  ✔ e2_abono_finalization_complete: proleakproof (0.192589ms)
  ✔ e2_abono_finalization_complete: proisstrict (0.309885ms)
  ✔ e2_abono_finalization_complete: proretset (0.201087ms)
  ✔ e2_abono_finalization_complete: proacl (0.19479ms)
  ✔ e2_abono_finalization_complete: proconfig (0.192161ms)
  ✔ e2_abono_finalization_complete: language_name (0.217129ms)
  ✔ e2_abono_finalization_complete: owner_name (0.207602ms)
  ✔ e2_abono_finalization_complete: result_type (0.202163ms)
  ✔ e2_abono_finalization_complete: identity_arguments (0.201914ms)
  ✔ e2_abono_finalization_complete: tgenabled (0.235645ms)
  ✔ e2_abono_finalization_complete: tgtype (0.203742ms)
  ✔ e2_abono_finalization_complete: table_name (1.096335ms)
  ✔ e2_abono_finalization_complete: function_name (0.22579ms)
  ✔ e2_abono_finalization_complete: function_schema (0.297414ms)
  ✔ e2_abono_finalization_complete: args_length (0.223722ms)
  ✔ e2_abono_finalization_complete: trigger_attr (0.20129ms)
  ✔ e2_abono_finalization_complete: has_parent (0.200045ms)
  ✔ e2_abono_finalization_complete: has_qual (0.297516ms)
  ✔ e2_abono_finalization_complete: has_constraint (0.227698ms)
  ✔ e2_abono_finalization_complete: tgdeferrable (0.209779ms)
  ✔ e2_abono_finalization_complete: tginitdeferred (0.232064ms)
  ✔ e2_capture_application_order: missing (0.173828ms)
  ✔ e2_capture_application_order: prosrc (0.203875ms)
  ✔ e2_capture_application_order: prokind (0.200777ms)
  ✔ e2_capture_application_order: provolatile (0.199677ms)
  ✔ e2_capture_application_order: proparallel (0.224176ms)
  ✔ e2_capture_application_order: prosecdef (0.197125ms)
  ✔ e2_capture_application_order: proleakproof (0.196092ms)
  ✔ e2_capture_application_order: proisstrict (0.202592ms)
  ✔ e2_capture_application_order: proretset (0.288613ms)
  ✔ e2_capture_application_order: proacl (0.202251ms)
  ✔ e2_capture_application_order: proconfig (0.200764ms)
  ✔ e2_capture_application_order: language_name (0.23093ms)
  ✔ e2_capture_application_order: owner_name (0.255177ms)
  ✔ e2_capture_application_order: result_type (0.204645ms)
  ✔ e2_capture_application_order: identity_arguments (0.196488ms)
  ✔ e2_capture_application_order: tgenabled (0.239747ms)
  ✔ e2_capture_application_order: tgtype (0.209549ms)
  ✔ e2_capture_application_order: table_name (0.249487ms)
  ✔ e2_capture_application_order: function_name (0.217579ms)
  ✔ e2_capture_application_order: function_schema (0.246994ms)
  ✔ e2_capture_application_order: args_length (0.202401ms)
  ✔ e2_capture_application_order: trigger_attr (0.194074ms)
  ✔ e2_capture_application_order: has_parent (0.19469ms)
  ✔ e2_capture_application_order: has_qual (0.298819ms)
  ✔ e2_capture_application_order: has_constraint (0.264174ms)
  ✔ e2_capture_application_order: tgdeferrable (0.208725ms)
  ✔ e2_capture_application_order: tginitdeferred (0.245404ms)
  ✔ e2_finalize_new_abono: missing (0.302243ms)
  ✔ e2_finalize_new_abono: prosrc (0.260602ms)
  ✔ e2_finalize_new_abono: prokind (0.295268ms)
  ✔ e2_finalize_new_abono: provolatile (0.247895ms)
  ✔ e2_finalize_new_abono: proparallel (0.22257ms)
  ✔ e2_finalize_new_abono: prosecdef (0.322515ms)
  ✔ e2_finalize_new_abono: proleakproof (0.302847ms)
  ✔ e2_finalize_new_abono: proisstrict (0.292525ms)
  ✔ e2_finalize_new_abono: proretset (0.312756ms)
  ✔ e2_finalize_new_abono: proacl (0.26276ms)
  ✔ e2_finalize_new_abono: proconfig (0.365664ms)
  ✔ e2_finalize_new_abono: language_name (0.273924ms)
  ✔ e2_finalize_new_abono: owner_name (0.294878ms)
  ✔ e2_finalize_new_abono: result_type (0.325269ms)
  ✔ e2_finalize_new_abono: identity_arguments (0.345166ms)
  ✔ e2_attest_new_retained: missing (0.256386ms)
  ✔ e2_attest_new_retained: prosrc (0.230164ms)
  ✔ e2_attest_new_retained: prokind (0.308012ms)
  ✔ e2_attest_new_retained: provolatile (0.259562ms)
  ✔ e2_attest_new_retained: proparallel (0.227622ms)
  ✔ e2_attest_new_retained: prosecdef (0.31822ms)
  ✔ e2_attest_new_retained: proleakproof (0.245415ms)
  ✔ e2_attest_new_retained: proisstrict (0.282819ms)
  ✔ e2_attest_new_retained: proretset (0.26802ms)
  ✔ e2_attest_new_retained: proacl (0.248259ms)
  ✔ e2_attest_new_retained: proconfig (0.224131ms)
  ✔ e2_attest_new_retained: language_name (0.219568ms)
  ✔ e2_attest_new_retained: owner_name (0.274459ms)
  ✔ e2_attest_new_retained: result_type (0.236302ms)
  ✔ e2_attest_new_retained: identity_arguments (0.287775ms)
✔ A+C mock preflight independently rejects each catalog drift (160.983536ms)
ℹ tests 428
ℹ suites 0
ℹ pass 428
ℹ fail 0
ℹ cancelled 0
ℹ skipped 0
ℹ todo 0
ℹ duration_ms 616.883804
