✔ mounted ordinary producer: UNUSED/PARTIAL/FULL and FIFO persistence ordering (306.696032ms)
✔ mounted directed approval finalizes FULL only after its application (31.560037ms)
✔ actual core rejects directed result/amount mismatches before persistence (1.08844ms)
✔ positive proof is mandatory in the real refund service (79.13614ms)
✔ real refund service accepts both origins and rejects absent/used ABONO finalization (70.587831ms)
✔ R4 application-order guard exists in prepared SQL (LEXICAL ONLY, not SQL semantics) (0.569223ms)
▶ A+C mock preflight independently rejects each catalog drift
  ✔ finalizaciones_abono_e2.abono_id: missing (1.051016ms)
  ✔ finalizaciones_abono_e2.abono_id: data_type (0.463682ms)
  ✔ finalizaciones_abono_e2.abono_id: is_nullable (0.904963ms)
  ✔ finalizaciones_abono_e2.abono_id: column_default (0.784265ms)
  ✔ finalizaciones_abono_e2.operacion_productor: missing (0.262493ms)
  ✔ finalizaciones_abono_e2.operacion_productor: data_type (0.248415ms)
  ✔ finalizaciones_abono_e2.operacion_productor: is_nullable (0.22251ms)
  ✔ finalizaciones_abono_e2.operacion_productor: column_default (0.216432ms)
  ✔ finalizaciones_abono_e2.operacion_clave: missing (0.467749ms)
  ✔ finalizaciones_abono_e2.operacion_clave: data_type (0.222695ms)
  ✔ finalizaciones_abono_e2.operacion_clave: is_nullable (0.191514ms)
  ✔ finalizaciones_abono_e2.operacion_clave: column_default (0.235327ms)
  ✔ finalizaciones_abono_e2.cliente_id: missing (0.318499ms)
  ✔ finalizaciones_abono_e2.cliente_id: data_type (0.235734ms)
  ✔ finalizaciones_abono_e2.cliente_id: is_nullable (0.268242ms)
  ✔ finalizaciones_abono_e2.cliente_id: column_default (0.294781ms)
  ✔ finalizaciones_abono_e2.importe: missing (0.189368ms)
  ✔ finalizaciones_abono_e2.importe: data_type (0.221982ms)
  ✔ finalizaciones_abono_e2.importe: is_nullable (0.253067ms)
  ✔ finalizaciones_abono_e2.importe: column_default (0.195534ms)
  ✔ finalizaciones_abono_e2.importe: numeric_precision (0.184483ms)
  ✔ finalizaciones_abono_e2.importe: numeric_scale (0.283096ms)
  ✔ finalizaciones_abono_e2.resultado: missing (0.289417ms)
  ✔ finalizaciones_abono_e2.resultado: data_type (0.189906ms)
  ✔ finalizaciones_abono_e2.resultado: is_nullable (0.291536ms)
  ✔ finalizaciones_abono_e2.resultado: column_default (0.317103ms)
  ✔ finalizaciones_abono_e2.aplicado: missing (0.255588ms)
  ✔ finalizaciones_abono_e2.aplicado: data_type (0.189601ms)
  ✔ finalizaciones_abono_e2.aplicado: is_nullable (0.257557ms)
  ✔ finalizaciones_abono_e2.aplicado: column_default (0.333936ms)
  ✔ finalizaciones_abono_e2.aplicado: numeric_precision (0.232975ms)
  ✔ finalizaciones_abono_e2.aplicado: numeric_scale (0.218142ms)
  ✔ finalizaciones_abono_e2.evaluacion: missing (0.294228ms)
  ✔ finalizaciones_abono_e2.evaluacion: data_type (0.264602ms)
  ✔ finalizaciones_abono_e2.evaluacion: is_nullable (0.177574ms)
  ✔ finalizaciones_abono_e2.evaluacion: column_default (0.20922ms)
  ✔ finalizaciones_abono_e2.contrato_revision: missing (0.169808ms)
  ✔ finalizaciones_abono_e2.contrato_revision: data_type (0.174404ms)
  ✔ finalizaciones_abono_e2.contrato_revision: is_nullable (0.165287ms)
  ✔ finalizaciones_abono_e2.contrato_revision: column_default (0.196705ms)
  ✔ finalizaciones_abono_e2.created_at: missing (0.175833ms)
  ✔ finalizaciones_abono_e2.created_at: data_type (6.31535ms)
  ✔ finalizaciones_abono_e2.created_at: is_nullable (0.259013ms)
  ✔ finalizaciones_abono_e2.created_at: column_default (0.191532ms)
  ✔ evidencia_no_aplicada_e2.fuente: missing (0.232433ms)
  ✔ evidencia_no_aplicada_e2.fuente: data_type (0.213953ms)
  ✔ evidencia_no_aplicada_e2.fuente: is_nullable (0.216645ms)
  ✔ evidencia_no_aplicada_e2.fuente: column_default (0.157936ms)
  ✔ evidencia_no_aplicada_e2.abono_id: missing (0.144895ms)
  ✔ evidencia_no_aplicada_e2.abono_id: data_type (0.139535ms)
  ✔ evidencia_no_aplicada_e2.abono_id: is_nullable (0.13899ms)
  ✔ evidencia_no_aplicada_e2.abono_id: column_default (0.280288ms)
  ✔ evidencia_no_aplicada_e2.cobro_productor: missing (0.200062ms)
  ✔ evidencia_no_aplicada_e2.cobro_productor: data_type (0.157145ms)
  ✔ evidencia_no_aplicada_e2.cobro_productor: is_nullable (0.167496ms)
  ✔ evidencia_no_aplicada_e2.cobro_productor: column_default (0.20878ms)
  ✔ evidencia_no_aplicada_e2.cobro_clave: missing (0.156874ms)
  ✔ evidencia_no_aplicada_e2.cobro_clave: data_type (0.167267ms)
  ✔ evidencia_no_aplicada_e2.cobro_clave: is_nullable (0.148798ms)
  ✔ evidencia_no_aplicada_e2.cobro_clave: column_default (0.141721ms)
  ✔ evidencia_no_aplicada_e2.cliente_id: missing (0.168285ms)
  ✔ evidencia_no_aplicada_e2.cliente_id: data_type (0.280868ms)
  ✔ evidencia_no_aplicada_e2.cliente_id: is_nullable (0.16073ms)
  ✔ evidencia_no_aplicada_e2.cliente_id: column_default (0.143294ms)
  ✔ evidencia_no_aplicada_e2.importe: missing (0.139461ms)
  ✔ evidencia_no_aplicada_e2.importe: data_type (0.174231ms)
  ✔ evidencia_no_aplicada_e2.importe: is_nullable (0.14254ms)
  ✔ evidencia_no_aplicada_e2.importe: column_default (0.150534ms)
  ✔ evidencia_no_aplicada_e2.importe: numeric_precision (0.144527ms)
  ✔ evidencia_no_aplicada_e2.importe: numeric_scale (0.155487ms)
  ✔ evidencia_no_aplicada_e2.forma_pago: missing (0.304101ms)
  ✔ evidencia_no_aplicada_e2.forma_pago: data_type (0.176245ms)
  ✔ evidencia_no_aplicada_e2.forma_pago: is_nullable (0.154839ms)
  ✔ evidencia_no_aplicada_e2.forma_pago: column_default (0.189621ms)
  ✔ evidencia_no_aplicada_e2.naturaleza: missing (0.220117ms)
  ✔ evidencia_no_aplicada_e2.naturaleza: data_type (0.179024ms)
  ✔ evidencia_no_aplicada_e2.naturaleza: is_nullable (0.271484ms)
  ✔ evidencia_no_aplicada_e2.naturaleza: column_default (0.278825ms)
  ✔ evidencia_no_aplicada_e2.created_at: missing (0.163056ms)
  ✔ evidencia_no_aplicada_e2.created_at: data_type (0.17533ms)
  ✔ evidencia_no_aplicada_e2.created_at: is_nullable (0.149817ms)
  ✔ evidencia_no_aplicada_e2.created_at: column_default (0.460748ms)
  ✔ finalizaciones_abono_e2_pkey: missing (0.236875ms)
  ✔ finalizaciones_abono_e2_pkey: table_name (0.384402ms)
  ✔ finalizaciones_abono_e2_pkey: definition (0.301577ms)
  ✔ finalizaciones_abono_e2_pkey: convalidated (0.184821ms)
  ✔ finalizaciones_abono_e2_pkey: condeferrable (0.162044ms)
  ✔ finalizaciones_abono_e2_pkey: condeferred (0.237195ms)
  ✔ finalizaciones_abono_e2_pkey: index_valid (0.179576ms)
  ✔ finalizaciones_abono_e2_abono_id_fkey: missing (0.149484ms)
  ✔ finalizaciones_abono_e2_abono_id_fkey: table_name (0.150733ms)
  ✔ finalizaciones_abono_e2_abono_id_fkey: definition (0.228464ms)
  ✔ finalizaciones_abono_e2_abono_id_fkey: convalidated (0.231086ms)
  ✔ finalizaciones_abono_e2_abono_id_fkey: condeferrable (0.168878ms)
  ✔ finalizaciones_abono_e2_abono_id_fkey: condeferred (0.212588ms)
  ✔ finalizaciones_abono_e2_abono_id_fkey: index_valid (0.208488ms)
  ✔ finalizaciones_abono_e2_cliente_id_fkey: missing (0.23953ms)
  ✔ finalizaciones_abono_e2_cliente_id_fkey: table_name (0.264428ms)
  ✔ finalizaciones_abono_e2_cliente_id_fkey: definition (0.275273ms)
  ✔ finalizaciones_abono_e2_cliente_id_fkey: convalidated (0.199683ms)
  ✔ finalizaciones_abono_e2_cliente_id_fkey: condeferrable (0.16116ms)
  ✔ finalizaciones_abono_e2_cliente_id_fkey: condeferred (0.161132ms)
  ✔ finalizaciones_abono_e2_cliente_id_fkey: index_valid (0.190108ms)
  ✔ finalizaciones_abono_e2_operacion_productor_operacion_clave_key: missing (0.155829ms)
  ✔ finalizaciones_abono_e2_operacion_productor_operacion_clave_key: table_name (0.237181ms)
  ✔ finalizaciones_abono_e2_operacion_productor_operacion_clave_key: definition (0.222181ms)
  ✔ finalizaciones_abono_e2_operacion_productor_operacion_clave_key: convalidated (0.20388ms)
  ✔ finalizaciones_abono_e2_operacion_productor_operacion_clave_key: condeferrable (0.177006ms)
  ✔ finalizaciones_abono_e2_operacion_productor_operacion_clave_key: condeferred (0.153004ms)
  ✔ finalizaciones_abono_e2_operacion_productor_operacion_clave_key: index_valid (0.158918ms)
  ✔ finalizaciones_abono_e2_importe_check: missing (0.146908ms)
  ✔ finalizaciones_abono_e2_importe_check: table_name (0.184203ms)
  ✔ finalizaciones_abono_e2_importe_check: definition (0.158835ms)
  ✔ finalizaciones_abono_e2_importe_check: convalidated (0.151504ms)
  ✔ finalizaciones_abono_e2_importe_check: condeferrable (0.146357ms)
  ✔ finalizaciones_abono_e2_importe_check: condeferred (0.149019ms)
  ✔ finalizaciones_abono_e2_importe_check: index_valid (0.151617ms)
  ✔ finalizaciones_abono_e2_resultado_check: missing (0.201389ms)
  ✔ finalizaciones_abono_e2_resultado_check: table_name (0.213739ms)
  ✔ finalizaciones_abono_e2_resultado_check: definition (0.174765ms)
  ✔ finalizaciones_abono_e2_resultado_check: convalidated (0.198142ms)
  ✔ finalizaciones_abono_e2_resultado_check: condeferrable (0.164107ms)
  ✔ finalizaciones_abono_e2_resultado_check: condeferred (0.153527ms)
  ✔ finalizaciones_abono_e2_resultado_check: index_valid (0.14836ms)
  ✔ finalizaciones_abono_e2_aplicado_check: missing (0.1394ms)
  ✔ finalizaciones_abono_e2_aplicado_check: table_name (0.150361ms)
  ✔ finalizaciones_abono_e2_aplicado_check: definition (0.1806ms)
  ✔ finalizaciones_abono_e2_aplicado_check: convalidated (0.158079ms)
  ✔ finalizaciones_abono_e2_aplicado_check: condeferrable (0.153831ms)
  ✔ finalizaciones_abono_e2_aplicado_check: condeferred (0.149699ms)
  ✔ finalizaciones_abono_e2_aplicado_check: index_valid (0.14913ms)
  ✔ finalizaciones_abono_e2_evaluacion_check: missing (0.19235ms)
  ✔ finalizaciones_abono_e2_evaluacion_check: table_name (0.160023ms)
  ✔ finalizaciones_abono_e2_evaluacion_check: definition (0.165094ms)
  ✔ finalizaciones_abono_e2_evaluacion_check: convalidated (0.15471ms)
  ✔ finalizaciones_abono_e2_evaluacion_check: condeferrable (0.150751ms)
  ✔ finalizaciones_abono_e2_evaluacion_check: condeferred (0.299107ms)
  ✔ finalizaciones_abono_e2_evaluacion_check: index_valid (0.183431ms)
  ✔ finalizaciones_abono_e2_contrato_revision_check: missing (0.15507ms)
  ✔ finalizaciones_abono_e2_contrato_revision_check: table_name (0.162064ms)
  ✔ finalizaciones_abono_e2_contrato_revision_check: definition (0.194852ms)
  ✔ finalizaciones_abono_e2_contrato_revision_check: convalidated (0.318263ms)
  ✔ finalizaciones_abono_e2_contrato_revision_check: condeferrable (0.345033ms)
  ✔ finalizaciones_abono_e2_contrato_revision_check: condeferred (0.29835ms)
  ✔ finalizaciones_abono_e2_contrato_revision_check: index_valid (0.268565ms)
  ✔ finalizaciones_abono_e2_check: missing (0.173368ms)
  ✔ finalizaciones_abono_e2_check: table_name (0.210376ms)
  ✔ finalizaciones_abono_e2_check: definition (0.177733ms)
  ✔ finalizaciones_abono_e2_check: convalidated (0.16523ms)
  ✔ finalizaciones_abono_e2_check: condeferrable (0.169615ms)
  ✔ finalizaciones_abono_e2_check: condeferred (0.226464ms)
  ✔ finalizaciones_abono_e2_check: index_valid (0.234161ms)
  ✔ finalizaciones_abono_e2_operacion_productor_check: missing (0.159551ms)
  ✔ finalizaciones_abono_e2_operacion_productor_check: table_name (0.157742ms)
  ✔ finalizaciones_abono_e2_operacion_productor_check: definition (0.227977ms)
  ✔ finalizaciones_abono_e2_operacion_productor_check: convalidated (0.203654ms)
  ✔ finalizaciones_abono_e2_operacion_productor_check: condeferrable (0.313495ms)
  ✔ finalizaciones_abono_e2_operacion_productor_check: condeferred (0.171834ms)
  ✔ finalizaciones_abono_e2_operacion_productor_check: index_valid (0.202837ms)
  ✔ evidencia_no_aplicada_e2_pkey: missing (0.207821ms)
  ✔ evidencia_no_aplicada_e2_pkey: table_name (0.30187ms)
  ✔ evidencia_no_aplicada_e2_pkey: definition (0.179683ms)
  ✔ evidencia_no_aplicada_e2_pkey: convalidated (0.385642ms)
  ✔ evidencia_no_aplicada_e2_pkey: condeferrable (0.46167ms)
  ✔ evidencia_no_aplicada_e2_pkey: condeferred (0.432689ms)
  ✔ evidencia_no_aplicada_e2_pkey: index_valid (0.213079ms)
  ✔ evidencia_no_aplicada_e2_abono_id_key: missing (0.180402ms)
  ✔ evidencia_no_aplicada_e2_abono_id_key: table_name (0.281824ms)
  ✔ evidencia_no_aplicada_e2_abono_id_key: definition (0.347315ms)
  ✔ evidencia_no_aplicada_e2_abono_id_key: convalidated (0.211141ms)
  ✔ evidencia_no_aplicada_e2_abono_id_key: condeferrable (0.191026ms)
  ✔ evidencia_no_aplicada_e2_abono_id_key: condeferred (0.165123ms)
  ✔ evidencia_no_aplicada_e2_abono_id_key: index_valid (0.163001ms)
  ✔ evidencia_no_aplicada_e2_cobro_clave_key: missing (0.15436ms)
  ✔ evidencia_no_aplicada_e2_cobro_clave_key: table_name (0.797737ms)
  ✔ evidencia_no_aplicada_e2_cobro_clave_key: definition (0.258775ms)
  ✔ evidencia_no_aplicada_e2_cobro_clave_key: convalidated (0.293625ms)
  ✔ evidencia_no_aplicada_e2_cobro_clave_key: condeferrable (0.174016ms)
  ✔ evidencia_no_aplicada_e2_cobro_clave_key: condeferred (0.167336ms)
  ✔ evidencia_no_aplicada_e2_cobro_clave_key: index_valid (0.155002ms)
  ✔ evidencia_no_aplicada_e2_cobro_productor_cobro_clave_fkey: missing (0.194434ms)
  ✔ evidencia_no_aplicada_e2_cobro_productor_cobro_clave_fkey: table_name (0.174067ms)
  ✔ evidencia_no_aplicada_e2_cobro_productor_cobro_clave_fkey: definition (0.15767ms)
  ✔ evidencia_no_aplicada_e2_cobro_productor_cobro_clave_fkey: convalidated (0.1775ms)
  ✔ evidencia_no_aplicada_e2_cobro_productor_cobro_clave_fkey: condeferrable (0.204454ms)
  ✔ evidencia_no_aplicada_e2_cobro_productor_cobro_clave_fkey: condeferred (0.171883ms)
  ✔ evidencia_no_aplicada_e2_cobro_productor_cobro_clave_fkey: index_valid (0.289647ms)
  ✔ evidencia_no_aplicada_e2_abono_id_fkey: missing (0.179953ms)
  ✔ evidencia_no_aplicada_e2_abono_id_fkey: table_name (0.20068ms)
  ✔ evidencia_no_aplicada_e2_abono_id_fkey: definition (0.176267ms)
  ✔ evidencia_no_aplicada_e2_abono_id_fkey: convalidated (0.164421ms)
  ✔ evidencia_no_aplicada_e2_abono_id_fkey: condeferrable (0.162831ms)
  ✔ evidencia_no_aplicada_e2_abono_id_fkey: condeferred (0.158208ms)
  ✔ evidencia_no_aplicada_e2_abono_id_fkey: index_valid (0.286017ms)
  ✔ evidencia_no_aplicada_e2_cliente_id_fkey: missing (0.182939ms)
  ✔ evidencia_no_aplicada_e2_cliente_id_fkey: table_name (0.174167ms)
  ✔ evidencia_no_aplicada_e2_cliente_id_fkey: definition (0.159261ms)
  ✔ evidencia_no_aplicada_e2_cliente_id_fkey: convalidated (0.201261ms)
  ✔ evidencia_no_aplicada_e2_cliente_id_fkey: condeferrable (0.377166ms)
  ✔ evidencia_no_aplicada_e2_cliente_id_fkey: condeferred (0.216592ms)
  ✔ evidencia_no_aplicada_e2_cliente_id_fkey: index_valid (0.178601ms)
  ✔ evidencia_no_aplicada_e2_importe_check: missing (0.164833ms)
  ✔ evidencia_no_aplicada_e2_importe_check: table_name (0.167879ms)
  ✔ evidencia_no_aplicada_e2_importe_check: definition (0.172471ms)
  ✔ evidencia_no_aplicada_e2_importe_check: convalidated (0.16556ms)
  ✔ evidencia_no_aplicada_e2_importe_check: condeferrable (0.199305ms)
  ✔ evidencia_no_aplicada_e2_importe_check: condeferred (0.174849ms)
  ✔ evidencia_no_aplicada_e2_importe_check: index_valid (0.161454ms)
  ✔ evidencia_no_aplicada_e2_forma_pago_check: missing (0.171274ms)
  ✔ evidencia_no_aplicada_e2_forma_pago_check: table_name (0.396491ms)
  ✔ evidencia_no_aplicada_e2_forma_pago_check: definition (0.246223ms)
  ✔ evidencia_no_aplicada_e2_forma_pago_check: convalidated (0.178286ms)
  ✔ evidencia_no_aplicada_e2_forma_pago_check: condeferrable (0.177074ms)
  ✔ evidencia_no_aplicada_e2_forma_pago_check: condeferred (0.231753ms)
  ✔ evidencia_no_aplicada_e2_forma_pago_check: index_valid (0.178012ms)
  ✔ evidencia_no_aplicada_e2_naturaleza_check: missing (0.1572ms)
  ✔ evidencia_no_aplicada_e2_naturaleza_check: table_name (0.17103ms)
  ✔ evidencia_no_aplicada_e2_naturaleza_check: definition (0.211163ms)
  ✔ evidencia_no_aplicada_e2_naturaleza_check: convalidated (0.18304ms)
  ✔ evidencia_no_aplicada_e2_naturaleza_check: condeferrable (0.253332ms)
  ✔ evidencia_no_aplicada_e2_naturaleza_check: condeferred (0.171116ms)
  ✔ evidencia_no_aplicada_e2_naturaleza_check: index_valid (0.161479ms)
  ✔ evidencia_no_aplicada_e2_check: missing (0.193391ms)
  ✔ evidencia_no_aplicada_e2_check: table_name (0.163836ms)
  ✔ evidencia_no_aplicada_e2_check: definition (0.16987ms)
  ✔ evidencia_no_aplicada_e2_check: convalidated (0.173282ms)
  ✔ evidencia_no_aplicada_e2_check: condeferrable (0.172702ms)
  ✔ evidencia_no_aplicada_e2_check: condeferred (0.357626ms)
  ✔ evidencia_no_aplicada_e2_check: index_valid (0.315863ms)
  ✔ e2_finalization_immutable: missing (0.326934ms)
  ✔ e2_finalization_immutable: prosrc (0.312545ms)
  ✔ e2_finalization_immutable: prokind (0.304402ms)
  ✔ e2_finalization_immutable: provolatile (0.241886ms)
  ✔ e2_finalization_immutable: proparallel (0.201681ms)
  ✔ e2_finalization_immutable: prosecdef (0.282152ms)
  ✔ e2_finalization_immutable: proleakproof (0.293593ms)
  ✔ e2_finalization_immutable: proisstrict (0.265185ms)
  ✔ e2_finalization_immutable: proretset (0.22566ms)
  ✔ e2_finalization_immutable: proacl (0.367943ms)
  ✔ e2_finalization_immutable: proconfig (0.251716ms)
  ✔ e2_finalization_immutable: language_name (0.210307ms)
  ✔ e2_finalization_immutable: owner_name (0.245877ms)
  ✔ e2_finalization_immutable: result_type (0.198391ms)
  ✔ e2_finalization_immutable: identity_arguments (0.192844ms)
  ✔ e2_finalization_immutable: tgenabled (0.242546ms)
  ✔ e2_finalization_immutable: tgtype (0.253652ms)
  ✔ e2_finalization_immutable: table_name (0.196187ms)
  ✔ e2_finalization_immutable: function_name (0.197011ms)
  ✔ e2_finalization_immutable: function_schema (0.42174ms)
  ✔ e2_finalization_immutable: args_length (0.407759ms)
  ✔ e2_finalization_immutable: trigger_attr (0.475249ms)
  ✔ e2_finalization_immutable: has_parent (0.231671ms)
  ✔ e2_finalization_immutable: has_qual (0.206684ms)
  ✔ e2_finalization_immutable: has_constraint (0.249368ms)
  ✔ e2_finalization_immutable: tgdeferrable (0.264901ms)
  ✔ e2_finalization_immutable: tginitdeferred (0.206372ms)
  ✔ e2_validate_abono_finalization: missing (0.199357ms)
  ✔ e2_validate_abono_finalization: prosrc (0.326035ms)
  ✔ e2_validate_abono_finalization: prokind (0.285797ms)
  ✔ e2_validate_abono_finalization: provolatile (0.256568ms)
  ✔ e2_validate_abono_finalization: proparallel (0.219283ms)
  ✔ e2_validate_abono_finalization: prosecdef (0.203178ms)
  ✔ e2_validate_abono_finalization: proleakproof (0.194698ms)
  ✔ e2_validate_abono_finalization: proisstrict (0.287723ms)
  ✔ e2_validate_abono_finalization: proretset (0.256638ms)
  ✔ e2_validate_abono_finalization: proacl (0.213009ms)
  ✔ e2_validate_abono_finalization: proconfig (0.309464ms)
  ✔ e2_validate_abono_finalization: language_name (0.220718ms)
  ✔ e2_validate_abono_finalization: owner_name (0.213083ms)
  ✔ e2_validate_abono_finalization: result_type (0.19732ms)
  ✔ e2_validate_abono_finalization: identity_arguments (0.327548ms)
  ✔ e2_validate_abono_finalization: tgenabled (0.264904ms)
  ✔ e2_validate_abono_finalization: tgtype (0.608761ms)
  ✔ e2_validate_abono_finalization: table_name (0.23412ms)
  ✔ e2_validate_abono_finalization: function_name (0.203436ms)
  ✔ e2_validate_abono_finalization: function_schema (0.191974ms)
  ✔ e2_validate_abono_finalization: args_length (0.312139ms)
  ✔ e2_validate_abono_finalization: trigger_attr (0.242233ms)
  ✔ e2_validate_abono_finalization: has_parent (0.213503ms)
  ✔ e2_validate_abono_finalization: has_qual (0.199411ms)
  ✔ e2_validate_abono_finalization: has_constraint (0.284869ms)
  ✔ e2_validate_abono_finalization: tgdeferrable (0.227125ms)
  ✔ e2_validate_abono_finalization: tginitdeferred (0.205594ms)
  ✔ e2_proof_immutable: missing (0.254716ms)
  ✔ e2_proof_immutable: prosrc (0.216758ms)
  ✔ e2_proof_immutable: prokind (0.208188ms)
  ✔ e2_proof_immutable: provolatile (0.203339ms)
  ✔ e2_proof_immutable: proparallel (0.286442ms)
  ✔ e2_proof_immutable: prosecdef (0.211344ms)
  ✔ e2_proof_immutable: proleakproof (0.260194ms)
  ✔ e2_proof_immutable: proisstrict (0.318402ms)
  ✔ e2_proof_immutable: proretset (0.372914ms)
  ✔ e2_proof_immutable: proacl (0.345621ms)
  ✔ e2_proof_immutable: proconfig (9.206286ms)
  ✔ e2_proof_immutable: language_name (0.346868ms)
  ✔ e2_proof_immutable: owner_name (0.275166ms)
  ✔ e2_proof_immutable: result_type (0.222254ms)
  ✔ e2_proof_immutable: identity_arguments (0.206953ms)
  ✔ e2_proof_immutable: tgenabled (0.211071ms)
  ✔ e2_proof_immutable: tgtype (0.358493ms)
  ✔ e2_proof_immutable: table_name (0.227587ms)
  ✔ e2_proof_immutable: function_name (0.216671ms)
  ✔ e2_proof_immutable: function_schema (0.241643ms)
  ✔ e2_proof_immutable: args_length (0.228804ms)
  ✔ e2_proof_immutable: trigger_attr (0.373449ms)
  ✔ e2_proof_immutable: has_parent (0.257855ms)
  ✔ e2_proof_immutable: has_qual (0.20572ms)
  ✔ e2_proof_immutable: has_constraint (0.194113ms)
  ✔ e2_proof_immutable: tgdeferrable (0.191338ms)
  ✔ e2_proof_immutable: tginitdeferred (0.424472ms)
  ✔ e2_validate_unused_proof: missing (0.30025ms)
  ✔ e2_validate_unused_proof: prosrc (0.391973ms)
  ✔ e2_validate_unused_proof: prokind (0.415124ms)
  ✔ e2_validate_unused_proof: provolatile (0.295793ms)
  ✔ e2_validate_unused_proof: proparallel (0.227286ms)
  ✔ e2_validate_unused_proof: prosecdef (0.409326ms)
  ✔ e2_validate_unused_proof: proleakproof (0.470141ms)
  ✔ e2_validate_unused_proof: proisstrict (0.241155ms)
  ✔ e2_validate_unused_proof: proretset (0.32551ms)
  ✔ e2_validate_unused_proof: proacl (0.396562ms)
  ✔ e2_validate_unused_proof: proconfig (0.270117ms)
  ✔ e2_validate_unused_proof: language_name (0.350144ms)
  ✔ e2_validate_unused_proof: owner_name (0.232286ms)
  ✔ e2_validate_unused_proof: result_type (0.206029ms)
  ✔ e2_validate_unused_proof: identity_arguments (0.24596ms)
  ✔ e2_validate_unused_proof: tgenabled (0.216582ms)
  ✔ e2_validate_unused_proof: tgtype (0.199358ms)
  ✔ e2_validate_unused_proof: table_name (0.194266ms)
  ✔ e2_validate_unused_proof: function_name (0.231697ms)
  ✔ e2_validate_unused_proof: function_schema (0.206045ms)
  ✔ e2_validate_unused_proof: args_length (0.208514ms)
  ✔ e2_validate_unused_proof: trigger_attr (0.355047ms)
  ✔ e2_validate_unused_proof: has_parent (0.283929ms)
  ✔ e2_validate_unused_proof: has_qual (0.219436ms)
  ✔ e2_validate_unused_proof: has_constraint (0.214359ms)
  ✔ e2_validate_unused_proof: tgdeferrable (0.387794ms)
  ✔ e2_validate_unused_proof: tginitdeferred (0.227256ms)
  ✔ e2_abono_finalization_complete: missing (0.176287ms)
  ✔ e2_abono_finalization_complete: prosrc (0.2459ms)
  ✔ e2_abono_finalization_complete: prokind (0.218194ms)
  ✔ e2_abono_finalization_complete: provolatile (0.203927ms)
  ✔ e2_abono_finalization_complete: proparallel (0.201406ms)
  ✔ e2_abono_finalization_complete: prosecdef (0.237077ms)
  ✔ e2_abono_finalization_complete: proleakproof (0.212599ms)
  ✔ e2_abono_finalization_complete: proisstrict (0.200543ms)
  ✔ e2_abono_finalization_complete: proretset (0.196553ms)
  ✔ e2_abono_finalization_complete: proacl (0.241373ms)
  ✔ e2_abono_finalization_complete: proconfig (0.222907ms)
  ✔ e2_abono_finalization_complete: language_name (0.20359ms)
  ✔ e2_abono_finalization_complete: owner_name (0.211181ms)
  ✔ e2_abono_finalization_complete: result_type (0.466881ms)
  ✔ e2_abono_finalization_complete: identity_arguments (0.282105ms)
  ✔ e2_abono_finalization_complete: tgenabled (0.227042ms)
  ✔ e2_abono_finalization_complete: tgtype (0.270672ms)
  ✔ e2_abono_finalization_complete: table_name (1.086283ms)
  ✔ e2_abono_finalization_complete: function_name (0.23177ms)
  ✔ e2_abono_finalization_complete: function_schema (0.202126ms)
  ✔ e2_abono_finalization_complete: args_length (0.267898ms)
  ✔ e2_abono_finalization_complete: trigger_attr (0.214577ms)
  ✔ e2_abono_finalization_complete: has_parent (0.202291ms)
  ✔ e2_abono_finalization_complete: has_qual (0.3036ms)
  ✔ e2_abono_finalization_complete: has_constraint (0.247805ms)
  ✔ e2_abono_finalization_complete: tgdeferrable (0.287598ms)
  ✔ e2_abono_finalization_complete: tginitdeferred (0.253241ms)
  ✔ e2_capture_application_order: missing (0.177441ms)
  ✔ e2_capture_application_order: prosrc (0.205853ms)
  ✔ e2_capture_application_order: prokind (0.20168ms)
  ✔ e2_capture_application_order: provolatile (0.2235ms)
  ✔ e2_capture_application_order: proparallel (0.196083ms)
  ✔ e2_capture_application_order: prosecdef (0.196559ms)
  ✔ e2_capture_application_order: proleakproof (0.209172ms)
  ✔ e2_capture_application_order: proisstrict (0.248466ms)
  ✔ e2_capture_application_order: proretset (0.204534ms)
  ✔ e2_capture_application_order: proacl (0.197149ms)
  ✔ e2_capture_application_order: proconfig (0.201734ms)
  ✔ e2_capture_application_order: language_name (0.301385ms)
  ✔ e2_capture_application_order: owner_name (0.374549ms)
  ✔ e2_capture_application_order: result_type (0.284116ms)
  ✔ e2_capture_application_order: identity_arguments (0.227669ms)
  ✔ e2_capture_application_order: tgenabled (0.235922ms)
  ✔ e2_capture_application_order: tgtype (0.237195ms)
  ✔ e2_capture_application_order: table_name (0.25597ms)
  ✔ e2_capture_application_order: function_name (0.239902ms)
  ✔ e2_capture_application_order: function_schema (0.228928ms)
  ✔ e2_capture_application_order: args_length (0.289711ms)
  ✔ e2_capture_application_order: trigger_attr (0.260848ms)
  ✔ e2_capture_application_order: has_parent (0.245059ms)
  ✔ e2_capture_application_order: has_qual (0.331941ms)
  ✔ e2_capture_application_order: has_constraint (0.339792ms)
  ✔ e2_capture_application_order: tgdeferrable (0.220627ms)
  ✔ e2_capture_application_order: tginitdeferred (0.252423ms)
  ✔ e2_finalize_new_abono: missing (0.323716ms)
  ✔ e2_finalize_new_abono: prosrc (0.256399ms)
  ✔ e2_finalize_new_abono: prokind (0.278574ms)
  ✔ e2_finalize_new_abono: provolatile (0.248823ms)
  ✔ e2_finalize_new_abono: proparallel (0.228948ms)
  ✔ e2_finalize_new_abono: prosecdef (0.42328ms)
  ✔ e2_finalize_new_abono: proleakproof (0.329884ms)
  ✔ e2_finalize_new_abono: proisstrict (0.475868ms)
  ✔ e2_finalize_new_abono: proretset (0.283743ms)
  ✔ e2_finalize_new_abono: proacl (0.241609ms)
  ✔ e2_finalize_new_abono: proconfig (0.463029ms)
  ✔ e2_finalize_new_abono: language_name (0.2723ms)
  ✔ e2_finalize_new_abono: owner_name (0.344211ms)
  ✔ e2_finalize_new_abono: result_type (0.39553ms)
  ✔ e2_finalize_new_abono: identity_arguments (0.269808ms)
  ✔ e2_attest_new_retained: missing (0.278995ms)
  ✔ e2_attest_new_retained: prosrc (0.257119ms)
  ✔ e2_attest_new_retained: prokind (0.325032ms)
  ✔ e2_attest_new_retained: provolatile (0.360002ms)
  ✔ e2_attest_new_retained: proparallel (0.249257ms)
  ✔ e2_attest_new_retained: prosecdef (0.271472ms)
  ✔ e2_attest_new_retained: proleakproof (0.249348ms)
  ✔ e2_attest_new_retained: proisstrict (0.294338ms)
  ✔ e2_attest_new_retained: proretset (0.284721ms)
  ✔ e2_attest_new_retained: proacl (0.239883ms)
  ✔ e2_attest_new_retained: proconfig (0.225705ms)
  ✔ e2_attest_new_retained: language_name (0.220166ms)
  ✔ e2_attest_new_retained: owner_name (0.274722ms)
  ✔ e2_attest_new_retained: result_type (0.236157ms)
  ✔ e2_attest_new_retained: identity_arguments (0.369769ms)
✔ A+C mock preflight independently rejects each catalog drift (174.3032ms)
ℹ tests 428
ℹ suites 0
ℹ pass 428
ℹ fail 0
ℹ cancelled 0
ℹ skipped 0
ℹ todo 0
ℹ duration_ms 679.6271
