✔ mounted ordinary producer: UNUSED/PARTIAL/FULL and FIFO persistence ordering (263.464717ms)
✔ mounted directed approval finalizes FULL only after its application (36.398327ms)
✔ actual core rejects directed result/amount mismatches before persistence (0.636952ms)
✔ positive proof is mandatory in the real refund service (65.491266ms)
✔ real refund service accepts both origins and rejects absent/used ABONO finalization (68.681737ms)
✔ R4 application-order guard exists in prepared SQL (LEXICAL ONLY, not SQL semantics) (0.457231ms)
▶ A+C mock preflight independently rejects each catalog drift
  ✔ finalizaciones_abono_e2.abono_id: missing (0.691658ms)
  ✔ finalizaciones_abono_e2.abono_id: data_type (0.469392ms)
  ✔ finalizaciones_abono_e2.abono_id: is_nullable (0.356059ms)
  ✔ finalizaciones_abono_e2.abono_id: column_default (0.525327ms)
  ✔ finalizaciones_abono_e2.operacion_productor: missing (0.260933ms)
  ✔ finalizaciones_abono_e2.operacion_productor: data_type (0.339168ms)
  ✔ finalizaciones_abono_e2.operacion_productor: is_nullable (0.224142ms)
  ✔ finalizaciones_abono_e2.operacion_productor: column_default (0.218676ms)
  ✔ finalizaciones_abono_e2.operacion_clave: missing (0.416572ms)
  ✔ finalizaciones_abono_e2.operacion_clave: data_type (0.211306ms)
  ✔ finalizaciones_abono_e2.operacion_clave: is_nullable (0.188556ms)
  ✔ finalizaciones_abono_e2.operacion_clave: column_default (0.282864ms)
  ✔ finalizaciones_abono_e2.cliente_id: missing (0.280043ms)
  ✔ finalizaciones_abono_e2.cliente_id: data_type (0.241325ms)
  ✔ finalizaciones_abono_e2.cliente_id: is_nullable (0.320155ms)
  ✔ finalizaciones_abono_e2.cliente_id: column_default (0.224347ms)
  ✔ finalizaciones_abono_e2.importe: missing (0.186835ms)
  ✔ finalizaciones_abono_e2.importe: data_type (0.230411ms)
  ✔ finalizaciones_abono_e2.importe: is_nullable (0.331442ms)
  ✔ finalizaciones_abono_e2.importe: column_default (0.197631ms)
  ✔ finalizaciones_abono_e2.importe: numeric_precision (0.176659ms)
  ✔ finalizaciones_abono_e2.importe: numeric_scale (0.304066ms)
  ✔ finalizaciones_abono_e2.resultado: missing (0.242854ms)
  ✔ finalizaciones_abono_e2.resultado: data_type (0.181007ms)
  ✔ finalizaciones_abono_e2.resultado: is_nullable (0.284597ms)
  ✔ finalizaciones_abono_e2.resultado: column_default (0.284695ms)
  ✔ finalizaciones_abono_e2.aplicado: missing (0.242321ms)
  ✔ finalizaciones_abono_e2.aplicado: data_type (0.18977ms)
  ✔ finalizaciones_abono_e2.aplicado: is_nullable (0.331567ms)
  ✔ finalizaciones_abono_e2.aplicado: column_default (0.22379ms)
  ✔ finalizaciones_abono_e2.aplicado: numeric_precision (0.196633ms)
  ✔ finalizaciones_abono_e2.aplicado: numeric_scale (0.169176ms)
  ✔ finalizaciones_abono_e2.evaluacion: missing (0.404929ms)
  ✔ finalizaciones_abono_e2.evaluacion: data_type (0.303937ms)
  ✔ finalizaciones_abono_e2.evaluacion: is_nullable (0.229971ms)
  ✔ finalizaciones_abono_e2.evaluacion: column_default (0.19338ms)
  ✔ finalizaciones_abono_e2.contrato_revision: missing (0.173541ms)
  ✔ finalizaciones_abono_e2.contrato_revision: data_type (0.175803ms)
  ✔ finalizaciones_abono_e2.contrato_revision: is_nullable (0.166022ms)
  ✔ finalizaciones_abono_e2.contrato_revision: column_default (0.207431ms)
  ✔ finalizaciones_abono_e2.created_at: missing (0.184835ms)
  ✔ finalizaciones_abono_e2.created_at: data_type (0.172333ms)
  ✔ finalizaciones_abono_e2.created_at: is_nullable (0.174657ms)
  ✔ finalizaciones_abono_e2.created_at: column_default (0.305752ms)
  ✔ evidencia_no_aplicada_e2.fuente: missing (0.235326ms)
  ✔ evidencia_no_aplicada_e2.fuente: data_type (0.178823ms)
  ✔ evidencia_no_aplicada_e2.fuente: is_nullable (0.251248ms)
  ✔ evidencia_no_aplicada_e2.fuente: column_default (0.196607ms)
  ✔ evidencia_no_aplicada_e2.abono_id: missing (0.183646ms)
  ✔ evidencia_no_aplicada_e2.abono_id: data_type (0.221728ms)
  ✔ evidencia_no_aplicada_e2.abono_id: is_nullable (0.223037ms)
  ✔ evidencia_no_aplicada_e2.abono_id: column_default (0.18362ms)
  ✔ evidencia_no_aplicada_e2.cobro_productor: missing (0.1696ms)
  ✔ evidencia_no_aplicada_e2.cobro_productor: data_type (0.169807ms)
  ✔ evidencia_no_aplicada_e2.cobro_productor: is_nullable (0.251124ms)
  ✔ evidencia_no_aplicada_e2.cobro_productor: column_default (0.191158ms)
  ✔ evidencia_no_aplicada_e2.cobro_clave: missing (0.176424ms)
  ✔ evidencia_no_aplicada_e2.cobro_clave: data_type (0.165106ms)
  ✔ evidencia_no_aplicada_e2.cobro_clave: is_nullable (0.175268ms)
  ✔ evidencia_no_aplicada_e2.cobro_clave: column_default (0.217085ms)
  ✔ evidencia_no_aplicada_e2.cliente_id: missing (0.172541ms)
  ✔ evidencia_no_aplicada_e2.cliente_id: data_type (0.323878ms)
  ✔ evidencia_no_aplicada_e2.cliente_id: is_nullable (0.286127ms)
  ✔ evidencia_no_aplicada_e2.cliente_id: column_default (0.195045ms)
  ✔ evidencia_no_aplicada_e2.importe: missing (0.17211ms)
  ✔ evidencia_no_aplicada_e2.importe: data_type (0.170337ms)
  ✔ evidencia_no_aplicada_e2.importe: is_nullable (0.207138ms)
  ✔ evidencia_no_aplicada_e2.importe: column_default (0.18555ms)
  ✔ evidencia_no_aplicada_e2.importe: numeric_precision (0.174165ms)
  ✔ evidencia_no_aplicada_e2.importe: numeric_scale (0.167719ms)
  ✔ evidencia_no_aplicada_e2.forma_pago: missing (0.28471ms)
  ✔ evidencia_no_aplicada_e2.forma_pago: data_type (0.203902ms)
  ✔ evidencia_no_aplicada_e2.forma_pago: is_nullable (0.177773ms)
  ✔ evidencia_no_aplicada_e2.forma_pago: column_default (0.171083ms)
  ✔ evidencia_no_aplicada_e2.naturaleza: missing (0.16496ms)
  ✔ evidencia_no_aplicada_e2.naturaleza: data_type (0.218647ms)
  ✔ evidencia_no_aplicada_e2.naturaleza: is_nullable (0.208215ms)
  ✔ evidencia_no_aplicada_e2.naturaleza: column_default (0.244926ms)
  ✔ evidencia_no_aplicada_e2.created_at: missing (0.232832ms)
  ✔ evidencia_no_aplicada_e2.created_at: data_type (0.230775ms)
  ✔ evidencia_no_aplicada_e2.created_at: is_nullable (0.18039ms)
  ✔ evidencia_no_aplicada_e2.created_at: column_default (0.570613ms)
  ✔ finalizaciones_abono_e2_pkey: missing (0.292938ms)
  ✔ finalizaciones_abono_e2_pkey: table_name (0.493899ms)
  ✔ finalizaciones_abono_e2_pkey: definition (0.465205ms)
  ✔ finalizaciones_abono_e2_pkey: convalidated (0.331928ms)
  ✔ finalizaciones_abono_e2_pkey: condeferrable (0.258994ms)
  ✔ finalizaciones_abono_e2_pkey: condeferred (0.194534ms)
  ✔ finalizaciones_abono_e2_pkey: index_valid (0.271546ms)
  ✔ finalizaciones_abono_e2_abono_id_fkey: missing (0.202134ms)
  ✔ finalizaciones_abono_e2_abono_id_fkey: table_name (0.18545ms)
  ✔ finalizaciones_abono_e2_abono_id_fkey: definition (0.246126ms)
  ✔ finalizaciones_abono_e2_abono_id_fkey: convalidated (0.254367ms)
  ✔ finalizaciones_abono_e2_abono_id_fkey: condeferrable (0.194149ms)
  ✔ finalizaciones_abono_e2_abono_id_fkey: condeferred (0.181872ms)
  ✔ finalizaciones_abono_e2_abono_id_fkey: index_valid (0.177389ms)
  ✔ finalizaciones_abono_e2_cliente_id_fkey: missing (0.25604ms)
  ✔ finalizaciones_abono_e2_cliente_id_fkey: table_name (0.303536ms)
  ✔ finalizaciones_abono_e2_cliente_id_fkey: definition (0.198215ms)
  ✔ finalizaciones_abono_e2_cliente_id_fkey: convalidated (0.207702ms)
  ✔ finalizaciones_abono_e2_cliente_id_fkey: condeferrable (0.235221ms)
  ✔ finalizaciones_abono_e2_cliente_id_fkey: condeferred (0.182052ms)
  ✔ finalizaciones_abono_e2_cliente_id_fkey: index_valid (0.17385ms)
  ✔ finalizaciones_abono_e2_operacion_productor_operacion_clave_key: missing (0.254697ms)
  ✔ finalizaciones_abono_e2_operacion_productor_operacion_clave_key: table_name (0.270044ms)
  ✔ finalizaciones_abono_e2_operacion_productor_operacion_clave_key: definition (0.206976ms)
  ✔ finalizaciones_abono_e2_operacion_productor_operacion_clave_key: convalidated (0.223198ms)
  ✔ finalizaciones_abono_e2_operacion_productor_operacion_clave_key: condeferrable (0.407513ms)
  ✔ finalizaciones_abono_e2_operacion_productor_operacion_clave_key: condeferred (0.199606ms)
  ✔ finalizaciones_abono_e2_operacion_productor_operacion_clave_key: index_valid (0.223345ms)
  ✔ finalizaciones_abono_e2_importe_check: missing (0.191336ms)
  ✔ finalizaciones_abono_e2_importe_check: table_name (0.220857ms)
  ✔ finalizaciones_abono_e2_importe_check: definition (0.192877ms)
  ✔ finalizaciones_abono_e2_importe_check: convalidated (0.216878ms)
  ✔ finalizaciones_abono_e2_importe_check: condeferrable (0.207944ms)
  ✔ finalizaciones_abono_e2_importe_check: condeferred (0.182264ms)
  ✔ finalizaciones_abono_e2_importe_check: index_valid (0.179748ms)
  ✔ finalizaciones_abono_e2_resultado_check: missing (0.171638ms)
  ✔ finalizaciones_abono_e2_resultado_check: table_name (0.293965ms)
  ✔ finalizaciones_abono_e2_resultado_check: definition (0.205818ms)
  ✔ finalizaciones_abono_e2_resultado_check: convalidated (0.195768ms)
  ✔ finalizaciones_abono_e2_resultado_check: condeferrable (0.22376ms)
  ✔ finalizaciones_abono_e2_resultado_check: condeferred (0.199ms)
  ✔ finalizaciones_abono_e2_resultado_check: index_valid (0.186133ms)
  ✔ finalizaciones_abono_e2_aplicado_check: missing (0.214412ms)
  ✔ finalizaciones_abono_e2_aplicado_check: table_name (0.262722ms)
  ✔ finalizaciones_abono_e2_aplicado_check: definition (0.198553ms)
  ✔ finalizaciones_abono_e2_aplicado_check: convalidated (0.200074ms)
  ✔ finalizaciones_abono_e2_aplicado_check: condeferrable (0.18827ms)
  ✔ finalizaciones_abono_e2_aplicado_check: condeferred (0.226621ms)
  ✔ finalizaciones_abono_e2_aplicado_check: index_valid (0.191274ms)
  ✔ finalizaciones_abono_e2_evaluacion_check: missing (0.176028ms)
  ✔ finalizaciones_abono_e2_evaluacion_check: table_name (0.184992ms)
  ✔ finalizaciones_abono_e2_evaluacion_check: definition (0.32173ms)
  ✔ finalizaciones_abono_e2_evaluacion_check: convalidated (0.222055ms)
  ✔ finalizaciones_abono_e2_evaluacion_check: condeferrable (0.218727ms)
  ✔ finalizaciones_abono_e2_evaluacion_check: condeferred (0.192501ms)
  ✔ finalizaciones_abono_e2_evaluacion_check: index_valid (0.237839ms)
  ✔ finalizaciones_abono_e2_contrato_revision_check: missing (0.18336ms)
  ✔ finalizaciones_abono_e2_contrato_revision_check: table_name (0.188ms)
  ✔ finalizaciones_abono_e2_contrato_revision_check: definition (0.202538ms)
  ✔ finalizaciones_abono_e2_contrato_revision_check: convalidated (0.312152ms)
  ✔ finalizaciones_abono_e2_contrato_revision_check: condeferrable (0.27191ms)
  ✔ finalizaciones_abono_e2_contrato_revision_check: condeferred (0.252343ms)
  ✔ finalizaciones_abono_e2_contrato_revision_check: index_valid (0.307231ms)
  ✔ finalizaciones_abono_e2_check: missing (0.195355ms)
  ✔ finalizaciones_abono_e2_check: table_name (8.311682ms)
  ✔ finalizaciones_abono_e2_check: definition (0.261609ms)
  ✔ finalizaciones_abono_e2_check: convalidated (0.215579ms)
  ✔ finalizaciones_abono_e2_check: condeferrable (0.182593ms)
  ✔ finalizaciones_abono_e2_check: condeferred (0.216789ms)
  ✔ finalizaciones_abono_e2_check: index_valid (0.184115ms)
  ✔ finalizaciones_abono_e2_operacion_productor_check: missing (0.158348ms)
  ✔ finalizaciones_abono_e2_operacion_productor_check: table_name (0.166766ms)
  ✔ finalizaciones_abono_e2_operacion_productor_check: definition (0.379421ms)
  ✔ finalizaciones_abono_e2_operacion_productor_check: convalidated (0.195746ms)
  ✔ finalizaciones_abono_e2_operacion_productor_check: condeferrable (0.170508ms)
  ✔ finalizaciones_abono_e2_operacion_productor_check: condeferred (0.157955ms)
  ✔ finalizaciones_abono_e2_operacion_productor_check: index_valid (0.190512ms)
  ✔ evidencia_no_aplicada_e2_pkey: missing (0.215936ms)
  ✔ evidencia_no_aplicada_e2_pkey: table_name (0.267306ms)
  ✔ evidencia_no_aplicada_e2_pkey: definition (0.242883ms)
  ✔ evidencia_no_aplicada_e2_pkey: convalidated (0.296453ms)
  ✔ evidencia_no_aplicada_e2_pkey: condeferrable (0.383888ms)
  ✔ evidencia_no_aplicada_e2_pkey: condeferred (0.260403ms)
  ✔ evidencia_no_aplicada_e2_pkey: index_valid (0.196196ms)
  ✔ evidencia_no_aplicada_e2_abono_id_key: missing (0.147209ms)
  ✔ evidencia_no_aplicada_e2_abono_id_key: table_name (0.251989ms)
  ✔ evidencia_no_aplicada_e2_abono_id_key: definition (0.321511ms)
  ✔ evidencia_no_aplicada_e2_abono_id_key: convalidated (0.203022ms)
  ✔ evidencia_no_aplicada_e2_abono_id_key: condeferrable (0.168335ms)
  ✔ evidencia_no_aplicada_e2_abono_id_key: condeferred (0.158466ms)
  ✔ evidencia_no_aplicada_e2_abono_id_key: index_valid (0.15289ms)
  ✔ evidencia_no_aplicada_e2_cobro_clave_key: missing (0.187434ms)
  ✔ evidencia_no_aplicada_e2_cobro_clave_key: table_name (0.661873ms)
  ✔ evidencia_no_aplicada_e2_cobro_clave_key: definition (0.309804ms)
  ✔ evidencia_no_aplicada_e2_cobro_clave_key: convalidated (0.181826ms)
  ✔ evidencia_no_aplicada_e2_cobro_clave_key: condeferrable (0.161169ms)
  ✔ evidencia_no_aplicada_e2_cobro_clave_key: condeferred (0.153845ms)
  ✔ evidencia_no_aplicada_e2_cobro_clave_key: index_valid (0.196535ms)
  ✔ evidencia_no_aplicada_e2_cobro_productor_cobro_clave_fkey: missing (0.163051ms)
  ✔ evidencia_no_aplicada_e2_cobro_productor_cobro_clave_fkey: table_name (0.153266ms)
  ✔ evidencia_no_aplicada_e2_cobro_productor_cobro_clave_fkey: definition (0.1508ms)
  ✔ evidencia_no_aplicada_e2_cobro_productor_cobro_clave_fkey: convalidated (0.217589ms)
  ✔ evidencia_no_aplicada_e2_cobro_productor_cobro_clave_fkey: condeferrable (0.203283ms)
  ✔ evidencia_no_aplicada_e2_cobro_productor_cobro_clave_fkey: condeferred (0.171221ms)
  ✔ evidencia_no_aplicada_e2_cobro_productor_cobro_clave_fkey: index_valid (0.232496ms)
  ✔ evidencia_no_aplicada_e2_abono_id_fkey: missing (0.163223ms)
  ✔ evidencia_no_aplicada_e2_abono_id_fkey: table_name (0.186949ms)
  ✔ evidencia_no_aplicada_e2_abono_id_fkey: definition (0.170432ms)
  ✔ evidencia_no_aplicada_e2_abono_id_fkey: convalidated (0.157309ms)
  ✔ evidencia_no_aplicada_e2_abono_id_fkey: condeferrable (0.157005ms)
  ✔ evidencia_no_aplicada_e2_abono_id_fkey: condeferred (0.155845ms)
  ✔ evidencia_no_aplicada_e2_abono_id_fkey: index_valid (0.244461ms)
  ✔ evidencia_no_aplicada_e2_cliente_id_fkey: missing (0.160033ms)
  ✔ evidencia_no_aplicada_e2_cliente_id_fkey: table_name (0.15959ms)
  ✔ evidencia_no_aplicada_e2_cliente_id_fkey: definition (0.152814ms)
  ✔ evidencia_no_aplicada_e2_cliente_id_fkey: convalidated (0.154961ms)
  ✔ evidencia_no_aplicada_e2_cliente_id_fkey: condeferrable (0.358425ms)
  ✔ evidencia_no_aplicada_e2_cliente_id_fkey: condeferred (0.199059ms)
  ✔ evidencia_no_aplicada_e2_cliente_id_fkey: index_valid (0.161572ms)
  ✔ evidencia_no_aplicada_e2_importe_check: missing (0.139478ms)
  ✔ evidencia_no_aplicada_e2_importe_check: table_name (0.194419ms)
  ✔ evidencia_no_aplicada_e2_importe_check: definition (0.166961ms)
  ✔ evidencia_no_aplicada_e2_importe_check: convalidated (0.156172ms)
  ✔ evidencia_no_aplicada_e2_importe_check: condeferrable (0.156182ms)
  ✔ evidencia_no_aplicada_e2_importe_check: condeferred (0.149304ms)
  ✔ evidencia_no_aplicada_e2_importe_check: index_valid (0.187852ms)
  ✔ evidencia_no_aplicada_e2_forma_pago_check: missing (0.162646ms)
  ✔ evidencia_no_aplicada_e2_forma_pago_check: table_name (0.161571ms)
  ✔ evidencia_no_aplicada_e2_forma_pago_check: definition (0.165772ms)
  ✔ evidencia_no_aplicada_e2_forma_pago_check: convalidated (0.158116ms)
  ✔ evidencia_no_aplicada_e2_forma_pago_check: condeferrable (0.241481ms)
  ✔ evidencia_no_aplicada_e2_forma_pago_check: condeferred (0.179318ms)
  ✔ evidencia_no_aplicada_e2_forma_pago_check: index_valid (0.156598ms)
  ✔ evidencia_no_aplicada_e2_naturaleza_check: missing (0.145688ms)
  ✔ evidencia_no_aplicada_e2_naturaleza_check: table_name (0.15661ms)
  ✔ evidencia_no_aplicada_e2_naturaleza_check: definition (0.198453ms)
  ✔ evidencia_no_aplicada_e2_naturaleza_check: convalidated (0.161161ms)
  ✔ evidencia_no_aplicada_e2_naturaleza_check: condeferrable (0.155653ms)
  ✔ evidencia_no_aplicada_e2_naturaleza_check: condeferred (0.153985ms)
  ✔ evidencia_no_aplicada_e2_naturaleza_check: index_valid (0.201979ms)
  ✔ evidencia_no_aplicada_e2_check: missing (0.195884ms)
  ✔ evidencia_no_aplicada_e2_check: table_name (0.165937ms)
  ✔ evidencia_no_aplicada_e2_check: definition (0.168717ms)
  ✔ evidencia_no_aplicada_e2_check: convalidated (0.161378ms)
  ✔ evidencia_no_aplicada_e2_check: condeferrable (0.159891ms)
  ✔ evidencia_no_aplicada_e2_check: condeferred (0.263519ms)
  ✔ evidencia_no_aplicada_e2_check: index_valid (0.177579ms)
  ✔ e2_finalization_immutable: missing (0.261526ms)
  ✔ e2_finalization_immutable: prosrc (0.371358ms)
  ✔ e2_finalization_immutable: prokind (0.255103ms)
  ✔ e2_finalization_immutable: provolatile (0.196749ms)
  ✔ e2_finalization_immutable: proparallel (0.235285ms)
  ✔ e2_finalization_immutable: prosecdef (0.268614ms)
  ✔ e2_finalization_immutable: proleakproof (0.286599ms)
  ✔ e2_finalization_immutable: proisstrict (0.209266ms)
  ✔ e2_finalization_immutable: proretset (0.251647ms)
  ✔ e2_finalization_immutable: proacl (0.216527ms)
  ✔ e2_finalization_immutable: proconfig (0.193815ms)
  ✔ e2_finalization_immutable: language_name (0.229931ms)
  ✔ e2_finalization_immutable: owner_name (0.218247ms)
  ✔ e2_finalization_immutable: result_type (0.200835ms)
  ✔ e2_finalization_immutable: identity_arguments (0.180567ms)
  ✔ e2_finalization_immutable: tgenabled (0.33689ms)
  ✔ e2_finalization_immutable: tgtype (0.213418ms)
  ✔ e2_finalization_immutable: table_name (0.190235ms)
  ✔ e2_finalization_immutable: function_name (0.186484ms)
  ✔ e2_finalization_immutable: function_schema (0.314325ms)
  ✔ e2_finalization_immutable: args_length (0.318587ms)
  ✔ e2_finalization_immutable: trigger_attr (0.296464ms)
  ✔ e2_finalization_immutable: has_parent (0.224068ms)
  ✔ e2_finalization_immutable: has_qual (0.189089ms)
  ✔ e2_finalization_immutable: has_constraint (0.183198ms)
  ✔ e2_finalization_immutable: tgdeferrable (0.266992ms)
  ✔ e2_finalization_immutable: tginitdeferred (0.20515ms)
  ✔ e2_validate_abono_finalization: missing (0.205013ms)
  ✔ e2_validate_abono_finalization: prosrc (0.259225ms)
  ✔ e2_validate_abono_finalization: prokind (0.319902ms)
  ✔ e2_validate_abono_finalization: provolatile (0.211513ms)
  ✔ e2_validate_abono_finalization: proparallel (0.211155ms)
  ✔ e2_validate_abono_finalization: prosecdef (0.234445ms)
  ✔ e2_validate_abono_finalization: proleakproof (0.21441ms)
  ✔ e2_validate_abono_finalization: proisstrict (0.198863ms)
  ✔ e2_validate_abono_finalization: proretset (0.199191ms)
  ✔ e2_validate_abono_finalization: proacl (0.195678ms)
  ✔ e2_validate_abono_finalization: proconfig (0.280271ms)
  ✔ e2_validate_abono_finalization: language_name (0.206991ms)
  ✔ e2_validate_abono_finalization: owner_name (0.205399ms)
  ✔ e2_validate_abono_finalization: result_type (0.233968ms)
  ✔ e2_validate_abono_finalization: identity_arguments (0.295294ms)
  ✔ e2_validate_abono_finalization: tgenabled (0.216707ms)
  ✔ e2_validate_abono_finalization: tgtype (0.204065ms)
  ✔ e2_validate_abono_finalization: table_name (0.28151ms)
  ✔ e2_validate_abono_finalization: function_name (0.211961ms)
  ✔ e2_validate_abono_finalization: function_schema (0.195126ms)
  ✔ e2_validate_abono_finalization: args_length (0.19873ms)
  ✔ e2_validate_abono_finalization: trigger_attr (0.246176ms)
  ✔ e2_validate_abono_finalization: has_parent (0.194678ms)
  ✔ e2_validate_abono_finalization: has_qual (0.195708ms)
  ✔ e2_validate_abono_finalization: has_constraint (0.198809ms)
  ✔ e2_validate_abono_finalization: tgdeferrable (0.23925ms)
  ✔ e2_validate_abono_finalization: tginitdeferred (0.199396ms)
  ✔ e2_proof_immutable: missing (0.234542ms)
  ✔ e2_proof_immutable: prosrc (0.237699ms)
  ✔ e2_proof_immutable: prokind (0.273201ms)
  ✔ e2_proof_immutable: provolatile (0.215913ms)
  ✔ e2_proof_immutable: proparallel (0.207147ms)
  ✔ e2_proof_immutable: prosecdef (0.199777ms)
  ✔ e2_proof_immutable: proleakproof (0.271959ms)
  ✔ e2_proof_immutable: proisstrict (0.235686ms)
  ✔ e2_proof_immutable: proretset (0.331412ms)
  ✔ e2_proof_immutable: proacl (0.269831ms)
  ✔ e2_proof_immutable: proconfig (0.225442ms)
  ✔ e2_proof_immutable: language_name (0.207772ms)
  ✔ e2_proof_immutable: owner_name (0.246122ms)
  ✔ e2_proof_immutable: result_type (0.21099ms)
  ✔ e2_proof_immutable: identity_arguments (0.198877ms)
  ✔ e2_proof_immutable: tgenabled (0.561463ms)
  ✔ e2_proof_immutable: tgtype (0.23982ms)
  ✔ e2_proof_immutable: table_name (0.212003ms)
  ✔ e2_proof_immutable: function_name (0.293114ms)
  ✔ e2_proof_immutable: function_schema (0.232888ms)
  ✔ e2_proof_immutable: args_length (0.202498ms)
  ✔ e2_proof_immutable: trigger_attr (0.204039ms)
  ✔ e2_proof_immutable: has_parent (0.248246ms)
  ✔ e2_proof_immutable: has_qual (0.21286ms)
  ✔ e2_proof_immutable: has_constraint (0.2119ms)
  ✔ e2_proof_immutable: tgdeferrable (0.199319ms)
  ✔ e2_proof_immutable: tginitdeferred (0.240572ms)
  ✔ e2_validate_unused_proof: missing (0.181953ms)
  ✔ e2_validate_unused_proof: prosrc (0.210374ms)
  ✔ e2_validate_unused_proof: prokind (0.502356ms)
  ✔ e2_validate_unused_proof: provolatile (0.293992ms)
  ✔ e2_validate_unused_proof: proparallel (0.228543ms)
  ✔ e2_validate_unused_proof: prosecdef (0.389541ms)
  ✔ e2_validate_unused_proof: proleakproof (0.332498ms)
  ✔ e2_validate_unused_proof: proisstrict (0.266451ms)
  ✔ e2_validate_unused_proof: proretset (0.326493ms)
  ✔ e2_validate_unused_proof: proacl (0.326577ms)
  ✔ e2_validate_unused_proof: proconfig (0.259575ms)
  ✔ e2_validate_unused_proof: language_name (0.224485ms)
  ✔ e2_validate_unused_proof: owner_name (0.212506ms)
  ✔ e2_validate_unused_proof: result_type (0.206211ms)
  ✔ e2_validate_unused_proof: identity_arguments (0.237076ms)
  ✔ e2_validate_unused_proof: tgenabled (0.232226ms)
  ✔ e2_validate_unused_proof: tgtype (0.205606ms)
  ✔ e2_validate_unused_proof: table_name (0.209945ms)
  ✔ e2_validate_unused_proof: function_name (0.274059ms)
  ✔ e2_validate_unused_proof: function_schema (0.219883ms)
  ✔ e2_validate_unused_proof: args_length (0.210773ms)
  ✔ e2_validate_unused_proof: trigger_attr (0.355193ms)
  ✔ e2_validate_unused_proof: has_parent (0.246464ms)
  ✔ e2_validate_unused_proof: has_qual (0.210804ms)
  ✔ e2_validate_unused_proof: has_constraint (0.209786ms)
  ✔ e2_validate_unused_proof: tgdeferrable (0.255056ms)
  ✔ e2_validate_unused_proof: tginitdeferred (0.229404ms)
  ✔ e2_abono_finalization_complete: missing (0.170151ms)
  ✔ e2_abono_finalization_complete: prosrc (0.213401ms)
  ✔ e2_abono_finalization_complete: prokind (0.237435ms)
  ✔ e2_abono_finalization_complete: provolatile (0.215154ms)
  ✔ e2_abono_finalization_complete: proparallel (0.21004ms)
  ✔ e2_abono_finalization_complete: prosecdef (0.237476ms)
  ✔ e2_abono_finalization_complete: proleakproof (0.323583ms)
  ✔ e2_abono_finalization_complete: proisstrict (0.223995ms)
  ✔ e2_abono_finalization_complete: proretset (0.215298ms)
  ✔ e2_abono_finalization_complete: proacl (0.214995ms)
  ✔ e2_abono_finalization_complete: proconfig (0.229046ms)
  ✔ e2_abono_finalization_complete: language_name (0.21357ms)
  ✔ e2_abono_finalization_complete: owner_name (0.213254ms)
  ✔ e2_abono_finalization_complete: result_type (0.385258ms)
  ✔ e2_abono_finalization_complete: identity_arguments (0.244686ms)
  ✔ e2_abono_finalization_complete: tgenabled (0.223327ms)
  ✔ e2_abono_finalization_complete: tgtype (0.249007ms)
  ✔ e2_abono_finalization_complete: table_name (1.362951ms)
  ✔ e2_abono_finalization_complete: function_name (0.254527ms)
  ✔ e2_abono_finalization_complete: function_schema (0.259956ms)
  ✔ e2_abono_finalization_complete: args_length (0.228805ms)
  ✔ e2_abono_finalization_complete: trigger_attr (0.209532ms)
  ✔ e2_abono_finalization_complete: has_parent (0.209204ms)
  ✔ e2_abono_finalization_complete: has_qual (0.342813ms)
  ✔ e2_abono_finalization_complete: has_constraint (0.250851ms)
  ✔ e2_abono_finalization_complete: tgdeferrable (0.210186ms)
  ✔ e2_abono_finalization_complete: tginitdeferred (0.210248ms)
  ✔ e2_capture_application_order: missing (0.184645ms)
  ✔ e2_capture_application_order: prosrc (0.216219ms)
  ✔ e2_capture_application_order: prokind (0.218546ms)
  ✔ e2_capture_application_order: provolatile (0.209455ms)
  ✔ e2_capture_application_order: proparallel (0.709349ms)
  ✔ e2_capture_application_order: prosecdef (0.308161ms)
  ✔ e2_capture_application_order: proleakproof (0.360428ms)
  ✔ e2_capture_application_order: proisstrict (0.259974ms)
  ✔ e2_capture_application_order: proretset (0.264391ms)
  ✔ e2_capture_application_order: proacl (0.217642ms)
  ✔ e2_capture_application_order: proconfig (0.212615ms)
  ✔ e2_capture_application_order: language_name (0.340013ms)
  ✔ e2_capture_application_order: owner_name (0.327514ms)
  ✔ e2_capture_application_order: result_type (0.236468ms)
  ✔ e2_capture_application_order: identity_arguments (0.288202ms)
  ✔ e2_capture_application_order: tgenabled (0.241879ms)
  ✔ e2_capture_application_order: tgtype (0.227573ms)
  ✔ e2_capture_application_order: table_name (0.315262ms)
  ✔ e2_capture_application_order: function_name (0.228492ms)
  ✔ e2_capture_application_order: function_schema (0.218441ms)
  ✔ e2_capture_application_order: args_length (0.209691ms)
  ✔ e2_capture_application_order: trigger_attr (0.236289ms)
  ✔ e2_capture_application_order: has_parent (0.224771ms)
  ✔ e2_capture_application_order: has_qual (0.212173ms)
  ✔ e2_capture_application_order: has_constraint (0.320431ms)
  ✔ e2_capture_application_order: tgdeferrable (0.237938ms)
  ✔ e2_capture_application_order: tginitdeferred (0.23472ms)
  ✔ e2_finalize_new_abono: missing (0.32363ms)
  ✔ e2_finalize_new_abono: prosrc (0.285905ms)
  ✔ e2_finalize_new_abono: prokind (0.247609ms)
  ✔ e2_finalize_new_abono: provolatile (0.238629ms)
  ✔ e2_finalize_new_abono: proparallel (0.29593ms)
  ✔ e2_finalize_new_abono: prosecdef (11.857961ms)
  ✔ e2_finalize_new_abono: proleakproof (0.384564ms)
  ✔ e2_finalize_new_abono: proisstrict (0.359557ms)
  ✔ e2_finalize_new_abono: proretset (0.263062ms)
  ✔ e2_finalize_new_abono: proacl (0.29002ms)
  ✔ e2_finalize_new_abono: proconfig (0.515131ms)
  ✔ e2_finalize_new_abono: language_name (0.270002ms)
  ✔ e2_finalize_new_abono: owner_name (0.405589ms)
  ✔ e2_finalize_new_abono: result_type (0.34669ms)
  ✔ e2_finalize_new_abono: identity_arguments (0.309025ms)
  ✔ e2_attest_new_retained: missing (0.283702ms)
  ✔ e2_attest_new_retained: prosrc (0.322925ms)
  ✔ e2_attest_new_retained: prokind (0.286413ms)
  ✔ e2_attest_new_retained: provolatile (0.382027ms)
  ✔ e2_attest_new_retained: proparallel (0.237339ms)
  ✔ e2_attest_new_retained: prosecdef (0.258343ms)
  ✔ e2_attest_new_retained: proleakproof (0.285601ms)
  ✔ e2_attest_new_retained: proisstrict (0.288832ms)
  ✔ e2_attest_new_retained: proretset (0.244856ms)
  ✔ e2_attest_new_retained: proacl (0.340641ms)
  ✔ e2_attest_new_retained: proconfig (0.233299ms)
  ✔ e2_attest_new_retained: language_name (0.236503ms)
  ✔ e2_attest_new_retained: owner_name (0.257273ms)
  ✔ e2_attest_new_retained: result_type (0.242404ms)
  ✔ e2_attest_new_retained: identity_arguments (0.292853ms)
✔ A+C mock preflight independently rejects each catalog drift (174.027165ms)
ℹ tests 428
ℹ suites 0
ℹ pass 428
ℹ fail 0
ℹ cancelled 0
ℹ skipped 0
ℹ todo 0
ℹ duration_ms 619.824254
