✔ mounted ordinary producer: UNUSED/PARTIAL/FULL and FIFO persistence ordering (342.365071ms)
✔ mounted directed approval finalizes FULL only after its application (26.14745ms)
✔ actual core rejects directed result/amount mismatches before persistence (0.688951ms)
✖ positive proof is mandatory in the real refund service (66.62125ms)
✖ real refund service accepts both origins and rejects absent/used ABONO finalization (68.253309ms)
✔ R4 application-order guard exists in prepared SQL (LEXICAL ONLY, not SQL semantics) (0.434377ms)
▶ A+C mock preflight independently rejects each catalog drift
  ✔ finalizaciones_abono_e2.abono_id: missing (0.45646ms)
  ✔ finalizaciones_abono_e2.abono_id: data_type (0.410823ms)
  ✔ finalizaciones_abono_e2.abono_id: is_nullable (0.542655ms)
  ✔ finalizaciones_abono_e2.abono_id: column_default (0.41146ms)
  ✔ finalizaciones_abono_e2.operacion_productor: missing (0.29341ms)
  ✔ finalizaciones_abono_e2.operacion_productor: data_type (0.385429ms)
  ✔ finalizaciones_abono_e2.operacion_productor: is_nullable (0.284123ms)
  ✔ finalizaciones_abono_e2.operacion_productor: column_default (0.249587ms)
  ✔ finalizaciones_abono_e2.operacion_clave: missing (0.208431ms)
  ✔ finalizaciones_abono_e2.operacion_clave: data_type (0.28756ms)
  ✔ finalizaciones_abono_e2.operacion_clave: is_nullable (0.215148ms)
  ✔ finalizaciones_abono_e2.operacion_clave: column_default (0.183936ms)
  ✔ finalizaciones_abono_e2.cliente_id: missing (0.300385ms)
  ✔ finalizaciones_abono_e2.cliente_id: data_type (0.250083ms)
  ✔ finalizaciones_abono_e2.cliente_id: is_nullable (0.233202ms)
  ✔ finalizaciones_abono_e2.cliente_id: column_default (0.191429ms)
  ✔ finalizaciones_abono_e2.importe: missing (0.210712ms)
  ✔ finalizaciones_abono_e2.importe: data_type (0.20223ms)
  ✔ finalizaciones_abono_e2.importe: is_nullable (0.246103ms)
  ✔ finalizaciones_abono_e2.importe: column_default (0.253124ms)
  ✔ finalizaciones_abono_e2.importe: numeric_precision (0.321252ms)
  ✔ finalizaciones_abono_e2.importe: numeric_scale (0.314524ms)
  ✔ finalizaciones_abono_e2.resultado: missing (0.23573ms)
  ✔ finalizaciones_abono_e2.resultado: data_type (0.221436ms)
  ✔ finalizaciones_abono_e2.resultado: is_nullable (0.305161ms)
  ✔ finalizaciones_abono_e2.resultado: column_default (0.276366ms)
  ✔ finalizaciones_abono_e2.aplicado: missing (0.273565ms)
  ✔ finalizaciones_abono_e2.aplicado: data_type (0.201812ms)
  ✔ finalizaciones_abono_e2.aplicado: is_nullable (0.278763ms)
  ✔ finalizaciones_abono_e2.aplicado: column_default (0.285326ms)
  ✔ finalizaciones_abono_e2.aplicado: numeric_precision (0.21644ms)
  ✔ finalizaciones_abono_e2.aplicado: numeric_scale (0.179105ms)
  ✔ finalizaciones_abono_e2.evaluacion: missing (0.166791ms)
  ✔ finalizaciones_abono_e2.evaluacion: data_type (0.391499ms)
  ✔ finalizaciones_abono_e2.evaluacion: is_nullable (0.200001ms)
  ✔ finalizaciones_abono_e2.evaluacion: column_default (0.165328ms)
  ✔ finalizaciones_abono_e2.contrato_revision: missing (0.162436ms)
  ✔ finalizaciones_abono_e2.contrato_revision: data_type (0.291887ms)
  ✔ finalizaciones_abono_e2.contrato_revision: is_nullable (0.189683ms)
  ✔ finalizaciones_abono_e2.contrato_revision: column_default (0.214213ms)
  ✔ finalizaciones_abono_e2.created_at: missing (0.181671ms)
  ✔ finalizaciones_abono_e2.created_at: data_type (0.218372ms)
  ✔ finalizaciones_abono_e2.created_at: is_nullable (0.171023ms)
  ✔ finalizaciones_abono_e2.created_at: column_default (0.161974ms)
  ✔ evidencia_no_aplicada_e2.fuente: missing (0.161234ms)
  ✔ evidencia_no_aplicada_e2.fuente: data_type (0.244612ms)
  ✔ evidencia_no_aplicada_e2.fuente: is_nullable (0.194836ms)
  ✔ evidencia_no_aplicada_e2.fuente: column_default (0.166506ms)
  ✔ evidencia_no_aplicada_e2.abono_id: missing (0.265324ms)
  ✔ evidencia_no_aplicada_e2.abono_id: data_type (0.371895ms)
  ✔ evidencia_no_aplicada_e2.abono_id: is_nullable (0.177018ms)
  ✔ evidencia_no_aplicada_e2.abono_id: column_default (0.171468ms)
  ✔ evidencia_no_aplicada_e2.cobro_productor: missing (0.16247ms)
  ✔ evidencia_no_aplicada_e2.cobro_productor: data_type (0.19674ms)
  ✔ evidencia_no_aplicada_e2.cobro_productor: is_nullable (0.230649ms)
  ✔ evidencia_no_aplicada_e2.cobro_productor: column_default (0.169957ms)
  ✔ evidencia_no_aplicada_e2.cobro_clave: missing (0.16076ms)
  ✔ evidencia_no_aplicada_e2.cobro_clave: data_type (0.203894ms)
  ✔ evidencia_no_aplicada_e2.cobro_clave: is_nullable (0.176807ms)
  ✔ evidencia_no_aplicada_e2.cobro_clave: column_default (0.179287ms)
  ✔ evidencia_no_aplicada_e2.cliente_id: missing (0.160302ms)
  ✔ evidencia_no_aplicada_e2.cliente_id: data_type (0.323372ms)
  ✔ evidencia_no_aplicada_e2.cliente_id: is_nullable (0.251212ms)
  ✔ evidencia_no_aplicada_e2.cliente_id: column_default (0.171502ms)
  ✔ evidencia_no_aplicada_e2.importe: missing (0.164343ms)
  ✔ evidencia_no_aplicada_e2.importe: data_type (0.161261ms)
  ✔ evidencia_no_aplicada_e2.importe: is_nullable (0.251855ms)
  ✔ evidencia_no_aplicada_e2.importe: column_default (0.168166ms)
  ✔ evidencia_no_aplicada_e2.importe: numeric_precision (0.165423ms)
  ✔ evidencia_no_aplicada_e2.importe: numeric_scale (0.157876ms)
  ✔ evidencia_no_aplicada_e2.forma_pago: missing (0.269853ms)
  ✔ evidencia_no_aplicada_e2.forma_pago: data_type (0.188903ms)
  ✔ evidencia_no_aplicada_e2.forma_pago: is_nullable (0.176194ms)
  ✔ evidencia_no_aplicada_e2.forma_pago: column_default (0.16098ms)
  ✔ evidencia_no_aplicada_e2.naturaleza: missing (0.160924ms)
  ✔ evidencia_no_aplicada_e2.naturaleza: data_type (0.349968ms)
  ✔ evidencia_no_aplicada_e2.naturaleza: is_nullable (0.218242ms)
  ✔ evidencia_no_aplicada_e2.naturaleza: column_default (0.274547ms)
  ✔ evidencia_no_aplicada_e2.created_at: missing (0.190967ms)
  ✔ evidencia_no_aplicada_e2.created_at: data_type (0.204164ms)
  ✔ evidencia_no_aplicada_e2.created_at: is_nullable (0.31433ms)
  ✔ evidencia_no_aplicada_e2.created_at: column_default (0.251369ms)
  ✔ finalizaciones_abono_e2_pkey: missing (0.516921ms)
  ✔ finalizaciones_abono_e2_pkey: table_name (0.414206ms)
  ✔ finalizaciones_abono_e2_pkey: definition (0.339804ms)
  ✔ finalizaciones_abono_e2_pkey: convalidated (0.259884ms)
  ✔ finalizaciones_abono_e2_pkey: condeferrable (0.200396ms)
  ✔ finalizaciones_abono_e2_pkey: condeferred (0.179635ms)
  ✔ finalizaciones_abono_e2_pkey: index_valid (0.178867ms)
  ✔ finalizaciones_abono_e2_abono_id_fkey: missing (0.165268ms)
  ✔ finalizaciones_abono_e2_abono_id_fkey: table_name (0.192212ms)
  ✔ finalizaciones_abono_e2_abono_id_fkey: definition (0.245654ms)
  ✔ finalizaciones_abono_e2_abono_id_fkey: convalidated (0.19453ms)
  ✔ finalizaciones_abono_e2_abono_id_fkey: condeferrable (0.211713ms)
  ✔ finalizaciones_abono_e2_abono_id_fkey: condeferred (0.203583ms)
  ✔ finalizaciones_abono_e2_abono_id_fkey: index_valid (0.18313ms)
  ✔ finalizaciones_abono_e2_cliente_id_fkey: missing (0.237974ms)
  ✔ finalizaciones_abono_e2_cliente_id_fkey: table_name (0.246661ms)
  ✔ finalizaciones_abono_e2_cliente_id_fkey: definition (0.18537ms)
  ✔ finalizaciones_abono_e2_cliente_id_fkey: convalidated (0.183627ms)
  ✔ finalizaciones_abono_e2_cliente_id_fkey: condeferrable (0.17484ms)
  ✔ finalizaciones_abono_e2_cliente_id_fkey: condeferred (0.221906ms)
  ✔ finalizaciones_abono_e2_cliente_id_fkey: index_valid (0.17742ms)
  ✔ finalizaciones_abono_e2_operacion_productor_operacion_clave_key: missing (0.169336ms)
  ✔ finalizaciones_abono_e2_operacion_productor_operacion_clave_key: table_name (0.251476ms)
  ✔ finalizaciones_abono_e2_operacion_productor_operacion_clave_key: definition (0.223842ms)
  ✔ finalizaciones_abono_e2_operacion_productor_operacion_clave_key: convalidated (0.177323ms)
  ✔ finalizaciones_abono_e2_operacion_productor_operacion_clave_key: condeferrable (0.170059ms)
  ✔ finalizaciones_abono_e2_operacion_productor_operacion_clave_key: condeferred (0.176594ms)
  ✔ finalizaciones_abono_e2_operacion_productor_operacion_clave_key: index_valid (0.408413ms)
  ✔ finalizaciones_abono_e2_importe_check: missing (0.181849ms)
  ✔ finalizaciones_abono_e2_importe_check: table_name (0.178948ms)
  ✔ finalizaciones_abono_e2_importe_check: definition (0.172358ms)
  ✔ finalizaciones_abono_e2_importe_check: convalidated (0.220214ms)
  ✔ finalizaciones_abono_e2_importe_check: condeferrable (0.248297ms)
  ✔ finalizaciones_abono_e2_importe_check: condeferred (0.192526ms)
  ✔ finalizaciones_abono_e2_importe_check: index_valid (0.217917ms)
  ✔ finalizaciones_abono_e2_resultado_check: missing (0.189098ms)
  ✔ finalizaciones_abono_e2_resultado_check: table_name (0.240237ms)
  ✔ finalizaciones_abono_e2_resultado_check: definition (0.188862ms)
  ✔ finalizaciones_abono_e2_resultado_check: convalidated (0.21576ms)
  ✔ finalizaciones_abono_e2_resultado_check: condeferrable (0.195399ms)
  ✔ finalizaciones_abono_e2_resultado_check: condeferred (0.183305ms)
  ✔ finalizaciones_abono_e2_resultado_check: index_valid (0.17624ms)
  ✔ finalizaciones_abono_e2_aplicado_check: missing (0.169793ms)
  ✔ finalizaciones_abono_e2_aplicado_check: table_name (0.255463ms)
  ✔ finalizaciones_abono_e2_aplicado_check: definition (0.190528ms)
  ✔ finalizaciones_abono_e2_aplicado_check: convalidated (0.184041ms)
  ✔ finalizaciones_abono_e2_aplicado_check: condeferrable (0.179385ms)
  ✔ finalizaciones_abono_e2_aplicado_check: condeferred (0.40045ms)
  ✔ finalizaciones_abono_e2_aplicado_check: index_valid (0.213672ms)
  ✔ finalizaciones_abono_e2_evaluacion_check: missing (0.175804ms)
  ✔ finalizaciones_abono_e2_evaluacion_check: table_name (0.228243ms)
  ✔ finalizaciones_abono_e2_evaluacion_check: definition (0.188203ms)
  ✔ finalizaciones_abono_e2_evaluacion_check: convalidated (0.177507ms)
  ✔ finalizaciones_abono_e2_evaluacion_check: condeferrable (0.179862ms)
  ✔ finalizaciones_abono_e2_evaluacion_check: condeferred (0.210191ms)
  ✔ finalizaciones_abono_e2_evaluacion_check: index_valid (0.194727ms)
  ✔ finalizaciones_abono_e2_contrato_revision_check: missing (0.172326ms)
  ✔ finalizaciones_abono_e2_contrato_revision_check: table_name (8.685544ms)
  ✔ finalizaciones_abono_e2_contrato_revision_check: definition (0.298762ms)
  ✔ finalizaciones_abono_e2_contrato_revision_check: convalidated (0.24527ms)
  ✔ finalizaciones_abono_e2_contrato_revision_check: condeferrable (0.280004ms)
  ✔ finalizaciones_abono_e2_contrato_revision_check: condeferred (0.220653ms)
  ✔ finalizaciones_abono_e2_contrato_revision_check: index_valid (0.21704ms)
  ✔ finalizaciones_abono_e2_check: missing (0.196164ms)
  ✔ finalizaciones_abono_e2_check: table_name (0.188852ms)
  ✔ finalizaciones_abono_e2_check: definition (0.177921ms)
  ✔ finalizaciones_abono_e2_check: convalidated (0.176337ms)
  ✔ finalizaciones_abono_e2_check: condeferrable (0.164661ms)
  ✔ finalizaciones_abono_e2_check: condeferred (0.201715ms)
  ✔ finalizaciones_abono_e2_check: index_valid (0.167657ms)
  ✔ finalizaciones_abono_e2_operacion_productor_check: missing (0.150448ms)
  ✔ finalizaciones_abono_e2_operacion_productor_check: table_name (0.156837ms)
  ✔ finalizaciones_abono_e2_operacion_productor_check: definition (0.153872ms)
  ✔ finalizaciones_abono_e2_operacion_productor_check: convalidated (0.231134ms)
  ✔ finalizaciones_abono_e2_operacion_productor_check: condeferrable (0.181529ms)
  ✔ finalizaciones_abono_e2_operacion_productor_check: condeferred (0.165171ms)
  ✔ finalizaciones_abono_e2_operacion_productor_check: index_valid (0.163373ms)
  ✔ evidencia_no_aplicada_e2_pkey: missing (0.246836ms)
  ✔ evidencia_no_aplicada_e2_pkey: table_name (0.221151ms)
  ✔ evidencia_no_aplicada_e2_pkey: definition (0.278769ms)
  ✔ evidencia_no_aplicada_e2_pkey: convalidated (0.22673ms)
  ✔ evidencia_no_aplicada_e2_pkey: condeferrable (0.266039ms)
  ✔ evidencia_no_aplicada_e2_pkey: condeferred (0.326945ms)
  ✔ evidencia_no_aplicada_e2_pkey: index_valid (0.197817ms)
  ✔ evidencia_no_aplicada_e2_abono_id_key: missing (0.193295ms)
  ✔ evidencia_no_aplicada_e2_abono_id_key: table_name (0.225717ms)
  ✔ evidencia_no_aplicada_e2_abono_id_key: definition (0.226122ms)
  ✔ evidencia_no_aplicada_e2_abono_id_key: convalidated (0.483188ms)
  ✔ evidencia_no_aplicada_e2_abono_id_key: condeferrable (0.203948ms)
  ✔ evidencia_no_aplicada_e2_abono_id_key: condeferred (0.172339ms)
  ✔ evidencia_no_aplicada_e2_abono_id_key: index_valid (0.166075ms)
  ✔ evidencia_no_aplicada_e2_cobro_clave_key: missing (0.147726ms)
  ✔ evidencia_no_aplicada_e2_cobro_clave_key: table_name (0.176388ms)
  ✔ evidencia_no_aplicada_e2_cobro_clave_key: definition (0.57442ms)
  ✔ evidencia_no_aplicada_e2_cobro_clave_key: convalidated (0.23095ms)
  ✔ evidencia_no_aplicada_e2_cobro_clave_key: condeferrable (0.172385ms)
  ✔ evidencia_no_aplicada_e2_cobro_clave_key: condeferred (0.160583ms)
  ✔ evidencia_no_aplicada_e2_cobro_clave_key: index_valid (0.151274ms)
  ✔ evidencia_no_aplicada_e2_cobro_productor_cobro_clave_fkey: missing (0.142454ms)
  ✔ evidencia_no_aplicada_e2_cobro_productor_cobro_clave_fkey: table_name (0.195291ms)
  ✔ evidencia_no_aplicada_e2_cobro_productor_cobro_clave_fkey: definition (0.209784ms)
  ✔ evidencia_no_aplicada_e2_cobro_productor_cobro_clave_fkey: convalidated (0.208459ms)
  ✔ evidencia_no_aplicada_e2_cobro_productor_cobro_clave_fkey: condeferrable (0.183149ms)
  ✔ evidencia_no_aplicada_e2_cobro_productor_cobro_clave_fkey: condeferred (0.233966ms)
  ✔ evidencia_no_aplicada_e2_cobro_productor_cobro_clave_fkey: index_valid (0.233834ms)
  ✔ evidencia_no_aplicada_e2_abono_id_fkey: missing (0.1532ms)
  ✔ evidencia_no_aplicada_e2_abono_id_fkey: table_name (0.157146ms)
  ✔ evidencia_no_aplicada_e2_abono_id_fkey: definition (0.152767ms)
  ✔ evidencia_no_aplicada_e2_abono_id_fkey: convalidated (0.170781ms)
  ✔ evidencia_no_aplicada_e2_abono_id_fkey: condeferrable (0.155871ms)
  ✔ evidencia_no_aplicada_e2_abono_id_fkey: condeferred (0.151906ms)
  ✔ evidencia_no_aplicada_e2_abono_id_fkey: index_valid (0.148647ms)
  ✔ evidencia_no_aplicada_e2_cliente_id_fkey: missing (0.16349ms)
  ✔ evidencia_no_aplicada_e2_cliente_id_fkey: table_name (0.227856ms)
  ✔ evidencia_no_aplicada_e2_cliente_id_fkey: definition (0.166396ms)
  ✔ evidencia_no_aplicada_e2_cliente_id_fkey: convalidated (0.155828ms)
  ✔ evidencia_no_aplicada_e2_cliente_id_fkey: condeferrable (0.313207ms)
  ✔ evidencia_no_aplicada_e2_cliente_id_fkey: condeferred (0.192144ms)
  ✔ evidencia_no_aplicada_e2_cliente_id_fkey: index_valid (0.167438ms)
  ✔ evidencia_no_aplicada_e2_importe_check: missing (0.14749ms)
  ✔ evidencia_no_aplicada_e2_importe_check: table_name (0.162557ms)
  ✔ evidencia_no_aplicada_e2_importe_check: definition (0.154577ms)
  ✔ evidencia_no_aplicada_e2_importe_check: convalidated (0.234848ms)
  ✔ evidencia_no_aplicada_e2_importe_check: condeferrable (0.157276ms)
  ✔ evidencia_no_aplicada_e2_importe_check: condeferred (0.154133ms)
  ✔ evidencia_no_aplicada_e2_importe_check: index_valid (0.155366ms)
  ✔ evidencia_no_aplicada_e2_forma_pago_check: missing (0.286841ms)
  ✔ evidencia_no_aplicada_e2_forma_pago_check: table_name (0.195726ms)
  ✔ evidencia_no_aplicada_e2_forma_pago_check: definition (0.170386ms)
  ✔ evidencia_no_aplicada_e2_forma_pago_check: convalidated (0.163688ms)
  ✔ evidencia_no_aplicada_e2_forma_pago_check: condeferrable (0.156451ms)
  ✔ evidencia_no_aplicada_e2_forma_pago_check: condeferred (0.17389ms)
  ✔ evidencia_no_aplicada_e2_forma_pago_check: index_valid (0.156025ms)
  ✔ evidencia_no_aplicada_e2_naturaleza_check: missing (0.145764ms)
  ✔ evidencia_no_aplicada_e2_naturaleza_check: table_name (0.160554ms)
  ✔ evidencia_no_aplicada_e2_naturaleza_check: definition (0.155959ms)
  ✔ evidencia_no_aplicada_e2_naturaleza_check: convalidated (0.201049ms)
  ✔ evidencia_no_aplicada_e2_naturaleza_check: condeferrable (0.153651ms)
  ✔ evidencia_no_aplicada_e2_naturaleza_check: condeferred (0.151738ms)
  ✔ evidencia_no_aplicada_e2_naturaleza_check: index_valid (0.199896ms)
  ✔ evidencia_no_aplicada_e2_check: missing (0.147103ms)
  ✔ evidencia_no_aplicada_e2_check: table_name (0.244834ms)
  ✔ evidencia_no_aplicada_e2_check: definition (0.166052ms)
  ✔ evidencia_no_aplicada_e2_check: convalidated (0.160493ms)
  ✔ evidencia_no_aplicada_e2_check: condeferrable (0.167693ms)
  ✔ evidencia_no_aplicada_e2_check: condeferred (0.244119ms)
  ✔ evidencia_no_aplicada_e2_check: index_valid (0.179286ms)
  ✔ e2_finalization_immutable: missing (0.258531ms)
  ✔ e2_finalization_immutable: prosrc (0.264065ms)
  ✔ e2_finalization_immutable: prokind (0.225385ms)
  ✔ e2_finalization_immutable: provolatile (0.19821ms)
  ✔ e2_finalization_immutable: proparallel (0.184288ms)
  ✔ e2_finalization_immutable: prosecdef (0.185237ms)
  ✔ e2_finalization_immutable: proleakproof (0.290686ms)
  ✔ e2_finalization_immutable: proisstrict (0.256287ms)
  ✔ e2_finalization_immutable: proretset (0.221448ms)
  ✔ e2_finalization_immutable: proacl (0.274877ms)
  ✔ e2_finalization_immutable: proconfig (0.200147ms)
  ✔ e2_finalization_immutable: language_name (0.189345ms)
  ✔ e2_finalization_immutable: owner_name (0.192537ms)
  ✔ e2_finalization_immutable: result_type (0.222673ms)
  ✔ e2_finalization_immutable: identity_arguments (0.194354ms)
  ✔ e2_finalization_immutable: tgenabled (0.2428ms)
  ✔ e2_finalization_immutable: tgtype (0.197712ms)
  ✔ e2_finalization_immutable: table_name (0.238001ms)
  ✔ e2_finalization_immutable: function_name (0.18748ms)
  ✔ e2_finalization_immutable: function_schema (0.254085ms)
  ✔ e2_finalization_immutable: args_length (0.3227ms)
  ✔ e2_finalization_immutable: trigger_attr (0.269599ms)
  ✔ e2_finalization_immutable: has_parent (0.199925ms)
  ✔ e2_finalization_immutable: has_qual (0.192312ms)
  ✔ e2_finalization_immutable: has_constraint (0.282195ms)
  ✔ e2_finalization_immutable: tgdeferrable (0.248271ms)
  ✔ e2_finalization_immutable: tginitdeferred (0.190296ms)
  ✔ e2_validate_abono_finalization: missing (0.169662ms)
  ✔ e2_validate_abono_finalization: prosrc (0.268132ms)
  ✔ e2_validate_abono_finalization: prokind (0.22727ms)
  ✔ e2_validate_abono_finalization: provolatile (0.199837ms)
  ✔ e2_validate_abono_finalization: proparallel (0.235287ms)
  ✔ e2_validate_abono_finalization: prosecdef (0.208852ms)
  ✔ e2_validate_abono_finalization: proleakproof (0.356713ms)
  ✔ e2_validate_abono_finalization: proisstrict (0.286225ms)
  ✔ e2_validate_abono_finalization: proretset (0.226432ms)
  ✔ e2_validate_abono_finalization: proacl (0.197651ms)
  ✔ e2_validate_abono_finalization: proconfig (0.20491ms)
  ✔ e2_validate_abono_finalization: language_name (0.286718ms)
  ✔ e2_validate_abono_finalization: owner_name (0.277752ms)
  ✔ e2_validate_abono_finalization: result_type (0.229098ms)
  ✔ e2_validate_abono_finalization: identity_arguments (0.424324ms)
  ✔ e2_validate_abono_finalization: tgenabled (0.247244ms)
  ✔ e2_validate_abono_finalization: tgtype (0.20574ms)
  ✔ e2_validate_abono_finalization: table_name (0.195027ms)
  ✔ e2_validate_abono_finalization: function_name (0.245747ms)
  ✔ e2_validate_abono_finalization: function_schema (0.197627ms)
  ✔ e2_validate_abono_finalization: args_length (0.189469ms)
  ✔ e2_validate_abono_finalization: trigger_attr (0.186904ms)
  ✔ e2_validate_abono_finalization: has_parent (0.243565ms)
  ✔ e2_validate_abono_finalization: has_qual (0.197239ms)
  ✔ e2_validate_abono_finalization: has_constraint (0.190723ms)
  ✔ e2_validate_abono_finalization: tgdeferrable (0.199207ms)
  ✔ e2_validate_abono_finalization: tginitdeferred (0.289427ms)
  ✔ e2_proof_immutable: missing (0.195996ms)
  ✔ e2_proof_immutable: prosrc (0.224793ms)
  ✔ e2_proof_immutable: prokind (0.301771ms)
  ✔ e2_proof_immutable: provolatile (0.233654ms)
  ✔ e2_proof_immutable: proparallel (0.20371ms)
  ✔ e2_proof_immutable: prosecdef (0.256351ms)
  ✔ e2_proof_immutable: proleakproof (0.293205ms)
  ✔ e2_proof_immutable: proisstrict (0.226939ms)
  ✔ e2_proof_immutable: proretset (0.315875ms)
  ✔ e2_proof_immutable: proacl (0.291871ms)
  ✔ e2_proof_immutable: proconfig (0.240445ms)
  ✔ e2_proof_immutable: language_name (0.202744ms)
  ✔ e2_proof_immutable: owner_name (0.202048ms)
  ✔ e2_proof_immutable: result_type (0.284709ms)
  ✔ e2_proof_immutable: identity_arguments (0.227543ms)
  ✔ e2_proof_immutable: tgenabled (0.201214ms)
  ✔ e2_proof_immutable: tgtype (0.252579ms)
  ✔ e2_proof_immutable: table_name (0.210419ms)
  ✔ e2_proof_immutable: function_name (0.193493ms)
  ✔ e2_proof_immutable: function_schema (0.188103ms)
  ✔ e2_proof_immutable: args_length (0.240288ms)
  ✔ e2_proof_immutable: trigger_attr (0.206349ms)
  ✔ e2_proof_immutable: has_parent (0.199632ms)
  ✔ e2_proof_immutable: has_qual (0.19374ms)
  ✔ e2_proof_immutable: has_constraint (0.229702ms)
  ✔ e2_proof_immutable: tgdeferrable (0.203554ms)
  ✔ e2_proof_immutable: tginitdeferred (0.192041ms)
  ✔ e2_validate_unused_proof: missing (0.183773ms)
  ✔ e2_validate_unused_proof: prosrc (0.314128ms)
  ✔ e2_validate_unused_proof: prokind (0.337981ms)
  ✔ e2_validate_unused_proof: provolatile (0.29917ms)
  ✔ e2_validate_unused_proof: proparallel (0.258525ms)
  ✔ e2_validate_unused_proof: prosecdef (0.322844ms)
  ✔ e2_validate_unused_proof: proleakproof (0.297253ms)
  ✔ e2_validate_unused_proof: proisstrict (0.267624ms)
  ✔ e2_validate_unused_proof: proretset (0.268087ms)
  ✔ e2_validate_unused_proof: proacl (0.306829ms)
  ✔ e2_validate_unused_proof: proconfig (0.257107ms)
  ✔ e2_validate_unused_proof: language_name (0.21315ms)
  ✔ e2_validate_unused_proof: owner_name (0.204965ms)
  ✔ e2_validate_unused_proof: result_type (0.208125ms)
  ✔ e2_validate_unused_proof: identity_arguments (0.282234ms)
  ✔ e2_validate_unused_proof: tgenabled (0.209303ms)
  ✔ e2_validate_unused_proof: tgtype (0.209303ms)
  ✔ e2_validate_unused_proof: table_name (0.198012ms)
  ✔ e2_validate_unused_proof: function_name (0.246631ms)
  ✔ e2_validate_unused_proof: function_schema (0.204156ms)
  ✔ e2_validate_unused_proof: args_length (0.198778ms)
  ✔ e2_validate_unused_proof: trigger_attr (0.357506ms)
  ✔ e2_validate_unused_proof: has_parent (0.219993ms)
  ✔ e2_validate_unused_proof: has_qual (0.201046ms)
  ✔ e2_validate_unused_proof: has_constraint (0.19853ms)
  ✔ e2_validate_unused_proof: tgdeferrable (0.256725ms)
  ✔ e2_validate_unused_proof: tginitdeferred (0.216808ms)
  ✔ e2_abono_finalization_complete: missing (0.175122ms)
  ✔ e2_abono_finalization_complete: prosrc (0.202217ms)
  ✔ e2_abono_finalization_complete: prokind (0.287304ms)
  ✔ e2_abono_finalization_complete: provolatile (0.224457ms)
  ✔ e2_abono_finalization_complete: proparallel (0.200324ms)
  ✔ e2_abono_finalization_complete: prosecdef (0.200089ms)
  ✔ e2_abono_finalization_complete: proleakproof (0.236931ms)
  ✔ e2_abono_finalization_complete: proisstrict (0.216636ms)
  ✔ e2_abono_finalization_complete: proretset (0.208214ms)
  ✔ e2_abono_finalization_complete: proacl (0.200501ms)
  ✔ e2_abono_finalization_complete: proconfig (0.237384ms)
  ✔ e2_abono_finalization_complete: language_name (0.216209ms)
  ✔ e2_abono_finalization_complete: owner_name (0.201337ms)
  ✔ e2_abono_finalization_complete: result_type (0.199374ms)
  ✔ e2_abono_finalization_complete: identity_arguments (0.228203ms)
  ✔ e2_abono_finalization_complete: tgenabled (0.215055ms)
  ✔ e2_abono_finalization_complete: tgtype (0.195686ms)
  ✔ e2_abono_finalization_complete: table_name (0.200328ms)
  ✔ e2_abono_finalization_complete: function_name (0.2009ms)
  ✔ e2_abono_finalization_complete: function_schema (1.241485ms)
  ✔ e2_abono_finalization_complete: args_length (0.222929ms)
  ✔ e2_abono_finalization_complete: trigger_attr (0.202022ms)
  ✔ e2_abono_finalization_complete: has_parent (0.247668ms)
  ✔ e2_abono_finalization_complete: has_qual (0.30315ms)
  ✔ e2_abono_finalization_complete: has_constraint (0.243491ms)
  ✔ e2_abono_finalization_complete: tgdeferrable (0.265361ms)
  ✔ e2_abono_finalization_complete: tginitdeferred (0.211568ms)
  ✔ e2_capture_application_order: missing (0.207791ms)
  ✔ e2_capture_application_order: prosrc (1.281234ms)
  ✔ e2_capture_application_order: prokind (0.331812ms)
  ✔ e2_capture_application_order: provolatile (0.239299ms)
  ✔ e2_capture_application_order: proparallel (0.407661ms)
  ✔ e2_capture_application_order: prosecdef (0.242466ms)
  ✔ e2_capture_application_order: proleakproof (0.212273ms)
  ✔ e2_capture_application_order: proisstrict (0.272522ms)
  ✔ e2_capture_application_order: proretset (0.214379ms)
  ✔ e2_capture_application_order: proacl (0.212078ms)
  ✔ e2_capture_application_order: proconfig (0.20484ms)
  ✔ e2_capture_application_order: language_name (0.381157ms)
  ✔ e2_capture_application_order: owner_name (0.370786ms)
  ✔ e2_capture_application_order: result_type (0.30511ms)
  ✔ e2_capture_application_order: identity_arguments (0.223988ms)
  ✔ e2_capture_application_order: tgenabled (0.214961ms)
  ✔ e2_capture_application_order: tgtype (0.250791ms)
  ✔ e2_capture_application_order: table_name (0.382997ms)
  ✔ e2_capture_application_order: function_name (0.265157ms)
  ✔ e2_capture_application_order: function_schema (0.267808ms)
  ✔ e2_capture_application_order: args_length (0.220093ms)
  ✔ e2_capture_application_order: trigger_attr (0.58431ms)
  ✔ e2_capture_application_order: has_parent (0.320726ms)
  ✔ e2_capture_application_order: has_qual (0.241902ms)
  ✔ e2_capture_application_order: has_constraint (0.329406ms)
  ✔ e2_capture_application_order: tgdeferrable (0.234549ms)
  ✔ e2_capture_application_order: tginitdeferred (11.16167ms)
  ✔ e2_finalize_new_abono: missing (0.46692ms)
  ✔ e2_finalize_new_abono: prosrc (0.286539ms)
  ✔ e2_finalize_new_abono: prokind (0.282662ms)
  ✔ e2_finalize_new_abono: provolatile (0.415083ms)
  ✔ e2_finalize_new_abono: proparallel (0.259793ms)
  ✔ e2_finalize_new_abono: prosecdef (0.343564ms)
  ✔ e2_finalize_new_abono: proleakproof (0.382836ms)
  ✔ e2_finalize_new_abono: proisstrict (0.391396ms)
  ✔ e2_finalize_new_abono: proretset (0.442183ms)
  ✔ e2_finalize_new_abono: proacl (0.273312ms)
  ✔ e2_finalize_new_abono: proconfig (0.481936ms)
  ✔ e2_finalize_new_abono: language_name (0.257306ms)
  ✔ e2_finalize_new_abono: owner_name (0.441097ms)
  ✔ e2_finalize_new_abono: result_type (0.398745ms)
  ✔ e2_finalize_new_abono: identity_arguments (0.50397ms)
  ✔ e2_attest_new_retained: missing (0.269997ms)
  ✔ e2_attest_new_retained: prosrc (0.328865ms)
  ✔ e2_attest_new_retained: prokind (0.302693ms)
  ✔ e2_attest_new_retained: provolatile (0.248508ms)
  ✔ e2_attest_new_retained: proparallel (0.268224ms)
  ✔ e2_attest_new_retained: prosecdef (0.250703ms)
  ✔ e2_attest_new_retained: proleakproof (0.228432ms)
  ✔ e2_attest_new_retained: proisstrict (0.352496ms)
  ✔ e2_attest_new_retained: proretset (0.260029ms)
  ✔ e2_attest_new_retained: proacl (0.235517ms)
  ✔ e2_attest_new_retained: proconfig (0.224193ms)
  ✔ e2_attest_new_retained: language_name (0.237694ms)
  ✔ e2_attest_new_retained: owner_name (0.222977ms)
  ✔ e2_attest_new_retained: result_type (0.221835ms)
  ✔ e2_attest_new_retained: identity_arguments (0.38739ms)
✔ A+C mock preflight independently rejects each catalog drift (173.227477ms)
ℹ tests 428
ℹ suites 0
ℹ pass 426
ℹ fail 2
ℹ cancelled 0
ℹ skipped 0
ℹ todo 0
ℹ duration_ms 690.520108

✖ failing tests:

test at reports/e2-apertura-limitada/evidencia-a-c/negative-offline.test.mjs:169:1
✖ positive proof is mandatory in the real refund service (66.62125ms)
  AssertionError [ERR_ASSERTION]: Missing expected rejection: missing proof must reject refund
      at async TestContext.<anonymous> (file:///home/runner/workspace/reports/e2-apertura-limitada/evidencia-a-c/negative-offline.test.mjs:173:3)
      at async Test.run (node:internal/test_runner/test:1113:7)
      at async Test.processPendingSubtests (node:internal/test_runner/test:788:7) {
    generatedMessage: false,
    code: 'ERR_ASSERTION',
    actual: undefined,
    expected: /falta prueba positiva/,
    operator: 'rejects',
    diff: 'simple'
  }

test at reports/e2-apertura-limitada/evidencia-a-c/negative-offline.test.mjs:177:1
✖ real refund service accepts both origins and rejects absent/used ABONO finalization (68.253309ms)
  AssertionError [ERR_ASSERTION]: Missing expected rejection: MISSING: ABONO must require UNUSED finalization
      at async TestContext.<anonymous> (file:///home/runner/workspace/reports/e2-apertura-limitada/evidencia-a-c/negative-offline.test.mjs:190:5)
      at async Test.run (node:internal/test_runner/test:1113:7)
      at async Test.processPendingSubtests (node:internal/test_runner/test:788:7) {
    generatedMessage: false,
    code: 'ERR_ASSERTION',
    actual: undefined,
    expected: /falta prueba positiva/,
    operator: 'rejects',
    diff: 'simple'
  }
