✔ mounted ordinary producer: UNUSED/PARTIAL/FULL and FIFO persistence ordering (386.859179ms)
✔ mounted directed approval finalizes FULL only after its application (25.463872ms)
✔ actual core rejects directed result/amount mismatches before persistence (0.656253ms)
✔ positive proof is mandatory in the real refund service (64.848661ms)
✔ real refund service accepts both origins and rejects absent/used ABONO finalization (66.273632ms)
✔ R4 application-order guard exists in prepared SQL (LEXICAL ONLY, not SQL semantics) (0.513318ms)
▶ A+C mock preflight independently rejects each catalog drift
  ✔ finalizaciones_abono_e2.abono_id: missing (0.745423ms)
  ✔ finalizaciones_abono_e2.abono_id: data_type (0.428975ms)
  ✔ finalizaciones_abono_e2.abono_id: is_nullable (0.482868ms)
  ✔ finalizaciones_abono_e2.abono_id: column_default (0.625102ms)
  ✔ finalizaciones_abono_e2.operacion_productor: missing (0.275187ms)
  ✔ finalizaciones_abono_e2.operacion_productor: data_type (0.372204ms)
  ✔ finalizaciones_abono_e2.operacion_productor: is_nullable (0.262813ms)
  ✔ finalizaciones_abono_e2.operacion_productor: column_default (0.212925ms)
  ✔ finalizaciones_abono_e2.operacion_clave: missing (0.539708ms)
  ✔ finalizaciones_abono_e2.operacion_clave: data_type (0.242399ms)
  ✔ finalizaciones_abono_e2.operacion_clave: is_nullable (0.210079ms)
  ✔ finalizaciones_abono_e2.operacion_clave: column_default (0.245416ms)
  ✔ finalizaciones_abono_e2.cliente_id: missing (0.385251ms)
  ✔ finalizaciones_abono_e2.cliente_id: data_type (0.22994ms)
  ✔ finalizaciones_abono_e2.cliente_id: is_nullable (0.294138ms)
  ✔ finalizaciones_abono_e2.cliente_id: column_default (0.25649ms)
  ✔ finalizaciones_abono_e2.importe: missing (0.200591ms)
  ✔ finalizaciones_abono_e2.importe: data_type (0.264015ms)
  ✔ finalizaciones_abono_e2.importe: is_nullable (0.240607ms)
  ✔ finalizaciones_abono_e2.importe: column_default (0.199676ms)
  ✔ finalizaciones_abono_e2.importe: numeric_precision (0.185876ms)
  ✔ finalizaciones_abono_e2.importe: numeric_scale (0.413362ms)
  ✔ finalizaciones_abono_e2.resultado: missing (0.250014ms)
  ✔ finalizaciones_abono_e2.resultado: data_type (0.201707ms)
  ✔ finalizaciones_abono_e2.resultado: is_nullable (0.512517ms)
  ✔ finalizaciones_abono_e2.resultado: column_default (0.367028ms)
  ✔ finalizaciones_abono_e2.aplicado: missing (0.294518ms)
  ✔ finalizaciones_abono_e2.aplicado: data_type (0.211558ms)
  ✔ finalizaciones_abono_e2.aplicado: is_nullable (0.427702ms)
  ✔ finalizaciones_abono_e2.aplicado: column_default (0.383685ms)
  ✔ finalizaciones_abono_e2.aplicado: numeric_precision (0.328858ms)
  ✔ finalizaciones_abono_e2.aplicado: numeric_scale (0.222765ms)
  ✔ finalizaciones_abono_e2.evaluacion: missing (0.355605ms)
  ✔ finalizaciones_abono_e2.evaluacion: data_type (0.831749ms)
  ✔ finalizaciones_abono_e2.evaluacion: is_nullable (0.240101ms)
  ✔ finalizaciones_abono_e2.evaluacion: column_default (0.237779ms)
  ✔ finalizaciones_abono_e2.contrato_revision: missing (0.184157ms)
  ✔ finalizaciones_abono_e2.contrato_revision: data_type (0.185826ms)
  ✔ finalizaciones_abono_e2.contrato_revision: is_nullable (0.17269ms)
  ✔ finalizaciones_abono_e2.contrato_revision: column_default (0.210336ms)
  ✔ finalizaciones_abono_e2.created_at: missing (0.190962ms)
  ✔ finalizaciones_abono_e2.created_at: data_type (0.301826ms)
  ✔ finalizaciones_abono_e2.created_at: is_nullable (0.300896ms)
  ✔ finalizaciones_abono_e2.created_at: column_default (0.20382ms)
  ✔ evidencia_no_aplicada_e2.fuente: missing (0.227796ms)
  ✔ evidencia_no_aplicada_e2.fuente: data_type (0.179101ms)
  ✔ evidencia_no_aplicada_e2.fuente: is_nullable (0.255597ms)
  ✔ evidencia_no_aplicada_e2.fuente: column_default (0.184714ms)
  ✔ evidencia_no_aplicada_e2.abono_id: missing (0.171236ms)
  ✔ evidencia_no_aplicada_e2.abono_id: data_type (0.168808ms)
  ✔ evidencia_no_aplicada_e2.abono_id: is_nullable (0.20384ms)
  ✔ evidencia_no_aplicada_e2.abono_id: column_default (0.185008ms)
  ✔ evidencia_no_aplicada_e2.cobro_productor: missing (0.16712ms)
  ✔ evidencia_no_aplicada_e2.cobro_productor: data_type (0.166971ms)
  ✔ evidencia_no_aplicada_e2.cobro_productor: is_nullable (0.209893ms)
  ✔ evidencia_no_aplicada_e2.cobro_productor: column_default (0.191689ms)
  ✔ evidencia_no_aplicada_e2.cobro_clave: missing (0.171573ms)
  ✔ evidencia_no_aplicada_e2.cobro_clave: data_type (0.1635ms)
  ✔ evidencia_no_aplicada_e2.cobro_clave: is_nullable (0.165174ms)
  ✔ evidencia_no_aplicada_e2.cobro_clave: column_default (0.205587ms)
  ✔ evidencia_no_aplicada_e2.cliente_id: missing (0.176454ms)
  ✔ evidencia_no_aplicada_e2.cliente_id: data_type (0.321018ms)
  ✔ evidencia_no_aplicada_e2.cliente_id: is_nullable (0.231191ms)
  ✔ evidencia_no_aplicada_e2.cliente_id: column_default (0.224004ms)
  ✔ evidencia_no_aplicada_e2.importe: missing (0.190562ms)
  ✔ evidencia_no_aplicada_e2.importe: data_type (0.171268ms)
  ✔ evidencia_no_aplicada_e2.importe: is_nullable (0.169222ms)
  ✔ evidencia_no_aplicada_e2.importe: column_default (0.179588ms)
  ✔ evidencia_no_aplicada_e2.importe: numeric_precision (0.17186ms)
  ✔ evidencia_no_aplicada_e2.importe: numeric_scale (0.170349ms)
  ✔ evidencia_no_aplicada_e2.forma_pago: missing (0.248905ms)
  ✔ evidencia_no_aplicada_e2.forma_pago: data_type (0.204723ms)
  ✔ evidencia_no_aplicada_e2.forma_pago: is_nullable (0.191347ms)
  ✔ evidencia_no_aplicada_e2.forma_pago: column_default (0.265385ms)
  ✔ evidencia_no_aplicada_e2.naturaleza: missing (0.224127ms)
  ✔ evidencia_no_aplicada_e2.naturaleza: data_type (0.186849ms)
  ✔ evidencia_no_aplicada_e2.naturaleza: is_nullable (0.295938ms)
  ✔ evidencia_no_aplicada_e2.naturaleza: column_default (0.41009ms)
  ✔ evidencia_no_aplicada_e2.created_at: missing (0.358026ms)
  ✔ evidencia_no_aplicada_e2.created_at: data_type (0.277313ms)
  ✔ evidencia_no_aplicada_e2.created_at: is_nullable (0.260162ms)
  ✔ evidencia_no_aplicada_e2.created_at: column_default (0.653739ms)
  ✔ finalizaciones_abono_e2_pkey: missing (0.326399ms)
  ✔ finalizaciones_abono_e2_pkey: table_name (0.439413ms)
  ✔ finalizaciones_abono_e2_pkey: definition (0.339379ms)
  ✔ finalizaciones_abono_e2_pkey: convalidated (0.270685ms)
  ✔ finalizaciones_abono_e2_pkey: condeferrable (0.332865ms)
  ✔ finalizaciones_abono_e2_pkey: condeferred (0.211092ms)
  ✔ finalizaciones_abono_e2_pkey: index_valid (0.184755ms)
  ✔ finalizaciones_abono_e2_abono_id_fkey: missing (0.220709ms)
  ✔ finalizaciones_abono_e2_abono_id_fkey: table_name (0.191276ms)
  ✔ finalizaciones_abono_e2_abono_id_fkey: definition (0.238714ms)
  ✔ finalizaciones_abono_e2_abono_id_fkey: convalidated (0.209104ms)
  ✔ finalizaciones_abono_e2_abono_id_fkey: condeferrable (0.223657ms)
  ✔ finalizaciones_abono_e2_abono_id_fkey: condeferred (0.191413ms)
  ✔ finalizaciones_abono_e2_abono_id_fkey: index_valid (0.304348ms)
  ✔ finalizaciones_abono_e2_cliente_id_fkey: missing (8.337381ms)
  ✔ finalizaciones_abono_e2_cliente_id_fkey: table_name (0.271344ms)
  ✔ finalizaciones_abono_e2_cliente_id_fkey: definition (0.188197ms)
  ✔ finalizaciones_abono_e2_cliente_id_fkey: convalidated (0.248333ms)
  ✔ finalizaciones_abono_e2_cliente_id_fkey: condeferrable (0.173453ms)
  ✔ finalizaciones_abono_e2_cliente_id_fkey: condeferred (0.149942ms)
  ✔ finalizaciones_abono_e2_cliente_id_fkey: index_valid (0.146237ms)
  ✔ finalizaciones_abono_e2_operacion_productor_operacion_clave_key: missing (0.142731ms)
  ✔ finalizaciones_abono_e2_operacion_productor_operacion_clave_key: table_name (0.2664ms)
  ✔ finalizaciones_abono_e2_operacion_productor_operacion_clave_key: definition (0.178509ms)
  ✔ finalizaciones_abono_e2_operacion_productor_operacion_clave_key: convalidated (0.15131ms)
  ✔ finalizaciones_abono_e2_operacion_productor_operacion_clave_key: condeferrable (0.144656ms)
  ✔ finalizaciones_abono_e2_operacion_productor_operacion_clave_key: condeferred (0.140535ms)
  ✔ finalizaciones_abono_e2_operacion_productor_operacion_clave_key: index_valid (0.183629ms)
  ✔ finalizaciones_abono_e2_importe_check: missing (0.151841ms)
  ✔ finalizaciones_abono_e2_importe_check: table_name (0.152032ms)
  ✔ finalizaciones_abono_e2_importe_check: definition (0.1501ms)
  ✔ finalizaciones_abono_e2_importe_check: convalidated (0.143141ms)
  ✔ finalizaciones_abono_e2_importe_check: condeferrable (0.186011ms)
  ✔ finalizaciones_abono_e2_importe_check: condeferred (0.153972ms)
  ✔ finalizaciones_abono_e2_importe_check: index_valid (0.144828ms)
  ✔ finalizaciones_abono_e2_resultado_check: missing (0.138269ms)
  ✔ finalizaciones_abono_e2_resultado_check: table_name (0.206706ms)
  ✔ finalizaciones_abono_e2_resultado_check: definition (0.261505ms)
  ✔ finalizaciones_abono_e2_resultado_check: convalidated (0.172267ms)
  ✔ finalizaciones_abono_e2_resultado_check: condeferrable (0.150397ms)
  ✔ finalizaciones_abono_e2_resultado_check: condeferred (0.152678ms)
  ✔ finalizaciones_abono_e2_resultado_check: index_valid (0.148441ms)
  ✔ finalizaciones_abono_e2_aplicado_check: missing (0.185061ms)
  ✔ finalizaciones_abono_e2_aplicado_check: table_name (0.1506ms)
  ✔ finalizaciones_abono_e2_aplicado_check: definition (0.15732ms)
  ✔ finalizaciones_abono_e2_aplicado_check: convalidated (0.14681ms)
  ✔ finalizaciones_abono_e2_aplicado_check: condeferrable (0.145074ms)
  ✔ finalizaciones_abono_e2_aplicado_check: condeferred (0.185713ms)
  ✔ finalizaciones_abono_e2_aplicado_check: index_valid (0.162387ms)
  ✔ finalizaciones_abono_e2_evaluacion_check: missing (0.138807ms)
  ✔ finalizaciones_abono_e2_evaluacion_check: table_name (0.152773ms)
  ✔ finalizaciones_abono_e2_evaluacion_check: definition (0.176524ms)
  ✔ finalizaciones_abono_e2_evaluacion_check: convalidated (0.213421ms)
  ✔ finalizaciones_abono_e2_evaluacion_check: condeferrable (0.162961ms)
  ✔ finalizaciones_abono_e2_evaluacion_check: condeferred (0.15072ms)
  ✔ finalizaciones_abono_e2_evaluacion_check: index_valid (0.147224ms)
  ✔ finalizaciones_abono_e2_contrato_revision_check: missing (0.146132ms)
  ✔ finalizaciones_abono_e2_contrato_revision_check: table_name (0.246234ms)
  ✔ finalizaciones_abono_e2_contrato_revision_check: definition (0.16888ms)
  ✔ finalizaciones_abono_e2_contrato_revision_check: convalidated (0.216069ms)
  ✔ finalizaciones_abono_e2_contrato_revision_check: condeferrable (0.209585ms)
  ✔ finalizaciones_abono_e2_contrato_revision_check: condeferred (0.230382ms)
  ✔ finalizaciones_abono_e2_contrato_revision_check: index_valid (0.224976ms)
  ✔ finalizaciones_abono_e2_check: missing (0.165484ms)
  ✔ finalizaciones_abono_e2_check: table_name (0.158473ms)
  ✔ finalizaciones_abono_e2_check: definition (0.155072ms)
  ✔ finalizaciones_abono_e2_check: convalidated (0.203465ms)
  ✔ finalizaciones_abono_e2_check: condeferrable (0.181995ms)
  ✔ finalizaciones_abono_e2_check: condeferred (0.179839ms)
  ✔ finalizaciones_abono_e2_check: index_valid (0.154075ms)
  ✔ finalizaciones_abono_e2_operacion_productor_check: missing (0.139786ms)
  ✔ finalizaciones_abono_e2_operacion_productor_check: table_name (0.1705ms)
  ✔ finalizaciones_abono_e2_operacion_productor_check: definition (0.198717ms)
  ✔ finalizaciones_abono_e2_operacion_productor_check: convalidated (0.168764ms)
  ✔ finalizaciones_abono_e2_operacion_productor_check: condeferrable (0.156106ms)
  ✔ finalizaciones_abono_e2_operacion_productor_check: condeferred (0.235342ms)
  ✔ finalizaciones_abono_e2_operacion_productor_check: index_valid (0.171565ms)
  ✔ evidencia_no_aplicada_e2_pkey: missing (0.191673ms)
  ✔ evidencia_no_aplicada_e2_pkey: table_name (0.284061ms)
  ✔ evidencia_no_aplicada_e2_pkey: definition (0.24187ms)
  ✔ evidencia_no_aplicada_e2_pkey: convalidated (0.295107ms)
  ✔ evidencia_no_aplicada_e2_pkey: condeferrable (0.365692ms)
  ✔ evidencia_no_aplicada_e2_pkey: condeferred (0.31793ms)
  ✔ evidencia_no_aplicada_e2_pkey: index_valid (0.188782ms)
  ✔ evidencia_no_aplicada_e2_abono_id_key: missing (0.14177ms)
  ✔ evidencia_no_aplicada_e2_abono_id_key: table_name (0.21441ms)
  ✔ evidencia_no_aplicada_e2_abono_id_key: definition (0.364526ms)
  ✔ evidencia_no_aplicada_e2_abono_id_key: convalidated (0.291081ms)
  ✔ evidencia_no_aplicada_e2_abono_id_key: condeferrable (0.198079ms)
  ✔ evidencia_no_aplicada_e2_abono_id_key: condeferred (0.284957ms)
  ✔ evidencia_no_aplicada_e2_abono_id_key: index_valid (0.207951ms)
  ✔ evidencia_no_aplicada_e2_cobro_clave_key: missing (0.171455ms)
  ✔ evidencia_no_aplicada_e2_cobro_clave_key: table_name (0.76036ms)
  ✔ evidencia_no_aplicada_e2_cobro_clave_key: definition (0.226404ms)
  ✔ evidencia_no_aplicada_e2_cobro_clave_key: convalidated (0.201962ms)
  ✔ evidencia_no_aplicada_e2_cobro_clave_key: condeferrable (0.168298ms)
  ✔ evidencia_no_aplicada_e2_cobro_clave_key: condeferred (0.159128ms)
  ✔ evidencia_no_aplicada_e2_cobro_clave_key: index_valid (0.155054ms)
  ✔ evidencia_no_aplicada_e2_cobro_productor_cobro_clave_fkey: missing (0.139447ms)
  ✔ evidencia_no_aplicada_e2_cobro_productor_cobro_clave_fkey: table_name (0.188232ms)
  ✔ evidencia_no_aplicada_e2_cobro_productor_cobro_clave_fkey: definition (0.211955ms)
  ✔ evidencia_no_aplicada_e2_cobro_productor_cobro_clave_fkey: convalidated (0.215488ms)
  ✔ evidencia_no_aplicada_e2_cobro_productor_cobro_clave_fkey: condeferrable (0.244358ms)
  ✔ evidencia_no_aplicada_e2_cobro_productor_cobro_clave_fkey: condeferred (0.293973ms)
  ✔ evidencia_no_aplicada_e2_cobro_productor_cobro_clave_fkey: index_valid (0.290428ms)
  ✔ evidencia_no_aplicada_e2_abono_id_fkey: missing (0.192989ms)
  ✔ evidencia_no_aplicada_e2_abono_id_fkey: table_name (0.22962ms)
  ✔ evidencia_no_aplicada_e2_abono_id_fkey: definition (0.175079ms)
  ✔ evidencia_no_aplicada_e2_abono_id_fkey: convalidated (0.154895ms)
  ✔ evidencia_no_aplicada_e2_abono_id_fkey: condeferrable (0.157146ms)
  ✔ evidencia_no_aplicada_e2_abono_id_fkey: condeferred (0.159969ms)
  ✔ evidencia_no_aplicada_e2_abono_id_fkey: index_valid (0.22745ms)
  ✔ evidencia_no_aplicada_e2_cliente_id_fkey: missing (0.157526ms)
  ✔ evidencia_no_aplicada_e2_cliente_id_fkey: table_name (0.159827ms)
  ✔ evidencia_no_aplicada_e2_cliente_id_fkey: definition (0.155672ms)
  ✔ evidencia_no_aplicada_e2_cliente_id_fkey: convalidated (0.158044ms)
  ✔ evidencia_no_aplicada_e2_cliente_id_fkey: condeferrable (0.350444ms)
  ✔ evidencia_no_aplicada_e2_cliente_id_fkey: condeferred (0.21409ms)
  ✔ evidencia_no_aplicada_e2_cliente_id_fkey: index_valid (0.158974ms)
  ✔ evidencia_no_aplicada_e2_importe_check: missing (0.140216ms)
  ✔ evidencia_no_aplicada_e2_importe_check: table_name (0.241116ms)
  ✔ evidencia_no_aplicada_e2_importe_check: definition (0.185606ms)
  ✔ evidencia_no_aplicada_e2_importe_check: convalidated (0.166466ms)
  ✔ evidencia_no_aplicada_e2_importe_check: condeferrable (0.175059ms)
  ✔ evidencia_no_aplicada_e2_importe_check: condeferred (0.235749ms)
  ✔ evidencia_no_aplicada_e2_importe_check: index_valid (0.372449ms)
  ✔ evidencia_no_aplicada_e2_forma_pago_check: missing (0.216156ms)
  ✔ evidencia_no_aplicada_e2_forma_pago_check: table_name (0.252459ms)
  ✔ evidencia_no_aplicada_e2_forma_pago_check: definition (0.20434ms)
  ✔ evidencia_no_aplicada_e2_forma_pago_check: convalidated (0.202654ms)
  ✔ evidencia_no_aplicada_e2_forma_pago_check: condeferrable (0.192628ms)
  ✔ evidencia_no_aplicada_e2_forma_pago_check: condeferred (0.225169ms)
  ✔ evidencia_no_aplicada_e2_forma_pago_check: index_valid (0.182717ms)
  ✔ evidencia_no_aplicada_e2_naturaleza_check: missing (0.153704ms)
  ✔ evidencia_no_aplicada_e2_naturaleza_check: table_name (0.287217ms)
  ✔ evidencia_no_aplicada_e2_naturaleza_check: definition (0.300373ms)
  ✔ evidencia_no_aplicada_e2_naturaleza_check: convalidated (0.288769ms)
  ✔ evidencia_no_aplicada_e2_naturaleza_check: condeferrable (0.195537ms)
  ✔ evidencia_no_aplicada_e2_naturaleza_check: condeferred (0.237954ms)
  ✔ evidencia_no_aplicada_e2_naturaleza_check: index_valid (0.2169ms)
  ✔ evidencia_no_aplicada_e2_check: missing (0.178573ms)
  ✔ evidencia_no_aplicada_e2_check: table_name (0.211091ms)
  ✔ evidencia_no_aplicada_e2_check: definition (0.251855ms)
  ✔ evidencia_no_aplicada_e2_check: convalidated (0.221366ms)
  ✔ evidencia_no_aplicada_e2_check: condeferrable (0.209012ms)
  ✔ evidencia_no_aplicada_e2_check: condeferred (0.277922ms)
  ✔ evidencia_no_aplicada_e2_check: index_valid (0.242775ms)
  ✔ e2_finalization_immutable: missing (0.326683ms)
  ✔ e2_finalization_immutable: prosrc (0.432404ms)
  ✔ e2_finalization_immutable: prokind (0.28889ms)
  ✔ e2_finalization_immutable: provolatile (0.242092ms)
  ✔ e2_finalization_immutable: proparallel (0.325878ms)
  ✔ e2_finalization_immutable: prosecdef (0.28452ms)
  ✔ e2_finalization_immutable: proleakproof (0.346616ms)
  ✔ e2_finalization_immutable: proisstrict (0.348373ms)
  ✔ e2_finalization_immutable: proretset (0.260299ms)
  ✔ e2_finalization_immutable: proacl (0.238346ms)
  ✔ e2_finalization_immutable: proconfig (0.296103ms)
  ✔ e2_finalization_immutable: language_name (0.239161ms)
  ✔ e2_finalization_immutable: owner_name (0.233121ms)
  ✔ e2_finalization_immutable: result_type (0.323049ms)
  ✔ e2_finalization_immutable: identity_arguments (0.250194ms)
  ✔ e2_finalization_immutable: tgenabled (0.28572ms)
  ✔ e2_finalization_immutable: tgtype (0.308342ms)
  ✔ e2_finalization_immutable: table_name (0.239331ms)
  ✔ e2_finalization_immutable: function_name (0.237176ms)
  ✔ e2_finalization_immutable: function_schema (0.363759ms)
  ✔ e2_finalization_immutable: args_length (0.421949ms)
  ✔ e2_finalization_immutable: trigger_attr (0.383616ms)
  ✔ e2_finalization_immutable: has_parent (0.274215ms)
  ✔ e2_finalization_immutable: has_qual (0.239491ms)
  ✔ e2_finalization_immutable: has_constraint (0.347031ms)
  ✔ e2_finalization_immutable: tgdeferrable (0.314368ms)
  ✔ e2_finalization_immutable: tginitdeferred (0.24827ms)
  ✔ e2_validate_abono_finalization: missing (0.228861ms)
  ✔ e2_validate_abono_finalization: prosrc (0.324212ms)
  ✔ e2_validate_abono_finalization: prokind (0.264772ms)
  ✔ e2_validate_abono_finalization: provolatile (0.250584ms)
  ✔ e2_validate_abono_finalization: proparallel (0.255605ms)
  ✔ e2_validate_abono_finalization: prosecdef (0.245847ms)
  ✔ e2_validate_abono_finalization: proleakproof (0.292526ms)
  ✔ e2_validate_abono_finalization: proisstrict (0.258821ms)
  ✔ e2_validate_abono_finalization: proretset (0.248066ms)
  ✔ e2_validate_abono_finalization: proacl (0.3445ms)
  ✔ e2_validate_abono_finalization: proconfig (0.336168ms)
  ✔ e2_validate_abono_finalization: language_name (0.253988ms)
  ✔ e2_validate_abono_finalization: owner_name (0.297751ms)
  ✔ e2_validate_abono_finalization: result_type (0.214452ms)
  ✔ e2_validate_abono_finalization: identity_arguments (0.329795ms)
  ✔ e2_validate_abono_finalization: tgenabled (0.299716ms)
  ✔ e2_validate_abono_finalization: tgtype (0.246054ms)
  ✔ e2_validate_abono_finalization: table_name (0.242964ms)
  ✔ e2_validate_abono_finalization: function_name (0.266639ms)
  ✔ e2_validate_abono_finalization: function_schema (0.260436ms)
  ✔ e2_validate_abono_finalization: args_length (0.412113ms)
  ✔ e2_validate_abono_finalization: trigger_attr (0.388552ms)
  ✔ e2_validate_abono_finalization: has_parent (0.244817ms)
  ✔ e2_validate_abono_finalization: has_qual (0.365283ms)
  ✔ e2_validate_abono_finalization: has_constraint (0.447925ms)
  ✔ e2_validate_abono_finalization: tgdeferrable (0.273632ms)
  ✔ e2_validate_abono_finalization: tginitdeferred (0.302139ms)
  ✔ e2_proof_immutable: missing (0.232447ms)
  ✔ e2_proof_immutable: prosrc (0.269894ms)
  ✔ e2_proof_immutable: prokind (0.299013ms)
  ✔ e2_proof_immutable: provolatile (0.26187ms)
  ✔ e2_proof_immutable: proparallel (0.255772ms)
  ✔ e2_proof_immutable: prosecdef (0.357929ms)
  ✔ e2_proof_immutable: proleakproof (0.363051ms)
  ✔ e2_proof_immutable: proisstrict (0.278149ms)
  ✔ e2_proof_immutable: proretset (0.414494ms)
  ✔ e2_proof_immutable: proacl (0.286949ms)
  ✔ e2_proof_immutable: proconfig (0.312893ms)
  ✔ e2_proof_immutable: language_name (0.255441ms)
  ✔ e2_proof_immutable: owner_name (0.263201ms)
  ✔ e2_proof_immutable: result_type (0.283685ms)
  ✔ e2_proof_immutable: identity_arguments (0.250809ms)
  ✔ e2_proof_immutable: tgenabled (0.247388ms)
  ✔ e2_proof_immutable: tgtype (0.343924ms)
  ✔ e2_proof_immutable: table_name (0.274797ms)
  ✔ e2_proof_immutable: function_name (0.259194ms)
  ✔ e2_proof_immutable: function_schema (0.296397ms)
  ✔ e2_proof_immutable: args_length (0.275575ms)
  ✔ e2_proof_immutable: trigger_attr (0.259435ms)
  ✔ e2_proof_immutable: has_parent (0.268787ms)
  ✔ e2_proof_immutable: has_qual (0.243558ms)
  ✔ e2_proof_immutable: has_constraint (0.255862ms)
  ✔ e2_proof_immutable: tgdeferrable (0.248177ms)
  ✔ e2_proof_immutable: tginitdeferred (0.295677ms)
  ✔ e2_validate_unused_proof: missing (0.217338ms)
  ✔ e2_validate_unused_proof: prosrc (0.251493ms)
  ✔ e2_validate_unused_proof: prokind (0.458697ms)
  ✔ e2_validate_unused_proof: provolatile (0.294587ms)
  ✔ e2_validate_unused_proof: proparallel (0.296613ms)
  ✔ e2_validate_unused_proof: prosecdef (0.386025ms)
  ✔ e2_validate_unused_proof: proleakproof (0.35224ms)
  ✔ e2_validate_unused_proof: proisstrict (0.266081ms)
  ✔ e2_validate_unused_proof: proretset (0.335352ms)
  ✔ e2_validate_unused_proof: proacl (0.403476ms)
  ✔ e2_validate_unused_proof: proconfig (0.280175ms)
  ✔ e2_validate_unused_proof: language_name (0.731472ms)
  ✔ e2_validate_unused_proof: owner_name (0.290687ms)
  ✔ e2_validate_unused_proof: result_type (0.252779ms)
  ✔ e2_validate_unused_proof: identity_arguments (0.307719ms)
  ✔ e2_validate_unused_proof: tgenabled (0.274486ms)
  ✔ e2_validate_unused_proof: tgtype (0.268091ms)
  ✔ e2_validate_unused_proof: table_name (0.293981ms)
  ✔ e2_validate_unused_proof: function_name (0.258457ms)
  ✔ e2_validate_unused_proof: function_schema (0.227685ms)
  ✔ e2_validate_unused_proof: args_length (0.235074ms)
  ✔ e2_validate_unused_proof: trigger_attr (0.331116ms)
  ✔ e2_validate_unused_proof: has_parent (0.228702ms)
  ✔ e2_validate_unused_proof: has_qual (0.268898ms)
  ✔ e2_validate_unused_proof: has_constraint (0.225283ms)
  ✔ e2_validate_unused_proof: tgdeferrable (0.340986ms)
  ✔ e2_validate_unused_proof: tginitdeferred (0.267037ms)
  ✔ e2_abono_finalization_complete: missing (0.201897ms)
  ✔ e2_abono_finalization_complete: prosrc (0.220697ms)
  ✔ e2_abono_finalization_complete: prokind (0.204728ms)
  ✔ e2_abono_finalization_complete: provolatile (0.239956ms)
  ✔ e2_abono_finalization_complete: proparallel (0.220362ms)
  ✔ e2_abono_finalization_complete: prosecdef (0.200076ms)
  ✔ e2_abono_finalization_complete: proleakproof (0.200898ms)
  ✔ e2_abono_finalization_complete: proisstrict (0.203234ms)
  ✔ e2_abono_finalization_complete: proretset (8.211899ms)
  ✔ e2_abono_finalization_complete: proacl (0.281593ms)
  ✔ e2_abono_finalization_complete: proconfig (0.231723ms)
  ✔ e2_abono_finalization_complete: language_name (0.280298ms)
  ✔ e2_abono_finalization_complete: owner_name (0.22668ms)
  ✔ e2_abono_finalization_complete: result_type (0.205368ms)
  ✔ e2_abono_finalization_complete: identity_arguments (0.243566ms)
  ✔ e2_abono_finalization_complete: tgenabled (0.207692ms)
  ✔ e2_abono_finalization_complete: tgtype (0.19877ms)
  ✔ e2_abono_finalization_complete: table_name (1.101713ms)
  ✔ e2_abono_finalization_complete: function_name (0.303658ms)
  ✔ e2_abono_finalization_complete: function_schema (0.223926ms)
  ✔ e2_abono_finalization_complete: args_length (0.206423ms)
  ✔ e2_abono_finalization_complete: trigger_attr (0.193955ms)
  ✔ e2_abono_finalization_complete: has_parent (0.302639ms)
  ✔ e2_abono_finalization_complete: has_qual (0.271768ms)
  ✔ e2_abono_finalization_complete: has_constraint (0.2294ms)
  ✔ e2_abono_finalization_complete: tgdeferrable (0.235008ms)
  ✔ e2_abono_finalization_complete: tginitdeferred (0.220164ms)
  ✔ e2_capture_application_order: missing (0.159356ms)
  ✔ e2_capture_application_order: prosrc (0.195636ms)
  ✔ e2_capture_application_order: prokind (0.241729ms)
  ✔ e2_capture_application_order: provolatile (0.219334ms)
  ✔ e2_capture_application_order: proparallel (0.198947ms)
  ✔ e2_capture_application_order: prosecdef (0.20473ms)
  ✔ e2_capture_application_order: proleakproof (0.380957ms)
  ✔ e2_capture_application_order: proisstrict (0.232678ms)
  ✔ e2_capture_application_order: proretset (0.21093ms)
  ✔ e2_capture_application_order: proacl (0.206654ms)
  ✔ e2_capture_application_order: proconfig (0.275456ms)
  ✔ e2_capture_application_order: language_name (0.21213ms)
  ✔ e2_capture_application_order: owner_name (0.25648ms)
  ✔ e2_capture_application_order: result_type (0.245595ms)
  ✔ e2_capture_application_order: identity_arguments (0.200677ms)
  ✔ e2_capture_application_order: tgenabled (0.196741ms)
  ✔ e2_capture_application_order: tgtype (0.194265ms)
  ✔ e2_capture_application_order: table_name (0.265828ms)
  ✔ e2_capture_application_order: function_name (0.35397ms)
  ✔ e2_capture_application_order: function_schema (0.25822ms)
  ✔ e2_capture_application_order: args_length (0.254966ms)
  ✔ e2_capture_application_order: trigger_attr (0.210098ms)
  ✔ e2_capture_application_order: has_parent (0.197356ms)
  ✔ e2_capture_application_order: has_qual (0.210831ms)
  ✔ e2_capture_application_order: has_constraint (0.268759ms)
  ✔ e2_capture_application_order: tgdeferrable (0.208784ms)
  ✔ e2_capture_application_order: tginitdeferred (0.198909ms)
  ✔ e2_finalize_new_abono: missing (0.34675ms)
  ✔ e2_finalize_new_abono: prosrc (0.260726ms)
  ✔ e2_finalize_new_abono: prokind (0.239905ms)
  ✔ e2_finalize_new_abono: provolatile (0.279327ms)
  ✔ e2_finalize_new_abono: proparallel (0.221821ms)
  ✔ e2_finalize_new_abono: prosecdef (0.284432ms)
  ✔ e2_finalize_new_abono: proleakproof (0.344897ms)
  ✔ e2_finalize_new_abono: proisstrict (0.30741ms)
  ✔ e2_finalize_new_abono: proretset (0.220096ms)
  ✔ e2_finalize_new_abono: proacl (0.289ms)
  ✔ e2_finalize_new_abono: proconfig (0.338274ms)
  ✔ e2_finalize_new_abono: language_name (0.223731ms)
  ✔ e2_finalize_new_abono: owner_name (0.319026ms)
  ✔ e2_finalize_new_abono: result_type (0.332922ms)
  ✔ e2_finalize_new_abono: identity_arguments (0.287613ms)
  ✔ e2_attest_new_retained: missing (0.273213ms)
  ✔ e2_attest_new_retained: prosrc (0.22252ms)
  ✔ e2_attest_new_retained: prokind (0.251718ms)
  ✔ e2_attest_new_retained: provolatile (0.277593ms)
  ✔ e2_attest_new_retained: proparallel (0.237282ms)
  ✔ e2_attest_new_retained: prosecdef (0.220716ms)
  ✔ e2_attest_new_retained: proleakproof (0.231056ms)
  ✔ e2_attest_new_retained: proisstrict (0.364516ms)
  ✔ e2_attest_new_retained: proretset (0.252581ms)
  ✔ e2_attest_new_retained: proacl (0.230155ms)
  ✔ e2_attest_new_retained: proconfig (0.267178ms)
  ✔ e2_attest_new_retained: language_name (0.228329ms)
  ✔ e2_attest_new_retained: owner_name (0.22669ms)
  ✔ e2_attest_new_retained: result_type (0.219771ms)
  ✔ e2_attest_new_retained: identity_arguments (0.326058ms)
✔ A+C mock preflight independently rejects each catalog drift (181.244694ms)
ℹ tests 428
ℹ suites 0
ℹ pass 428
ℹ fail 0
ℹ cancelled 0
ℹ skipped 0
ℹ todo 0
ℹ duration_ms 739.722226
