✔ mounted ordinary producer: UNUSED/PARTIAL/FULL and FIFO persistence ordering (298.805729ms)
✔ mounted directed approval finalizes FULL only after its application (27.236344ms)
✔ actual core rejects directed result/amount mismatches before persistence (0.756895ms)
✔ positive proof is mandatory in the real refund service (84.236325ms)
✔ real refund service accepts both origins and rejects absent/used ABONO finalization (73.90379ms)
✔ R4 application-order guard exists in prepared SQL (LEXICAL ONLY, not SQL semantics) (0.567388ms)
▶ A+C mock preflight independently rejects each catalog drift
  ✔ finalizaciones_abono_e2.abono_id: missing (1.228273ms)
  ✔ finalizaciones_abono_e2.abono_id: data_type (0.570301ms)
  ✔ finalizaciones_abono_e2.abono_id: is_nullable (0.527156ms)
  ✔ finalizaciones_abono_e2.abono_id: column_default (0.750005ms)
  ✔ finalizaciones_abono_e2.operacion_productor: missing (0.325857ms)
  ✔ finalizaciones_abono_e2.operacion_productor: data_type (0.345001ms)
  ✔ finalizaciones_abono_e2.operacion_productor: is_nullable (0.253493ms)
  ✔ finalizaciones_abono_e2.operacion_productor: column_default (0.266579ms)
  ✔ finalizaciones_abono_e2.operacion_clave: missing (1.298828ms)
  ✔ finalizaciones_abono_e2.operacion_clave: data_type (6.498074ms)
  ✔ finalizaciones_abono_e2.operacion_clave: is_nullable (0.208144ms)
  ✔ finalizaciones_abono_e2.operacion_clave: column_default (0.259398ms)
  ✔ finalizaciones_abono_e2.cliente_id: missing (0.249858ms)
  ✔ finalizaciones_abono_e2.cliente_id: data_type (0.235679ms)
  ✔ finalizaciones_abono_e2.cliente_id: is_nullable (1.945961ms)
  ✔ finalizaciones_abono_e2.cliente_id: column_default (0.300814ms)
  ✔ finalizaciones_abono_e2.importe: missing (0.248782ms)
  ✔ finalizaciones_abono_e2.importe: data_type (0.318352ms)
  ✔ finalizaciones_abono_e2.importe: is_nullable (0.225589ms)
  ✔ finalizaciones_abono_e2.importe: column_default (0.244395ms)
  ✔ finalizaciones_abono_e2.importe: numeric_precision (0.17538ms)
  ✔ finalizaciones_abono_e2.importe: numeric_scale (1.253507ms)
  ✔ finalizaciones_abono_e2.resultado: missing (0.285429ms)
  ✔ finalizaciones_abono_e2.resultado: data_type (0.394863ms)
  ✔ finalizaciones_abono_e2.resultado: is_nullable (0.474774ms)
  ✔ finalizaciones_abono_e2.resultado: column_default (0.305362ms)
  ✔ finalizaciones_abono_e2.aplicado: missing (0.805739ms)
  ✔ finalizaciones_abono_e2.aplicado: data_type (0.20221ms)
  ✔ finalizaciones_abono_e2.aplicado: is_nullable (0.331459ms)
  ✔ finalizaciones_abono_e2.aplicado: column_default (0.202234ms)
  ✔ finalizaciones_abono_e2.aplicado: numeric_precision (0.200116ms)
  ✔ finalizaciones_abono_e2.aplicado: numeric_scale (0.162416ms)
  ✔ finalizaciones_abono_e2.evaluacion: missing (0.350663ms)
  ✔ finalizaciones_abono_e2.evaluacion: data_type (0.793484ms)
  ✔ finalizaciones_abono_e2.evaluacion: is_nullable (0.571247ms)
  ✔ finalizaciones_abono_e2.evaluacion: column_default (0.164687ms)
  ✔ finalizaciones_abono_e2.contrato_revision: missing (0.187941ms)
  ✔ finalizaciones_abono_e2.contrato_revision: data_type (0.198508ms)
  ✔ finalizaciones_abono_e2.contrato_revision: is_nullable (0.163832ms)
  ✔ finalizaciones_abono_e2.contrato_revision: column_default (0.142915ms)
  ✔ finalizaciones_abono_e2.created_at: missing (0.921782ms)
  ✔ finalizaciones_abono_e2.created_at: data_type (0.177603ms)
  ✔ finalizaciones_abono_e2.created_at: is_nullable (0.195655ms)
  ✔ finalizaciones_abono_e2.created_at: column_default (0.22978ms)
  ✔ evidencia_no_aplicada_e2.fuente: missing (0.202115ms)
  ✔ evidencia_no_aplicada_e2.fuente: data_type (0.972793ms)
  ✔ evidencia_no_aplicada_e2.fuente: is_nullable (0.218593ms)
  ✔ evidencia_no_aplicada_e2.fuente: column_default (0.343489ms)
  ✔ evidencia_no_aplicada_e2.abono_id: missing (0.417388ms)
  ✔ evidencia_no_aplicada_e2.abono_id: data_type (0.408236ms)
  ✔ evidencia_no_aplicada_e2.abono_id: is_nullable (0.218974ms)
  ✔ evidencia_no_aplicada_e2.abono_id: column_default (0.19657ms)
  ✔ evidencia_no_aplicada_e2.cobro_productor: missing (0.17103ms)
  ✔ evidencia_no_aplicada_e2.cobro_productor: data_type (0.275165ms)
  ✔ evidencia_no_aplicada_e2.cobro_productor: is_nullable (0.422507ms)
  ✔ evidencia_no_aplicada_e2.cobro_productor: column_default (0.19106ms)
  ✔ evidencia_no_aplicada_e2.cobro_clave: missing (0.222793ms)
  ✔ evidencia_no_aplicada_e2.cobro_clave: data_type (0.225738ms)
  ✔ evidencia_no_aplicada_e2.cobro_clave: is_nullable (0.399796ms)
  ✔ evidencia_no_aplicada_e2.cobro_clave: column_default (0.160328ms)
  ✔ evidencia_no_aplicada_e2.cliente_id: missing (0.190545ms)
  ✔ evidencia_no_aplicada_e2.cliente_id: data_type (0.32261ms)
  ✔ evidencia_no_aplicada_e2.cliente_id: is_nullable (0.21293ms)
  ✔ evidencia_no_aplicada_e2.cliente_id: column_default (1.357911ms)
  ✔ evidencia_no_aplicada_e2.importe: missing (0.205871ms)
  ✔ evidencia_no_aplicada_e2.importe: data_type (0.156755ms)
  ✔ evidencia_no_aplicada_e2.importe: is_nullable (0.191393ms)
  ✔ evidencia_no_aplicada_e2.importe: column_default (0.219161ms)
  ✔ evidencia_no_aplicada_e2.importe: numeric_precision (0.16674ms)
  ✔ evidencia_no_aplicada_e2.importe: numeric_scale (0.149368ms)
  ✔ evidencia_no_aplicada_e2.forma_pago: missing (0.235557ms)
  ✔ evidencia_no_aplicada_e2.forma_pago: data_type (0.168263ms)
  ✔ evidencia_no_aplicada_e2.forma_pago: is_nullable (0.167909ms)
  ✔ evidencia_no_aplicada_e2.forma_pago: column_default (0.153791ms)
  ✔ evidencia_no_aplicada_e2.naturaleza: missing (0.144847ms)
  ✔ evidencia_no_aplicada_e2.naturaleza: data_type (0.199322ms)
  ✔ evidencia_no_aplicada_e2.naturaleza: is_nullable (0.53214ms)
  ✔ evidencia_no_aplicada_e2.naturaleza: column_default (2.042713ms)
  ✔ evidencia_no_aplicada_e2.created_at: missing (0.267039ms)
  ✔ evidencia_no_aplicada_e2.created_at: data_type (0.243001ms)
  ✔ evidencia_no_aplicada_e2.created_at: is_nullable (0.491291ms)
  ✔ evidencia_no_aplicada_e2.created_at: column_default (0.832874ms)
  ✔ finalizaciones_abono_e2_pkey: missing (0.43392ms)
  ✔ finalizaciones_abono_e2_pkey: table_name (0.398455ms)
  ✔ finalizaciones_abono_e2_pkey: definition (0.777138ms)
  ✔ finalizaciones_abono_e2_pkey: convalidated (0.343766ms)
  ✔ finalizaciones_abono_e2_pkey: condeferrable (0.224604ms)
  ✔ finalizaciones_abono_e2_pkey: condeferred (0.278ms)
  ✔ finalizaciones_abono_e2_pkey: index_valid (0.199893ms)
  ✔ finalizaciones_abono_e2_abono_id_fkey: missing (0.211405ms)
  ✔ finalizaciones_abono_e2_abono_id_fkey: table_name (0.200894ms)
  ✔ finalizaciones_abono_e2_abono_id_fkey: definition (0.333737ms)
  ✔ finalizaciones_abono_e2_abono_id_fkey: convalidated (0.205914ms)
  ✔ finalizaciones_abono_e2_abono_id_fkey: condeferrable (0.185174ms)
  ✔ finalizaciones_abono_e2_abono_id_fkey: condeferred (0.21097ms)
  ✔ finalizaciones_abono_e2_abono_id_fkey: index_valid (0.224391ms)
  ✔ finalizaciones_abono_e2_cliente_id_fkey: missing (0.252823ms)
  ✔ finalizaciones_abono_e2_cliente_id_fkey: table_name (0.265086ms)
  ✔ finalizaciones_abono_e2_cliente_id_fkey: definition (0.192886ms)
  ✔ finalizaciones_abono_e2_cliente_id_fkey: convalidated (0.235129ms)
  ✔ finalizaciones_abono_e2_cliente_id_fkey: condeferrable (0.19829ms)
  ✔ finalizaciones_abono_e2_cliente_id_fkey: condeferred (0.179343ms)
  ✔ finalizaciones_abono_e2_cliente_id_fkey: index_valid (0.179584ms)
  ✔ finalizaciones_abono_e2_operacion_productor_operacion_clave_key: missing (0.234161ms)
  ✔ finalizaciones_abono_e2_operacion_productor_operacion_clave_key: table_name (0.242627ms)
  ✔ finalizaciones_abono_e2_operacion_productor_operacion_clave_key: definition (0.248964ms)
  ✔ finalizaciones_abono_e2_operacion_productor_operacion_clave_key: convalidated (0.227099ms)
  ✔ finalizaciones_abono_e2_operacion_productor_operacion_clave_key: condeferrable (1.2084ms)
  ✔ finalizaciones_abono_e2_operacion_productor_operacion_clave_key: condeferred (0.213214ms)
  ✔ finalizaciones_abono_e2_operacion_productor_operacion_clave_key: index_valid (0.361021ms)
  ✔ finalizaciones_abono_e2_importe_check: missing (0.199344ms)
  ✔ finalizaciones_abono_e2_importe_check: table_name (0.185467ms)
  ✔ finalizaciones_abono_e2_importe_check: definition (0.318951ms)
  ✔ finalizaciones_abono_e2_importe_check: convalidated (0.237808ms)
  ✔ finalizaciones_abono_e2_importe_check: condeferrable (0.20216ms)
  ✔ finalizaciones_abono_e2_importe_check: condeferred (0.17908ms)
  ✔ finalizaciones_abono_e2_importe_check: index_valid (0.249807ms)
  ✔ finalizaciones_abono_e2_resultado_check: missing (0.200023ms)
  ✔ finalizaciones_abono_e2_resultado_check: table_name (0.25017ms)
  ✔ finalizaciones_abono_e2_resultado_check: definition (0.271808ms)
  ✔ finalizaciones_abono_e2_resultado_check: convalidated (0.20492ms)
  ✔ finalizaciones_abono_e2_resultado_check: condeferrable (0.183256ms)
  ✔ finalizaciones_abono_e2_resultado_check: condeferred (0.22364ms)
  ✔ finalizaciones_abono_e2_resultado_check: index_valid (0.229999ms)
  ✔ finalizaciones_abono_e2_aplicado_check: missing (0.185274ms)
  ✔ finalizaciones_abono_e2_aplicado_check: table_name (0.380459ms)
  ✔ finalizaciones_abono_e2_aplicado_check: definition (0.531394ms)
  ✔ finalizaciones_abono_e2_aplicado_check: convalidated (0.220984ms)
  ✔ finalizaciones_abono_e2_aplicado_check: condeferrable (0.233467ms)
  ✔ finalizaciones_abono_e2_aplicado_check: condeferred (0.297307ms)
  ✔ finalizaciones_abono_e2_aplicado_check: index_valid (0.191971ms)
  ✔ finalizaciones_abono_e2_evaluacion_check: missing (0.174204ms)
  ✔ finalizaciones_abono_e2_evaluacion_check: table_name (0.182872ms)
  ✔ finalizaciones_abono_e2_evaluacion_check: definition (0.243578ms)
  ✔ finalizaciones_abono_e2_evaluacion_check: convalidated (0.182816ms)
  ✔ finalizaciones_abono_e2_evaluacion_check: condeferrable (0.181708ms)
  ✔ finalizaciones_abono_e2_evaluacion_check: condeferred (0.179705ms)
  ✔ finalizaciones_abono_e2_evaluacion_check: index_valid (0.223703ms)
  ✔ finalizaciones_abono_e2_contrato_revision_check: missing (0.18317ms)
  ✔ finalizaciones_abono_e2_contrato_revision_check: table_name (0.182179ms)
  ✔ finalizaciones_abono_e2_contrato_revision_check: definition (0.232716ms)
  ✔ finalizaciones_abono_e2_contrato_revision_check: convalidated (0.551472ms)
  ✔ finalizaciones_abono_e2_contrato_revision_check: condeferrable (0.275804ms)
  ✔ finalizaciones_abono_e2_contrato_revision_check: condeferred (0.292655ms)
  ✔ finalizaciones_abono_e2_contrato_revision_check: index_valid (0.267191ms)
  ✔ finalizaciones_abono_e2_check: missing (0.261283ms)
  ✔ finalizaciones_abono_e2_check: table_name (0.246067ms)
  ✔ finalizaciones_abono_e2_check: definition (0.257213ms)
  ✔ finalizaciones_abono_e2_check: convalidated (0.236959ms)
  ✔ finalizaciones_abono_e2_check: condeferrable (0.272357ms)
  ✔ finalizaciones_abono_e2_check: condeferred (0.241387ms)
  ✔ finalizaciones_abono_e2_check: index_valid (0.225613ms)
  ✔ finalizaciones_abono_e2_operacion_productor_check: missing (0.215307ms)
  ✔ finalizaciones_abono_e2_operacion_productor_check: table_name (0.36741ms)
  ✔ finalizaciones_abono_e2_operacion_productor_check: definition (0.258122ms)
  ✔ finalizaciones_abono_e2_operacion_productor_check: convalidated (0.302455ms)
  ✔ finalizaciones_abono_e2_operacion_productor_check: condeferrable (0.207049ms)
  ✔ finalizaciones_abono_e2_operacion_productor_check: condeferred (0.205777ms)
  ✔ finalizaciones_abono_e2_operacion_productor_check: index_valid (0.419333ms)
  ✔ evidencia_no_aplicada_e2_pkey: missing (0.264127ms)
  ✔ evidencia_no_aplicada_e2_pkey: table_name (0.295488ms)
  ✔ evidencia_no_aplicada_e2_pkey: definition (0.310165ms)
  ✔ evidencia_no_aplicada_e2_pkey: convalidated (0.276673ms)
  ✔ evidencia_no_aplicada_e2_pkey: condeferrable (0.348928ms)
  ✔ evidencia_no_aplicada_e2_pkey: condeferred (0.389115ms)
  ✔ evidencia_no_aplicada_e2_pkey: index_valid (0.246518ms)
  ✔ evidencia_no_aplicada_e2_abono_id_key: missing (0.183448ms)
  ✔ evidencia_no_aplicada_e2_abono_id_key: table_name (0.318192ms)
  ✔ evidencia_no_aplicada_e2_abono_id_key: definition (0.264687ms)
  ✔ evidencia_no_aplicada_e2_abono_id_key: convalidated (0.284576ms)
  ✔ evidencia_no_aplicada_e2_abono_id_key: condeferrable (0.211288ms)
  ✔ evidencia_no_aplicada_e2_abono_id_key: condeferred (0.215772ms)
  ✔ evidencia_no_aplicada_e2_abono_id_key: index_valid (0.194094ms)
  ✔ evidencia_no_aplicada_e2_cobro_clave_key: missing (0.173999ms)
  ✔ evidencia_no_aplicada_e2_cobro_clave_key: table_name (0.866974ms)
  ✔ evidencia_no_aplicada_e2_cobro_clave_key: definition (0.25259ms)
  ✔ evidencia_no_aplicada_e2_cobro_clave_key: convalidated (0.339229ms)
  ✔ evidencia_no_aplicada_e2_cobro_clave_key: condeferrable (0.213232ms)
  ✔ evidencia_no_aplicada_e2_cobro_clave_key: condeferred (0.196494ms)
  ✔ evidencia_no_aplicada_e2_cobro_clave_key: index_valid (0.240033ms)
  ✔ evidencia_no_aplicada_e2_cobro_productor_cobro_clave_fkey: missing (0.203235ms)
  ✔ evidencia_no_aplicada_e2_cobro_productor_cobro_clave_fkey: table_name (0.196441ms)
  ✔ evidencia_no_aplicada_e2_cobro_productor_cobro_clave_fkey: definition (0.194715ms)
  ✔ evidencia_no_aplicada_e2_cobro_productor_cobro_clave_fkey: convalidated (0.251108ms)
  ✔ evidencia_no_aplicada_e2_cobro_productor_cobro_clave_fkey: condeferrable (0.262567ms)
  ✔ evidencia_no_aplicada_e2_cobro_productor_cobro_clave_fkey: condeferred (0.203723ms)
  ✔ evidencia_no_aplicada_e2_cobro_productor_cobro_clave_fkey: index_valid (0.298268ms)
  ✔ evidencia_no_aplicada_e2_abono_id_fkey: missing (0.191608ms)
  ✔ evidencia_no_aplicada_e2_abono_id_fkey: table_name (0.195867ms)
  ✔ evidencia_no_aplicada_e2_abono_id_fkey: definition (0.201017ms)
  ✔ evidencia_no_aplicada_e2_abono_id_fkey: convalidated (0.196679ms)
  ✔ evidencia_no_aplicada_e2_abono_id_fkey: condeferrable (0.332121ms)
  ✔ evidencia_no_aplicada_e2_abono_id_fkey: condeferred (0.204327ms)
  ✔ evidencia_no_aplicada_e2_abono_id_fkey: index_valid (0.197591ms)
  ✔ evidencia_no_aplicada_e2_cliente_id_fkey: missing (0.204428ms)
  ✔ evidencia_no_aplicada_e2_cliente_id_fkey: table_name (0.207954ms)
  ✔ evidencia_no_aplicada_e2_cliente_id_fkey: definition (0.194249ms)
  ✔ evidencia_no_aplicada_e2_cliente_id_fkey: convalidated (0.20055ms)
  ✔ evidencia_no_aplicada_e2_cliente_id_fkey: condeferrable (0.367228ms)
  ✔ evidencia_no_aplicada_e2_cliente_id_fkey: condeferred (0.232538ms)
  ✔ evidencia_no_aplicada_e2_cliente_id_fkey: index_valid (0.21261ms)
  ✔ evidencia_no_aplicada_e2_importe_check: missing (0.176344ms)
  ✔ evidencia_no_aplicada_e2_importe_check: table_name (0.212384ms)
  ✔ evidencia_no_aplicada_e2_importe_check: definition (0.199398ms)
  ✔ evidencia_no_aplicada_e2_importe_check: convalidated (0.193527ms)
  ✔ evidencia_no_aplicada_e2_importe_check: condeferrable (0.193484ms)
  ✔ evidencia_no_aplicada_e2_importe_check: condeferred (0.274883ms)
  ✔ evidencia_no_aplicada_e2_importe_check: index_valid (0.208896ms)
  ✔ evidencia_no_aplicada_e2_forma_pago_check: missing (0.194613ms)
  ✔ evidencia_no_aplicada_e2_forma_pago_check: table_name (0.23273ms)
  ✔ evidencia_no_aplicada_e2_forma_pago_check: definition (0.208609ms)
  ✔ evidencia_no_aplicada_e2_forma_pago_check: convalidated (0.192749ms)
  ✔ evidencia_no_aplicada_e2_forma_pago_check: condeferrable (0.195544ms)
  ✔ evidencia_no_aplicada_e2_forma_pago_check: condeferred (0.224265ms)
  ✔ evidencia_no_aplicada_e2_forma_pago_check: index_valid (0.216782ms)
  ✔ evidencia_no_aplicada_e2_naturaleza_check: missing (0.169128ms)
  ✔ evidencia_no_aplicada_e2_naturaleza_check: table_name (0.19594ms)
  ✔ evidencia_no_aplicada_e2_naturaleza_check: definition (0.194675ms)
  ✔ evidencia_no_aplicada_e2_naturaleza_check: convalidated (0.237623ms)
  ✔ evidencia_no_aplicada_e2_naturaleza_check: condeferrable (0.200889ms)
  ✔ evidencia_no_aplicada_e2_naturaleza_check: condeferred (0.195863ms)
  ✔ evidencia_no_aplicada_e2_naturaleza_check: index_valid (0.220478ms)
  ✔ evidencia_no_aplicada_e2_check: missing (0.202755ms)
  ✔ evidencia_no_aplicada_e2_check: table_name (0.205974ms)
  ✔ evidencia_no_aplicada_e2_check: definition (0.261124ms)
  ✔ evidencia_no_aplicada_e2_check: convalidated (0.2584ms)
  ✔ evidencia_no_aplicada_e2_check: condeferrable (0.211527ms)
  ✔ evidencia_no_aplicada_e2_check: condeferred (0.271472ms)
  ✔ evidencia_no_aplicada_e2_check: index_valid (0.248837ms)
  ✔ e2_finalization_immutable: missing (0.321462ms)
  ✔ e2_finalization_immutable: prosrc (0.300797ms)
  ✔ e2_finalization_immutable: prokind (0.293609ms)
  ✔ e2_finalization_immutable: provolatile (0.278109ms)
  ✔ e2_finalization_immutable: proparallel (0.308675ms)
  ✔ e2_finalization_immutable: prosecdef (0.5742ms)
  ✔ e2_finalization_immutable: proleakproof (0.313692ms)
  ✔ e2_finalization_immutable: proisstrict (0.46638ms)
  ✔ e2_finalization_immutable: proretset (0.307519ms)
  ✔ e2_finalization_immutable: proacl (0.300274ms)
  ✔ e2_finalization_immutable: proconfig (0.258951ms)
  ✔ e2_finalization_immutable: language_name (0.244427ms)
  ✔ e2_finalization_immutable: owner_name (0.28157ms)
  ✔ e2_finalization_immutable: result_type (0.262977ms)
  ✔ e2_finalization_immutable: identity_arguments (0.632172ms)
  ✔ e2_finalization_immutable: tgenabled (0.311673ms)
  ✔ e2_finalization_immutable: tgtype (0.236646ms)
  ✔ e2_finalization_immutable: table_name (0.280366ms)
  ✔ e2_finalization_immutable: function_name (0.248861ms)
  ✔ e2_finalization_immutable: function_schema (0.321313ms)
  ✔ e2_finalization_immutable: args_length (7.645838ms)
  ✔ e2_finalization_immutable: trigger_attr (0.3944ms)
  ✔ e2_finalization_immutable: has_parent (0.251282ms)
  ✔ e2_finalization_immutable: has_qual (0.212125ms)
  ✔ e2_finalization_immutable: has_constraint (0.196793ms)
  ✔ e2_finalization_immutable: tgdeferrable (0.287196ms)
  ✔ e2_finalization_immutable: tginitdeferred (0.220286ms)
  ✔ e2_validate_abono_finalization: missing (0.181292ms)
  ✔ e2_validate_abono_finalization: prosrc (0.345325ms)
  ✔ e2_validate_abono_finalization: prokind (0.234346ms)
  ✔ e2_validate_abono_finalization: provolatile (0.198846ms)
  ✔ e2_validate_abono_finalization: proparallel (0.188229ms)
  ✔ e2_validate_abono_finalization: prosecdef (0.240286ms)
  ✔ e2_validate_abono_finalization: proleakproof (0.209719ms)
  ✔ e2_validate_abono_finalization: proisstrict (0.196403ms)
  ✔ e2_validate_abono_finalization: proretset (0.197158ms)
  ✔ e2_validate_abono_finalization: proacl (0.23397ms)
  ✔ e2_validate_abono_finalization: proconfig (0.208486ms)
  ✔ e2_validate_abono_finalization: language_name (0.264111ms)
  ✔ e2_validate_abono_finalization: owner_name (0.195924ms)
  ✔ e2_validate_abono_finalization: result_type (0.225718ms)
  ✔ e2_validate_abono_finalization: identity_arguments (0.619232ms)
  ✔ e2_validate_abono_finalization: tgenabled (0.36824ms)
  ✔ e2_validate_abono_finalization: tgtype (0.23387ms)
  ✔ e2_validate_abono_finalization: table_name (0.207071ms)
  ✔ e2_validate_abono_finalization: function_name (0.199668ms)
  ✔ e2_validate_abono_finalization: function_schema (0.352546ms)
  ✔ e2_validate_abono_finalization: args_length (0.238575ms)
  ✔ e2_validate_abono_finalization: trigger_attr (0.209108ms)
  ✔ e2_validate_abono_finalization: has_parent (0.246809ms)
  ✔ e2_validate_abono_finalization: has_qual (0.197643ms)
  ✔ e2_validate_abono_finalization: has_constraint (0.195587ms)
  ✔ e2_validate_abono_finalization: tgdeferrable (0.258934ms)
  ✔ e2_validate_abono_finalization: tginitdeferred (0.252092ms)
  ✔ e2_proof_immutable: missing (0.185629ms)
  ✔ e2_proof_immutable: prosrc (0.207046ms)
  ✔ e2_proof_immutable: prokind (0.276926ms)
  ✔ e2_proof_immutable: provolatile (0.221491ms)
  ✔ e2_proof_immutable: proparallel (0.201173ms)
  ✔ e2_proof_immutable: prosecdef (0.194211ms)
  ✔ e2_proof_immutable: proleakproof (0.287345ms)
  ✔ e2_proof_immutable: proisstrict (0.229411ms)
  ✔ e2_proof_immutable: proretset (0.285809ms)
  ✔ e2_proof_immutable: proacl (0.296134ms)
  ✔ e2_proof_immutable: proconfig (0.220771ms)
  ✔ e2_proof_immutable: language_name (0.200446ms)
  ✔ e2_proof_immutable: owner_name (0.195009ms)
  ✔ e2_proof_immutable: result_type (0.232288ms)
  ✔ e2_proof_immutable: identity_arguments (0.207994ms)
  ✔ e2_proof_immutable: tgenabled (0.19412ms)
  ✔ e2_proof_immutable: tgtype (0.19462ms)
  ✔ e2_proof_immutable: table_name (0.286825ms)
  ✔ e2_proof_immutable: function_name (0.224189ms)
  ✔ e2_proof_immutable: function_schema (0.249232ms)
  ✔ e2_proof_immutable: args_length (0.308901ms)
  ✔ e2_proof_immutable: trigger_attr (0.217453ms)
  ✔ e2_proof_immutable: has_parent (0.278509ms)
  ✔ e2_proof_immutable: has_qual (0.215578ms)
  ✔ e2_proof_immutable: has_constraint (0.236597ms)
  ✔ e2_proof_immutable: tgdeferrable (0.212655ms)
  ✔ e2_proof_immutable: tginitdeferred (0.208115ms)
  ✔ e2_validate_unused_proof: missing (0.16815ms)
  ✔ e2_validate_unused_proof: prosrc (0.240533ms)
  ✔ e2_validate_unused_proof: prokind (0.32213ms)
  ✔ e2_validate_unused_proof: provolatile (0.273634ms)
  ✔ e2_validate_unused_proof: proparallel (0.303888ms)
  ✔ e2_validate_unused_proof: prosecdef (0.32828ms)
  ✔ e2_validate_unused_proof: proleakproof (0.289518ms)
  ✔ e2_validate_unused_proof: proisstrict (0.268272ms)
  ✔ e2_validate_unused_proof: proretset (0.273932ms)
  ✔ e2_validate_unused_proof: proacl (0.29914ms)
  ✔ e2_validate_unused_proof: proconfig (0.259509ms)
  ✔ e2_validate_unused_proof: language_name (0.214488ms)
  ✔ e2_validate_unused_proof: owner_name (0.202784ms)
  ✔ e2_validate_unused_proof: result_type (0.207245ms)
  ✔ e2_validate_unused_proof: identity_arguments (0.240254ms)
  ✔ e2_validate_unused_proof: tgenabled (0.214299ms)
  ✔ e2_validate_unused_proof: tgtype (0.201584ms)
  ✔ e2_validate_unused_proof: table_name (0.196265ms)
  ✔ e2_validate_unused_proof: function_name (0.266898ms)
  ✔ e2_validate_unused_proof: function_schema (0.221506ms)
  ✔ e2_validate_unused_proof: args_length (0.196289ms)
  ✔ e2_validate_unused_proof: trigger_attr (0.396833ms)
  ✔ e2_validate_unused_proof: has_parent (0.244308ms)
  ✔ e2_validate_unused_proof: has_qual (0.213032ms)
  ✔ e2_validate_unused_proof: has_constraint (0.201217ms)
  ✔ e2_validate_unused_proof: tgdeferrable (0.252511ms)
  ✔ e2_validate_unused_proof: tginitdeferred (0.215326ms)
  ✔ e2_abono_finalization_complete: missing (0.174106ms)
  ✔ e2_abono_finalization_complete: prosrc (0.195344ms)
  ✔ e2_abono_finalization_complete: prokind (0.237898ms)
  ✔ e2_abono_finalization_complete: provolatile (0.218565ms)
  ✔ e2_abono_finalization_complete: proparallel (0.203953ms)
  ✔ e2_abono_finalization_complete: prosecdef (0.201888ms)
  ✔ e2_abono_finalization_complete: proleakproof (0.26869ms)
  ✔ e2_abono_finalization_complete: proisstrict (0.224355ms)
  ✔ e2_abono_finalization_complete: proretset (0.20499ms)
  ✔ e2_abono_finalization_complete: proacl (0.202635ms)
  ✔ e2_abono_finalization_complete: proconfig (0.241649ms)
  ✔ e2_abono_finalization_complete: language_name (0.21533ms)
  ✔ e2_abono_finalization_complete: owner_name (0.201129ms)
  ✔ e2_abono_finalization_complete: result_type (0.199535ms)
  ✔ e2_abono_finalization_complete: identity_arguments (0.232222ms)
  ✔ e2_abono_finalization_complete: tgenabled (0.2125ms)
  ✔ e2_abono_finalization_complete: tgtype (0.212343ms)
  ✔ e2_abono_finalization_complete: table_name (1.105239ms)
  ✔ e2_abono_finalization_complete: function_name (0.318043ms)
  ✔ e2_abono_finalization_complete: function_schema (0.239012ms)
  ✔ e2_abono_finalization_complete: args_length (0.205926ms)
  ✔ e2_abono_finalization_complete: trigger_attr (0.199407ms)
  ✔ e2_abono_finalization_complete: has_parent (0.237528ms)
  ✔ e2_abono_finalization_complete: has_qual (0.312022ms)
  ✔ e2_abono_finalization_complete: has_constraint (0.221705ms)
  ✔ e2_abono_finalization_complete: tgdeferrable (0.201777ms)
  ✔ e2_abono_finalization_complete: tginitdeferred (0.226021ms)
  ✔ e2_capture_application_order: missing (0.180516ms)
  ✔ e2_capture_application_order: prosrc (0.200257ms)
  ✔ e2_capture_application_order: prokind (0.202699ms)
  ✔ e2_capture_application_order: provolatile (0.244853ms)
  ✔ e2_capture_application_order: proparallel (0.210407ms)
  ✔ e2_capture_application_order: prosecdef (0.197629ms)
  ✔ e2_capture_application_order: proleakproof (0.199439ms)
  ✔ e2_capture_application_order: proisstrict (0.31573ms)
  ✔ e2_capture_application_order: proretset (0.226756ms)
  ✔ e2_capture_application_order: proacl (0.210746ms)
  ✔ e2_capture_application_order: proconfig (0.242132ms)
  ✔ e2_capture_application_order: language_name (0.221888ms)
  ✔ e2_capture_application_order: owner_name (0.227287ms)
  ✔ e2_capture_application_order: result_type (0.251527ms)
  ✔ e2_capture_application_order: identity_arguments (0.245476ms)
  ✔ e2_capture_application_order: tgenabled (0.216739ms)
  ✔ e2_capture_application_order: tgtype (0.203617ms)
  ✔ e2_capture_application_order: table_name (0.281915ms)
  ✔ e2_capture_application_order: function_name (0.221813ms)
  ✔ e2_capture_application_order: function_schema (0.204096ms)
  ✔ e2_capture_application_order: args_length (0.200274ms)
  ✔ e2_capture_application_order: trigger_attr (0.375681ms)
  ✔ e2_capture_application_order: has_parent (0.230705ms)
  ✔ e2_capture_application_order: has_qual (0.216955ms)
  ✔ e2_capture_application_order: has_constraint (0.281213ms)
  ✔ e2_capture_application_order: tgdeferrable (0.226613ms)
  ✔ e2_capture_application_order: tginitdeferred (0.209898ms)
  ✔ e2_finalize_new_abono: missing (0.351428ms)
  ✔ e2_finalize_new_abono: prosrc (0.26276ms)
  ✔ e2_finalize_new_abono: prokind (0.233144ms)
  ✔ e2_finalize_new_abono: provolatile (0.234009ms)
  ✔ e2_finalize_new_abono: proparallel (0.274263ms)
  ✔ e2_finalize_new_abono: prosecdef (0.313793ms)
  ✔ e2_finalize_new_abono: proleakproof (0.317163ms)
  ✔ e2_finalize_new_abono: proisstrict (0.358918ms)
  ✔ e2_finalize_new_abono: proretset (0.24438ms)
  ✔ e2_finalize_new_abono: proacl (0.228706ms)
  ✔ e2_finalize_new_abono: proconfig (0.382453ms)
  ✔ e2_finalize_new_abono: language_name (0.240325ms)
  ✔ e2_finalize_new_abono: owner_name (0.330013ms)
  ✔ e2_finalize_new_abono: result_type (0.333326ms)
  ✔ e2_finalize_new_abono: identity_arguments (0.310677ms)
  ✔ e2_attest_new_retained: missing (0.281384ms)
  ✔ e2_attest_new_retained: prosrc (0.249385ms)
  ✔ e2_attest_new_retained: prokind (0.279871ms)
  ✔ e2_attest_new_retained: provolatile (0.336442ms)
  ✔ e2_attest_new_retained: proparallel (0.249534ms)
  ✔ e2_attest_new_retained: prosecdef (0.237398ms)
  ✔ e2_attest_new_retained: proleakproof (0.278741ms)
  ✔ e2_attest_new_retained: proisstrict (0.29761ms)
  ✔ e2_attest_new_retained: proretset (0.235761ms)
  ✔ e2_attest_new_retained: proacl (0.231883ms)
  ✔ e2_attest_new_retained: proconfig (0.246278ms)
  ✔ e2_attest_new_retained: language_name (0.228721ms)
  ✔ e2_attest_new_retained: owner_name (0.225306ms)
  ✔ e2_attest_new_retained: result_type (0.261752ms)
  ✔ e2_attest_new_retained: identity_arguments (0.301222ms)
✔ A+C mock preflight independently rejects each catalog drift (214.932017ms)
ℹ tests 428
ℹ suites 0
ℹ pass 428
ℹ fail 0
ℹ cancelled 0
ℹ skipped 0
ℹ todo 0
ℹ duration_ms 713.728903
