✖ mounted ordinary producer: UNUSED/PARTIAL/FULL and FIFO persistence ordering (141.485576ms)
✔ mounted directed approval finalizes FULL only after its application (34.687849ms)
✔ actual core rejects directed result/amount mismatches before persistence (0.809433ms)
✔ positive proof is mandatory in the real refund service (76.921138ms)
✔ real refund service accepts both origins and rejects absent/used ABONO finalization (59.96273ms)
✔ R4 application-order guard exists in prepared SQL (LEXICAL ONLY, not SQL semantics) (0.473003ms)
▶ A+C mock preflight independently rejects each catalog drift
  ✔ finalizaciones_abono_e2.abono_id: missing (0.455932ms)
  ✔ finalizaciones_abono_e2.abono_id: data_type (0.436835ms)
  ✔ finalizaciones_abono_e2.abono_id: is_nullable (0.450164ms)
  ✔ finalizaciones_abono_e2.abono_id: column_default (0.334474ms)
  ✔ finalizaciones_abono_e2.operacion_productor: missing (0.207761ms)
  ✔ finalizaciones_abono_e2.operacion_productor: data_type (0.181962ms)
  ✔ finalizaciones_abono_e2.operacion_productor: is_nullable (0.252389ms)
  ✔ finalizaciones_abono_e2.operacion_productor: column_default (0.203902ms)
  ✔ finalizaciones_abono_e2.operacion_clave: missing (0.180376ms)
  ✔ finalizaciones_abono_e2.operacion_clave: data_type (0.350209ms)
  ✔ finalizaciones_abono_e2.operacion_clave: is_nullable (0.214599ms)
  ✔ finalizaciones_abono_e2.operacion_clave: column_default (0.219837ms)
  ✔ finalizaciones_abono_e2.cliente_id: missing (0.228578ms)
  ✔ finalizaciones_abono_e2.cliente_id: data_type (0.214205ms)
  ✔ finalizaciones_abono_e2.cliente_id: is_nullable (0.229418ms)
  ✔ finalizaciones_abono_e2.cliente_id: column_default (0.215203ms)
  ✔ finalizaciones_abono_e2.importe: missing (0.157417ms)
  ✔ finalizaciones_abono_e2.importe: data_type (0.195945ms)
  ✔ finalizaciones_abono_e2.importe: is_nullable (0.158408ms)
  ✔ finalizaciones_abono_e2.importe: column_default (0.151778ms)
  ✔ finalizaciones_abono_e2.importe: numeric_precision (0.14951ms)
  ✔ finalizaciones_abono_e2.importe: numeric_scale (0.279463ms)
  ✔ finalizaciones_abono_e2.resultado: missing (0.207471ms)
  ✔ finalizaciones_abono_e2.resultado: data_type (0.19319ms)
  ✔ finalizaciones_abono_e2.resultado: is_nullable (0.259651ms)
  ✔ finalizaciones_abono_e2.resultado: column_default (0.33312ms)
  ✔ finalizaciones_abono_e2.aplicado: missing (0.230932ms)
  ✔ finalizaciones_abono_e2.aplicado: data_type (0.171279ms)
  ✔ finalizaciones_abono_e2.aplicado: is_nullable (0.237269ms)
  ✔ finalizaciones_abono_e2.aplicado: column_default (0.218716ms)
  ✔ finalizaciones_abono_e2.aplicado: numeric_precision (0.169107ms)
  ✔ finalizaciones_abono_e2.aplicado: numeric_scale (0.144142ms)
  ✔ finalizaciones_abono_e2.evaluacion: missing (0.140858ms)
  ✔ finalizaciones_abono_e2.evaluacion: data_type (0.239539ms)
  ✔ finalizaciones_abono_e2.evaluacion: is_nullable (0.262323ms)
  ✔ finalizaciones_abono_e2.evaluacion: column_default (0.14199ms)
  ✔ finalizaciones_abono_e2.contrato_revision: missing (0.144554ms)
  ✔ finalizaciones_abono_e2.contrato_revision: data_type (0.140297ms)
  ✔ finalizaciones_abono_e2.contrato_revision: is_nullable (0.176971ms)
  ✔ finalizaciones_abono_e2.contrato_revision: column_default (0.146515ms)
  ✔ finalizaciones_abono_e2.created_at: missing (0.139598ms)
  ✔ finalizaciones_abono_e2.created_at: data_type (0.149253ms)
  ✔ finalizaciones_abono_e2.created_at: is_nullable (0.139447ms)
  ✔ finalizaciones_abono_e2.created_at: column_default (0.135853ms)
  ✔ evidencia_no_aplicada_e2.fuente: missing (0.314891ms)
  ✔ evidencia_no_aplicada_e2.fuente: data_type (0.152188ms)
  ✔ evidencia_no_aplicada_e2.fuente: is_nullable (0.141035ms)
  ✔ evidencia_no_aplicada_e2.fuente: column_default (0.136739ms)
  ✔ evidencia_no_aplicada_e2.abono_id: missing (0.179188ms)
  ✔ evidencia_no_aplicada_e2.abono_id: data_type (0.15131ms)
  ✔ evidencia_no_aplicada_e2.abono_id: is_nullable (0.139431ms)
  ✔ evidencia_no_aplicada_e2.abono_id: column_default (0.136216ms)
  ✔ evidencia_no_aplicada_e2.cobro_productor: missing (0.175534ms)
  ✔ evidencia_no_aplicada_e2.cobro_productor: data_type (0.138471ms)
  ✔ evidencia_no_aplicada_e2.cobro_productor: is_nullable (0.163576ms)
  ✔ evidencia_no_aplicada_e2.cobro_productor: column_default (0.141216ms)
  ✔ evidencia_no_aplicada_e2.cobro_clave: missing (0.138923ms)
  ✔ evidencia_no_aplicada_e2.cobro_clave: data_type (0.135578ms)
  ✔ evidencia_no_aplicada_e2.cobro_clave: is_nullable (0.133459ms)
  ✔ evidencia_no_aplicada_e2.cobro_clave: column_default (0.169623ms)
  ✔ evidencia_no_aplicada_e2.cliente_id: missing (0.138687ms)
  ✔ evidencia_no_aplicada_e2.cliente_id: data_type (0.287546ms)
  ✔ evidencia_no_aplicada_e2.cliente_id: is_nullable (0.200195ms)
  ✔ evidencia_no_aplicada_e2.cliente_id: column_default (0.226682ms)
  ✔ evidencia_no_aplicada_e2.importe: missing (0.153833ms)
  ✔ evidencia_no_aplicada_e2.importe: data_type (0.145697ms)
  ✔ evidencia_no_aplicada_e2.importe: is_nullable (0.137614ms)
  ✔ evidencia_no_aplicada_e2.importe: column_default (0.138213ms)
  ✔ evidencia_no_aplicada_e2.importe: numeric_precision (0.13304ms)
  ✔ evidencia_no_aplicada_e2.importe: numeric_scale (0.160926ms)
  ✔ evidencia_no_aplicada_e2.forma_pago: missing (0.217222ms)
  ✔ evidencia_no_aplicada_e2.forma_pago: data_type (0.154866ms)
  ✔ evidencia_no_aplicada_e2.forma_pago: is_nullable (0.146084ms)
  ✔ evidencia_no_aplicada_e2.forma_pago: column_default (0.136423ms)
  ✔ evidencia_no_aplicada_e2.naturaleza: missing (0.15305ms)
  ✔ evidencia_no_aplicada_e2.naturaleza: data_type (0.177246ms)
  ✔ evidencia_no_aplicada_e2.naturaleza: is_nullable (0.168127ms)
  ✔ evidencia_no_aplicada_e2.naturaleza: column_default (0.198118ms)
  ✔ evidencia_no_aplicada_e2.created_at: missing (0.24319ms)
  ✔ evidencia_no_aplicada_e2.created_at: data_type (0.221126ms)
  ✔ evidencia_no_aplicada_e2.created_at: is_nullable (0.181659ms)
  ✔ evidencia_no_aplicada_e2.created_at: column_default (0.164911ms)
  ✔ finalizaciones_abono_e2_pkey: missing (0.5975ms)
  ✔ finalizaciones_abono_e2_pkey: table_name (0.415429ms)
  ✔ finalizaciones_abono_e2_pkey: definition (0.370362ms)
  ✔ finalizaciones_abono_e2_pkey: convalidated (0.229324ms)
  ✔ finalizaciones_abono_e2_pkey: condeferrable (0.238503ms)
  ✔ finalizaciones_abono_e2_pkey: condeferred (0.19089ms)
  ✔ finalizaciones_abono_e2_pkey: index_valid (0.181831ms)
  ✔ finalizaciones_abono_e2_abono_id_fkey: missing (0.167371ms)
  ✔ finalizaciones_abono_e2_abono_id_fkey: table_name (0.223309ms)
  ✔ finalizaciones_abono_e2_abono_id_fkey: definition (0.267359ms)
  ✔ finalizaciones_abono_e2_abono_id_fkey: convalidated (0.197592ms)
  ✔ finalizaciones_abono_e2_abono_id_fkey: condeferrable (0.17907ms)
  ✔ finalizaciones_abono_e2_abono_id_fkey: condeferred (0.268412ms)
  ✔ finalizaciones_abono_e2_abono_id_fkey: index_valid (0.188058ms)
  ✔ finalizaciones_abono_e2_cliente_id_fkey: missing (0.265515ms)
  ✔ finalizaciones_abono_e2_cliente_id_fkey: table_name (0.271535ms)
  ✔ finalizaciones_abono_e2_cliente_id_fkey: definition (0.191586ms)
  ✔ finalizaciones_abono_e2_cliente_id_fkey: convalidated (0.180087ms)
  ✔ finalizaciones_abono_e2_cliente_id_fkey: condeferrable (0.17326ms)
  ✔ finalizaciones_abono_e2_cliente_id_fkey: condeferred (0.220285ms)
  ✔ finalizaciones_abono_e2_cliente_id_fkey: index_valid (0.182279ms)
  ✔ finalizaciones_abono_e2_operacion_productor_operacion_clave_key: missing (0.171417ms)
  ✔ finalizaciones_abono_e2_operacion_productor_operacion_clave_key: table_name (0.255019ms)
  ✔ finalizaciones_abono_e2_operacion_productor_operacion_clave_key: definition (0.238788ms)
  ✔ finalizaciones_abono_e2_operacion_productor_operacion_clave_key: convalidated (0.188244ms)
  ✔ finalizaciones_abono_e2_operacion_productor_operacion_clave_key: condeferrable (0.176662ms)
  ✔ finalizaciones_abono_e2_operacion_productor_operacion_clave_key: condeferred (0.174633ms)
  ✔ finalizaciones_abono_e2_operacion_productor_operacion_clave_key: index_valid (0.245351ms)
  ✔ finalizaciones_abono_e2_importe_check: missing (0.192924ms)
  ✔ finalizaciones_abono_e2_importe_check: table_name (0.184062ms)
  ✔ finalizaciones_abono_e2_importe_check: definition (0.176831ms)
  ✔ finalizaciones_abono_e2_importe_check: convalidated (0.182472ms)
  ✔ finalizaciones_abono_e2_importe_check: condeferrable (0.200092ms)
  ✔ finalizaciones_abono_e2_importe_check: condeferred (0.181121ms)
  ✔ finalizaciones_abono_e2_importe_check: index_valid (0.282388ms)
  ✔ finalizaciones_abono_e2_resultado_check: missing (0.21673ms)
  ✔ finalizaciones_abono_e2_resultado_check: table_name (0.234189ms)
  ✔ finalizaciones_abono_e2_resultado_check: definition (0.193988ms)
  ✔ finalizaciones_abono_e2_resultado_check: convalidated (0.177098ms)
  ✔ finalizaciones_abono_e2_resultado_check: condeferrable (0.213099ms)
  ✔ finalizaciones_abono_e2_resultado_check: condeferred (0.195228ms)
  ✔ finalizaciones_abono_e2_resultado_check: index_valid (0.18343ms)
  ✔ finalizaciones_abono_e2_aplicado_check: missing (0.166974ms)
  ✔ finalizaciones_abono_e2_aplicado_check: table_name (0.210063ms)
  ✔ finalizaciones_abono_e2_aplicado_check: definition (0.236804ms)
  ✔ finalizaciones_abono_e2_aplicado_check: convalidated (0.187304ms)
  ✔ finalizaciones_abono_e2_aplicado_check: condeferrable (0.181459ms)
  ✔ finalizaciones_abono_e2_aplicado_check: condeferred (0.177904ms)
  ✔ finalizaciones_abono_e2_aplicado_check: index_valid (0.197356ms)
  ✔ finalizaciones_abono_e2_evaluacion_check: missing (0.168717ms)
  ✔ finalizaciones_abono_e2_evaluacion_check: table_name (0.180436ms)
  ✔ finalizaciones_abono_e2_evaluacion_check: definition (0.183139ms)
  ✔ finalizaciones_abono_e2_evaluacion_check: convalidated (0.220855ms)
  ✔ finalizaciones_abono_e2_evaluacion_check: condeferrable (0.192686ms)
  ✔ finalizaciones_abono_e2_evaluacion_check: condeferred (0.187954ms)
  ✔ finalizaciones_abono_e2_evaluacion_check: index_valid (0.18323ms)
  ✔ finalizaciones_abono_e2_contrato_revision_check: missing (0.210515ms)
  ✔ finalizaciones_abono_e2_contrato_revision_check: table_name (0.198922ms)
  ✔ finalizaciones_abono_e2_contrato_revision_check: definition (0.187319ms)
  ✔ finalizaciones_abono_e2_contrato_revision_check: convalidated (0.251413ms)
  ✔ finalizaciones_abono_e2_contrato_revision_check: condeferrable (0.325107ms)
  ✔ finalizaciones_abono_e2_contrato_revision_check: condeferred (0.255564ms)
  ✔ finalizaciones_abono_e2_contrato_revision_check: index_valid (0.262414ms)
  ✔ finalizaciones_abono_e2_check: missing (0.217555ms)
  ✔ finalizaciones_abono_e2_check: table_name (0.204396ms)
  ✔ finalizaciones_abono_e2_check: definition (0.187521ms)
  ✔ finalizaciones_abono_e2_check: convalidated (0.18956ms)
  ✔ finalizaciones_abono_e2_check: condeferrable (0.222467ms)
  ✔ finalizaciones_abono_e2_check: condeferred (0.198243ms)
  ✔ finalizaciones_abono_e2_check: index_valid (0.197744ms)
  ✔ finalizaciones_abono_e2_operacion_productor_check: missing (0.171685ms)
  ✔ finalizaciones_abono_e2_operacion_productor_check: table_name (0.191468ms)
  ✔ finalizaciones_abono_e2_operacion_productor_check: definition (0.264781ms)
  ✔ finalizaciones_abono_e2_operacion_productor_check: convalidated (0.210995ms)
  ✔ finalizaciones_abono_e2_operacion_productor_check: condeferrable (0.190989ms)
  ✔ finalizaciones_abono_e2_operacion_productor_check: condeferred (0.183604ms)
  ✔ finalizaciones_abono_e2_operacion_productor_check: index_valid (0.2768ms)
  ✔ evidencia_no_aplicada_e2_pkey: missing (0.179374ms)
  ✔ evidencia_no_aplicada_e2_pkey: table_name (0.189616ms)
  ✔ evidencia_no_aplicada_e2_pkey: definition (0.250632ms)
  ✔ evidencia_no_aplicada_e2_pkey: convalidated (0.33633ms)
  ✔ evidencia_no_aplicada_e2_pkey: condeferrable (0.385215ms)
  ✔ evidencia_no_aplicada_e2_pkey: condeferred (0.351661ms)
  ✔ evidencia_no_aplicada_e2_pkey: index_valid (0.230821ms)
  ✔ evidencia_no_aplicada_e2_abono_id_key: missing (0.18384ms)
  ✔ evidencia_no_aplicada_e2_abono_id_key: table_name (0.272136ms)
  ✔ evidencia_no_aplicada_e2_abono_id_key: definition (0.397756ms)
  ✔ evidencia_no_aplicada_e2_abono_id_key: convalidated (0.229606ms)
  ✔ evidencia_no_aplicada_e2_abono_id_key: condeferrable (0.271442ms)
  ✔ evidencia_no_aplicada_e2_abono_id_key: condeferred (0.232055ms)
  ✔ evidencia_no_aplicada_e2_abono_id_key: index_valid (0.19795ms)
  ✔ evidencia_no_aplicada_e2_cobro_clave_key: missing (0.171318ms)
  ✔ evidencia_no_aplicada_e2_cobro_clave_key: table_name (0.338726ms)
  ✔ evidencia_no_aplicada_e2_cobro_clave_key: definition (0.691979ms)
  ✔ evidencia_no_aplicada_e2_cobro_clave_key: convalidated (0.282089ms)
  ✔ evidencia_no_aplicada_e2_cobro_clave_key: condeferrable (0.467198ms)
  ✔ evidencia_no_aplicada_e2_cobro_clave_key: condeferred (0.295562ms)
  ✔ evidencia_no_aplicada_e2_cobro_clave_key: index_valid (0.220397ms)
  ✔ evidencia_no_aplicada_e2_cobro_productor_cobro_clave_fkey: missing (0.18236ms)
  ✔ evidencia_no_aplicada_e2_cobro_productor_cobro_clave_fkey: table_name (0.195492ms)
  ✔ evidencia_no_aplicada_e2_cobro_productor_cobro_clave_fkey: definition (0.291059ms)
  ✔ evidencia_no_aplicada_e2_cobro_productor_cobro_clave_fkey: convalidated (0.234575ms)
  ✔ evidencia_no_aplicada_e2_cobro_productor_cobro_clave_fkey: condeferrable (0.218953ms)
  ✔ evidencia_no_aplicada_e2_cobro_productor_cobro_clave_fkey: condeferred (0.230685ms)
  ✔ evidencia_no_aplicada_e2_cobro_productor_cobro_clave_fkey: index_valid (0.274864ms)
  ✔ evidencia_no_aplicada_e2_abono_id_fkey: missing (0.180724ms)
  ✔ evidencia_no_aplicada_e2_abono_id_fkey: table_name (0.188535ms)
  ✔ evidencia_no_aplicada_e2_abono_id_fkey: definition (0.231356ms)
  ✔ evidencia_no_aplicada_e2_abono_id_fkey: convalidated (0.28542ms)
  ✔ evidencia_no_aplicada_e2_abono_id_fkey: condeferrable (4.642094ms)
  ✔ evidencia_no_aplicada_e2_abono_id_fkey: condeferred (0.318714ms)
  ✔ evidencia_no_aplicada_e2_abono_id_fkey: index_valid (0.245922ms)
  ✔ evidencia_no_aplicada_e2_cliente_id_fkey: missing (0.361223ms)
  ✔ evidencia_no_aplicada_e2_cliente_id_fkey: table_name (0.240443ms)
  ✔ evidencia_no_aplicada_e2_cliente_id_fkey: definition (0.213811ms)
  ✔ evidencia_no_aplicada_e2_cliente_id_fkey: convalidated (0.261728ms)
  ✔ evidencia_no_aplicada_e2_cliente_id_fkey: condeferrable (0.394369ms)
  ✔ evidencia_no_aplicada_e2_cliente_id_fkey: condeferred (0.283006ms)
  ✔ evidencia_no_aplicada_e2_cliente_id_fkey: index_valid (0.274826ms)
  ✔ evidencia_no_aplicada_e2_importe_check: missing (0.18087ms)
  ✔ evidencia_no_aplicada_e2_importe_check: table_name (0.20093ms)
  ✔ evidencia_no_aplicada_e2_importe_check: definition (0.241965ms)
  ✔ evidencia_no_aplicada_e2_importe_check: convalidated (0.222041ms)
  ✔ evidencia_no_aplicada_e2_importe_check: condeferrable (0.200497ms)
  ✔ evidencia_no_aplicada_e2_importe_check: condeferred (0.196946ms)
  ✔ evidencia_no_aplicada_e2_importe_check: index_valid (0.197426ms)
  ✔ evidencia_no_aplicada_e2_forma_pago_check: missing (0.33124ms)
  ✔ evidencia_no_aplicada_e2_forma_pago_check: table_name (0.275449ms)
  ✔ evidencia_no_aplicada_e2_forma_pago_check: definition (0.278948ms)
  ✔ evidencia_no_aplicada_e2_forma_pago_check: convalidated (0.238011ms)
  ✔ evidencia_no_aplicada_e2_forma_pago_check: condeferrable (0.208754ms)
  ✔ evidencia_no_aplicada_e2_forma_pago_check: condeferred (0.197909ms)
  ✔ evidencia_no_aplicada_e2_forma_pago_check: index_valid (0.301704ms)
  ✔ evidencia_no_aplicada_e2_naturaleza_check: missing (0.192871ms)
  ✔ evidencia_no_aplicada_e2_naturaleza_check: table_name (0.205208ms)
  ✔ evidencia_no_aplicada_e2_naturaleza_check: definition (0.193642ms)
  ✔ evidencia_no_aplicada_e2_naturaleza_check: convalidated (0.245635ms)
  ✔ evidencia_no_aplicada_e2_naturaleza_check: condeferrable (0.237977ms)
  ✔ evidencia_no_aplicada_e2_naturaleza_check: condeferred (0.221595ms)
  ✔ evidencia_no_aplicada_e2_naturaleza_check: index_valid (0.205032ms)
  ✔ evidencia_no_aplicada_e2_check: missing (0.18933ms)
  ✔ evidencia_no_aplicada_e2_check: table_name (0.199643ms)
  ✔ evidencia_no_aplicada_e2_check: definition (0.207449ms)
  ✔ evidencia_no_aplicada_e2_check: convalidated (0.202258ms)
  ✔ evidencia_no_aplicada_e2_check: condeferrable (0.231198ms)
  ✔ evidencia_no_aplicada_e2_check: condeferred (0.270034ms)
  ✔ evidencia_no_aplicada_e2_check: index_valid (0.222263ms)
  ✔ e2_finalization_immutable: missing (0.40754ms)
  ✔ e2_finalization_immutable: prosrc (0.316516ms)
  ✔ e2_finalization_immutable: prokind (0.30577ms)
  ✔ e2_finalization_immutable: provolatile (0.257844ms)
  ✔ e2_finalization_immutable: proparallel (0.501181ms)
  ✔ e2_finalization_immutable: prosecdef (0.302357ms)
  ✔ e2_finalization_immutable: proleakproof (0.375518ms)
  ✔ e2_finalization_immutable: proisstrict (0.354062ms)
  ✔ e2_finalization_immutable: proretset (0.255531ms)
  ✔ e2_finalization_immutable: proacl (0.230619ms)
  ✔ e2_finalization_immutable: proconfig (0.332743ms)
  ✔ e2_finalization_immutable: language_name (0.257453ms)
  ✔ e2_finalization_immutable: owner_name (0.242003ms)
  ✔ e2_finalization_immutable: result_type (0.335306ms)
  ✔ e2_finalization_immutable: identity_arguments (0.24885ms)
  ✔ e2_finalization_immutable: tgenabled (0.274177ms)
  ✔ e2_finalization_immutable: tgtype (0.288554ms)
  ✔ e2_finalization_immutable: table_name (0.247358ms)
  ✔ e2_finalization_immutable: function_name (0.234145ms)
  ✔ e2_finalization_immutable: function_schema (0.310125ms)
  ✔ e2_finalization_immutable: args_length (0.392848ms)
  ✔ e2_finalization_immutable: trigger_attr (9.366939ms)
  ✔ e2_finalization_immutable: has_parent (0.303176ms)
  ✔ e2_finalization_immutable: has_qual (0.235483ms)
  ✔ e2_finalization_immutable: has_constraint (0.207224ms)
  ✔ e2_finalization_immutable: tgdeferrable (0.265066ms)
  ✔ e2_finalization_immutable: tginitdeferred (0.201009ms)
  ✔ e2_validate_abono_finalization: missing (0.171588ms)
  ✔ e2_validate_abono_finalization: prosrc (0.298783ms)
  ✔ e2_validate_abono_finalization: prokind (0.214767ms)
  ✔ e2_validate_abono_finalization: provolatile (0.198503ms)
  ✔ e2_validate_abono_finalization: proparallel (0.193539ms)
  ✔ e2_validate_abono_finalization: prosecdef (2.338715ms)
  ✔ e2_validate_abono_finalization: proleakproof (0.245561ms)
  ✔ e2_validate_abono_finalization: proisstrict (0.196755ms)
  ✔ e2_validate_abono_finalization: proretset (0.188238ms)
  ✔ e2_validate_abono_finalization: proacl (0.217112ms)
  ✔ e2_validate_abono_finalization: proconfig (0.200069ms)
  ✔ e2_validate_abono_finalization: language_name (0.189458ms)
  ✔ e2_validate_abono_finalization: owner_name (0.19774ms)
  ✔ e2_validate_abono_finalization: result_type (0.295317ms)
  ✔ e2_validate_abono_finalization: identity_arguments (0.280838ms)
  ✔ e2_validate_abono_finalization: tgenabled (0.20771ms)
  ✔ e2_validate_abono_finalization: tgtype (0.234679ms)
  ✔ e2_validate_abono_finalization: table_name (0.2017ms)
  ✔ e2_validate_abono_finalization: function_name (0.18773ms)
  ✔ e2_validate_abono_finalization: function_schema (0.184114ms)
  ✔ e2_validate_abono_finalization: args_length (0.226527ms)
  ✔ e2_validate_abono_finalization: trigger_attr (0.201627ms)
  ✔ e2_validate_abono_finalization: has_parent (0.185785ms)
  ✔ e2_validate_abono_finalization: has_qual (0.183334ms)
  ✔ e2_validate_abono_finalization: has_constraint (0.187683ms)
  ✔ e2_validate_abono_finalization: tgdeferrable (0.239205ms)
  ✔ e2_validate_abono_finalization: tginitdeferred (0.192101ms)
  ✔ e2_proof_immutable: missing (0.165162ms)
  ✔ e2_proof_immutable: prosrc (0.192929ms)
  ✔ e2_proof_immutable: prokind (0.289053ms)
  ✔ e2_proof_immutable: provolatile (0.211467ms)
  ✔ e2_proof_immutable: proparallel (0.198192ms)
  ✔ e2_proof_immutable: prosecdef (0.192545ms)
  ✔ e2_proof_immutable: proleakproof (0.304716ms)
  ✔ e2_proof_immutable: proisstrict (0.228804ms)
  ✔ e2_proof_immutable: proretset (0.292727ms)
  ✔ e2_proof_immutable: proacl (2.414442ms)
  ✔ e2_proof_immutable: proconfig (0.235146ms)
  ✔ e2_proof_immutable: language_name (0.20045ms)
  ✔ e2_proof_immutable: owner_name (0.230789ms)
  ✔ e2_proof_immutable: result_type (0.202714ms)
  ✔ e2_proof_immutable: identity_arguments (0.189924ms)
  ✔ e2_proof_immutable: tgenabled (0.185433ms)
  ✔ e2_proof_immutable: tgtype (0.232192ms)
  ✔ e2_proof_immutable: table_name (0.227071ms)
  ✔ e2_proof_immutable: function_name (0.189813ms)
  ✔ e2_proof_immutable: function_schema (0.186302ms)
  ✔ e2_proof_immutable: args_length (0.185102ms)
  ✔ e2_proof_immutable: trigger_attr (0.238828ms)
  ✔ e2_proof_immutable: has_parent (0.189481ms)
  ✔ e2_proof_immutable: has_qual (0.190986ms)
  ✔ e2_proof_immutable: has_constraint (0.186188ms)
  ✔ e2_proof_immutable: tgdeferrable (0.303544ms)
  ✔ e2_proof_immutable: tginitdeferred (0.213801ms)
  ✔ e2_validate_unused_proof: missing (0.169616ms)
  ✔ e2_validate_unused_proof: prosrc (0.196312ms)
  ✔ e2_validate_unused_proof: prokind (0.340879ms)
  ✔ e2_validate_unused_proof: provolatile (0.251267ms)
  ✔ e2_validate_unused_proof: proparallel (0.20531ms)
  ✔ e2_validate_unused_proof: prosecdef (0.337272ms)
  ✔ e2_validate_unused_proof: proleakproof (0.285895ms)
  ✔ e2_validate_unused_proof: proisstrict (0.213944ms)
  ✔ e2_validate_unused_proof: proretset (0.278717ms)
  ✔ e2_validate_unused_proof: proacl (0.323321ms)
  ✔ e2_validate_unused_proof: proconfig (0.239364ms)
  ✔ e2_validate_unused_proof: language_name (2.331631ms)
  ✔ e2_validate_unused_proof: owner_name (0.271591ms)
  ✔ e2_validate_unused_proof: result_type (0.208803ms)
  ✔ e2_validate_unused_proof: identity_arguments (0.194024ms)
  ✔ e2_validate_unused_proof: tgenabled (0.25955ms)
  ✔ e2_validate_unused_proof: tgtype (0.203702ms)
  ✔ e2_validate_unused_proof: table_name (0.206627ms)
  ✔ e2_validate_unused_proof: function_name (0.187626ms)
  ✔ e2_validate_unused_proof: function_schema (0.287795ms)
  ✔ e2_validate_unused_proof: args_length (0.199095ms)
  ✔ e2_validate_unused_proof: trigger_attr (0.395847ms)
  ✔ e2_validate_unused_proof: has_parent (0.28296ms)
  ✔ e2_validate_unused_proof: has_qual (0.213448ms)
  ✔ e2_validate_unused_proof: has_constraint (0.193587ms)
  ✔ e2_validate_unused_proof: tgdeferrable (0.244419ms)
  ✔ e2_validate_unused_proof: tginitdeferred (0.223796ms)
  ✔ e2_abono_finalization_complete: missing (0.166669ms)
  ✔ e2_abono_finalization_complete: prosrc (0.202457ms)
  ✔ e2_abono_finalization_complete: prokind (0.199628ms)
  ✔ e2_abono_finalization_complete: provolatile (0.251327ms)
  ✔ e2_abono_finalization_complete: proparallel (0.207619ms)
  ✔ e2_abono_finalization_complete: prosecdef (0.194446ms)
  ✔ e2_abono_finalization_complete: proleakproof (0.193948ms)
  ✔ e2_abono_finalization_complete: proisstrict (0.31015ms)
  ✔ e2_abono_finalization_complete: proretset (0.222576ms)
  ✔ e2_abono_finalization_complete: proacl (0.201312ms)
  ✔ e2_abono_finalization_complete: proconfig (0.229494ms)
  ✔ e2_abono_finalization_complete: language_name (0.214021ms)
  ✔ e2_abono_finalization_complete: owner_name (0.197639ms)
  ✔ e2_abono_finalization_complete: result_type (0.215112ms)
  ✔ e2_abono_finalization_complete: identity_arguments (2.385044ms)
  ✔ e2_abono_finalization_complete: tgenabled (0.333017ms)
  ✔ e2_abono_finalization_complete: tgtype (0.257225ms)
  ✔ e2_abono_finalization_complete: table_name (0.305241ms)
  ✔ e2_abono_finalization_complete: function_name (0.249403ms)
  ✔ e2_abono_finalization_complete: function_schema (1.132026ms)
  ✔ e2_abono_finalization_complete: args_length (0.307766ms)
  ✔ e2_abono_finalization_complete: trigger_attr (0.269309ms)
  ✔ e2_abono_finalization_complete: has_parent (0.249979ms)
  ✔ e2_abono_finalization_complete: has_qual (0.408035ms)
  ✔ e2_abono_finalization_complete: has_constraint (0.273742ms)
  ✔ e2_abono_finalization_complete: tgdeferrable (0.248585ms)
  ✔ e2_abono_finalization_complete: tginitdeferred (0.284768ms)
  ✔ e2_capture_application_order: missing (0.216011ms)
  ✔ e2_capture_application_order: prosrc (0.249046ms)
  ✔ e2_capture_application_order: prokind (0.240132ms)
  ✔ e2_capture_application_order: provolatile (0.294578ms)
  ✔ e2_capture_application_order: proparallel (0.250302ms)
  ✔ e2_capture_application_order: prosecdef (0.242441ms)
  ✔ e2_capture_application_order: proleakproof (0.277142ms)
  ✔ e2_capture_application_order: proisstrict (0.258427ms)
  ✔ e2_capture_application_order: proretset (0.243349ms)
  ✔ e2_capture_application_order: proacl (0.241895ms)
  ✔ e2_capture_application_order: proconfig (0.271841ms)
  ✔ e2_capture_application_order: language_name (0.242962ms)
  ✔ e2_capture_application_order: owner_name (0.333337ms)
  ✔ e2_capture_application_order: result_type (0.273928ms)
  ✔ e2_capture_application_order: identity_arguments (0.25709ms)
  ✔ e2_capture_application_order: tgenabled (0.245901ms)
  ✔ e2_capture_application_order: tgtype (0.330036ms)
  ✔ e2_capture_application_order: table_name (0.29726ms)
  ✔ e2_capture_application_order: function_name (0.296463ms)
  ✔ e2_capture_application_order: function_schema (0.255154ms)
  ✔ e2_capture_application_order: args_length (0.241956ms)
  ✔ e2_capture_application_order: trigger_attr (0.28574ms)
  ✔ e2_capture_application_order: has_parent (0.251631ms)
  ✔ e2_capture_application_order: has_qual (0.242484ms)
  ✔ e2_capture_application_order: has_constraint (0.333063ms)
  ✔ e2_capture_application_order: tgdeferrable (0.258952ms)
  ✔ e2_capture_application_order: tginitdeferred (0.243115ms)
  ✔ e2_finalize_new_abono: missing (0.426137ms)
  ✔ e2_finalize_new_abono: prosrc (0.326303ms)
  ✔ e2_finalize_new_abono: prokind (0.278446ms)
  ✔ e2_finalize_new_abono: provolatile (0.322806ms)
  ✔ e2_finalize_new_abono: proparallel (0.273853ms)
  ✔ e2_finalize_new_abono: prosecdef (0.359823ms)
  ✔ e2_finalize_new_abono: proleakproof (0.356824ms)
  ✔ e2_finalize_new_abono: proisstrict (0.401333ms)
  ✔ e2_finalize_new_abono: proretset (0.316235ms)
  ✔ e2_finalize_new_abono: proacl (0.269192ms)
  ✔ e2_finalize_new_abono: proconfig (2.539238ms)
  ✔ e2_finalize_new_abono: language_name (0.345929ms)
  ✔ e2_finalize_new_abono: owner_name (0.408571ms)
  ✔ e2_finalize_new_abono: result_type (0.386492ms)
  ✔ e2_finalize_new_abono: identity_arguments (0.350463ms)
  ✔ e2_attest_new_retained: missing (0.310478ms)
  ✔ e2_attest_new_retained: prosrc (0.284369ms)
  ✔ e2_attest_new_retained: prokind (0.345618ms)
  ✔ e2_attest_new_retained: provolatile (0.297027ms)
  ✔ e2_attest_new_retained: proparallel (0.284879ms)
  ✔ e2_attest_new_retained: prosecdef (0.32658ms)
  ✔ e2_attest_new_retained: proleakproof (0.278135ms)
  ✔ e2_attest_new_retained: proisstrict (0.334726ms)
  ✔ e2_attest_new_retained: proretset (0.331384ms)
  ✔ e2_attest_new_retained: proacl (0.276668ms)
  ✔ e2_attest_new_retained: proconfig (0.268487ms)
  ✔ e2_attest_new_retained: language_name (2.455317ms)
  ✔ e2_attest_new_retained: owner_name (0.298814ms)
  ✔ e2_attest_new_retained: result_type (0.322963ms)
  ✔ e2_attest_new_retained: identity_arguments (0.349291ms)
✔ A+C mock preflight independently rejects each catalog drift (189.23094ms)
ℹ tests 428
ℹ suites 0
ℹ pass 427
ℹ fail 1
ℹ cancelled 0
ℹ skipped 0
ℹ todo 0
ℹ duration_ms 527.429405

✖ failing tests:

test at reports/e2-apertura-limitada/evidencia-a-c/negative-offline.test.mjs:90:1
✖ mounted ordinary producer: UNUSED/PARTIAL/FULL and FIFO persistence ordering (141.485576ms)
  AssertionError [ERR_ASSERTION]: ordinary provenance must identify canonical FIFO
  + actual - expected
  
  + 'directedApplication'
  - 'projectCreditLedger'
  
      at ordinary (file:///home/runner/workspace/reports/e2-apertura-limitada/evidencia-a-c/negative-offline.test.mjs:84:10)
      at async TestContext.<anonymous> (file:///home/runner/workspace/reports/e2-apertura-limitada/evidencia-a-c/negative-offline.test.mjs:91:43)
      at async Test.run (node:internal/test_runner/test:1113:7)
      at async startSubtestAfterBootstrap (node:internal/test_runner/harness:358:3) {
    generatedMessage: false,
    code: 'ERR_ASSERTION',
    actual: 'directedApplication',
    expected: 'projectCreditLedger',
    operator: 'strictEqual',
    diff: 'simple'
  }
