✔ mounted ordinary producer: UNUSED/PARTIAL/FULL and FIFO persistence ordering (291.721389ms)
✔ mounted directed approval finalizes FULL only after its application (25.075505ms)
✔ actual core rejects directed result/amount mismatches before persistence (0.66475ms)
✔ positive proof is mandatory in the real refund service (62.422777ms)
✔ real refund service accepts both origins and rejects absent/used ABONO finalization (59.619767ms)
✔ R4 application-order guard exists in prepared SQL (LEXICAL ONLY, not SQL semantics) (0.489201ms)
▶ A+C mock preflight independently rejects each catalog drift
  ✔ finalizaciones_abono_e2.abono_id: missing (0.660968ms)
  ✔ finalizaciones_abono_e2.abono_id: data_type (0.444912ms)
  ✔ finalizaciones_abono_e2.abono_id: is_nullable (0.34707ms)
  ✔ finalizaciones_abono_e2.abono_id: column_default (0.546365ms)
  ✔ finalizaciones_abono_e2.operacion_productor: missing (0.265665ms)
  ✔ finalizaciones_abono_e2.operacion_productor: data_type (0.214295ms)
  ✔ finalizaciones_abono_e2.operacion_productor: is_nullable (0.262407ms)
  ✔ finalizaciones_abono_e2.operacion_productor: column_default (0.210952ms)
  ✔ finalizaciones_abono_e2.operacion_clave: missing (0.363562ms)
  ✔ finalizaciones_abono_e2.operacion_clave: data_type (0.242622ms)
  ✔ finalizaciones_abono_e2.operacion_clave: is_nullable (0.196763ms)
  ✔ finalizaciones_abono_e2.operacion_clave: column_default (0.252212ms)
  ✔ finalizaciones_abono_e2.cliente_id: missing (0.320868ms)
  ✔ finalizaciones_abono_e2.cliente_id: data_type (0.204437ms)
  ✔ finalizaciones_abono_e2.cliente_id: is_nullable (0.267829ms)
  ✔ finalizaciones_abono_e2.cliente_id: column_default (0.292617ms)
  ✔ finalizaciones_abono_e2.importe: missing (0.202553ms)
  ✔ finalizaciones_abono_e2.importe: data_type (0.229375ms)
  ✔ finalizaciones_abono_e2.importe: is_nullable (0.255198ms)
  ✔ finalizaciones_abono_e2.importe: column_default (0.211244ms)
  ✔ finalizaciones_abono_e2.importe: numeric_precision (0.187982ms)
  ✔ finalizaciones_abono_e2.importe: numeric_scale (0.299593ms)
  ✔ finalizaciones_abono_e2.resultado: missing (0.255255ms)
  ✔ finalizaciones_abono_e2.resultado: data_type (0.19489ms)
  ✔ finalizaciones_abono_e2.resultado: is_nullable (0.30773ms)
  ✔ finalizaciones_abono_e2.resultado: column_default (0.311907ms)
  ✔ finalizaciones_abono_e2.aplicado: missing (0.259544ms)
  ✔ finalizaciones_abono_e2.aplicado: data_type (0.20548ms)
  ✔ finalizaciones_abono_e2.aplicado: is_nullable (0.26756ms)
  ✔ finalizaciones_abono_e2.aplicado: column_default (0.31012ms)
  ✔ finalizaciones_abono_e2.aplicado: numeric_precision (0.289406ms)
  ✔ finalizaciones_abono_e2.aplicado: numeric_scale (0.22278ms)
  ✔ finalizaciones_abono_e2.evaluacion: missing (0.349606ms)
  ✔ finalizaciones_abono_e2.evaluacion: data_type (0.27751ms)
  ✔ finalizaciones_abono_e2.evaluacion: is_nullable (0.181552ms)
  ✔ finalizaciones_abono_e2.evaluacion: column_default (0.215439ms)
  ✔ finalizaciones_abono_e2.contrato_revision: missing (0.174408ms)
  ✔ finalizaciones_abono_e2.contrato_revision: data_type (0.16685ms)
  ✔ finalizaciones_abono_e2.contrato_revision: is_nullable (0.164081ms)
  ✔ finalizaciones_abono_e2.contrato_revision: column_default (0.205949ms)
  ✔ finalizaciones_abono_e2.created_at: missing (0.183629ms)
  ✔ finalizaciones_abono_e2.created_at: data_type (0.176686ms)
  ✔ finalizaciones_abono_e2.created_at: is_nullable (0.213977ms)
  ✔ finalizaciones_abono_e2.created_at: column_default (0.160856ms)
  ✔ evidencia_no_aplicada_e2.fuente: missing (0.232507ms)
  ✔ evidencia_no_aplicada_e2.fuente: data_type (0.170206ms)
  ✔ evidencia_no_aplicada_e2.fuente: is_nullable (0.166967ms)
  ✔ evidencia_no_aplicada_e2.fuente: column_default (0.169678ms)
  ✔ evidencia_no_aplicada_e2.abono_id: missing (0.176786ms)
  ✔ evidencia_no_aplicada_e2.abono_id: data_type (0.167341ms)
  ✔ evidencia_no_aplicada_e2.abono_id: is_nullable (0.163683ms)
  ✔ evidencia_no_aplicada_e2.abono_id: column_default (0.165563ms)
  ✔ evidencia_no_aplicada_e2.cobro_productor: missing (0.202266ms)
  ✔ evidencia_no_aplicada_e2.cobro_productor: data_type (0.180925ms)
  ✔ evidencia_no_aplicada_e2.cobro_productor: is_nullable (0.230152ms)
  ✔ evidencia_no_aplicada_e2.cobro_productor: column_default (0.166034ms)
  ✔ evidencia_no_aplicada_e2.cobro_clave: missing (0.196415ms)
  ✔ evidencia_no_aplicada_e2.cobro_clave: data_type (0.180339ms)
  ✔ evidencia_no_aplicada_e2.cobro_clave: is_nullable (0.164869ms)
  ✔ evidencia_no_aplicada_e2.cobro_clave: column_default (0.166401ms)
  ✔ evidencia_no_aplicada_e2.cliente_id: missing (0.158658ms)
  ✔ evidencia_no_aplicada_e2.cliente_id: data_type (0.422487ms)
  ✔ evidencia_no_aplicada_e2.cliente_id: is_nullable (0.292366ms)
  ✔ evidencia_no_aplicada_e2.cliente_id: column_default (0.186781ms)
  ✔ evidencia_no_aplicada_e2.importe: missing (0.254573ms)
  ✔ evidencia_no_aplicada_e2.importe: data_type (0.189099ms)
  ✔ evidencia_no_aplicada_e2.importe: is_nullable (0.17712ms)
  ✔ evidencia_no_aplicada_e2.importe: column_default (0.169349ms)
  ✔ evidencia_no_aplicada_e2.importe: numeric_precision (0.204914ms)
  ✔ evidencia_no_aplicada_e2.importe: numeric_scale (0.180881ms)
  ✔ evidencia_no_aplicada_e2.forma_pago: missing (0.259653ms)
  ✔ evidencia_no_aplicada_e2.forma_pago: data_type (0.186707ms)
  ✔ evidencia_no_aplicada_e2.forma_pago: is_nullable (0.207442ms)
  ✔ evidencia_no_aplicada_e2.forma_pago: column_default (0.175074ms)
  ✔ evidencia_no_aplicada_e2.naturaleza: missing (0.165385ms)
  ✔ evidencia_no_aplicada_e2.naturaleza: data_type (0.162292ms)
  ✔ evidencia_no_aplicada_e2.naturaleza: is_nullable (0.18728ms)
  ✔ evidencia_no_aplicada_e2.naturaleza: column_default (0.253818ms)
  ✔ evidencia_no_aplicada_e2.created_at: missing (0.178945ms)
  ✔ evidencia_no_aplicada_e2.created_at: data_type (0.204726ms)
  ✔ evidencia_no_aplicada_e2.created_at: is_nullable (0.225114ms)
  ✔ evidencia_no_aplicada_e2.created_at: column_default (0.470092ms)
  ✔ finalizaciones_abono_e2_pkey: missing (0.252474ms)
  ✔ finalizaciones_abono_e2_pkey: table_name (0.358034ms)
  ✔ finalizaciones_abono_e2_pkey: definition (0.335588ms)
  ✔ finalizaciones_abono_e2_pkey: convalidated (0.255102ms)
  ✔ finalizaciones_abono_e2_pkey: condeferrable (0.188639ms)
  ✔ finalizaciones_abono_e2_pkey: condeferred (0.194467ms)
  ✔ finalizaciones_abono_e2_pkey: index_valid (0.175175ms)
  ✔ finalizaciones_abono_e2_abono_id_fkey: missing (0.281501ms)
  ✔ finalizaciones_abono_e2_abono_id_fkey: table_name (0.1952ms)
  ✔ finalizaciones_abono_e2_abono_id_fkey: definition (0.254977ms)
  ✔ finalizaciones_abono_e2_abono_id_fkey: convalidated (0.295931ms)
  ✔ finalizaciones_abono_e2_abono_id_fkey: condeferrable (0.246294ms)
  ✔ finalizaciones_abono_e2_abono_id_fkey: condeferred (0.216101ms)
  ✔ finalizaciones_abono_e2_abono_id_fkey: index_valid (0.213983ms)
  ✔ finalizaciones_abono_e2_cliente_id_fkey: missing (0.276705ms)
  ✔ finalizaciones_abono_e2_cliente_id_fkey: table_name (0.289881ms)
  ✔ finalizaciones_abono_e2_cliente_id_fkey: definition (0.279796ms)
  ✔ finalizaciones_abono_e2_cliente_id_fkey: convalidated (0.359191ms)
  ✔ finalizaciones_abono_e2_cliente_id_fkey: condeferrable (0.249849ms)
  ✔ finalizaciones_abono_e2_cliente_id_fkey: condeferred (0.265411ms)
  ✔ finalizaciones_abono_e2_cliente_id_fkey: index_valid (0.204722ms)
  ✔ finalizaciones_abono_e2_operacion_productor_operacion_clave_key: missing (0.185838ms)
  ✔ finalizaciones_abono_e2_operacion_productor_operacion_clave_key: table_name (0.305516ms)
  ✔ finalizaciones_abono_e2_operacion_productor_operacion_clave_key: definition (0.217078ms)
  ✔ finalizaciones_abono_e2_operacion_productor_operacion_clave_key: convalidated (0.205933ms)
  ✔ finalizaciones_abono_e2_operacion_productor_operacion_clave_key: condeferrable (0.193778ms)
  ✔ finalizaciones_abono_e2_operacion_productor_operacion_clave_key: condeferred (0.239913ms)
  ✔ finalizaciones_abono_e2_operacion_productor_operacion_clave_key: index_valid (0.203177ms)
  ✔ finalizaciones_abono_e2_importe_check: missing (0.175786ms)
  ✔ finalizaciones_abono_e2_importe_check: table_name (0.186207ms)
  ✔ finalizaciones_abono_e2_importe_check: definition (0.217091ms)
  ✔ finalizaciones_abono_e2_importe_check: convalidated (0.193005ms)
  ✔ finalizaciones_abono_e2_importe_check: condeferrable (0.193659ms)
  ✔ finalizaciones_abono_e2_importe_check: condeferred (0.185136ms)
  ✔ finalizaciones_abono_e2_importe_check: index_valid (0.205138ms)
  ✔ finalizaciones_abono_e2_resultado_check: missing (0.203736ms)
  ✔ finalizaciones_abono_e2_resultado_check: table_name (0.260794ms)
  ✔ finalizaciones_abono_e2_resultado_check: definition (0.201197ms)
  ✔ finalizaciones_abono_e2_resultado_check: convalidated (0.317816ms)
  ✔ finalizaciones_abono_e2_resultado_check: condeferrable (0.213157ms)
  ✔ finalizaciones_abono_e2_resultado_check: condeferred (0.193083ms)
  ✔ finalizaciones_abono_e2_resultado_check: index_valid (0.225604ms)
  ✔ finalizaciones_abono_e2_aplicado_check: missing (0.211228ms)
  ✔ finalizaciones_abono_e2_aplicado_check: table_name (0.209609ms)
  ✔ finalizaciones_abono_e2_aplicado_check: definition (0.182007ms)
  ✔ finalizaciones_abono_e2_aplicado_check: convalidated (0.221659ms)
  ✔ finalizaciones_abono_e2_aplicado_check: condeferrable (0.195313ms)
  ✔ finalizaciones_abono_e2_aplicado_check: condeferred (0.184715ms)
  ✔ finalizaciones_abono_e2_aplicado_check: index_valid (0.184466ms)
  ✔ finalizaciones_abono_e2_evaluacion_check: missing (0.175984ms)
  ✔ finalizaciones_abono_e2_evaluacion_check: table_name (0.226206ms)
  ✔ finalizaciones_abono_e2_evaluacion_check: definition (0.201816ms)
  ✔ finalizaciones_abono_e2_evaluacion_check: convalidated (0.196359ms)
  ✔ finalizaciones_abono_e2_evaluacion_check: condeferrable (0.306867ms)
  ✔ finalizaciones_abono_e2_evaluacion_check: condeferred (0.215848ms)
  ✔ finalizaciones_abono_e2_evaluacion_check: index_valid (0.209202ms)
  ✔ finalizaciones_abono_e2_contrato_revision_check: missing (0.213912ms)
  ✔ finalizaciones_abono_e2_contrato_revision_check: table_name (0.237954ms)
  ✔ finalizaciones_abono_e2_contrato_revision_check: definition (0.205013ms)
  ✔ finalizaciones_abono_e2_contrato_revision_check: convalidated (0.264523ms)
  ✔ finalizaciones_abono_e2_contrato_revision_check: condeferrable (0.276385ms)
  ✔ finalizaciones_abono_e2_contrato_revision_check: condeferred (0.254745ms)
  ✔ finalizaciones_abono_e2_contrato_revision_check: index_valid (0.266792ms)
  ✔ finalizaciones_abono_e2_check: missing (0.245353ms)
  ✔ finalizaciones_abono_e2_check: table_name (0.209103ms)
  ✔ finalizaciones_abono_e2_check: definition (0.207644ms)
  ✔ finalizaciones_abono_e2_check: convalidated (0.206219ms)
  ✔ finalizaciones_abono_e2_check: condeferrable (0.195213ms)
  ✔ finalizaciones_abono_e2_check: condeferred (0.214844ms)
  ✔ finalizaciones_abono_e2_check: index_valid (0.201154ms)
  ✔ finalizaciones_abono_e2_operacion_productor_check: missing (0.191684ms)
  ✔ finalizaciones_abono_e2_operacion_productor_check: table_name (0.247377ms)
  ✔ finalizaciones_abono_e2_operacion_productor_check: definition (0.262665ms)
  ✔ finalizaciones_abono_e2_operacion_productor_check: convalidated (0.224515ms)
  ✔ finalizaciones_abono_e2_operacion_productor_check: condeferrable (0.217606ms)
  ✔ finalizaciones_abono_e2_operacion_productor_check: condeferred (0.233767ms)
  ✔ finalizaciones_abono_e2_operacion_productor_check: index_valid (0.203813ms)
  ✔ evidencia_no_aplicada_e2_pkey: missing (0.234511ms)
  ✔ evidencia_no_aplicada_e2_pkey: table_name (0.317638ms)
  ✔ evidencia_no_aplicada_e2_pkey: definition (0.166997ms)
  ✔ evidencia_no_aplicada_e2_pkey: convalidated (0.233063ms)
  ✔ evidencia_no_aplicada_e2_pkey: condeferrable (0.319981ms)
  ✔ evidencia_no_aplicada_e2_pkey: condeferred (0.247439ms)
  ✔ evidencia_no_aplicada_e2_pkey: index_valid (0.180556ms)
  ✔ evidencia_no_aplicada_e2_abono_id_key: missing (0.153595ms)
  ✔ evidencia_no_aplicada_e2_abono_id_key: table_name (0.23391ms)
  ✔ evidencia_no_aplicada_e2_abono_id_key: definition (0.261836ms)
  ✔ evidencia_no_aplicada_e2_abono_id_key: convalidated (0.225454ms)
  ✔ evidencia_no_aplicada_e2_abono_id_key: condeferrable (0.169028ms)
  ✔ evidencia_no_aplicada_e2_abono_id_key: condeferred (0.199377ms)
  ✔ evidencia_no_aplicada_e2_abono_id_key: index_valid (0.166528ms)
  ✔ evidencia_no_aplicada_e2_cobro_clave_key: missing (0.142088ms)
  ✔ evidencia_no_aplicada_e2_cobro_clave_key: table_name (0.712793ms)
  ✔ evidencia_no_aplicada_e2_cobro_clave_key: definition (0.231642ms)
  ✔ evidencia_no_aplicada_e2_cobro_clave_key: convalidated (0.167155ms)
  ✔ evidencia_no_aplicada_e2_cobro_clave_key: condeferrable (0.15928ms)
  ✔ evidencia_no_aplicada_e2_cobro_clave_key: condeferred (0.3085ms)
  ✔ evidencia_no_aplicada_e2_cobro_clave_key: index_valid (0.173478ms)
  ✔ evidencia_no_aplicada_e2_cobro_productor_cobro_clave_fkey: missing (0.145042ms)
  ✔ evidencia_no_aplicada_e2_cobro_productor_cobro_clave_fkey: table_name (0.154828ms)
  ✔ evidencia_no_aplicada_e2_cobro_productor_cobro_clave_fkey: definition (0.194756ms)
  ✔ evidencia_no_aplicada_e2_cobro_productor_cobro_clave_fkey: convalidated (0.215286ms)
  ✔ evidencia_no_aplicada_e2_cobro_productor_cobro_clave_fkey: condeferrable (0.174426ms)
  ✔ evidencia_no_aplicada_e2_cobro_productor_cobro_clave_fkey: condeferred (0.15965ms)
  ✔ evidencia_no_aplicada_e2_cobro_productor_cobro_clave_fkey: index_valid (0.252058ms)
  ✔ evidencia_no_aplicada_e2_abono_id_fkey: missing (0.152222ms)
  ✔ evidencia_no_aplicada_e2_abono_id_fkey: table_name (0.151661ms)
  ✔ evidencia_no_aplicada_e2_abono_id_fkey: definition (0.153367ms)
  ✔ evidencia_no_aplicada_e2_abono_id_fkey: convalidated (0.151018ms)
  ✔ evidencia_no_aplicada_e2_abono_id_fkey: condeferrable (0.147792ms)
  ✔ evidencia_no_aplicada_e2_abono_id_fkey: condeferred (0.203567ms)
  ✔ evidencia_no_aplicada_e2_abono_id_fkey: index_valid (0.16334ms)
  ✔ evidencia_no_aplicada_e2_cliente_id_fkey: missing (0.139456ms)
  ✔ evidencia_no_aplicada_e2_cliente_id_fkey: table_name (0.152682ms)
  ✔ evidencia_no_aplicada_e2_cliente_id_fkey: definition (0.153319ms)
  ✔ evidencia_no_aplicada_e2_cliente_id_fkey: convalidated (0.255113ms)
  ✔ evidencia_no_aplicada_e2_cliente_id_fkey: condeferrable (0.324919ms)
  ✔ evidencia_no_aplicada_e2_cliente_id_fkey: condeferred (0.182614ms)
  ✔ evidencia_no_aplicada_e2_cliente_id_fkey: index_valid (0.203628ms)
  ✔ evidencia_no_aplicada_e2_importe_check: missing (0.161462ms)
  ✔ evidencia_no_aplicada_e2_importe_check: table_name (0.15779ms)
  ✔ evidencia_no_aplicada_e2_importe_check: definition (0.165597ms)
  ✔ evidencia_no_aplicada_e2_importe_check: convalidated (0.152187ms)
  ✔ evidencia_no_aplicada_e2_importe_check: condeferrable (0.149161ms)
  ✔ evidencia_no_aplicada_e2_importe_check: condeferred (0.169253ms)
  ✔ evidencia_no_aplicada_e2_importe_check: index_valid (0.156106ms)
  ✔ evidencia_no_aplicada_e2_forma_pago_check: missing (0.163309ms)
  ✔ evidencia_no_aplicada_e2_forma_pago_check: table_name (0.163034ms)
  ✔ evidencia_no_aplicada_e2_forma_pago_check: definition (0.3312ms)
  ✔ evidencia_no_aplicada_e2_forma_pago_check: convalidated (0.168498ms)
  ✔ evidencia_no_aplicada_e2_forma_pago_check: condeferrable (0.160363ms)
  ✔ evidencia_no_aplicada_e2_forma_pago_check: condeferred (0.156268ms)
  ✔ evidencia_no_aplicada_e2_forma_pago_check: index_valid (0.152065ms)
  ✔ evidencia_no_aplicada_e2_naturaleza_check: missing (0.230652ms)
  ✔ evidencia_no_aplicada_e2_naturaleza_check: table_name (0.17514ms)
  ✔ evidencia_no_aplicada_e2_naturaleza_check: definition (0.160597ms)
  ✔ evidencia_no_aplicada_e2_naturaleza_check: convalidated (0.158925ms)
  ✔ evidencia_no_aplicada_e2_naturaleza_check: condeferrable (0.237685ms)
  ✔ evidencia_no_aplicada_e2_naturaleza_check: condeferred (0.174796ms)
  ✔ evidencia_no_aplicada_e2_naturaleza_check: index_valid (0.159499ms)
  ✔ evidencia_no_aplicada_e2_check: missing (0.141334ms)
  ✔ evidencia_no_aplicada_e2_check: table_name (0.159514ms)
  ✔ evidencia_no_aplicada_e2_check: definition (0.193611ms)
  ✔ evidencia_no_aplicada_e2_check: convalidated (0.184122ms)
  ✔ evidencia_no_aplicada_e2_check: condeferrable (0.164066ms)
  ✔ evidencia_no_aplicada_e2_check: condeferred (0.222781ms)
  ✔ evidencia_no_aplicada_e2_check: index_valid (0.177577ms)
  ✔ e2_finalization_immutable: missing (0.279645ms)
  ✔ e2_finalization_immutable: prosrc (0.25936ms)
  ✔ e2_finalization_immutable: prokind (0.206412ms)
  ✔ e2_finalization_immutable: provolatile (0.230769ms)
  ✔ e2_finalization_immutable: proparallel (0.195216ms)
  ✔ e2_finalization_immutable: prosecdef (0.219517ms)
  ✔ e2_finalization_immutable: proleakproof (0.331395ms)
  ✔ e2_finalization_immutable: proisstrict (0.27353ms)
  ✔ e2_finalization_immutable: proretset (0.208599ms)
  ✔ e2_finalization_immutable: proacl (0.22529ms)
  ✔ e2_finalization_immutable: proconfig (0.205545ms)
  ✔ e2_finalization_immutable: language_name (0.190851ms)
  ✔ e2_finalization_immutable: owner_name (0.186781ms)
  ✔ e2_finalization_immutable: result_type (0.190365ms)
  ✔ e2_finalization_immutable: identity_arguments (0.205926ms)
  ✔ e2_finalization_immutable: tgenabled (0.22995ms)
  ✔ e2_finalization_immutable: tgtype (0.185055ms)
  ✔ e2_finalization_immutable: table_name (0.180798ms)
  ✔ e2_finalization_immutable: function_name (0.207022ms)
  ✔ e2_finalization_immutable: function_schema (0.279861ms)
  ✔ e2_finalization_immutable: args_length (0.350787ms)
  ✔ e2_finalization_immutable: trigger_attr (0.275012ms)
  ✔ e2_finalization_immutable: has_parent (0.205873ms)
  ✔ e2_finalization_immutable: has_qual (0.192402ms)
  ✔ e2_finalization_immutable: has_constraint (0.24002ms)
  ✔ e2_finalization_immutable: tgdeferrable (0.245609ms)
  ✔ e2_finalization_immutable: tginitdeferred (0.2003ms)
  ✔ e2_validate_abono_finalization: missing (0.175781ms)
  ✔ e2_validate_abono_finalization: prosrc (0.274186ms)
  ✔ e2_validate_abono_finalization: prokind (0.260691ms)
  ✔ e2_validate_abono_finalization: provolatile (0.196134ms)
  ✔ e2_validate_abono_finalization: proparallel (0.269237ms)
  ✔ e2_validate_abono_finalization: prosecdef (0.222297ms)
  ✔ e2_validate_abono_finalization: proleakproof (0.199971ms)
  ✔ e2_validate_abono_finalization: proisstrict (0.187654ms)
  ✔ e2_validate_abono_finalization: proretset (0.23713ms)
  ✔ e2_validate_abono_finalization: proacl (0.201227ms)
  ✔ e2_validate_abono_finalization: proconfig (0.266729ms)
  ✔ e2_validate_abono_finalization: language_name (0.199702ms)
  ✔ e2_validate_abono_finalization: owner_name (0.240421ms)
  ✔ e2_validate_abono_finalization: result_type (0.203792ms)
  ✔ e2_validate_abono_finalization: identity_arguments (0.304822ms)
  ✔ e2_validate_abono_finalization: tgenabled (0.26196ms)
  ✔ e2_validate_abono_finalization: tgtype (0.210136ms)
  ✔ e2_validate_abono_finalization: table_name (0.194767ms)
  ✔ e2_validate_abono_finalization: function_name (0.186687ms)
  ✔ e2_validate_abono_finalization: function_schema (0.222475ms)
  ✔ e2_validate_abono_finalization: args_length (0.215107ms)
  ✔ e2_validate_abono_finalization: trigger_attr (0.193252ms)
  ✔ e2_validate_abono_finalization: has_parent (0.189158ms)
  ✔ e2_validate_abono_finalization: has_qual (0.191573ms)
  ✔ e2_validate_abono_finalization: has_constraint (0.20471ms)
  ✔ e2_validate_abono_finalization: tgdeferrable (0.190962ms)
  ✔ e2_validate_abono_finalization: tginitdeferred (0.184482ms)
  ✔ e2_proof_immutable: missing (0.160461ms)
  ✔ e2_proof_immutable: prosrc (0.236586ms)
  ✔ e2_proof_immutable: prokind (0.267809ms)
  ✔ e2_proof_immutable: provolatile (0.227208ms)
  ✔ e2_proof_immutable: proparallel (0.25086ms)
  ✔ e2_proof_immutable: prosecdef (0.221177ms)
  ✔ e2_proof_immutable: proleakproof (0.255907ms)
  ✔ e2_proof_immutable: proisstrict (0.228015ms)
  ✔ e2_proof_immutable: proretset (0.43277ms)
  ✔ e2_proof_immutable: proacl (0.249555ms)
  ✔ e2_proof_immutable: proconfig (0.205356ms)
  ✔ e2_proof_immutable: language_name (0.214888ms)
  ✔ e2_proof_immutable: owner_name (0.194875ms)
  ✔ e2_proof_immutable: result_type (0.203524ms)
  ✔ e2_proof_immutable: identity_arguments (0.196659ms)
  ✔ e2_proof_immutable: tgenabled (0.21946ms)
  ✔ e2_proof_immutable: tgtype (0.190956ms)
  ✔ e2_proof_immutable: table_name (0.18794ms)
  ✔ e2_proof_immutable: function_name (0.184119ms)
  ✔ e2_proof_immutable: function_schema (0.242969ms)
  ✔ e2_proof_immutable: args_length (0.206742ms)
  ✔ e2_proof_immutable: trigger_attr (0.201555ms)
  ✔ e2_proof_immutable: has_parent (0.18978ms)
  ✔ e2_proof_immutable: has_qual (0.285412ms)
  ✔ e2_proof_immutable: has_constraint (0.20522ms)
  ✔ e2_proof_immutable: tgdeferrable (0.19286ms)
  ✔ e2_proof_immutable: tginitdeferred (0.188848ms)
  ✔ e2_validate_unused_proof: missing (0.211297ms)
  ✔ e2_validate_unused_proof: prosrc (0.214347ms)
  ✔ e2_validate_unused_proof: prokind (0.324834ms)
  ✔ e2_validate_unused_proof: provolatile (0.283939ms)
  ✔ e2_validate_unused_proof: proparallel (0.214912ms)
  ✔ e2_validate_unused_proof: prosecdef (0.302191ms)
  ✔ e2_validate_unused_proof: proleakproof (0.27693ms)
  ✔ e2_validate_unused_proof: proisstrict (0.230999ms)
  ✔ e2_validate_unused_proof: proretset (0.264838ms)
  ✔ e2_validate_unused_proof: proacl (0.304078ms)
  ✔ e2_validate_unused_proof: proconfig (0.294456ms)
  ✔ e2_validate_unused_proof: language_name (0.20903ms)
  ✔ e2_validate_unused_proof: owner_name (0.198982ms)
  ✔ e2_validate_unused_proof: result_type (0.550822ms)
  ✔ e2_validate_unused_proof: identity_arguments (0.225197ms)
  ✔ e2_validate_unused_proof: tgenabled (0.203255ms)
  ✔ e2_validate_unused_proof: tgtype (0.24197ms)
  ✔ e2_validate_unused_proof: table_name (0.209131ms)
  ✔ e2_validate_unused_proof: function_name (0.195491ms)
  ✔ e2_validate_unused_proof: function_schema (0.191913ms)
  ✔ e2_validate_unused_proof: args_length (0.263337ms)
  ✔ e2_validate_unused_proof: trigger_attr (0.38122ms)
  ✔ e2_validate_unused_proof: has_parent (0.226098ms)
  ✔ e2_validate_unused_proof: has_qual (0.271986ms)
  ✔ e2_validate_unused_proof: has_constraint (0.214903ms)
  ✔ e2_validate_unused_proof: tgdeferrable (0.230766ms)
  ✔ e2_validate_unused_proof: tginitdeferred (0.206128ms)
  ✔ e2_abono_finalization_complete: missing (0.220101ms)
  ✔ e2_abono_finalization_complete: prosrc (0.210137ms)
  ✔ e2_abono_finalization_complete: prokind (0.201391ms)
  ✔ e2_abono_finalization_complete: provolatile (0.202654ms)
  ✔ e2_abono_finalization_complete: proparallel (0.24249ms)
  ✔ e2_abono_finalization_complete: prosecdef (0.207006ms)
  ✔ e2_abono_finalization_complete: proleakproof (0.198265ms)
  ✔ e2_abono_finalization_complete: proisstrict (0.198879ms)
  ✔ e2_abono_finalization_complete: proretset (0.243443ms)
  ✔ e2_abono_finalization_complete: proacl (0.205977ms)
  ✔ e2_abono_finalization_complete: proconfig (0.335502ms)
  ✔ e2_abono_finalization_complete: language_name (0.238257ms)
  ✔ e2_abono_finalization_complete: owner_name (0.302698ms)
  ✔ e2_abono_finalization_complete: result_type (0.245142ms)
  ✔ e2_abono_finalization_complete: identity_arguments (0.206482ms)
  ✔ e2_abono_finalization_complete: tgenabled (0.315117ms)
  ✔ e2_abono_finalization_complete: tgtype (0.229414ms)
  ✔ e2_abono_finalization_complete: table_name (0.991859ms)
  ✔ e2_abono_finalization_complete: function_name (0.243145ms)
  ✔ e2_abono_finalization_complete: function_schema (0.260322ms)
  ✔ e2_abono_finalization_complete: args_length (0.21559ms)
  ✔ e2_abono_finalization_complete: trigger_attr (0.199727ms)
  ✔ e2_abono_finalization_complete: has_parent (0.198818ms)
  ✔ e2_abono_finalization_complete: has_qual (0.295053ms)
  ✔ e2_abono_finalization_complete: has_constraint (0.226737ms)
  ✔ e2_abono_finalization_complete: tgdeferrable (0.20164ms)
  ✔ e2_abono_finalization_complete: tginitdeferred (0.192695ms)
  ✔ e2_capture_application_order: missing (0.255056ms)
  ✔ e2_capture_application_order: prosrc (0.218784ms)
  ✔ e2_capture_application_order: prokind (0.22201ms)
  ✔ e2_capture_application_order: provolatile (0.201494ms)
  ✔ e2_capture_application_order: proparallel (0.241366ms)
  ✔ e2_capture_application_order: prosecdef (0.201968ms)
  ✔ e2_capture_application_order: proleakproof (0.197319ms)
  ✔ e2_capture_application_order: proisstrict (0.197072ms)
  ✔ e2_capture_application_order: proretset (0.242274ms)
  ✔ e2_capture_application_order: proacl (0.205983ms)
  ✔ e2_capture_application_order: proconfig (0.198102ms)
  ✔ e2_capture_application_order: language_name (0.198257ms)
  ✔ e2_capture_application_order: owner_name (0.292802ms)
  ✔ e2_capture_application_order: result_type (0.210908ms)
  ✔ e2_capture_application_order: identity_arguments (0.222492ms)
  ✔ e2_capture_application_order: tgenabled (0.229172ms)
  ✔ e2_capture_application_order: tgtype (0.238296ms)
  ✔ e2_capture_application_order: table_name (0.255505ms)
  ✔ e2_capture_application_order: function_name (0.208688ms)
  ✔ e2_capture_application_order: function_schema (0.24917ms)
  ✔ e2_capture_application_order: args_length (0.207273ms)
  ✔ e2_capture_application_order: trigger_attr (0.196478ms)
  ✔ e2_capture_application_order: has_parent (0.202549ms)
  ✔ e2_capture_application_order: has_qual (0.251669ms)
  ✔ e2_capture_application_order: has_constraint (0.270325ms)
  ✔ e2_capture_application_order: tgdeferrable (0.217624ms)
  ✔ e2_capture_application_order: tginitdeferred (0.237145ms)
  ✔ e2_finalize_new_abono: missing (0.315068ms)
  ✔ e2_finalize_new_abono: prosrc (0.25914ms)
  ✔ e2_finalize_new_abono: prokind (0.334519ms)
  ✔ e2_finalize_new_abono: provolatile (0.24804ms)
  ✔ e2_finalize_new_abono: proparallel (0.224304ms)
  ✔ e2_finalize_new_abono: prosecdef (0.307858ms)
  ✔ e2_finalize_new_abono: proleakproof (0.309318ms)
  ✔ e2_finalize_new_abono: proisstrict (0.294704ms)
  ✔ e2_finalize_new_abono: proretset (0.259715ms)
  ✔ e2_finalize_new_abono: proacl (0.239193ms)
  ✔ e2_finalize_new_abono: proconfig (0.399935ms)
  ✔ e2_finalize_new_abono: language_name (0.272321ms)
  ✔ e2_finalize_new_abono: owner_name (0.317871ms)
  ✔ e2_finalize_new_abono: result_type (0.366193ms)
  ✔ e2_finalize_new_abono: identity_arguments (0.280168ms)
  ✔ e2_attest_new_retained: missing (0.241659ms)
  ✔ e2_attest_new_retained: prosrc (0.26656ms)
  ✔ e2_attest_new_retained: prokind (0.294101ms)
  ✔ e2_attest_new_retained: provolatile (0.257389ms)
  ✔ e2_attest_new_retained: proparallel (0.266906ms)
  ✔ e2_attest_new_retained: prosecdef (0.247767ms)
  ✔ e2_attest_new_retained: proleakproof (0.226904ms)
  ✔ e2_attest_new_retained: proisstrict (0.312811ms)
  ✔ e2_attest_new_retained: proretset (0.247642ms)
  ✔ e2_attest_new_retained: proacl (0.290212ms)
  ✔ e2_attest_new_retained: proconfig (0.243509ms)
  ✔ e2_attest_new_retained: language_name (0.333702ms)
  ✔ e2_attest_new_retained: owner_name (0.229897ms)
  ✔ e2_attest_new_retained: result_type (0.219781ms)
  ✔ e2_attest_new_retained: identity_arguments (0.312603ms)
✔ A+C mock preflight independently rejects each catalog drift (163.839895ms)
ℹ tests 428
ℹ suites 0
ℹ pass 428
ℹ fail 0
ℹ cancelled 0
ℹ skipped 0
ℹ todo 0
ℹ duration_ms 617.083993
