✖ mounted ordinary producer: UNUSED/PARTIAL/FULL and FIFO persistence ordering (144.150123ms)
✔ mounted directed approval finalizes FULL only after its application (44.57933ms)
✔ actual core rejects directed result/amount mismatches before persistence (0.74434ms)
✔ positive proof is mandatory in the real refund service (90.558192ms)
✔ real refund service accepts both origins and rejects absent/used ABONO finalization (71.33748ms)
✔ R4 application-order guard exists in prepared SQL (LEXICAL ONLY, not SQL semantics) (0.470378ms)
▶ A+C mock preflight independently rejects each catalog drift
  ✔ finalizaciones_abono_e2.abono_id: missing (0.452038ms)
  ✔ finalizaciones_abono_e2.abono_id: data_type (0.388839ms)
  ✔ finalizaciones_abono_e2.abono_id: is_nullable (0.468665ms)
  ✔ finalizaciones_abono_e2.abono_id: column_default (0.316007ms)
  ✔ finalizaciones_abono_e2.operacion_productor: missing (0.210002ms)
  ✔ finalizaciones_abono_e2.operacion_productor: data_type (0.239749ms)
  ✔ finalizaciones_abono_e2.operacion_productor: is_nullable (0.229352ms)
  ✔ finalizaciones_abono_e2.operacion_productor: column_default (0.203383ms)
  ✔ finalizaciones_abono_e2.operacion_clave: missing (0.17028ms)
  ✔ finalizaciones_abono_e2.operacion_clave: data_type (0.455259ms)
  ✔ finalizaciones_abono_e2.operacion_clave: is_nullable (0.19266ms)
  ✔ finalizaciones_abono_e2.operacion_clave: column_default (0.211739ms)
  ✔ finalizaciones_abono_e2.cliente_id: missing (0.224946ms)
  ✔ finalizaciones_abono_e2.cliente_id: data_type (0.207737ms)
  ✔ finalizaciones_abono_e2.cliente_id: is_nullable (0.22535ms)
  ✔ finalizaciones_abono_e2.cliente_id: column_default (0.273842ms)
  ✔ finalizaciones_abono_e2.importe: missing (0.190017ms)
  ✔ finalizaciones_abono_e2.importe: data_type (0.190688ms)
  ✔ finalizaciones_abono_e2.importe: is_nullable (0.188453ms)
  ✔ finalizaciones_abono_e2.importe: column_default (0.219806ms)
  ✔ finalizaciones_abono_e2.importe: numeric_precision (0.189594ms)
  ✔ finalizaciones_abono_e2.importe: numeric_scale (0.289922ms)
  ✔ finalizaciones_abono_e2.resultado: missing (0.234385ms)
  ✔ finalizaciones_abono_e2.resultado: data_type (0.2983ms)
  ✔ finalizaciones_abono_e2.resultado: is_nullable (0.294682ms)
  ✔ finalizaciones_abono_e2.resultado: column_default (0.266998ms)
  ✔ finalizaciones_abono_e2.aplicado: missing (0.290654ms)
  ✔ finalizaciones_abono_e2.aplicado: data_type (0.198027ms)
  ✔ finalizaciones_abono_e2.aplicado: is_nullable (0.271793ms)
  ✔ finalizaciones_abono_e2.aplicado: column_default (0.289823ms)
  ✔ finalizaciones_abono_e2.aplicado: numeric_precision (0.431305ms)
  ✔ finalizaciones_abono_e2.aplicado: numeric_scale (0.333587ms)
  ✔ finalizaciones_abono_e2.evaluacion: missing (0.207265ms)
  ✔ finalizaciones_abono_e2.evaluacion: data_type (0.273002ms)
  ✔ finalizaciones_abono_e2.evaluacion: is_nullable (0.294551ms)
  ✔ finalizaciones_abono_e2.evaluacion: column_default (0.26473ms)
  ✔ finalizaciones_abono_e2.contrato_revision: missing (0.266906ms)
  ✔ finalizaciones_abono_e2.contrato_revision: data_type (0.179261ms)
  ✔ finalizaciones_abono_e2.contrato_revision: is_nullable (0.295766ms)
  ✔ finalizaciones_abono_e2.contrato_revision: column_default (0.192706ms)
  ✔ finalizaciones_abono_e2.created_at: missing (0.171111ms)
  ✔ finalizaciones_abono_e2.created_at: data_type (0.179271ms)
  ✔ finalizaciones_abono_e2.created_at: is_nullable (0.261719ms)
  ✔ finalizaciones_abono_e2.created_at: column_default (0.232559ms)
  ✔ evidencia_no_aplicada_e2.fuente: missing (0.269671ms)
  ✔ evidencia_no_aplicada_e2.fuente: data_type (0.178204ms)
  ✔ evidencia_no_aplicada_e2.fuente: is_nullable (0.286373ms)
  ✔ evidencia_no_aplicada_e2.fuente: column_default (0.231841ms)
  ✔ evidencia_no_aplicada_e2.abono_id: missing (0.186445ms)
  ✔ evidencia_no_aplicada_e2.abono_id: data_type (0.278714ms)
  ✔ evidencia_no_aplicada_e2.abono_id: is_nullable (0.185054ms)
  ✔ evidencia_no_aplicada_e2.abono_id: column_default (0.171849ms)
  ✔ evidencia_no_aplicada_e2.cobro_productor: missing (0.166947ms)
  ✔ evidencia_no_aplicada_e2.cobro_productor: data_type (0.301293ms)
  ✔ evidencia_no_aplicada_e2.cobro_productor: is_nullable (0.224116ms)
  ✔ evidencia_no_aplicada_e2.cobro_productor: column_default (0.237326ms)
  ✔ evidencia_no_aplicada_e2.cobro_clave: missing (0.214615ms)
  ✔ evidencia_no_aplicada_e2.cobro_clave: data_type (0.189588ms)
  ✔ evidencia_no_aplicada_e2.cobro_clave: is_nullable (0.171959ms)
  ✔ evidencia_no_aplicada_e2.cobro_clave: column_default (0.16401ms)
  ✔ evidencia_no_aplicada_e2.cliente_id: missing (0.162236ms)
  ✔ evidencia_no_aplicada_e2.cliente_id: data_type (0.394608ms)
  ✔ evidencia_no_aplicada_e2.cliente_id: is_nullable (0.208318ms)
  ✔ evidencia_no_aplicada_e2.cliente_id: column_default (0.184743ms)
  ✔ evidencia_no_aplicada_e2.importe: missing (0.24226ms)
  ✔ evidencia_no_aplicada_e2.importe: data_type (0.17777ms)
  ✔ evidencia_no_aplicada_e2.importe: is_nullable (0.173023ms)
  ✔ evidencia_no_aplicada_e2.importe: column_default (0.165006ms)
  ✔ evidencia_no_aplicada_e2.importe: numeric_precision (0.210404ms)
  ✔ evidencia_no_aplicada_e2.importe: numeric_scale (0.169228ms)
  ✔ evidencia_no_aplicada_e2.forma_pago: missing (0.250102ms)
  ✔ evidencia_no_aplicada_e2.forma_pago: data_type (0.194193ms)
  ✔ evidencia_no_aplicada_e2.forma_pago: is_nullable (0.217852ms)
  ✔ evidencia_no_aplicada_e2.forma_pago: column_default (0.176663ms)
  ✔ evidencia_no_aplicada_e2.naturaleza: missing (0.211043ms)
  ✔ evidencia_no_aplicada_e2.naturaleza: data_type (0.17789ms)
  ✔ evidencia_no_aplicada_e2.naturaleza: is_nullable (0.21997ms)
  ✔ evidencia_no_aplicada_e2.naturaleza: column_default (0.225278ms)
  ✔ evidencia_no_aplicada_e2.created_at: missing (0.173476ms)
  ✔ evidencia_no_aplicada_e2.created_at: data_type (0.252672ms)
  ✔ evidencia_no_aplicada_e2.created_at: is_nullable (0.282764ms)
  ✔ evidencia_no_aplicada_e2.created_at: column_default (0.223036ms)
  ✔ finalizaciones_abono_e2_pkey: missing (0.582302ms)
  ✔ finalizaciones_abono_e2_pkey: table_name (0.417604ms)
  ✔ finalizaciones_abono_e2_pkey: definition (0.441384ms)
  ✔ finalizaciones_abono_e2_pkey: convalidated (0.246656ms)
  ✔ finalizaciones_abono_e2_pkey: condeferrable (0.193259ms)
  ✔ finalizaciones_abono_e2_pkey: condeferred (0.218291ms)
  ✔ finalizaciones_abono_e2_pkey: index_valid (0.199261ms)
  ✔ finalizaciones_abono_e2_abono_id_fkey: missing (0.184325ms)
  ✔ finalizaciones_abono_e2_abono_id_fkey: table_name (0.180805ms)
  ✔ finalizaciones_abono_e2_abono_id_fkey: definition (0.262846ms)
  ✔ finalizaciones_abono_e2_abono_id_fkey: convalidated (0.226505ms)
  ✔ finalizaciones_abono_e2_abono_id_fkey: condeferrable (0.227947ms)
  ✔ finalizaciones_abono_e2_abono_id_fkey: condeferred (0.215706ms)
  ✔ finalizaciones_abono_e2_abono_id_fkey: index_valid (0.206701ms)
  ✔ finalizaciones_abono_e2_cliente_id_fkey: missing (0.246795ms)
  ✔ finalizaciones_abono_e2_cliente_id_fkey: table_name (0.281239ms)
  ✔ finalizaciones_abono_e2_cliente_id_fkey: definition (0.197277ms)
  ✔ finalizaciones_abono_e2_cliente_id_fkey: convalidated (0.174204ms)
  ✔ finalizaciones_abono_e2_cliente_id_fkey: condeferrable (0.177905ms)
  ✔ finalizaciones_abono_e2_cliente_id_fkey: condeferred (0.188923ms)
  ✔ finalizaciones_abono_e2_cliente_id_fkey: index_valid (0.208924ms)
  ✔ finalizaciones_abono_e2_operacion_productor_operacion_clave_key: missing (0.174121ms)
  ✔ finalizaciones_abono_e2_operacion_productor_operacion_clave_key: table_name (0.257531ms)
  ✔ finalizaciones_abono_e2_operacion_productor_operacion_clave_key: definition (0.290104ms)
  ✔ finalizaciones_abono_e2_operacion_productor_operacion_clave_key: convalidated (0.246471ms)
  ✔ finalizaciones_abono_e2_operacion_productor_operacion_clave_key: condeferrable (0.310564ms)
  ✔ finalizaciones_abono_e2_operacion_productor_operacion_clave_key: condeferred (0.277442ms)
  ✔ finalizaciones_abono_e2_operacion_productor_operacion_clave_key: index_valid (0.196823ms)
  ✔ finalizaciones_abono_e2_importe_check: missing (0.228022ms)
  ✔ finalizaciones_abono_e2_importe_check: table_name (0.187883ms)
  ✔ finalizaciones_abono_e2_importe_check: definition (0.2157ms)
  ✔ finalizaciones_abono_e2_importe_check: convalidated (0.191101ms)
  ✔ finalizaciones_abono_e2_importe_check: condeferrable (0.176121ms)
  ✔ finalizaciones_abono_e2_importe_check: condeferred (0.212777ms)
  ✔ finalizaciones_abono_e2_importe_check: index_valid (0.213541ms)
  ✔ finalizaciones_abono_e2_resultado_check: missing (0.189616ms)
  ✔ finalizaciones_abono_e2_resultado_check: table_name (0.24509ms)
  ✔ finalizaciones_abono_e2_resultado_check: definition (0.191727ms)
  ✔ finalizaciones_abono_e2_resultado_check: convalidated (0.274593ms)
  ✔ finalizaciones_abono_e2_resultado_check: condeferrable (0.218166ms)
  ✔ finalizaciones_abono_e2_resultado_check: condeferred (0.244324ms)
  ✔ finalizaciones_abono_e2_resultado_check: index_valid (0.187153ms)
  ✔ finalizaciones_abono_e2_aplicado_check: missing (0.217788ms)
  ✔ finalizaciones_abono_e2_aplicado_check: table_name (0.188763ms)
  ✔ finalizaciones_abono_e2_aplicado_check: definition (0.184409ms)
  ✔ finalizaciones_abono_e2_aplicado_check: convalidated (0.185386ms)
  ✔ finalizaciones_abono_e2_aplicado_check: condeferrable (0.213842ms)
  ✔ finalizaciones_abono_e2_aplicado_check: condeferred (0.193551ms)
  ✔ finalizaciones_abono_e2_aplicado_check: index_valid (0.179654ms)
  ✔ finalizaciones_abono_e2_evaluacion_check: missing (0.210232ms)
  ✔ finalizaciones_abono_e2_evaluacion_check: table_name (0.218198ms)
  ✔ finalizaciones_abono_e2_evaluacion_check: definition (0.193012ms)
  ✔ finalizaciones_abono_e2_evaluacion_check: convalidated (0.181235ms)
  ✔ finalizaciones_abono_e2_evaluacion_check: condeferrable (0.186123ms)
  ✔ finalizaciones_abono_e2_evaluacion_check: condeferred (0.18001ms)
  ✔ finalizaciones_abono_e2_evaluacion_check: index_valid (0.28961ms)
  ✔ finalizaciones_abono_e2_contrato_revision_check: missing (0.183431ms)
  ✔ finalizaciones_abono_e2_contrato_revision_check: table_name (0.187637ms)
  ✔ finalizaciones_abono_e2_contrato_revision_check: definition (0.186736ms)
  ✔ finalizaciones_abono_e2_contrato_revision_check: convalidated (0.279163ms)
  ✔ finalizaciones_abono_e2_contrato_revision_check: condeferrable (0.237174ms)
  ✔ finalizaciones_abono_e2_contrato_revision_check: condeferred (0.240679ms)
  ✔ finalizaciones_abono_e2_contrato_revision_check: index_valid (0.289047ms)
  ✔ finalizaciones_abono_e2_check: missing (0.195238ms)
  ✔ finalizaciones_abono_e2_check: table_name (0.207393ms)
  ✔ finalizaciones_abono_e2_check: definition (0.230172ms)
  ✔ finalizaciones_abono_e2_check: convalidated (0.216661ms)
  ✔ finalizaciones_abono_e2_check: condeferrable (0.238984ms)
  ✔ finalizaciones_abono_e2_check: condeferred (0.18959ms)
  ✔ finalizaciones_abono_e2_check: index_valid (0.191001ms)
  ✔ finalizaciones_abono_e2_operacion_productor_check: missing (0.212768ms)
  ✔ finalizaciones_abono_e2_operacion_productor_check: table_name (0.200465ms)
  ✔ finalizaciones_abono_e2_operacion_productor_check: definition (0.22791ms)
  ✔ finalizaciones_abono_e2_operacion_productor_check: convalidated (0.252497ms)
  ✔ finalizaciones_abono_e2_operacion_productor_check: condeferrable (0.198049ms)
  ✔ finalizaciones_abono_e2_operacion_productor_check: condeferred (0.194785ms)
  ✔ finalizaciones_abono_e2_operacion_productor_check: index_valid (0.251834ms)
  ✔ evidencia_no_aplicada_e2_pkey: missing (0.213657ms)
  ✔ evidencia_no_aplicada_e2_pkey: table_name (0.250202ms)
  ✔ evidencia_no_aplicada_e2_pkey: definition (0.337976ms)
  ✔ evidencia_no_aplicada_e2_pkey: convalidated (0.317303ms)
  ✔ evidencia_no_aplicada_e2_pkey: condeferrable (0.35476ms)
  ✔ evidencia_no_aplicada_e2_pkey: condeferred (0.412639ms)
  ✔ evidencia_no_aplicada_e2_pkey: index_valid (0.248975ms)
  ✔ evidencia_no_aplicada_e2_abono_id_key: missing (0.189535ms)
  ✔ evidencia_no_aplicada_e2_abono_id_key: table_name (0.238726ms)
  ✔ evidencia_no_aplicada_e2_abono_id_key: definition (0.529797ms)
  ✔ evidencia_no_aplicada_e2_abono_id_key: convalidated (0.265812ms)
  ✔ evidencia_no_aplicada_e2_abono_id_key: condeferrable (0.276176ms)
  ✔ evidencia_no_aplicada_e2_abono_id_key: condeferred (0.267402ms)
  ✔ evidencia_no_aplicada_e2_abono_id_key: index_valid (0.213625ms)
  ✔ evidencia_no_aplicada_e2_cobro_clave_key: missing (0.177378ms)
  ✔ evidencia_no_aplicada_e2_cobro_clave_key: table_name (0.304436ms)
  ✔ evidencia_no_aplicada_e2_cobro_clave_key: definition (0.908803ms)
  ✔ evidencia_no_aplicada_e2_cobro_clave_key: convalidated (0.256942ms)
  ✔ evidencia_no_aplicada_e2_cobro_clave_key: condeferrable (0.20238ms)
  ✔ evidencia_no_aplicada_e2_cobro_clave_key: condeferred (0.236856ms)
  ✔ evidencia_no_aplicada_e2_cobro_clave_key: index_valid (0.250539ms)
  ✔ evidencia_no_aplicada_e2_cobro_productor_cobro_clave_fkey: missing (0.186449ms)
  ✔ evidencia_no_aplicada_e2_cobro_productor_cobro_clave_fkey: table_name (0.190712ms)
  ✔ evidencia_no_aplicada_e2_cobro_productor_cobro_clave_fkey: definition (0.230061ms)
  ✔ evidencia_no_aplicada_e2_cobro_productor_cobro_clave_fkey: convalidated (0.34038ms)
  ✔ evidencia_no_aplicada_e2_cobro_productor_cobro_clave_fkey: condeferrable (0.244619ms)
  ✔ evidencia_no_aplicada_e2_cobro_productor_cobro_clave_fkey: condeferred (0.238516ms)
  ✔ evidencia_no_aplicada_e2_cobro_productor_cobro_clave_fkey: index_valid (0.271348ms)
  ✔ evidencia_no_aplicada_e2_abono_id_fkey: missing (0.180678ms)
  ✔ evidencia_no_aplicada_e2_abono_id_fkey: table_name (0.225785ms)
  ✔ evidencia_no_aplicada_e2_abono_id_fkey: definition (0.251901ms)
  ✔ evidencia_no_aplicada_e2_abono_id_fkey: convalidated (0.20667ms)
  ✔ evidencia_no_aplicada_e2_abono_id_fkey: condeferrable (0.188801ms)
  ✔ evidencia_no_aplicada_e2_abono_id_fkey: condeferred (0.489975ms)
  ✔ evidencia_no_aplicada_e2_abono_id_fkey: index_valid (0.225252ms)
  ✔ evidencia_no_aplicada_e2_cliente_id_fkey: missing (0.276824ms)
  ✔ evidencia_no_aplicada_e2_cliente_id_fkey: table_name (0.2583ms)
  ✔ evidencia_no_aplicada_e2_cliente_id_fkey: definition (0.220305ms)
  ✔ evidencia_no_aplicada_e2_cliente_id_fkey: convalidated (0.204108ms)
  ✔ evidencia_no_aplicada_e2_cliente_id_fkey: condeferrable (0.38505ms)
  ✔ evidencia_no_aplicada_e2_cliente_id_fkey: condeferred (0.222742ms)
  ✔ evidencia_no_aplicada_e2_cliente_id_fkey: index_valid (0.221653ms)
  ✔ evidencia_no_aplicada_e2_importe_check: missing (0.250031ms)
  ✔ evidencia_no_aplicada_e2_importe_check: table_name (0.210908ms)
  ✔ evidencia_no_aplicada_e2_importe_check: definition (0.200031ms)
  ✔ evidencia_no_aplicada_e2_importe_check: convalidated (0.19437ms)
  ✔ evidencia_no_aplicada_e2_importe_check: condeferrable (0.330926ms)
  ✔ evidencia_no_aplicada_e2_importe_check: condeferred (0.211795ms)
  ✔ evidencia_no_aplicada_e2_importe_check: index_valid (4.945759ms)
  ✔ evidencia_no_aplicada_e2_forma_pago_check: missing (0.267733ms)
  ✔ evidencia_no_aplicada_e2_forma_pago_check: table_name (0.23704ms)
  ✔ evidencia_no_aplicada_e2_forma_pago_check: definition (0.196129ms)
  ✔ evidencia_no_aplicada_e2_forma_pago_check: convalidated (0.176671ms)
  ✔ evidencia_no_aplicada_e2_forma_pago_check: condeferrable (0.162671ms)
  ✔ evidencia_no_aplicada_e2_forma_pago_check: condeferred (0.25172ms)
  ✔ evidencia_no_aplicada_e2_forma_pago_check: index_valid (0.178315ms)
  ✔ evidencia_no_aplicada_e2_naturaleza_check: missing (0.148918ms)
  ✔ evidencia_no_aplicada_e2_naturaleza_check: table_name (0.155183ms)
  ✔ evidencia_no_aplicada_e2_naturaleza_check: definition (0.155827ms)
  ✔ evidencia_no_aplicada_e2_naturaleza_check: convalidated (0.197391ms)
  ✔ evidencia_no_aplicada_e2_naturaleza_check: condeferrable (0.160731ms)
  ✔ evidencia_no_aplicada_e2_naturaleza_check: condeferred (0.155653ms)
  ✔ evidencia_no_aplicada_e2_naturaleza_check: index_valid (0.155156ms)
  ✔ evidencia_no_aplicada_e2_check: missing (0.187142ms)
  ✔ evidencia_no_aplicada_e2_check: table_name (0.233058ms)
  ✔ evidencia_no_aplicada_e2_check: definition (0.170758ms)
  ✔ evidencia_no_aplicada_e2_check: convalidated (0.159794ms)
  ✔ evidencia_no_aplicada_e2_check: condeferrable (0.154022ms)
  ✔ evidencia_no_aplicada_e2_check: condeferred (0.250661ms)
  ✔ evidencia_no_aplicada_e2_check: index_valid (0.180621ms)
  ✔ e2_finalization_immutable: missing (0.278906ms)
  ✔ e2_finalization_immutable: prosrc (0.374153ms)
  ✔ e2_finalization_immutable: prokind (0.262933ms)
  ✔ e2_finalization_immutable: provolatile (0.201736ms)
  ✔ e2_finalization_immutable: proparallel (0.188791ms)
  ✔ e2_finalization_immutable: prosecdef (0.244611ms)
  ✔ e2_finalization_immutable: proleakproof (0.294441ms)
  ✔ e2_finalization_immutable: proisstrict (0.217629ms)
  ✔ e2_finalization_immutable: proretset (0.285435ms)
  ✔ e2_finalization_immutable: proacl (0.201459ms)
  ✔ e2_finalization_immutable: proconfig (0.191361ms)
  ✔ e2_finalization_immutable: language_name (0.190944ms)
  ✔ e2_finalization_immutable: owner_name (0.224362ms)
  ✔ e2_finalization_immutable: result_type (0.258308ms)
  ✔ e2_finalization_immutable: identity_arguments (0.189044ms)
  ✔ e2_finalization_immutable: tgenabled (0.23522ms)
  ✔ e2_finalization_immutable: tgtype (0.262828ms)
  ✔ e2_finalization_immutable: table_name (0.194841ms)
  ✔ e2_finalization_immutable: function_name (0.188334ms)
  ✔ e2_finalization_immutable: function_schema (0.246564ms)
  ✔ e2_finalization_immutable: args_length (0.39316ms)
  ✔ e2_finalization_immutable: trigger_attr (0.296691ms)
  ✔ e2_finalization_immutable: has_parent (0.232588ms)
  ✔ e2_finalization_immutable: has_qual (0.196243ms)
  ✔ e2_finalization_immutable: has_constraint (0.181567ms)
  ✔ e2_finalization_immutable: tgdeferrable (0.248551ms)
  ✔ e2_finalization_immutable: tginitdeferred (0.28436ms)
  ✔ e2_validate_abono_finalization: missing (0.183615ms)
  ✔ e2_validate_abono_finalization: prosrc (0.269549ms)
  ✔ e2_validate_abono_finalization: prokind (0.206655ms)
  ✔ e2_validate_abono_finalization: provolatile (0.300541ms)
  ✔ e2_validate_abono_finalization: proparallel (0.214351ms)
  ✔ e2_validate_abono_finalization: prosecdef (0.19894ms)
  ✔ e2_validate_abono_finalization: proleakproof (0.20816ms)
  ✔ e2_validate_abono_finalization: proisstrict (0.253889ms)
  ✔ e2_validate_abono_finalization: proretset (0.209139ms)
  ✔ e2_validate_abono_finalization: proacl (0.196134ms)
  ✔ e2_validate_abono_finalization: proconfig (0.234036ms)
  ✔ e2_validate_abono_finalization: language_name (0.202189ms)
  ✔ e2_validate_abono_finalization: owner_name (0.190381ms)
  ✔ e2_validate_abono_finalization: result_type (0.187285ms)
  ✔ e2_validate_abono_finalization: identity_arguments (0.306599ms)
  ✔ e2_validate_abono_finalization: tgenabled (0.221707ms)
  ✔ e2_validate_abono_finalization: tgtype (0.200027ms)
  ✔ e2_validate_abono_finalization: table_name (0.190117ms)
  ✔ e2_validate_abono_finalization: function_name (0.280833ms)
  ✔ e2_validate_abono_finalization: function_schema (0.204586ms)
  ✔ e2_validate_abono_finalization: args_length (0.189258ms)
  ✔ e2_validate_abono_finalization: trigger_attr (0.195039ms)
  ✔ e2_validate_abono_finalization: has_parent (0.236462ms)
  ✔ e2_validate_abono_finalization: has_qual (0.205408ms)
  ✔ e2_validate_abono_finalization: has_constraint (0.198171ms)
  ✔ e2_validate_abono_finalization: tgdeferrable (0.185652ms)
  ✔ e2_validate_abono_finalization: tginitdeferred (0.225682ms)
  ✔ e2_proof_immutable: missing (0.177866ms)
  ✔ e2_proof_immutable: prosrc (0.197371ms)
  ✔ e2_proof_immutable: prokind (0.193946ms)
  ✔ e2_proof_immutable: provolatile (0.192033ms)
  ✔ e2_proof_immutable: proparallel (0.204752ms)
  ✔ e2_proof_immutable: prosecdef (0.189804ms)
  ✔ e2_proof_immutable: proleakproof (0.296194ms)
  ✔ e2_proof_immutable: proisstrict (0.333117ms)
  ✔ e2_proof_immutable: proretset (0.313177ms)
  ✔ e2_proof_immutable: proacl (0.265363ms)
  ✔ e2_proof_immutable: proconfig (0.235872ms)
  ✔ e2_proof_immutable: language_name (0.214401ms)
  ✔ e2_proof_immutable: owner_name (0.193984ms)
  ✔ e2_proof_immutable: result_type (0.195273ms)
  ✔ e2_proof_immutable: identity_arguments (0.22648ms)
  ✔ e2_proof_immutable: tgenabled (0.231904ms)
  ✔ e2_proof_immutable: tgtype (0.274522ms)
  ✔ e2_proof_immutable: table_name (0.2357ms)
  ✔ e2_proof_immutable: function_name (0.35185ms)
  ✔ e2_proof_immutable: function_schema (0.236023ms)
  ✔ e2_proof_immutable: args_length (0.230165ms)
  ✔ e2_proof_immutable: trigger_attr (0.34657ms)
  ✔ e2_proof_immutable: has_parent (0.24884ms)
  ✔ e2_proof_immutable: has_qual (0.231632ms)
  ✔ e2_proof_immutable: has_constraint (0.266034ms)
  ✔ e2_proof_immutable: tgdeferrable (0.242735ms)
  ✔ e2_proof_immutable: tginitdeferred (0.234345ms)
  ✔ e2_validate_unused_proof: missing (0.648958ms)
  ✔ e2_validate_unused_proof: prosrc (0.356259ms)
  ✔ e2_validate_unused_proof: prokind (0.38325ms)
  ✔ e2_validate_unused_proof: provolatile (0.392301ms)
  ✔ e2_validate_unused_proof: proparallel (0.274966ms)
  ✔ e2_validate_unused_proof: prosecdef (0.373236ms)
  ✔ e2_validate_unused_proof: proleakproof (0.477743ms)
  ✔ e2_validate_unused_proof: proisstrict (0.261938ms)
  ✔ e2_validate_unused_proof: proretset (0.349625ms)
  ✔ e2_validate_unused_proof: proacl (0.362284ms)
  ✔ e2_validate_unused_proof: proconfig (0.265768ms)
  ✔ e2_validate_unused_proof: language_name (0.292256ms)
  ✔ e2_validate_unused_proof: owner_name (0.249572ms)
  ✔ e2_validate_unused_proof: result_type (0.281767ms)
  ✔ e2_validate_unused_proof: identity_arguments (0.375067ms)
  ✔ e2_validate_unused_proof: tgenabled (0.263271ms)
  ✔ e2_validate_unused_proof: tgtype (0.302124ms)
  ✔ e2_validate_unused_proof: table_name (0.328553ms)
  ✔ e2_validate_unused_proof: function_name (0.259288ms)
  ✔ e2_validate_unused_proof: function_schema (0.240587ms)
  ✔ e2_validate_unused_proof: args_length (0.286327ms)
  ✔ e2_validate_unused_proof: trigger_attr (0.355295ms)
  ✔ e2_validate_unused_proof: has_parent (0.325069ms)
  ✔ e2_validate_unused_proof: has_qual (0.267186ms)
  ✔ e2_validate_unused_proof: has_constraint (0.24163ms)
  ✔ e2_validate_unused_proof: tgdeferrable (0.261503ms)
  ✔ e2_validate_unused_proof: tginitdeferred (0.345096ms)
  ✔ e2_abono_finalization_complete: missing (0.260113ms)
  ✔ e2_abono_finalization_complete: prosrc (0.247561ms)
  ✔ e2_abono_finalization_complete: prokind (0.351698ms)
  ✔ e2_abono_finalization_complete: provolatile (0.264468ms)
  ✔ e2_abono_finalization_complete: proparallel (0.250096ms)
  ✔ e2_abono_finalization_complete: prosecdef (0.295678ms)
  ✔ e2_abono_finalization_complete: proleakproof (0.295011ms)
  ✔ e2_abono_finalization_complete: proisstrict (0.244117ms)
  ✔ e2_abono_finalization_complete: proretset (0.333135ms)
  ✔ e2_abono_finalization_complete: proacl (0.248333ms)
  ✔ e2_abono_finalization_complete: proconfig (0.237814ms)
  ✔ e2_abono_finalization_complete: language_name (0.335776ms)
  ✔ e2_abono_finalization_complete: owner_name (0.260031ms)
  ✔ e2_abono_finalization_complete: result_type (0.283788ms)
  ✔ e2_abono_finalization_complete: identity_arguments (0.293172ms)
  ✔ e2_abono_finalization_complete: tgenabled (0.245597ms)
  ✔ e2_abono_finalization_complete: tgtype (0.244845ms)
  ✔ e2_abono_finalization_complete: table_name (0.275178ms)
  ✔ e2_abono_finalization_complete: function_name (0.249901ms)
  ✔ e2_abono_finalization_complete: function_schema (1.33098ms)
  ✔ e2_abono_finalization_complete: args_length (0.380891ms)
  ✔ e2_abono_finalization_complete: trigger_attr (0.315552ms)
  ✔ e2_abono_finalization_complete: has_parent (0.275883ms)
  ✔ e2_abono_finalization_complete: has_qual (0.343397ms)
  ✔ e2_abono_finalization_complete: has_constraint (0.348693ms)
  ✔ e2_abono_finalization_complete: tgdeferrable (0.335657ms)
  ✔ e2_abono_finalization_complete: tginitdeferred (0.273176ms)
  ✔ e2_capture_application_order: missing (0.207699ms)
  ✔ e2_capture_application_order: prosrc (0.252526ms)
  ✔ e2_capture_application_order: prokind (0.271812ms)
  ✔ e2_capture_application_order: provolatile (0.25152ms)
  ✔ e2_capture_application_order: proparallel (0.244162ms)
  ✔ e2_capture_application_order: prosecdef (0.336123ms)
  ✔ e2_capture_application_order: proleakproof (0.263224ms)
  ✔ e2_capture_application_order: proisstrict (0.253143ms)
  ✔ e2_capture_application_order: proretset (0.288899ms)
  ✔ e2_capture_application_order: proacl (0.254691ms)
  ✔ e2_capture_application_order: proconfig (0.251445ms)
  ✔ e2_capture_application_order: language_name (0.274042ms)
  ✔ e2_capture_application_order: owner_name (0.324072ms)
  ✔ e2_capture_application_order: result_type (0.274141ms)
  ✔ e2_capture_application_order: identity_arguments (0.286614ms)
  ✔ e2_capture_application_order: tgenabled (0.267113ms)
  ✔ e2_capture_application_order: tgtype (0.287084ms)
  ✔ e2_capture_application_order: table_name (0.36166ms)
  ✔ e2_capture_application_order: function_name (0.483248ms)
  ✔ e2_capture_application_order: function_schema (0.300196ms)
  ✔ e2_capture_application_order: args_length (0.260951ms)
  ✔ e2_capture_application_order: trigger_attr (0.24496ms)
  ✔ e2_capture_application_order: has_parent (0.236987ms)
  ✔ e2_capture_application_order: has_qual (0.28713ms)
  ✔ e2_capture_application_order: has_constraint (0.306417ms)
  ✔ e2_capture_application_order: tgdeferrable (0.2517ms)
  ✔ e2_capture_application_order: tginitdeferred (0.293958ms)
  ✔ e2_finalize_new_abono: missing (0.361463ms)
  ✔ e2_finalize_new_abono: prosrc (0.381272ms)
  ✔ e2_finalize_new_abono: prokind (0.299633ms)
  ✔ e2_finalize_new_abono: provolatile (0.276426ms)
  ✔ e2_finalize_new_abono: proparallel (0.316188ms)
  ✔ e2_finalize_new_abono: prosecdef (0.344983ms)
  ✔ e2_finalize_new_abono: proleakproof (0.37907ms)
  ✔ e2_finalize_new_abono: proisstrict (0.402094ms)
  ✔ e2_finalize_new_abono: proretset (0.278703ms)
  ✔ e2_finalize_new_abono: proacl (0.311934ms)
  ✔ e2_finalize_new_abono: proconfig (0.407042ms)
  ✔ e2_finalize_new_abono: language_name (0.408951ms)
  ✔ e2_finalize_new_abono: owner_name (0.400452ms)
  ✔ e2_finalize_new_abono: result_type (0.417149ms)
  ✔ e2_finalize_new_abono: identity_arguments (0.365506ms)
  ✔ e2_attest_new_retained: missing (0.296267ms)
  ✔ e2_attest_new_retained: prosrc (0.324638ms)
  ✔ e2_attest_new_retained: prokind (0.320969ms)
  ✔ e2_attest_new_retained: provolatile (0.337122ms)
  ✔ e2_attest_new_retained: proparallel (0.319008ms)
  ✔ e2_attest_new_retained: prosecdef (0.273836ms)
  ✔ e2_attest_new_retained: proleakproof (0.263792ms)
  ✔ e2_attest_new_retained: proisstrict (0.422981ms)
  ✔ e2_attest_new_retained: proretset (0.329184ms)
  ✔ e2_attest_new_retained: proacl (0.318197ms)
  ✔ e2_attest_new_retained: proconfig (0.286062ms)
  ✔ e2_attest_new_retained: language_name (0.276194ms)
  ✔ e2_attest_new_retained: owner_name (0.309636ms)
  ✔ e2_attest_new_retained: result_type (0.284393ms)
  ✔ e2_attest_new_retained: identity_arguments (0.341059ms)
✔ A+C mock preflight independently rejects each catalog drift (166.750088ms)
ℹ tests 428
ℹ suites 0
ℹ pass 427
ℹ fail 1
ℹ cancelled 0
ℹ skipped 0
ℹ todo 0
ℹ duration_ms 538.194227

✖ failing tests:

test at reports/e2-apertura-limitada/evidencia-a-c/negative-offline.test.mjs:90:1
✖ mounted ordinary producer: UNUSED/PARTIAL/FULL and FIFO persistence ordering (144.150123ms)
  AssertionError [ERR_ASSERTION]: ordinary producer must finalize exactly once
  
  0 !== 1
  
      at ordinary (file:///home/runner/workspace/reports/e2-apertura-limitada/evidencia-a-c/negative-offline.test.mjs:81:10)
      at async TestContext.<anonymous> (file:///home/runner/workspace/reports/e2-apertura-limitada/evidencia-a-c/negative-offline.test.mjs:91:43)
      at async Test.run (node:internal/test_runner/test:1113:7)
      at async startSubtestAfterBootstrap (node:internal/test_runner/harness:358:3) {
    generatedMessage: false,
    code: 'ERR_ASSERTION',
    actual: 0,
    expected: 1,
    operator: 'strictEqual',
    diff: 'simple'
  }
