✔ mounted ordinary producer: UNUSED/PARTIAL/FULL and FIFO persistence ordering (332.552627ms)
✔ mounted directed approval finalizes FULL only after its application (32.28593ms)
✔ actual core rejects directed result/amount mismatches before persistence (0.632634ms)
✔ positive proof is mandatory in the real refund service (96.429316ms)
✔ real refund service accepts both origins and rejects absent/used ABONO finalization (77.766918ms)
✔ R4 application-order guard exists in prepared SQL (LEXICAL ONLY, not SQL semantics) (0.470792ms)
▶ A+C mock preflight independently rejects each catalog drift
  ✔ finalizaciones_abono_e2.abono_id: missing (0.810012ms)
  ✔ finalizaciones_abono_e2.abono_id: data_type (0.425229ms)
  ✔ finalizaciones_abono_e2.abono_id: is_nullable (0.454578ms)
  ✔ finalizaciones_abono_e2.abono_id: column_default (0.524128ms)
  ✔ finalizaciones_abono_e2.operacion_productor: missing (0.255537ms)
  ✔ finalizaciones_abono_e2.operacion_productor: data_type (0.214636ms)
  ✔ finalizaciones_abono_e2.operacion_productor: is_nullable (0.211583ms)
  ✔ finalizaciones_abono_e2.operacion_productor: column_default (0.25003ms)
  ✔ finalizaciones_abono_e2.operacion_clave: missing (0.382395ms)
  ✔ finalizaciones_abono_e2.operacion_clave: data_type (0.207288ms)
  ✔ finalizaciones_abono_e2.operacion_clave: is_nullable (0.240837ms)
  ✔ finalizaciones_abono_e2.operacion_clave: column_default (0.242148ms)
  ✔ finalizaciones_abono_e2.cliente_id: missing (0.2628ms)
  ✔ finalizaciones_abono_e2.cliente_id: data_type (0.346576ms)
  ✔ finalizaciones_abono_e2.cliente_id: is_nullable (0.269955ms)
  ✔ finalizaciones_abono_e2.cliente_id: column_default (0.239373ms)
  ✔ finalizaciones_abono_e2.importe: missing (0.251228ms)
  ✔ finalizaciones_abono_e2.importe: data_type (0.236803ms)
  ✔ finalizaciones_abono_e2.importe: is_nullable (0.236911ms)
  ✔ finalizaciones_abono_e2.importe: column_default (0.192734ms)
  ✔ finalizaciones_abono_e2.importe: numeric_precision (0.204258ms)
  ✔ finalizaciones_abono_e2.importe: numeric_scale (0.297586ms)
  ✔ finalizaciones_abono_e2.resultado: missing (0.244475ms)
  ✔ finalizaciones_abono_e2.resultado: data_type (0.257256ms)
  ✔ finalizaciones_abono_e2.resultado: is_nullable (0.305924ms)
  ✔ finalizaciones_abono_e2.resultado: column_default (0.266594ms)
  ✔ finalizaciones_abono_e2.aplicado: missing (0.316699ms)
  ✔ finalizaciones_abono_e2.aplicado: data_type (0.201269ms)
  ✔ finalizaciones_abono_e2.aplicado: is_nullable (0.286627ms)
  ✔ finalizaciones_abono_e2.aplicado: column_default (0.326719ms)
  ✔ finalizaciones_abono_e2.aplicado: numeric_precision (0.212537ms)
  ✔ finalizaciones_abono_e2.aplicado: numeric_scale (0.180764ms)
  ✔ finalizaciones_abono_e2.evaluacion: missing (0.321576ms)
  ✔ finalizaciones_abono_e2.evaluacion: data_type (0.255911ms)
  ✔ finalizaciones_abono_e2.evaluacion: is_nullable (0.185863ms)
  ✔ finalizaciones_abono_e2.evaluacion: column_default (0.171202ms)
  ✔ finalizaciones_abono_e2.contrato_revision: missing (0.1647ms)
  ✔ finalizaciones_abono_e2.contrato_revision: data_type (0.1917ms)
  ✔ finalizaciones_abono_e2.contrato_revision: is_nullable (0.226855ms)
  ✔ finalizaciones_abono_e2.contrato_revision: column_default (0.158869ms)
  ✔ finalizaciones_abono_e2.created_at: missing (0.170526ms)
  ✔ finalizaciones_abono_e2.created_at: data_type (0.248046ms)
  ✔ finalizaciones_abono_e2.created_at: is_nullable (0.175629ms)
  ✔ finalizaciones_abono_e2.created_at: column_default (0.168034ms)
  ✔ evidencia_no_aplicada_e2.fuente: missing (0.229308ms)
  ✔ evidencia_no_aplicada_e2.fuente: data_type (0.195791ms)
  ✔ evidencia_no_aplicada_e2.fuente: is_nullable (0.170568ms)
  ✔ evidencia_no_aplicada_e2.fuente: column_default (0.164889ms)
  ✔ evidencia_no_aplicada_e2.abono_id: missing (0.163287ms)
  ✔ evidencia_no_aplicada_e2.abono_id: data_type (0.199372ms)
  ✔ evidencia_no_aplicada_e2.abono_id: is_nullable (0.181155ms)
  ✔ evidencia_no_aplicada_e2.abono_id: column_default (0.168176ms)
  ✔ evidencia_no_aplicada_e2.cobro_productor: missing (0.212453ms)
  ✔ evidencia_no_aplicada_e2.cobro_productor: data_type (0.18182ms)
  ✔ evidencia_no_aplicada_e2.cobro_productor: is_nullable (0.224414ms)
  ✔ evidencia_no_aplicada_e2.cobro_productor: column_default (0.174542ms)
  ✔ evidencia_no_aplicada_e2.cobro_clave: missing (0.165696ms)
  ✔ evidencia_no_aplicada_e2.cobro_clave: data_type (0.162605ms)
  ✔ evidencia_no_aplicada_e2.cobro_clave: is_nullable (0.247378ms)
  ✔ evidencia_no_aplicada_e2.cobro_clave: column_default (0.173035ms)
  ✔ evidencia_no_aplicada_e2.cliente_id: missing (0.194219ms)
  ✔ evidencia_no_aplicada_e2.cliente_id: data_type (0.489105ms)
  ✔ evidencia_no_aplicada_e2.cliente_id: is_nullable (0.235236ms)
  ✔ evidencia_no_aplicada_e2.cliente_id: column_default (0.180782ms)
  ✔ evidencia_no_aplicada_e2.importe: missing (0.206623ms)
  ✔ evidencia_no_aplicada_e2.importe: data_type (0.183911ms)
  ✔ evidencia_no_aplicada_e2.importe: is_nullable (0.169228ms)
  ✔ evidencia_no_aplicada_e2.importe: column_default (0.161848ms)
  ✔ evidencia_no_aplicada_e2.importe: numeric_precision (0.164328ms)
  ✔ evidencia_no_aplicada_e2.importe: numeric_scale (0.20728ms)
  ✔ evidencia_no_aplicada_e2.forma_pago: missing (0.269845ms)
  ✔ evidencia_no_aplicada_e2.forma_pago: data_type (0.190353ms)
  ✔ evidencia_no_aplicada_e2.forma_pago: is_nullable (0.17136ms)
  ✔ evidencia_no_aplicada_e2.forma_pago: column_default (0.24816ms)
  ✔ evidencia_no_aplicada_e2.naturaleza: missing (0.182174ms)
  ✔ evidencia_no_aplicada_e2.naturaleza: data_type (0.167978ms)
  ✔ evidencia_no_aplicada_e2.naturaleza: is_nullable (0.203894ms)
  ✔ evidencia_no_aplicada_e2.naturaleza: column_default (0.267865ms)
  ✔ evidencia_no_aplicada_e2.created_at: missing (0.178129ms)
  ✔ evidencia_no_aplicada_e2.created_at: data_type (0.247195ms)
  ✔ evidencia_no_aplicada_e2.created_at: is_nullable (0.169461ms)
  ✔ evidencia_no_aplicada_e2.created_at: column_default (0.506989ms)
  ✔ finalizaciones_abono_e2_pkey: missing (0.269371ms)
  ✔ finalizaciones_abono_e2_pkey: table_name (0.37824ms)
  ✔ finalizaciones_abono_e2_pkey: definition (0.340089ms)
  ✔ finalizaciones_abono_e2_pkey: convalidated (0.285403ms)
  ✔ finalizaciones_abono_e2_pkey: condeferrable (0.21905ms)
  ✔ finalizaciones_abono_e2_pkey: condeferred (0.185142ms)
  ✔ finalizaciones_abono_e2_pkey: index_valid (0.293567ms)
  ✔ finalizaciones_abono_e2_abono_id_fkey: missing (0.230769ms)
  ✔ finalizaciones_abono_e2_abono_id_fkey: table_name (0.183585ms)
  ✔ finalizaciones_abono_e2_abono_id_fkey: definition (0.263713ms)
  ✔ finalizaciones_abono_e2_abono_id_fkey: convalidated (0.203259ms)
  ✔ finalizaciones_abono_e2_abono_id_fkey: condeferrable (0.197247ms)
  ✔ finalizaciones_abono_e2_abono_id_fkey: condeferred (0.183321ms)
  ✔ finalizaciones_abono_e2_abono_id_fkey: index_valid (0.177027ms)
  ✔ finalizaciones_abono_e2_cliente_id_fkey: missing (0.309005ms)
  ✔ finalizaciones_abono_e2_cliente_id_fkey: table_name (0.238833ms)
  ✔ finalizaciones_abono_e2_cliente_id_fkey: definition (0.310864ms)
  ✔ finalizaciones_abono_e2_cliente_id_fkey: convalidated (0.284894ms)
  ✔ finalizaciones_abono_e2_cliente_id_fkey: condeferrable (0.198334ms)
  ✔ finalizaciones_abono_e2_cliente_id_fkey: condeferred (0.181029ms)
  ✔ finalizaciones_abono_e2_cliente_id_fkey: index_valid (0.17493ms)
  ✔ finalizaciones_abono_e2_operacion_productor_operacion_clave_key: missing (0.224067ms)
  ✔ finalizaciones_abono_e2_operacion_productor_operacion_clave_key: table_name (0.275618ms)
  ✔ finalizaciones_abono_e2_operacion_productor_operacion_clave_key: definition (0.203287ms)
  ✔ finalizaciones_abono_e2_operacion_productor_operacion_clave_key: convalidated (0.19642ms)
  ✔ finalizaciones_abono_e2_operacion_productor_operacion_clave_key: condeferrable (0.228116ms)
  ✔ finalizaciones_abono_e2_operacion_productor_operacion_clave_key: condeferred (0.177936ms)
  ✔ finalizaciones_abono_e2_operacion_productor_operacion_clave_key: index_valid (0.175474ms)
  ✔ finalizaciones_abono_e2_importe_check: missing (0.167481ms)
  ✔ finalizaciones_abono_e2_importe_check: table_name (0.209664ms)
  ✔ finalizaciones_abono_e2_importe_check: definition (0.194315ms)
  ✔ finalizaciones_abono_e2_importe_check: convalidated (0.179014ms)
  ✔ finalizaciones_abono_e2_importe_check: condeferrable (0.181146ms)
  ✔ finalizaciones_abono_e2_importe_check: condeferred (0.239199ms)
  ✔ finalizaciones_abono_e2_importe_check: index_valid (0.56353ms)
  ✔ finalizaciones_abono_e2_resultado_check: missing (0.259782ms)
  ✔ finalizaciones_abono_e2_resultado_check: table_name (0.261085ms)
  ✔ finalizaciones_abono_e2_resultado_check: definition (0.205999ms)
  ✔ finalizaciones_abono_e2_resultado_check: convalidated (0.290858ms)
  ✔ finalizaciones_abono_e2_resultado_check: condeferrable (0.240738ms)
  ✔ finalizaciones_abono_e2_resultado_check: condeferred (0.188021ms)
  ✔ finalizaciones_abono_e2_resultado_check: index_valid (0.23524ms)
  ✔ finalizaciones_abono_e2_aplicado_check: missing (0.191663ms)
  ✔ finalizaciones_abono_e2_aplicado_check: table_name (0.19951ms)
  ✔ finalizaciones_abono_e2_aplicado_check: definition (0.185441ms)
  ✔ finalizaciones_abono_e2_aplicado_check: convalidated (0.220566ms)
  ✔ finalizaciones_abono_e2_aplicado_check: condeferrable (0.195168ms)
  ✔ finalizaciones_abono_e2_aplicado_check: condeferred (0.183282ms)
  ✔ finalizaciones_abono_e2_aplicado_check: index_valid (0.181393ms)
  ✔ finalizaciones_abono_e2_evaluacion_check: missing (0.17397ms)
  ✔ finalizaciones_abono_e2_evaluacion_check: table_name (2.353422ms)
  ✔ finalizaciones_abono_e2_evaluacion_check: definition (0.209227ms)
  ✔ finalizaciones_abono_e2_evaluacion_check: convalidated (0.186984ms)
  ✔ finalizaciones_abono_e2_evaluacion_check: condeferrable (0.225716ms)
  ✔ finalizaciones_abono_e2_evaluacion_check: condeferred (0.207445ms)
  ✔ finalizaciones_abono_e2_evaluacion_check: index_valid (0.19814ms)
  ✔ finalizaciones_abono_e2_contrato_revision_check: missing (0.175628ms)
  ✔ finalizaciones_abono_e2_contrato_revision_check: table_name (0.228587ms)
  ✔ finalizaciones_abono_e2_contrato_revision_check: definition (0.209376ms)
  ✔ finalizaciones_abono_e2_contrato_revision_check: convalidated (0.260198ms)
  ✔ finalizaciones_abono_e2_contrato_revision_check: condeferrable (0.252725ms)
  ✔ finalizaciones_abono_e2_contrato_revision_check: condeferred (0.33315ms)
  ✔ finalizaciones_abono_e2_contrato_revision_check: index_valid (0.332467ms)
  ✔ finalizaciones_abono_e2_check: missing (0.221582ms)
  ✔ finalizaciones_abono_e2_check: table_name (0.198168ms)
  ✔ finalizaciones_abono_e2_check: definition (0.19561ms)
  ✔ finalizaciones_abono_e2_check: convalidated (0.229059ms)
  ✔ finalizaciones_abono_e2_check: condeferrable (0.20643ms)
  ✔ finalizaciones_abono_e2_check: condeferred (0.192409ms)
  ✔ finalizaciones_abono_e2_check: index_valid (0.188176ms)
  ✔ finalizaciones_abono_e2_operacion_productor_check: missing (0.17489ms)
  ✔ finalizaciones_abono_e2_operacion_productor_check: table_name (0.21411ms)
  ✔ finalizaciones_abono_e2_operacion_productor_check: definition (0.401839ms)
  ✔ finalizaciones_abono_e2_operacion_productor_check: convalidated (0.224732ms)
  ✔ finalizaciones_abono_e2_operacion_productor_check: condeferrable (0.223269ms)
  ✔ finalizaciones_abono_e2_operacion_productor_check: condeferred (0.198659ms)
  ✔ finalizaciones_abono_e2_operacion_productor_check: index_valid (0.197496ms)
  ✔ evidencia_no_aplicada_e2_pkey: missing (0.258552ms)
  ✔ evidencia_no_aplicada_e2_pkey: table_name (0.30815ms)
  ✔ evidencia_no_aplicada_e2_pkey: definition (0.280495ms)
  ✔ evidencia_no_aplicada_e2_pkey: convalidated (0.349282ms)
  ✔ evidencia_no_aplicada_e2_pkey: condeferrable (0.371963ms)
  ✔ evidencia_no_aplicada_e2_pkey: condeferred (0.288834ms)
  ✔ evidencia_no_aplicada_e2_pkey: index_valid (0.283849ms)
  ✔ evidencia_no_aplicada_e2_abono_id_key: missing (0.182644ms)
  ✔ evidencia_no_aplicada_e2_abono_id_key: table_name (0.269185ms)
  ✔ evidencia_no_aplicada_e2_abono_id_key: definition (0.414063ms)
  ✔ evidencia_no_aplicada_e2_abono_id_key: convalidated (0.242734ms)
  ✔ evidencia_no_aplicada_e2_abono_id_key: condeferrable (0.350836ms)
  ✔ evidencia_no_aplicada_e2_abono_id_key: condeferred (0.242488ms)
  ✔ evidencia_no_aplicada_e2_abono_id_key: index_valid (0.18406ms)
  ✔ evidencia_no_aplicada_e2_cobro_clave_key: missing (0.15825ms)
  ✔ evidencia_no_aplicada_e2_cobro_clave_key: table_name (0.732926ms)
  ✔ evidencia_no_aplicada_e2_cobro_clave_key: definition (0.258543ms)
  ✔ evidencia_no_aplicada_e2_cobro_clave_key: convalidated (0.191892ms)
  ✔ evidencia_no_aplicada_e2_cobro_clave_key: condeferrable (0.206008ms)
  ✔ evidencia_no_aplicada_e2_cobro_clave_key: condeferred (0.164877ms)
  ✔ evidencia_no_aplicada_e2_cobro_clave_key: index_valid (0.187608ms)
  ✔ evidencia_no_aplicada_e2_cobro_productor_cobro_clave_fkey: missing (0.155783ms)
  ✔ evidencia_no_aplicada_e2_cobro_productor_cobro_clave_fkey: table_name (0.162565ms)
  ✔ evidencia_no_aplicada_e2_cobro_productor_cobro_clave_fkey: definition (0.180258ms)
  ✔ evidencia_no_aplicada_e2_cobro_productor_cobro_clave_fkey: convalidated (0.269104ms)
  ✔ evidencia_no_aplicada_e2_cobro_productor_cobro_clave_fkey: condeferrable (0.181015ms)
  ✔ evidencia_no_aplicada_e2_cobro_productor_cobro_clave_fkey: condeferred (0.196954ms)
  ✔ evidencia_no_aplicada_e2_cobro_productor_cobro_clave_fkey: index_valid (0.238404ms)
  ✔ evidencia_no_aplicada_e2_abono_id_fkey: missing (0.153534ms)
  ✔ evidencia_no_aplicada_e2_abono_id_fkey: table_name (0.157531ms)
  ✔ evidencia_no_aplicada_e2_abono_id_fkey: definition (0.15672ms)
  ✔ evidencia_no_aplicada_e2_abono_id_fkey: convalidated (0.238595ms)
  ✔ evidencia_no_aplicada_e2_abono_id_fkey: condeferrable (0.183726ms)
  ✔ evidencia_no_aplicada_e2_abono_id_fkey: condeferred (0.160673ms)
  ✔ evidencia_no_aplicada_e2_abono_id_fkey: index_valid (0.206716ms)
  ✔ evidencia_no_aplicada_e2_cliente_id_fkey: missing (0.19879ms)
  ✔ evidencia_no_aplicada_e2_cliente_id_fkey: table_name (0.17633ms)
  ✔ evidencia_no_aplicada_e2_cliente_id_fkey: definition (0.164993ms)
  ✔ evidencia_no_aplicada_e2_cliente_id_fkey: convalidated (0.161192ms)
  ✔ evidencia_no_aplicada_e2_cliente_id_fkey: condeferrable (0.333607ms)
  ✔ evidencia_no_aplicada_e2_cliente_id_fkey: condeferred (0.21555ms)
  ✔ evidencia_no_aplicada_e2_cliente_id_fkey: index_valid (0.167953ms)
  ✔ evidencia_no_aplicada_e2_importe_check: missing (0.145663ms)
  ✔ evidencia_no_aplicada_e2_importe_check: table_name (0.153847ms)
  ✔ evidencia_no_aplicada_e2_importe_check: definition (0.334227ms)
  ✔ evidencia_no_aplicada_e2_importe_check: convalidated (0.199027ms)
  ✔ evidencia_no_aplicada_e2_importe_check: condeferrable (0.169293ms)
  ✔ evidencia_no_aplicada_e2_importe_check: condeferred (0.15951ms)
  ✔ evidencia_no_aplicada_e2_importe_check: index_valid (0.249194ms)
  ✔ evidencia_no_aplicada_e2_forma_pago_check: missing (0.1786ms)
  ✔ evidencia_no_aplicada_e2_forma_pago_check: table_name (0.174868ms)
  ✔ evidencia_no_aplicada_e2_forma_pago_check: definition (0.161958ms)
  ✔ evidencia_no_aplicada_e2_forma_pago_check: convalidated (0.157889ms)
  ✔ evidencia_no_aplicada_e2_forma_pago_check: condeferrable (0.17779ms)
  ✔ evidencia_no_aplicada_e2_forma_pago_check: condeferred (0.161262ms)
  ✔ evidencia_no_aplicada_e2_forma_pago_check: index_valid (0.154266ms)
  ✔ evidencia_no_aplicada_e2_naturaleza_check: missing (0.138661ms)
  ✔ evidencia_no_aplicada_e2_naturaleza_check: table_name (0.152569ms)
  ✔ evidencia_no_aplicada_e2_naturaleza_check: definition (0.20098ms)
  ✔ evidencia_no_aplicada_e2_naturaleza_check: convalidated (0.17141ms)
  ✔ evidencia_no_aplicada_e2_naturaleza_check: condeferrable (0.160888ms)
  ✔ evidencia_no_aplicada_e2_naturaleza_check: condeferred (0.156556ms)
  ✔ evidencia_no_aplicada_e2_naturaleza_check: index_valid (0.155202ms)
  ✔ evidencia_no_aplicada_e2_check: missing (0.188022ms)
  ✔ evidencia_no_aplicada_e2_check: table_name (0.210684ms)
  ✔ evidencia_no_aplicada_e2_check: definition (0.169905ms)
  ✔ evidencia_no_aplicada_e2_check: convalidated (0.167172ms)
  ✔ evidencia_no_aplicada_e2_check: condeferrable (0.263144ms)
  ✔ evidencia_no_aplicada_e2_check: condeferred (0.258008ms)
  ✔ evidencia_no_aplicada_e2_check: index_valid (0.181657ms)
  ✔ e2_finalization_immutable: missing (0.345462ms)
  ✔ e2_finalization_immutable: prosrc (0.299277ms)
  ✔ e2_finalization_immutable: prokind (0.210802ms)
  ✔ e2_finalization_immutable: provolatile (0.194023ms)
  ✔ e2_finalization_immutable: proparallel (0.308373ms)
  ✔ e2_finalization_immutable: prosecdef (0.216053ms)
  ✔ e2_finalization_immutable: proleakproof (0.2927ms)
  ✔ e2_finalization_immutable: proisstrict (0.398814ms)
  ✔ e2_finalization_immutable: proretset (0.259216ms)
  ✔ e2_finalization_immutable: proacl (0.205555ms)
  ✔ e2_finalization_immutable: proconfig (0.297617ms)
  ✔ e2_finalization_immutable: language_name (0.198528ms)
  ✔ e2_finalization_immutable: owner_name (0.185548ms)
  ✔ e2_finalization_immutable: result_type (0.187747ms)
  ✔ e2_finalization_immutable: identity_arguments (0.237077ms)
  ✔ e2_finalization_immutable: tgenabled (0.258182ms)
  ✔ e2_finalization_immutable: tgtype (0.184349ms)
  ✔ e2_finalization_immutable: table_name (0.181547ms)
  ✔ e2_finalization_immutable: function_name (0.199816ms)
  ✔ e2_finalization_immutable: function_schema (0.275151ms)
  ✔ e2_finalization_immutable: args_length (0.319846ms)
  ✔ e2_finalization_immutable: trigger_attr (0.304661ms)
  ✔ e2_finalization_immutable: has_parent (0.2143ms)
  ✔ e2_finalization_immutable: has_qual (0.308196ms)
  ✔ e2_finalization_immutable: has_constraint (0.291757ms)
  ✔ e2_finalization_immutable: tgdeferrable (0.274651ms)
  ✔ e2_finalization_immutable: tginitdeferred (0.247793ms)
  ✔ e2_validate_abono_finalization: missing (0.180184ms)
  ✔ e2_validate_abono_finalization: prosrc (0.289362ms)
  ✔ e2_validate_abono_finalization: prokind (0.27367ms)
  ✔ e2_validate_abono_finalization: provolatile (0.22025ms)
  ✔ e2_validate_abono_finalization: proparallel (0.193036ms)
  ✔ e2_validate_abono_finalization: prosecdef (0.192198ms)
  ✔ e2_validate_abono_finalization: proleakproof (0.229414ms)
  ✔ e2_validate_abono_finalization: proisstrict (0.208336ms)
  ✔ e2_validate_abono_finalization: proretset (0.262027ms)
  ✔ e2_validate_abono_finalization: proacl (0.214307ms)
  ✔ e2_validate_abono_finalization: proconfig (0.346273ms)
  ✔ e2_validate_abono_finalization: language_name (0.207995ms)
  ✔ e2_validate_abono_finalization: owner_name (0.213329ms)
  ✔ e2_validate_abono_finalization: result_type (0.230054ms)
  ✔ e2_validate_abono_finalization: identity_arguments (0.305914ms)
  ✔ e2_validate_abono_finalization: tgenabled (0.224595ms)
  ✔ e2_validate_abono_finalization: tgtype (0.2337ms)
  ✔ e2_validate_abono_finalization: table_name (0.201902ms)
  ✔ e2_validate_abono_finalization: function_name (0.192049ms)
  ✔ e2_validate_abono_finalization: function_schema (0.193681ms)
  ✔ e2_validate_abono_finalization: args_length (0.18643ms)
  ✔ e2_validate_abono_finalization: trigger_attr (0.222176ms)
  ✔ e2_validate_abono_finalization: has_parent (0.206583ms)
  ✔ e2_validate_abono_finalization: has_qual (0.198836ms)
  ✔ e2_validate_abono_finalization: has_constraint (0.192807ms)
  ✔ e2_validate_abono_finalization: tgdeferrable (0.309937ms)
  ✔ e2_validate_abono_finalization: tginitdeferred (0.198914ms)
  ✔ e2_proof_immutable: missing (0.182441ms)
  ✔ e2_proof_immutable: prosrc (0.238328ms)
  ✔ e2_proof_immutable: prokind (0.211429ms)
  ✔ e2_proof_immutable: provolatile (0.198202ms)
  ✔ e2_proof_immutable: proparallel (0.197169ms)
  ✔ e2_proof_immutable: prosecdef (0.233267ms)
  ✔ e2_proof_immutable: proleakproof (0.26929ms)
  ✔ e2_proof_immutable: proisstrict (0.252444ms)
  ✔ e2_proof_immutable: proretset (0.300381ms)
  ✔ e2_proof_immutable: proacl (0.231843ms)
  ✔ e2_proof_immutable: proconfig (0.226804ms)
  ✔ e2_proof_immutable: language_name (0.203573ms)
  ✔ e2_proof_immutable: owner_name (0.29026ms)
  ✔ e2_proof_immutable: result_type (0.218989ms)
  ✔ e2_proof_immutable: identity_arguments (0.194561ms)
  ✔ e2_proof_immutable: tgenabled (0.198682ms)
  ✔ e2_proof_immutable: tgtype (0.236669ms)
  ✔ e2_proof_immutable: table_name (0.207719ms)
  ✔ e2_proof_immutable: function_name (0.194818ms)
  ✔ e2_proof_immutable: function_schema (0.194428ms)
  ✔ e2_proof_immutable: args_length (0.22293ms)
  ✔ e2_proof_immutable: trigger_attr (0.207948ms)
  ✔ e2_proof_immutable: has_parent (0.192937ms)
  ✔ e2_proof_immutable: has_qual (0.189873ms)
  ✔ e2_proof_immutable: has_constraint (0.231557ms)
  ✔ e2_proof_immutable: tgdeferrable (0.208785ms)
  ✔ e2_proof_immutable: tginitdeferred (0.196664ms)
  ✔ e2_validate_unused_proof: missing (0.165478ms)
  ✔ e2_validate_unused_proof: prosrc (0.194876ms)
  ✔ e2_validate_unused_proof: prokind (0.429199ms)
  ✔ e2_validate_unused_proof: provolatile (0.262613ms)
  ✔ e2_validate_unused_proof: proparallel (0.210765ms)
  ✔ e2_validate_unused_proof: prosecdef (0.340764ms)
  ✔ e2_validate_unused_proof: proleakproof (0.339436ms)
  ✔ e2_validate_unused_proof: proisstrict (0.252047ms)
  ✔ e2_validate_unused_proof: proretset (0.268989ms)
  ✔ e2_validate_unused_proof: proacl (0.317716ms)
  ✔ e2_validate_unused_proof: proconfig (0.298045ms)
  ✔ e2_validate_unused_proof: language_name (0.231393ms)
  ✔ e2_validate_unused_proof: owner_name (0.215833ms)
  ✔ e2_validate_unused_proof: result_type (0.203562ms)
  ✔ e2_validate_unused_proof: identity_arguments (0.274424ms)
  ✔ e2_validate_unused_proof: tgenabled (0.232386ms)
  ✔ e2_validate_unused_proof: tgtype (0.206695ms)
  ✔ e2_validate_unused_proof: table_name (0.205799ms)
  ✔ e2_validate_unused_proof: function_name (0.243952ms)
  ✔ e2_validate_unused_proof: function_schema (0.204596ms)
  ✔ e2_validate_unused_proof: args_length (0.21164ms)
  ✔ e2_validate_unused_proof: trigger_attr (0.382653ms)
  ✔ e2_validate_unused_proof: has_parent (0.246682ms)
  ✔ e2_validate_unused_proof: has_qual (0.209805ms)
  ✔ e2_validate_unused_proof: has_constraint (0.200073ms)
  ✔ e2_validate_unused_proof: tgdeferrable (0.262478ms)
  ✔ e2_validate_unused_proof: tginitdeferred (0.204418ms)
  ✔ e2_abono_finalization_complete: missing (0.170595ms)
  ✔ e2_abono_finalization_complete: prosrc (0.534577ms)
  ✔ e2_abono_finalization_complete: prokind (0.262464ms)
  ✔ e2_abono_finalization_complete: provolatile (0.222192ms)
  ✔ e2_abono_finalization_complete: proparallel (0.264718ms)
  ✔ e2_abono_finalization_complete: prosecdef (0.222068ms)
  ✔ e2_abono_finalization_complete: proleakproof (0.204833ms)
  ✔ e2_abono_finalization_complete: proisstrict (0.20361ms)
  ✔ e2_abono_finalization_complete: proretset (0.248803ms)
  ✔ e2_abono_finalization_complete: proacl (0.21404ms)
  ✔ e2_abono_finalization_complete: proconfig (0.20261ms)
  ✔ e2_abono_finalization_complete: language_name (0.201486ms)
  ✔ e2_abono_finalization_complete: owner_name (0.242194ms)
  ✔ e2_abono_finalization_complete: result_type (0.362387ms)
  ✔ e2_abono_finalization_complete: identity_arguments (0.269062ms)
  ✔ e2_abono_finalization_complete: tgenabled (0.307967ms)
  ✔ e2_abono_finalization_complete: tgtype (0.230573ms)
  ✔ e2_abono_finalization_complete: table_name (1.156513ms)
  ✔ e2_abono_finalization_complete: function_name (0.240024ms)
  ✔ e2_abono_finalization_complete: function_schema (0.274009ms)
  ✔ e2_abono_finalization_complete: args_length (0.223278ms)
  ✔ e2_abono_finalization_complete: trigger_attr (0.206322ms)
  ✔ e2_abono_finalization_complete: has_parent (0.238795ms)
  ✔ e2_abono_finalization_complete: has_qual (0.381752ms)
  ✔ e2_abono_finalization_complete: has_constraint (0.311076ms)
  ✔ e2_abono_finalization_complete: tgdeferrable (0.312387ms)
  ✔ e2_abono_finalization_complete: tginitdeferred (0.227294ms)
  ✔ e2_capture_application_order: missing (0.169955ms)
  ✔ e2_capture_application_order: prosrc (0.22345ms)
  ✔ e2_capture_application_order: prokind (0.257524ms)
  ✔ e2_capture_application_order: provolatile (0.213588ms)
  ✔ e2_capture_application_order: proparallel (0.217523ms)
  ✔ e2_capture_application_order: prosecdef (0.216827ms)
  ✔ e2_capture_application_order: proleakproof (0.222845ms)
  ✔ e2_capture_application_order: proisstrict (0.214977ms)
  ✔ e2_capture_application_order: proretset (0.202982ms)
  ✔ e2_capture_application_order: proacl (0.209644ms)
  ✔ e2_capture_application_order: proconfig (0.220487ms)
  ✔ e2_capture_application_order: language_name (0.205724ms)
  ✔ e2_capture_application_order: owner_name (0.304532ms)
  ✔ e2_capture_application_order: result_type (0.35606ms)
  ✔ e2_capture_application_order: identity_arguments (0.220767ms)
  ✔ e2_capture_application_order: tgenabled (0.206918ms)
  ✔ e2_capture_application_order: tgtype (0.255113ms)
  ✔ e2_capture_application_order: table_name (0.26297ms)
  ✔ e2_capture_application_order: function_name (0.2191ms)
  ✔ e2_capture_application_order: function_schema (0.213155ms)
  ✔ e2_capture_application_order: args_length (0.227439ms)
  ✔ e2_capture_application_order: trigger_attr (0.306759ms)
  ✔ e2_capture_application_order: has_parent (0.241338ms)
  ✔ e2_capture_application_order: has_qual (0.255729ms)
  ✔ e2_capture_application_order: has_constraint (0.264096ms)
  ✔ e2_capture_application_order: tgdeferrable (0.219937ms)
  ✔ e2_capture_application_order: tginitdeferred (0.635806ms)
  ✔ e2_finalize_new_abono: missing (0.367364ms)
  ✔ e2_finalize_new_abono: prosrc (0.277264ms)
  ✔ e2_finalize_new_abono: prokind (0.237916ms)
  ✔ e2_finalize_new_abono: provolatile (0.231367ms)
  ✔ e2_finalize_new_abono: proparallel (0.26861ms)
  ✔ e2_finalize_new_abono: prosecdef (0.301417ms)
  ✔ e2_finalize_new_abono: proleakproof (0.310603ms)
  ✔ e2_finalize_new_abono: proisstrict (0.332471ms)
  ✔ e2_finalize_new_abono: proretset (0.228897ms)
  ✔ e2_finalize_new_abono: proacl (0.568806ms)
  ✔ e2_finalize_new_abono: proconfig (0.4594ms)
  ✔ e2_finalize_new_abono: language_name (0.300213ms)
  ✔ e2_finalize_new_abono: owner_name (0.327397ms)
  ✔ e2_finalize_new_abono: result_type (0.368546ms)
  ✔ e2_finalize_new_abono: identity_arguments (0.387121ms)
  ✔ e2_attest_new_retained: missing (0.255401ms)
  ✔ e2_attest_new_retained: prosrc (0.242924ms)
  ✔ e2_attest_new_retained: prokind (0.354948ms)
  ✔ e2_attest_new_retained: provolatile (0.267008ms)
  ✔ e2_attest_new_retained: proparallel (0.364092ms)
  ✔ e2_attest_new_retained: prosecdef (0.262439ms)
  ✔ e2_attest_new_retained: proleakproof (0.240069ms)
  ✔ e2_attest_new_retained: proisstrict (0.313171ms)
  ✔ e2_attest_new_retained: proretset (0.36134ms)
  ✔ e2_attest_new_retained: proacl (0.268575ms)
  ✔ e2_attest_new_retained: proconfig (0.291386ms)
  ✔ e2_attest_new_retained: language_name (0.232727ms)
  ✔ e2_attest_new_retained: owner_name (0.230453ms)
  ✔ e2_attest_new_retained: result_type (0.266043ms)
  ✔ e2_attest_new_retained: identity_arguments (11.735654ms)
✔ A+C mock preflight independently rejects each catalog drift (187.239177ms)
ℹ tests 428
ℹ suites 0
ℹ pass 428
ℹ fail 0
ℹ cancelled 0
ℹ skipped 0
ℹ todo 0
ℹ duration_ms 738.132207
