✖ mounted ordinary producer: UNUSED/PARTIAL/FULL and FIFO persistence ordering (196.493428ms)
✔ mounted directed approval finalizes FULL only after its application (30.503784ms)
✔ actual core rejects directed result/amount mismatches before persistence (0.716447ms)
✔ positive proof is mandatory in the real refund service (68.268998ms)
✔ real refund service accepts both origins and rejects absent/used ABONO finalization (55.925357ms)
✔ R4 application-order guard exists in prepared SQL (LEXICAL ONLY, not SQL semantics) (0.57237ms)
▶ A+C mock preflight independently rejects each catalog drift
  ✔ finalizaciones_abono_e2.abono_id: missing (0.497413ms)
  ✔ finalizaciones_abono_e2.abono_id: data_type (0.568745ms)
  ✔ finalizaciones_abono_e2.abono_id: is_nullable (0.377791ms)
  ✔ finalizaciones_abono_e2.abono_id: column_default (0.409261ms)
  ✔ finalizaciones_abono_e2.operacion_productor: missing (0.342794ms)
  ✔ finalizaciones_abono_e2.operacion_productor: data_type (0.245419ms)
  ✔ finalizaciones_abono_e2.operacion_productor: is_nullable (0.26568ms)
  ✔ finalizaciones_abono_e2.operacion_productor: column_default (0.258364ms)
  ✔ finalizaciones_abono_e2.operacion_clave: missing (0.352374ms)
  ✔ finalizaciones_abono_e2.operacion_clave: data_type (0.252526ms)
  ✔ finalizaciones_abono_e2.operacion_clave: is_nullable (0.231402ms)
  ✔ finalizaciones_abono_e2.operacion_clave: column_default (0.241088ms)
  ✔ finalizaciones_abono_e2.cliente_id: missing (0.280566ms)
  ✔ finalizaciones_abono_e2.cliente_id: data_type (0.207831ms)
  ✔ finalizaciones_abono_e2.cliente_id: is_nullable (0.27521ms)
  ✔ finalizaciones_abono_e2.cliente_id: column_default (0.248363ms)
  ✔ finalizaciones_abono_e2.importe: missing (0.183797ms)
  ✔ finalizaciones_abono_e2.importe: data_type (0.275887ms)
  ✔ finalizaciones_abono_e2.importe: is_nullable (0.241995ms)
  ✔ finalizaciones_abono_e2.importe: column_default (0.194618ms)
  ✔ finalizaciones_abono_e2.importe: numeric_precision (0.217497ms)
  ✔ finalizaciones_abono_e2.importe: numeric_scale (0.282321ms)
  ✔ finalizaciones_abono_e2.resultado: missing (0.273237ms)
  ✔ finalizaciones_abono_e2.resultado: data_type (0.201247ms)
  ✔ finalizaciones_abono_e2.resultado: is_nullable (0.331819ms)
  ✔ finalizaciones_abono_e2.resultado: column_default (0.298256ms)
  ✔ finalizaciones_abono_e2.aplicado: missing (0.262744ms)
  ✔ finalizaciones_abono_e2.aplicado: data_type (0.206623ms)
  ✔ finalizaciones_abono_e2.aplicado: is_nullable (0.272785ms)
  ✔ finalizaciones_abono_e2.aplicado: column_default (0.25138ms)
  ✔ finalizaciones_abono_e2.aplicado: numeric_precision (0.231087ms)
  ✔ finalizaciones_abono_e2.aplicado: numeric_scale (0.177346ms)
  ✔ finalizaciones_abono_e2.evaluacion: missing (0.170972ms)
  ✔ finalizaciones_abono_e2.evaluacion: data_type (0.473024ms)
  ✔ finalizaciones_abono_e2.evaluacion: is_nullable (0.177715ms)
  ✔ finalizaciones_abono_e2.evaluacion: column_default (0.170034ms)
  ✔ finalizaciones_abono_e2.contrato_revision: missing (0.172069ms)
  ✔ finalizaciones_abono_e2.contrato_revision: data_type (0.209603ms)
  ✔ finalizaciones_abono_e2.contrato_revision: is_nullable (0.182722ms)
  ✔ finalizaciones_abono_e2.contrato_revision: column_default (0.218288ms)
  ✔ finalizaciones_abono_e2.created_at: missing (0.182977ms)
  ✔ finalizaciones_abono_e2.created_at: data_type (0.327554ms)
  ✔ finalizaciones_abono_e2.created_at: is_nullable (0.194568ms)
  ✔ finalizaciones_abono_e2.created_at: column_default (0.173394ms)
  ✔ evidencia_no_aplicada_e2.fuente: missing (0.307795ms)
  ✔ evidencia_no_aplicada_e2.fuente: data_type (0.189566ms)
  ✔ evidencia_no_aplicada_e2.fuente: is_nullable (0.172182ms)
  ✔ evidencia_no_aplicada_e2.fuente: column_default (0.166232ms)
  ✔ evidencia_no_aplicada_e2.abono_id: missing (0.16287ms)
  ✔ evidencia_no_aplicada_e2.abono_id: data_type (0.211392ms)
  ✔ evidencia_no_aplicada_e2.abono_id: is_nullable (0.168715ms)
  ✔ evidencia_no_aplicada_e2.abono_id: column_default (0.165387ms)
  ✔ evidencia_no_aplicada_e2.cobro_productor: missing (0.16422ms)
  ✔ evidencia_no_aplicada_e2.cobro_productor: data_type (0.202128ms)
  ✔ evidencia_no_aplicada_e2.cobro_productor: is_nullable (0.217355ms)
  ✔ evidencia_no_aplicada_e2.cobro_productor: column_default (0.171347ms)
  ✔ evidencia_no_aplicada_e2.cobro_clave: missing (0.16311ms)
  ✔ evidencia_no_aplicada_e2.cobro_clave: data_type (0.164578ms)
  ✔ evidencia_no_aplicada_e2.cobro_clave: is_nullable (0.250785ms)
  ✔ evidencia_no_aplicada_e2.cobro_clave: column_default (0.170896ms)
  ✔ evidencia_no_aplicada_e2.cliente_id: missing (0.191969ms)
  ✔ evidencia_no_aplicada_e2.cliente_id: data_type (0.429278ms)
  ✔ evidencia_no_aplicada_e2.cliente_id: is_nullable (0.219003ms)
  ✔ evidencia_no_aplicada_e2.cliente_id: column_default (0.183043ms)
  ✔ evidencia_no_aplicada_e2.importe: missing (0.277921ms)
  ✔ evidencia_no_aplicada_e2.importe: data_type (0.200416ms)
  ✔ evidencia_no_aplicada_e2.importe: is_nullable (0.171595ms)
  ✔ evidencia_no_aplicada_e2.importe: column_default (0.166438ms)
  ✔ evidencia_no_aplicada_e2.importe: numeric_precision (0.170109ms)
  ✔ evidencia_no_aplicada_e2.importe: numeric_scale (0.220304ms)
  ✔ evidencia_no_aplicada_e2.forma_pago: missing (0.259397ms)
  ✔ evidencia_no_aplicada_e2.forma_pago: data_type (0.188418ms)
  ✔ evidencia_no_aplicada_e2.forma_pago: is_nullable (0.172405ms)
  ✔ evidencia_no_aplicada_e2.forma_pago: column_default (4.815263ms)
  ✔ evidencia_no_aplicada_e2.naturaleza: missing (0.273523ms)
  ✔ evidencia_no_aplicada_e2.naturaleza: data_type (0.18499ms)
  ✔ evidencia_no_aplicada_e2.naturaleza: is_nullable (0.187283ms)
  ✔ evidencia_no_aplicada_e2.naturaleza: column_default (0.219715ms)
  ✔ evidencia_no_aplicada_e2.created_at: missing (0.166751ms)
  ✔ evidencia_no_aplicada_e2.created_at: data_type (0.210489ms)
  ✔ evidencia_no_aplicada_e2.created_at: is_nullable (0.151822ms)
  ✔ evidencia_no_aplicada_e2.created_at: column_default (0.139807ms)
  ✔ finalizaciones_abono_e2_pkey: missing (0.267485ms)
  ✔ finalizaciones_abono_e2_pkey: table_name (0.316228ms)
  ✔ finalizaciones_abono_e2_pkey: definition (0.338905ms)
  ✔ finalizaciones_abono_e2_pkey: convalidated (0.240153ms)
  ✔ finalizaciones_abono_e2_pkey: condeferrable (0.157258ms)
  ✔ finalizaciones_abono_e2_pkey: condeferred (0.147261ms)
  ✔ finalizaciones_abono_e2_pkey: index_valid (0.186004ms)
  ✔ finalizaciones_abono_e2_abono_id_fkey: missing (0.165979ms)
  ✔ finalizaciones_abono_e2_abono_id_fkey: table_name (0.152857ms)
  ✔ finalizaciones_abono_e2_abono_id_fkey: definition (0.200068ms)
  ✔ finalizaciones_abono_e2_abono_id_fkey: convalidated (0.173633ms)
  ✔ finalizaciones_abono_e2_abono_id_fkey: condeferrable (0.195223ms)
  ✔ finalizaciones_abono_e2_abono_id_fkey: condeferred (0.154045ms)
  ✔ finalizaciones_abono_e2_abono_id_fkey: index_valid (0.147382ms)
  ✔ finalizaciones_abono_e2_cliente_id_fkey: missing (0.216916ms)
  ✔ finalizaciones_abono_e2_cliente_id_fkey: table_name (0.269161ms)
  ✔ finalizaciones_abono_e2_cliente_id_fkey: definition (0.170744ms)
  ✔ finalizaciones_abono_e2_cliente_id_fkey: convalidated (0.153356ms)
  ✔ finalizaciones_abono_e2_cliente_id_fkey: condeferrable (0.143934ms)
  ✔ finalizaciones_abono_e2_cliente_id_fkey: condeferred (0.141434ms)
  ✔ finalizaciones_abono_e2_cliente_id_fkey: index_valid (0.236576ms)
  ✔ finalizaciones_abono_e2_operacion_productor_operacion_clave_key: missing (0.179349ms)
  ✔ finalizaciones_abono_e2_operacion_productor_operacion_clave_key: table_name (0.26054ms)
  ✔ finalizaciones_abono_e2_operacion_productor_operacion_clave_key: definition (0.1765ms)
  ✔ finalizaciones_abono_e2_operacion_productor_operacion_clave_key: convalidated (0.19458ms)
  ✔ finalizaciones_abono_e2_operacion_productor_operacion_clave_key: condeferrable (0.154184ms)
  ✔ finalizaciones_abono_e2_operacion_productor_operacion_clave_key: condeferred (0.145801ms)
  ✔ finalizaciones_abono_e2_operacion_productor_operacion_clave_key: index_valid (0.145816ms)
  ✔ finalizaciones_abono_e2_importe_check: missing (0.139209ms)
  ✔ finalizaciones_abono_e2_importe_check: table_name (0.181182ms)
  ✔ finalizaciones_abono_e2_importe_check: definition (0.151932ms)
  ✔ finalizaciones_abono_e2_importe_check: convalidated (0.142232ms)
  ✔ finalizaciones_abono_e2_importe_check: condeferrable (0.141017ms)
  ✔ finalizaciones_abono_e2_importe_check: condeferred (0.144576ms)
  ✔ finalizaciones_abono_e2_importe_check: index_valid (0.142031ms)
  ✔ finalizaciones_abono_e2_resultado_check: missing (0.180291ms)
  ✔ finalizaciones_abono_e2_resultado_check: table_name (0.216132ms)
  ✔ finalizaciones_abono_e2_resultado_check: definition (0.164865ms)
  ✔ finalizaciones_abono_e2_resultado_check: convalidated (0.152753ms)
  ✔ finalizaciones_abono_e2_resultado_check: condeferrable (0.229893ms)
  ✔ finalizaciones_abono_e2_resultado_check: condeferred (0.173402ms)
  ✔ finalizaciones_abono_e2_resultado_check: index_valid (0.155705ms)
  ✔ finalizaciones_abono_e2_aplicado_check: missing (0.142565ms)
  ✔ finalizaciones_abono_e2_aplicado_check: table_name (0.14685ms)
  ✔ finalizaciones_abono_e2_aplicado_check: definition (0.181635ms)
  ✔ finalizaciones_abono_e2_aplicado_check: convalidated (0.166546ms)
  ✔ finalizaciones_abono_e2_aplicado_check: condeferrable (0.150907ms)
  ✔ finalizaciones_abono_e2_aplicado_check: condeferred (0.147671ms)
  ✔ finalizaciones_abono_e2_aplicado_check: index_valid (0.148678ms)
  ✔ finalizaciones_abono_e2_evaluacion_check: missing (0.139286ms)
  ✔ finalizaciones_abono_e2_evaluacion_check: table_name (0.185509ms)
  ✔ finalizaciones_abono_e2_evaluacion_check: definition (0.15166ms)
  ✔ finalizaciones_abono_e2_evaluacion_check: convalidated (0.145551ms)
  ✔ finalizaciones_abono_e2_evaluacion_check: condeferrable (0.146828ms)
  ✔ finalizaciones_abono_e2_evaluacion_check: condeferred (0.150667ms)
  ✔ finalizaciones_abono_e2_evaluacion_check: index_valid (0.181924ms)
  ✔ finalizaciones_abono_e2_contrato_revision_check: missing (0.157016ms)
  ✔ finalizaciones_abono_e2_contrato_revision_check: table_name (0.156059ms)
  ✔ finalizaciones_abono_e2_contrato_revision_check: definition (0.151675ms)
  ✔ finalizaciones_abono_e2_contrato_revision_check: convalidated (0.214456ms)
  ✔ finalizaciones_abono_e2_contrato_revision_check: condeferrable (0.234599ms)
  ✔ finalizaciones_abono_e2_contrato_revision_check: condeferred (0.261846ms)
  ✔ finalizaciones_abono_e2_contrato_revision_check: index_valid (0.221809ms)
  ✔ finalizaciones_abono_e2_check: missing (0.157745ms)
  ✔ finalizaciones_abono_e2_check: table_name (0.178891ms)
  ✔ finalizaciones_abono_e2_check: definition (0.158287ms)
  ✔ finalizaciones_abono_e2_check: convalidated (0.151296ms)
  ✔ finalizaciones_abono_e2_check: condeferrable (0.15217ms)
  ✔ finalizaciones_abono_e2_check: condeferred (0.152237ms)
  ✔ finalizaciones_abono_e2_check: index_valid (0.196205ms)
  ✔ finalizaciones_abono_e2_operacion_productor_check: missing (0.14301ms)
  ✔ finalizaciones_abono_e2_operacion_productor_check: table_name (0.1519ms)
  ✔ finalizaciones_abono_e2_operacion_productor_check: definition (0.194333ms)
  ✔ finalizaciones_abono_e2_operacion_productor_check: convalidated (0.171886ms)
  ✔ finalizaciones_abono_e2_operacion_productor_check: condeferrable (0.241715ms)
  ✔ finalizaciones_abono_e2_operacion_productor_check: condeferred (0.194017ms)
  ✔ finalizaciones_abono_e2_operacion_productor_check: index_valid (0.196318ms)
  ✔ evidencia_no_aplicada_e2_pkey: missing (0.214919ms)
  ✔ evidencia_no_aplicada_e2_pkey: table_name (0.280689ms)
  ✔ evidencia_no_aplicada_e2_pkey: definition (0.356133ms)
  ✔ evidencia_no_aplicada_e2_pkey: convalidated (0.274511ms)
  ✔ evidencia_no_aplicada_e2_pkey: condeferrable (0.325315ms)
  ✔ evidencia_no_aplicada_e2_pkey: condeferred (0.288196ms)
  ✔ evidencia_no_aplicada_e2_pkey: index_valid (0.212167ms)
  ✔ evidencia_no_aplicada_e2_abono_id_key: missing (0.189973ms)
  ✔ evidencia_no_aplicada_e2_abono_id_key: table_name (0.237656ms)
  ✔ evidencia_no_aplicada_e2_abono_id_key: definition (0.330963ms)
  ✔ evidencia_no_aplicada_e2_abono_id_key: convalidated (0.234252ms)
  ✔ evidencia_no_aplicada_e2_abono_id_key: condeferrable (0.19743ms)
  ✔ evidencia_no_aplicada_e2_abono_id_key: condeferred (0.191578ms)
  ✔ evidencia_no_aplicada_e2_abono_id_key: index_valid (0.194375ms)
  ✔ evidencia_no_aplicada_e2_cobro_clave_key: missing (0.246214ms)
  ✔ evidencia_no_aplicada_e2_cobro_clave_key: table_name (0.285306ms)
  ✔ evidencia_no_aplicada_e2_cobro_clave_key: definition (0.723948ms)
  ✔ evidencia_no_aplicada_e2_cobro_clave_key: convalidated (0.198659ms)
  ✔ evidencia_no_aplicada_e2_cobro_clave_key: condeferrable (0.183434ms)
  ✔ evidencia_no_aplicada_e2_cobro_clave_key: condeferred (0.224278ms)
  ✔ evidencia_no_aplicada_e2_cobro_clave_key: index_valid (0.197213ms)
  ✔ evidencia_no_aplicada_e2_cobro_productor_cobro_clave_fkey: missing (0.169194ms)
  ✔ evidencia_no_aplicada_e2_cobro_productor_cobro_clave_fkey: table_name (0.184901ms)
  ✔ evidencia_no_aplicada_e2_cobro_productor_cobro_clave_fkey: definition (0.221634ms)
  ✔ evidencia_no_aplicada_e2_cobro_productor_cobro_clave_fkey: convalidated (0.255027ms)
  ✔ evidencia_no_aplicada_e2_cobro_productor_cobro_clave_fkey: condeferrable (0.234515ms)
  ✔ evidencia_no_aplicada_e2_cobro_productor_cobro_clave_fkey: condeferred (0.231793ms)
  ✔ evidencia_no_aplicada_e2_cobro_productor_cobro_clave_fkey: index_valid (0.516716ms)
  ✔ evidencia_no_aplicada_e2_abono_id_fkey: missing (0.205333ms)
  ✔ evidencia_no_aplicada_e2_abono_id_fkey: table_name (0.235452ms)
  ✔ evidencia_no_aplicada_e2_abono_id_fkey: definition (0.205655ms)
  ✔ evidencia_no_aplicada_e2_abono_id_fkey: convalidated (0.194967ms)
  ✔ evidencia_no_aplicada_e2_abono_id_fkey: condeferrable (0.189638ms)
  ✔ evidencia_no_aplicada_e2_abono_id_fkey: condeferred (0.18856ms)
  ✔ evidencia_no_aplicada_e2_abono_id_fkey: index_valid (0.21117ms)
  ✔ evidencia_no_aplicada_e2_cliente_id_fkey: missing (0.170527ms)
  ✔ evidencia_no_aplicada_e2_cliente_id_fkey: table_name (0.195597ms)
  ✔ evidencia_no_aplicada_e2_cliente_id_fkey: definition (0.188837ms)
  ✔ evidencia_no_aplicada_e2_cliente_id_fkey: convalidated (0.238136ms)
  ✔ evidencia_no_aplicada_e2_cliente_id_fkey: condeferrable (0.416011ms)
  ✔ evidencia_no_aplicada_e2_cliente_id_fkey: condeferred (0.22378ms)
  ✔ evidencia_no_aplicada_e2_cliente_id_fkey: index_valid (0.300255ms)
  ✔ evidencia_no_aplicada_e2_importe_check: missing (0.184597ms)
  ✔ evidencia_no_aplicada_e2_importe_check: table_name (0.194389ms)
  ✔ evidencia_no_aplicada_e2_importe_check: definition (0.19159ms)
  ✔ evidencia_no_aplicada_e2_importe_check: convalidated (0.21434ms)
  ✔ evidencia_no_aplicada_e2_importe_check: condeferrable (0.196989ms)
  ✔ evidencia_no_aplicada_e2_importe_check: condeferred (0.196002ms)
  ✔ evidencia_no_aplicada_e2_importe_check: index_valid (0.189831ms)
  ✔ evidencia_no_aplicada_e2_forma_pago_check: missing (0.218181ms)
  ✔ evidencia_no_aplicada_e2_forma_pago_check: table_name (0.217527ms)
  ✔ evidencia_no_aplicada_e2_forma_pago_check: definition (0.20135ms)
  ✔ evidencia_no_aplicada_e2_forma_pago_check: convalidated (0.200859ms)
  ✔ evidencia_no_aplicada_e2_forma_pago_check: condeferrable (0.211172ms)
  ✔ evidencia_no_aplicada_e2_forma_pago_check: condeferred (0.197087ms)
  ✔ evidencia_no_aplicada_e2_forma_pago_check: index_valid (0.189422ms)
  ✔ evidencia_no_aplicada_e2_naturaleza_check: missing (0.191003ms)
  ✔ evidencia_no_aplicada_e2_naturaleza_check: table_name (0.325473ms)
  ✔ evidencia_no_aplicada_e2_naturaleza_check: definition (0.210765ms)
  ✔ evidencia_no_aplicada_e2_naturaleza_check: convalidated (0.233429ms)
  ✔ evidencia_no_aplicada_e2_naturaleza_check: condeferrable (0.238821ms)
  ✔ evidencia_no_aplicada_e2_naturaleza_check: condeferred (0.206925ms)
  ✔ evidencia_no_aplicada_e2_naturaleza_check: index_valid (0.198992ms)
  ✔ evidencia_no_aplicada_e2_check: missing (0.177866ms)
  ✔ evidencia_no_aplicada_e2_check: table_name (0.229908ms)
  ✔ evidencia_no_aplicada_e2_check: definition (0.214836ms)
  ✔ evidencia_no_aplicada_e2_check: convalidated (0.206394ms)
  ✔ evidencia_no_aplicada_e2_check: condeferrable (0.197352ms)
  ✔ evidencia_no_aplicada_e2_check: condeferred (0.290729ms)
  ✔ evidencia_no_aplicada_e2_check: index_valid (0.796805ms)
  ✔ e2_finalization_immutable: missing (0.344194ms)
  ✔ e2_finalization_immutable: prosrc (0.317271ms)
  ✔ e2_finalization_immutable: prokind (0.278539ms)
  ✔ e2_finalization_immutable: provolatile (0.303348ms)
  ✔ e2_finalization_immutable: proparallel (0.296873ms)
  ✔ e2_finalization_immutable: prosecdef (0.328032ms)
  ✔ e2_finalization_immutable: proleakproof (0.330568ms)
  ✔ e2_finalization_immutable: proisstrict (0.323345ms)
  ✔ e2_finalization_immutable: proretset (0.253485ms)
  ✔ e2_finalization_immutable: proacl (0.252096ms)
  ✔ e2_finalization_immutable: proconfig (0.330787ms)
  ✔ e2_finalization_immutable: language_name (0.253332ms)
  ✔ e2_finalization_immutable: owner_name (0.229901ms)
  ✔ e2_finalization_immutable: result_type (0.225419ms)
  ✔ e2_finalization_immutable: identity_arguments (0.254316ms)
  ✔ e2_finalization_immutable: tgenabled (0.320701ms)
  ✔ e2_finalization_immutable: tgtype (0.246555ms)
  ✔ e2_finalization_immutable: table_name (0.251813ms)
  ✔ e2_finalization_immutable: function_name (0.239678ms)
  ✔ e2_finalization_immutable: function_schema (0.294886ms)
  ✔ e2_finalization_immutable: args_length (0.421746ms)
  ✔ e2_finalization_immutable: trigger_attr (0.351058ms)
  ✔ e2_finalization_immutable: has_parent (0.328797ms)
  ✔ e2_finalization_immutable: has_qual (0.255233ms)
  ✔ e2_finalization_immutable: has_constraint (0.281467ms)
  ✔ e2_finalization_immutable: tgdeferrable (0.309654ms)
  ✔ e2_finalization_immutable: tginitdeferred (0.246282ms)
  ✔ e2_validate_abono_finalization: missing (0.211259ms)
  ✔ e2_validate_abono_finalization: prosrc (0.373119ms)
  ✔ e2_validate_abono_finalization: prokind (0.282685ms)
  ✔ e2_validate_abono_finalization: provolatile (0.285992ms)
  ✔ e2_validate_abono_finalization: proparallel (0.256545ms)
  ✔ e2_validate_abono_finalization: prosecdef (0.237543ms)
  ✔ e2_validate_abono_finalization: proleakproof (0.235827ms)
  ✔ e2_validate_abono_finalization: proisstrict (0.330713ms)
  ✔ e2_validate_abono_finalization: proretset (0.248336ms)
  ✔ e2_validate_abono_finalization: proacl (0.235496ms)
  ✔ e2_validate_abono_finalization: proconfig (0.362278ms)
  ✔ e2_validate_abono_finalization: language_name (0.259931ms)
  ✔ e2_validate_abono_finalization: owner_name (0.23933ms)
  ✔ e2_validate_abono_finalization: result_type (0.292526ms)
  ✔ e2_validate_abono_finalization: identity_arguments (0.337858ms)
  ✔ e2_validate_abono_finalization: tgenabled (0.261743ms)
  ✔ e2_validate_abono_finalization: tgtype (0.285356ms)
  ✔ e2_validate_abono_finalization: table_name (0.23918ms)
  ✔ e2_validate_abono_finalization: function_name (0.23513ms)
  ✔ e2_validate_abono_finalization: function_schema (0.301229ms)
  ✔ e2_validate_abono_finalization: args_length (0.273229ms)
  ✔ e2_validate_abono_finalization: trigger_attr (0.249283ms)
  ✔ e2_validate_abono_finalization: has_parent (0.275487ms)
  ✔ e2_validate_abono_finalization: has_qual (0.261596ms)
  ✔ e2_validate_abono_finalization: has_constraint (0.232325ms)
  ✔ e2_validate_abono_finalization: tgdeferrable (0.296059ms)
  ✔ e2_validate_abono_finalization: tginitdeferred (0.325095ms)
  ✔ e2_proof_immutable: missing (0.231894ms)
  ✔ e2_proof_immutable: prosrc (0.250008ms)
  ✔ e2_proof_immutable: prokind (0.301631ms)
  ✔ e2_proof_immutable: provolatile (0.253416ms)
  ✔ e2_proof_immutable: proparallel (0.241643ms)
  ✔ e2_proof_immutable: prosecdef (0.324944ms)
  ✔ e2_proof_immutable: proleakproof (0.329987ms)
  ✔ e2_proof_immutable: proisstrict (0.310009ms)
  ✔ e2_proof_immutable: proretset (0.395065ms)
  ✔ e2_proof_immutable: proacl (0.300755ms)
  ✔ e2_proof_immutable: proconfig (0.283509ms)
  ✔ e2_proof_immutable: language_name (0.266352ms)
  ✔ e2_proof_immutable: owner_name (0.247646ms)
  ✔ e2_proof_immutable: result_type (0.249439ms)
  ✔ e2_proof_immutable: identity_arguments (0.277686ms)
  ✔ e2_proof_immutable: tgenabled (0.243598ms)
  ✔ e2_proof_immutable: tgtype (0.238995ms)
  ✔ e2_proof_immutable: table_name (0.717175ms)
  ✔ e2_proof_immutable: function_name (0.275692ms)
  ✔ e2_proof_immutable: function_schema (0.293774ms)
  ✔ e2_proof_immutable: args_length (0.240781ms)
  ✔ e2_proof_immutable: trigger_attr (0.235944ms)
  ✔ e2_proof_immutable: has_parent (5.816652ms)
  ✔ e2_proof_immutable: has_qual (0.247762ms)
  ✔ e2_proof_immutable: has_constraint (0.25996ms)
  ✔ e2_proof_immutable: tgdeferrable (0.214199ms)
  ✔ e2_proof_immutable: tginitdeferred (0.204793ms)
  ✔ e2_validate_unused_proof: missing (0.229418ms)
  ✔ e2_validate_unused_proof: prosrc (0.234459ms)
  ✔ e2_validate_unused_proof: prokind (0.316664ms)
  ✔ e2_validate_unused_proof: provolatile (0.289129ms)
  ✔ e2_validate_unused_proof: proparallel (0.218326ms)
  ✔ e2_validate_unused_proof: prosecdef (0.298845ms)
  ✔ e2_validate_unused_proof: proleakproof (0.377955ms)
  ✔ e2_validate_unused_proof: proisstrict (0.246653ms)
  ✔ e2_validate_unused_proof: proretset (0.271185ms)
  ✔ e2_validate_unused_proof: proacl (0.383306ms)
  ✔ e2_validate_unused_proof: proconfig (0.229973ms)
  ✔ e2_validate_unused_proof: language_name (0.224099ms)
  ✔ e2_validate_unused_proof: owner_name (0.20699ms)
  ✔ e2_validate_unused_proof: result_type (0.295393ms)
  ✔ e2_validate_unused_proof: identity_arguments (0.226315ms)
  ✔ e2_validate_unused_proof: tgenabled (0.217942ms)
  ✔ e2_validate_unused_proof: tgtype (0.258522ms)
  ✔ e2_validate_unused_proof: table_name (0.210685ms)
  ✔ e2_validate_unused_proof: function_name (0.195037ms)
  ✔ e2_validate_unused_proof: function_schema (0.196042ms)
  ✔ e2_validate_unused_proof: args_length (0.225567ms)
  ✔ e2_validate_unused_proof: trigger_attr (0.336123ms)
  ✔ e2_validate_unused_proof: has_parent (0.381375ms)
  ✔ e2_validate_unused_proof: has_qual (0.311569ms)
  ✔ e2_validate_unused_proof: has_constraint (0.228048ms)
  ✔ e2_validate_unused_proof: tgdeferrable (0.215927ms)
  ✔ e2_validate_unused_proof: tginitdeferred (0.209829ms)
  ✔ e2_abono_finalization_complete: missing (0.187594ms)
  ✔ e2_abono_finalization_complete: prosrc (0.216899ms)
  ✔ e2_abono_finalization_complete: prokind (0.205079ms)
  ✔ e2_abono_finalization_complete: provolatile (0.196587ms)
  ✔ e2_abono_finalization_complete: proparallel (0.239043ms)
  ✔ e2_abono_finalization_complete: prosecdef (0.210207ms)
  ✔ e2_abono_finalization_complete: proleakproof (0.202442ms)
  ✔ e2_abono_finalization_complete: proisstrict (0.200872ms)
  ✔ e2_abono_finalization_complete: proretset (0.254026ms)
  ✔ e2_abono_finalization_complete: proacl (0.204334ms)
  ✔ e2_abono_finalization_complete: proconfig (0.199691ms)
  ✔ e2_abono_finalization_complete: language_name (0.192213ms)
  ✔ e2_abono_finalization_complete: owner_name (0.299045ms)
  ✔ e2_abono_finalization_complete: result_type (0.233824ms)
  ✔ e2_abono_finalization_complete: identity_arguments (0.216544ms)
  ✔ e2_abono_finalization_complete: tgenabled (0.200254ms)
  ✔ e2_abono_finalization_complete: tgtype (0.222495ms)
  ✔ e2_abono_finalization_complete: table_name (0.199258ms)
  ✔ e2_abono_finalization_complete: function_name (1.079379ms)
  ✔ e2_abono_finalization_complete: function_schema (0.228667ms)
  ✔ e2_abono_finalization_complete: args_length (0.259919ms)
  ✔ e2_abono_finalization_complete: trigger_attr (0.204419ms)
  ✔ e2_abono_finalization_complete: has_parent (0.21051ms)
  ✔ e2_abono_finalization_complete: has_qual (0.350346ms)
  ✔ e2_abono_finalization_complete: has_constraint (0.240605ms)
  ✔ e2_abono_finalization_complete: tgdeferrable (0.211596ms)
  ✔ e2_abono_finalization_complete: tginitdeferred (0.199602ms)
  ✔ e2_capture_application_order: missing (0.205212ms)
  ✔ e2_capture_application_order: prosrc (0.220616ms)
  ✔ e2_capture_application_order: prokind (0.204608ms)
  ✔ e2_capture_application_order: provolatile (0.205233ms)
  ✔ e2_capture_application_order: proparallel (0.242741ms)
  ✔ e2_capture_application_order: prosecdef (0.214881ms)
  ✔ e2_capture_application_order: proleakproof (0.207442ms)
  ✔ e2_capture_application_order: proisstrict (0.199648ms)
  ✔ e2_capture_application_order: proretset (0.235751ms)
  ✔ e2_capture_application_order: proacl (0.208349ms)
  ✔ e2_capture_application_order: proconfig (0.198983ms)
  ✔ e2_capture_application_order: language_name (0.19731ms)
  ✔ e2_capture_application_order: owner_name (0.431519ms)
  ✔ e2_capture_application_order: result_type (0.243026ms)
  ✔ e2_capture_application_order: identity_arguments (0.207859ms)
  ✔ e2_capture_application_order: tgenabled (0.248838ms)
  ✔ e2_capture_application_order: tgtype (0.210392ms)
  ✔ e2_capture_application_order: table_name (0.276521ms)
  ✔ e2_capture_application_order: function_name (0.25271ms)
  ✔ e2_capture_application_order: function_schema (0.21501ms)
  ✔ e2_capture_application_order: args_length (0.205662ms)
  ✔ e2_capture_application_order: trigger_attr (0.199232ms)
  ✔ e2_capture_application_order: has_parent (0.239643ms)
  ✔ e2_capture_application_order: has_qual (0.210562ms)
  ✔ e2_capture_application_order: has_constraint (0.248213ms)
  ✔ e2_capture_application_order: tgdeferrable (0.207728ms)
  ✔ e2_capture_application_order: tginitdeferred (0.3218ms)
  ✔ e2_finalize_new_abono: missing (0.354767ms)
  ✔ e2_finalize_new_abono: prosrc (0.30261ms)
  ✔ e2_finalize_new_abono: prokind (0.247666ms)
  ✔ e2_finalize_new_abono: provolatile (0.224125ms)
  ✔ e2_finalize_new_abono: proparallel (0.221787ms)
  ✔ e2_finalize_new_abono: prosecdef (0.312884ms)
  ✔ e2_finalize_new_abono: proleakproof (0.313042ms)
  ✔ e2_finalize_new_abono: proisstrict (0.294595ms)
  ✔ e2_finalize_new_abono: proretset (0.260698ms)
  ✔ e2_finalize_new_abono: proacl (0.223417ms)
  ✔ e2_finalize_new_abono: proconfig (0.355029ms)
  ✔ e2_finalize_new_abono: language_name (0.338664ms)
  ✔ e2_finalize_new_abono: owner_name (0.303152ms)
  ✔ e2_finalize_new_abono: result_type (0.336556ms)
  ✔ e2_finalize_new_abono: identity_arguments (0.251516ms)
  ✔ e2_attest_new_retained: missing (0.231535ms)
  ✔ e2_attest_new_retained: prosrc (0.238981ms)
  ✔ e2_attest_new_retained: prokind (0.33808ms)
  ✔ e2_attest_new_retained: provolatile (0.257825ms)
  ✔ e2_attest_new_retained: proparallel (0.24109ms)
  ✔ e2_attest_new_retained: prosecdef (0.273144ms)
  ✔ e2_attest_new_retained: proleakproof (0.229948ms)
  ✔ e2_attest_new_retained: proisstrict (0.28959ms)
  ✔ e2_attest_new_retained: proretset (0.322024ms)
  ✔ e2_attest_new_retained: proacl (0.239029ms)
  ✔ e2_attest_new_retained: proconfig (0.230549ms)
  ✔ e2_attest_new_retained: language_name (0.224053ms)
  ✔ e2_attest_new_retained: owner_name (0.249505ms)
  ✔ e2_attest_new_retained: result_type (0.230326ms)
  ✔ e2_attest_new_retained: identity_arguments (0.291881ms)
✔ A+C mock preflight independently rejects each catalog drift (165.563141ms)
ℹ tests 428
ℹ suites 0
ℹ pass 427
ℹ fail 1
ℹ cancelled 0
ℹ skipped 0
ℹ todo 0
ℹ duration_ms 534.374507

✖ failing tests:

test at reports/e2-apertura-limitada/evidencia-a-c/negative-offline.test.mjs:90:1
✖ mounted ordinary producer: UNUSED/PARTIAL/FULL and FIFO persistence ordering (196.493428ms)
  AssertionError [ERR_ASSERTION]: classification must match canonical allocations
  + actual - expected
  
  + 'UNUSED'
  - 'PARTIAL'
  
      at ordinary (file:///home/runner/workspace/reports/e2-apertura-limitada/evidencia-a-c/negative-offline.test.mjs:82:10)
      at async TestContext.<anonymous> (file:///home/runner/workspace/reports/e2-apertura-limitada/evidencia-a-c/negative-offline.test.mjs:91:43)
      at async Test.run (node:internal/test_runner/test:1113:7)
      at async startSubtestAfterBootstrap (node:internal/test_runner/harness:358:3) {
    generatedMessage: false,
    code: 'ERR_ASSERTION',
    actual: 'UNUSED',
    expected: 'PARTIAL',
    operator: 'strictEqual',
    diff: 'simple'
  }
