✔ mounted ordinary producer: UNUSED/PARTIAL/FULL and FIFO persistence ordering (282.269234ms)
✔ mounted directed approval finalizes FULL only after its application (25.199425ms)
✔ actual core rejects directed result/amount mismatches before persistence (0.615752ms)
✔ positive proof is mandatory in the real refund service (98.348799ms)
✔ real refund service accepts both origins and rejects absent/used ABONO finalization (71.806838ms)
✔ R4 application-order guard exists in prepared SQL (LEXICAL ONLY, not SQL semantics) (0.453003ms)
▶ A+C mock preflight independently rejects each catalog drift
  ✔ finalizaciones_abono_e2.abono_id: missing (0.660675ms)
  ✔ finalizaciones_abono_e2.abono_id: data_type (0.413279ms)
  ✔ finalizaciones_abono_e2.abono_id: is_nullable (0.418453ms)
  ✔ finalizaciones_abono_e2.abono_id: column_default (0.44087ms)
  ✔ finalizaciones_abono_e2.operacion_productor: missing (0.306607ms)
  ✔ finalizaciones_abono_e2.operacion_productor: data_type (0.228859ms)
  ✔ finalizaciones_abono_e2.operacion_productor: is_nullable (0.20642ms)
  ✔ finalizaciones_abono_e2.operacion_productor: column_default (0.207263ms)
  ✔ finalizaciones_abono_e2.operacion_clave: missing (0.391609ms)
  ✔ finalizaciones_abono_e2.operacion_clave: data_type (0.201831ms)
  ✔ finalizaciones_abono_e2.operacion_clave: is_nullable (0.196332ms)
  ✔ finalizaciones_abono_e2.operacion_clave: column_default (0.398361ms)
  ✔ finalizaciones_abono_e2.cliente_id: missing (0.330432ms)
  ✔ finalizaciones_abono_e2.cliente_id: data_type (0.214924ms)
  ✔ finalizaciones_abono_e2.cliente_id: is_nullable (0.277776ms)
  ✔ finalizaciones_abono_e2.cliente_id: column_default (0.230729ms)
  ✔ finalizaciones_abono_e2.importe: missing (0.19397ms)
  ✔ finalizaciones_abono_e2.importe: data_type (0.33996ms)
  ✔ finalizaciones_abono_e2.importe: is_nullable (0.259714ms)
  ✔ finalizaciones_abono_e2.importe: column_default (0.205225ms)
  ✔ finalizaciones_abono_e2.importe: numeric_precision (0.231584ms)
  ✔ finalizaciones_abono_e2.importe: numeric_scale (0.30314ms)
  ✔ finalizaciones_abono_e2.resultado: missing (0.232477ms)
  ✔ finalizaciones_abono_e2.resultado: data_type (0.222804ms)
  ✔ finalizaciones_abono_e2.resultado: is_nullable (0.320794ms)
  ✔ finalizaciones_abono_e2.resultado: column_default (0.287655ms)
  ✔ finalizaciones_abono_e2.aplicado: missing (0.321309ms)
  ✔ finalizaciones_abono_e2.aplicado: data_type (0.209606ms)
  ✔ finalizaciones_abono_e2.aplicado: is_nullable (0.304675ms)
  ✔ finalizaciones_abono_e2.aplicado: column_default (0.281303ms)
  ✔ finalizaciones_abono_e2.aplicado: numeric_precision (0.264538ms)
  ✔ finalizaciones_abono_e2.aplicado: numeric_scale (0.187253ms)
  ✔ finalizaciones_abono_e2.evaluacion: missing (0.392781ms)
  ✔ finalizaciones_abono_e2.evaluacion: data_type (0.285116ms)
  ✔ finalizaciones_abono_e2.evaluacion: is_nullable (0.188375ms)
  ✔ finalizaciones_abono_e2.evaluacion: column_default (0.169817ms)
  ✔ finalizaciones_abono_e2.contrato_revision: missing (0.21628ms)
  ✔ finalizaciones_abono_e2.contrato_revision: data_type (0.176921ms)
  ✔ finalizaciones_abono_e2.contrato_revision: is_nullable (0.176537ms)
  ✔ finalizaciones_abono_e2.contrato_revision: column_default (0.166984ms)
  ✔ finalizaciones_abono_e2.created_at: missing (0.265521ms)
  ✔ finalizaciones_abono_e2.created_at: data_type (0.202552ms)
  ✔ finalizaciones_abono_e2.created_at: is_nullable (0.228814ms)
  ✔ finalizaciones_abono_e2.created_at: column_default (0.175452ms)
  ✔ evidencia_no_aplicada_e2.fuente: missing (0.254734ms)
  ✔ evidencia_no_aplicada_e2.fuente: data_type (0.17607ms)
  ✔ evidencia_no_aplicada_e2.fuente: is_nullable (0.169936ms)
  ✔ evidencia_no_aplicada_e2.fuente: column_default (0.171185ms)
  ✔ evidencia_no_aplicada_e2.abono_id: missing (0.199412ms)
  ✔ evidencia_no_aplicada_e2.abono_id: data_type (0.17967ms)
  ✔ evidencia_no_aplicada_e2.abono_id: is_nullable (0.16639ms)
  ✔ evidencia_no_aplicada_e2.abono_id: column_default (0.168924ms)
  ✔ evidencia_no_aplicada_e2.cobro_productor: missing (0.165345ms)
  ✔ evidencia_no_aplicada_e2.cobro_productor: data_type (0.20944ms)
  ✔ evidencia_no_aplicada_e2.cobro_productor: is_nullable (0.269234ms)
  ✔ evidencia_no_aplicada_e2.cobro_productor: column_default (0.184238ms)
  ✔ evidencia_no_aplicada_e2.cobro_clave: missing (0.17112ms)
  ✔ evidencia_no_aplicada_e2.cobro_clave: data_type (0.248318ms)
  ✔ evidencia_no_aplicada_e2.cobro_clave: is_nullable (0.175671ms)
  ✔ evidencia_no_aplicada_e2.cobro_clave: column_default (0.169906ms)
  ✔ evidencia_no_aplicada_e2.cliente_id: missing (0.165374ms)
  ✔ evidencia_no_aplicada_e2.cliente_id: data_type (0.340347ms)
  ✔ evidencia_no_aplicada_e2.cliente_id: is_nullable (0.248014ms)
  ✔ evidencia_no_aplicada_e2.cliente_id: column_default (0.181829ms)
  ✔ evidencia_no_aplicada_e2.importe: missing (0.204953ms)
  ✔ evidencia_no_aplicada_e2.importe: data_type (0.188544ms)
  ✔ evidencia_no_aplicada_e2.importe: is_nullable (0.164107ms)
  ✔ evidencia_no_aplicada_e2.importe: column_default (0.167627ms)
  ✔ evidencia_no_aplicada_e2.importe: numeric_precision (0.161823ms)
  ✔ evidencia_no_aplicada_e2.importe: numeric_scale (0.210531ms)
  ✔ evidencia_no_aplicada_e2.forma_pago: missing (0.255118ms)
  ✔ evidencia_no_aplicada_e2.forma_pago: data_type (0.62196ms)
  ✔ evidencia_no_aplicada_e2.forma_pago: is_nullable (0.316196ms)
  ✔ evidencia_no_aplicada_e2.forma_pago: column_default (0.20809ms)
  ✔ evidencia_no_aplicada_e2.naturaleza: missing (0.18492ms)
  ✔ evidencia_no_aplicada_e2.naturaleza: data_type (0.19115ms)
  ✔ evidencia_no_aplicada_e2.naturaleza: is_nullable (0.212599ms)
  ✔ evidencia_no_aplicada_e2.naturaleza: column_default (0.240532ms)
  ✔ evidencia_no_aplicada_e2.created_at: missing (0.470566ms)
  ✔ evidencia_no_aplicada_e2.created_at: data_type (0.189658ms)
  ✔ evidencia_no_aplicada_e2.created_at: is_nullable (0.173001ms)
  ✔ evidencia_no_aplicada_e2.created_at: column_default (0.565476ms)
  ✔ finalizaciones_abono_e2_pkey: missing (0.273552ms)
  ✔ finalizaciones_abono_e2_pkey: table_name (0.417591ms)
  ✔ finalizaciones_abono_e2_pkey: definition (0.35231ms)
  ✔ finalizaciones_abono_e2_pkey: convalidated (0.219343ms)
  ✔ finalizaciones_abono_e2_pkey: condeferrable (0.203449ms)
  ✔ finalizaciones_abono_e2_pkey: condeferred (0.184763ms)
  ✔ finalizaciones_abono_e2_pkey: index_valid (0.185512ms)
  ✔ finalizaciones_abono_e2_abono_id_fkey: missing (0.171387ms)
  ✔ finalizaciones_abono_e2_abono_id_fkey: table_name (0.239228ms)
  ✔ finalizaciones_abono_e2_abono_id_fkey: definition (0.232817ms)
  ✔ finalizaciones_abono_e2_abono_id_fkey: convalidated (0.200219ms)
  ✔ finalizaciones_abono_e2_abono_id_fkey: condeferrable (0.182324ms)
  ✔ finalizaciones_abono_e2_abono_id_fkey: condeferred (0.202672ms)
  ✔ finalizaciones_abono_e2_abono_id_fkey: index_valid (0.17849ms)
  ✔ finalizaciones_abono_e2_cliente_id_fkey: missing (0.239853ms)
  ✔ finalizaciones_abono_e2_cliente_id_fkey: table_name (0.30534ms)
  ✔ finalizaciones_abono_e2_cliente_id_fkey: definition (0.190149ms)
  ✔ finalizaciones_abono_e2_cliente_id_fkey: convalidated (7.129075ms)
  ✔ finalizaciones_abono_e2_cliente_id_fkey: condeferrable (0.372364ms)
  ✔ finalizaciones_abono_e2_cliente_id_fkey: condeferred (0.208509ms)
  ✔ finalizaciones_abono_e2_cliente_id_fkey: index_valid (0.176399ms)
  ✔ finalizaciones_abono_e2_operacion_productor_operacion_clave_key: missing (0.161543ms)
  ✔ finalizaciones_abono_e2_operacion_productor_operacion_clave_key: table_name (0.255175ms)
  ✔ finalizaciones_abono_e2_operacion_productor_operacion_clave_key: definition (0.176043ms)
  ✔ finalizaciones_abono_e2_operacion_productor_operacion_clave_key: convalidated (0.162669ms)
  ✔ finalizaciones_abono_e2_operacion_productor_operacion_clave_key: condeferrable (0.15396ms)
  ✔ finalizaciones_abono_e2_operacion_productor_operacion_clave_key: condeferred (0.14889ms)
  ✔ finalizaciones_abono_e2_operacion_productor_operacion_clave_key: index_valid (0.201502ms)
  ✔ finalizaciones_abono_e2_importe_check: missing (0.15108ms)
  ✔ finalizaciones_abono_e2_importe_check: table_name (0.152208ms)
  ✔ finalizaciones_abono_e2_importe_check: definition (0.152083ms)
  ✔ finalizaciones_abono_e2_importe_check: convalidated (0.144473ms)
  ✔ finalizaciones_abono_e2_importe_check: condeferrable (0.185393ms)
  ✔ finalizaciones_abono_e2_importe_check: condeferred (0.158069ms)
  ✔ finalizaciones_abono_e2_importe_check: index_valid (0.156204ms)
  ✔ finalizaciones_abono_e2_resultado_check: missing (0.141369ms)
  ✔ finalizaciones_abono_e2_resultado_check: table_name (0.216147ms)
  ✔ finalizaciones_abono_e2_resultado_check: definition (0.259192ms)
  ✔ finalizaciones_abono_e2_resultado_check: convalidated (0.160723ms)
  ✔ finalizaciones_abono_e2_resultado_check: condeferrable (0.16232ms)
  ✔ finalizaciones_abono_e2_resultado_check: condeferred (0.1506ms)
  ✔ finalizaciones_abono_e2_resultado_check: index_valid (0.147859ms)
  ✔ finalizaciones_abono_e2_aplicado_check: missing (0.165443ms)
  ✔ finalizaciones_abono_e2_aplicado_check: table_name (0.155865ms)
  ✔ finalizaciones_abono_e2_aplicado_check: definition (0.154426ms)
  ✔ finalizaciones_abono_e2_aplicado_check: convalidated (0.14965ms)
  ✔ finalizaciones_abono_e2_aplicado_check: condeferrable (0.150367ms)
  ✔ finalizaciones_abono_e2_aplicado_check: condeferred (0.19836ms)
  ✔ finalizaciones_abono_e2_aplicado_check: index_valid (0.155513ms)
  ✔ finalizaciones_abono_e2_evaluacion_check: missing (0.140373ms)
  ✔ finalizaciones_abono_e2_evaluacion_check: table_name (0.151834ms)
  ✔ finalizaciones_abono_e2_evaluacion_check: definition (0.150809ms)
  ✔ finalizaciones_abono_e2_evaluacion_check: convalidated (0.193869ms)
  ✔ finalizaciones_abono_e2_evaluacion_check: condeferrable (0.159403ms)
  ✔ finalizaciones_abono_e2_evaluacion_check: condeferred (0.148562ms)
  ✔ finalizaciones_abono_e2_evaluacion_check: index_valid (0.145583ms)
  ✔ finalizaciones_abono_e2_contrato_revision_check: missing (0.138041ms)
  ✔ finalizaciones_abono_e2_contrato_revision_check: table_name (0.246197ms)
  ✔ finalizaciones_abono_e2_contrato_revision_check: definition (0.190646ms)
  ✔ finalizaciones_abono_e2_contrato_revision_check: convalidated (0.272991ms)
  ✔ finalizaciones_abono_e2_contrato_revision_check: condeferrable (0.255755ms)
  ✔ finalizaciones_abono_e2_contrato_revision_check: condeferred (0.23772ms)
  ✔ finalizaciones_abono_e2_contrato_revision_check: index_valid (0.229312ms)
  ✔ finalizaciones_abono_e2_check: missing (0.164698ms)
  ✔ finalizaciones_abono_e2_check: table_name (0.200548ms)
  ✔ finalizaciones_abono_e2_check: definition (0.17718ms)
  ✔ finalizaciones_abono_e2_check: convalidated (0.15768ms)
  ✔ finalizaciones_abono_e2_check: condeferrable (0.159387ms)
  ✔ finalizaciones_abono_e2_check: condeferred (0.15574ms)
  ✔ finalizaciones_abono_e2_check: index_valid (0.195845ms)
  ✔ finalizaciones_abono_e2_operacion_productor_check: missing (0.158069ms)
  ✔ finalizaciones_abono_e2_operacion_productor_check: table_name (0.165109ms)
  ✔ finalizaciones_abono_e2_operacion_productor_check: definition (0.198714ms)
  ✔ finalizaciones_abono_e2_operacion_productor_check: convalidated (0.174971ms)
  ✔ finalizaciones_abono_e2_operacion_productor_check: condeferrable (0.36476ms)
  ✔ finalizaciones_abono_e2_operacion_productor_check: condeferred (0.19661ms)
  ✔ finalizaciones_abono_e2_operacion_productor_check: index_valid (0.166585ms)
  ✔ evidencia_no_aplicada_e2_pkey: missing (0.255513ms)
  ✔ evidencia_no_aplicada_e2_pkey: table_name (0.241188ms)
  ✔ evidencia_no_aplicada_e2_pkey: definition (0.177735ms)
  ✔ evidencia_no_aplicada_e2_pkey: convalidated (0.241505ms)
  ✔ evidencia_no_aplicada_e2_pkey: condeferrable (0.338472ms)
  ✔ evidencia_no_aplicada_e2_pkey: condeferred (0.24503ms)
  ✔ evidencia_no_aplicada_e2_pkey: index_valid (0.30208ms)
  ✔ evidencia_no_aplicada_e2_abono_id_key: missing (0.221201ms)
  ✔ evidencia_no_aplicada_e2_abono_id_key: table_name (0.291297ms)
  ✔ evidencia_no_aplicada_e2_abono_id_key: definition (0.285981ms)
  ✔ evidencia_no_aplicada_e2_abono_id_key: convalidated (0.28371ms)
  ✔ evidencia_no_aplicada_e2_abono_id_key: condeferrable (0.189496ms)
  ✔ evidencia_no_aplicada_e2_abono_id_key: condeferred (0.162509ms)
  ✔ evidencia_no_aplicada_e2_abono_id_key: index_valid (0.16345ms)
  ✔ evidencia_no_aplicada_e2_cobro_clave_key: missing (0.149285ms)
  ✔ evidencia_no_aplicada_e2_cobro_clave_key: table_name (0.812703ms)
  ✔ evidencia_no_aplicada_e2_cobro_clave_key: definition (0.250565ms)
  ✔ evidencia_no_aplicada_e2_cobro_clave_key: convalidated (0.176137ms)
  ✔ evidencia_no_aplicada_e2_cobro_clave_key: condeferrable (0.169195ms)
  ✔ evidencia_no_aplicada_e2_cobro_clave_key: condeferred (0.166016ms)
  ✔ evidencia_no_aplicada_e2_cobro_clave_key: index_valid (0.159141ms)
  ✔ evidencia_no_aplicada_e2_cobro_productor_cobro_clave_fkey: missing (0.182857ms)
  ✔ evidencia_no_aplicada_e2_cobro_productor_cobro_clave_fkey: table_name (0.174298ms)
  ✔ evidencia_no_aplicada_e2_cobro_productor_cobro_clave_fkey: definition (0.158102ms)
  ✔ evidencia_no_aplicada_e2_cobro_productor_cobro_clave_fkey: convalidated (0.17254ms)
  ✔ evidencia_no_aplicada_e2_cobro_productor_cobro_clave_fkey: condeferrable (0.223494ms)
  ✔ evidencia_no_aplicada_e2_cobro_productor_cobro_clave_fkey: condeferred (0.190814ms)
  ✔ evidencia_no_aplicada_e2_cobro_productor_cobro_clave_fkey: index_valid (0.23237ms)
  ✔ evidencia_no_aplicada_e2_abono_id_fkey: missing (0.153434ms)
  ✔ evidencia_no_aplicada_e2_abono_id_fkey: table_name (0.159153ms)
  ✔ evidencia_no_aplicada_e2_abono_id_fkey: definition (0.200194ms)
  ✔ evidencia_no_aplicada_e2_abono_id_fkey: convalidated (0.159145ms)
  ✔ evidencia_no_aplicada_e2_abono_id_fkey: condeferrable (0.15507ms)
  ✔ evidencia_no_aplicada_e2_abono_id_fkey: condeferred (0.157848ms)
  ✔ evidencia_no_aplicada_e2_abono_id_fkey: index_valid (0.155554ms)
  ✔ evidencia_no_aplicada_e2_cliente_id_fkey: missing (0.214206ms)
  ✔ evidencia_no_aplicada_e2_cliente_id_fkey: table_name (0.181843ms)
  ✔ evidencia_no_aplicada_e2_cliente_id_fkey: definition (0.158323ms)
  ✔ evidencia_no_aplicada_e2_cliente_id_fkey: convalidated (0.276365ms)
  ✔ evidencia_no_aplicada_e2_cliente_id_fkey: condeferrable (0.391811ms)
  ✔ evidencia_no_aplicada_e2_cliente_id_fkey: condeferred (0.221523ms)
  ✔ evidencia_no_aplicada_e2_cliente_id_fkey: index_valid (0.174931ms)
  ✔ evidencia_no_aplicada_e2_importe_check: missing (0.335161ms)
  ✔ evidencia_no_aplicada_e2_importe_check: table_name (0.272287ms)
  ✔ evidencia_no_aplicada_e2_importe_check: definition (0.190777ms)
  ✔ evidencia_no_aplicada_e2_importe_check: convalidated (0.167238ms)
  ✔ evidencia_no_aplicada_e2_importe_check: condeferrable (0.178983ms)
  ✔ evidencia_no_aplicada_e2_importe_check: condeferred (0.213742ms)
  ✔ evidencia_no_aplicada_e2_importe_check: index_valid (0.180858ms)
  ✔ evidencia_no_aplicada_e2_forma_pago_check: missing (0.166609ms)
  ✔ evidencia_no_aplicada_e2_forma_pago_check: table_name (0.216168ms)
  ✔ evidencia_no_aplicada_e2_forma_pago_check: definition (0.299612ms)
  ✔ evidencia_no_aplicada_e2_forma_pago_check: convalidated (0.294216ms)
  ✔ evidencia_no_aplicada_e2_forma_pago_check: condeferrable (0.244688ms)
  ✔ evidencia_no_aplicada_e2_forma_pago_check: condeferred (0.183424ms)
  ✔ evidencia_no_aplicada_e2_forma_pago_check: index_valid (0.167115ms)
  ✔ evidencia_no_aplicada_e2_naturaleza_check: missing (0.148583ms)
  ✔ evidencia_no_aplicada_e2_naturaleza_check: table_name (0.161173ms)
  ✔ evidencia_no_aplicada_e2_naturaleza_check: definition (0.28283ms)
  ✔ evidencia_no_aplicada_e2_naturaleza_check: convalidated (0.229355ms)
  ✔ evidencia_no_aplicada_e2_naturaleza_check: condeferrable (0.163854ms)
  ✔ evidencia_no_aplicada_e2_naturaleza_check: condeferred (0.159029ms)
  ✔ evidencia_no_aplicada_e2_naturaleza_check: index_valid (0.21725ms)
  ✔ evidencia_no_aplicada_e2_check: missing (0.150277ms)
  ✔ evidencia_no_aplicada_e2_check: table_name (0.160929ms)
  ✔ evidencia_no_aplicada_e2_check: definition (0.161621ms)
  ✔ evidencia_no_aplicada_e2_check: convalidated (0.165177ms)
  ✔ evidencia_no_aplicada_e2_check: condeferrable (0.203332ms)
  ✔ evidencia_no_aplicada_e2_check: condeferred (0.231206ms)
  ✔ evidencia_no_aplicada_e2_check: index_valid (0.336477ms)
  ✔ e2_finalization_immutable: missing (0.322576ms)
  ✔ e2_finalization_immutable: prosrc (0.270066ms)
  ✔ e2_finalization_immutable: prokind (0.213735ms)
  ✔ e2_finalization_immutable: provolatile (0.308711ms)
  ✔ e2_finalization_immutable: proparallel (0.262067ms)
  ✔ e2_finalization_immutable: prosecdef (0.240613ms)
  ✔ e2_finalization_immutable: proleakproof (0.318998ms)
  ✔ e2_finalization_immutable: proisstrict (0.254399ms)
  ✔ e2_finalization_immutable: proretset (0.213889ms)
  ✔ e2_finalization_immutable: proacl (0.19573ms)
  ✔ e2_finalization_immutable: proconfig (0.24114ms)
  ✔ e2_finalization_immutable: language_name (0.190693ms)
  ✔ e2_finalization_immutable: owner_name (0.203983ms)
  ✔ e2_finalization_immutable: result_type (0.198846ms)
  ✔ e2_finalization_immutable: identity_arguments (0.237206ms)
  ✔ e2_finalization_immutable: tgenabled (0.31314ms)
  ✔ e2_finalization_immutable: tgtype (0.208251ms)
  ✔ e2_finalization_immutable: table_name (0.276105ms)
  ✔ e2_finalization_immutable: function_name (0.201076ms)
  ✔ e2_finalization_immutable: function_schema (0.280819ms)
  ✔ e2_finalization_immutable: args_length (0.447491ms)
  ✔ e2_finalization_immutable: trigger_attr (0.299282ms)
  ✔ e2_finalization_immutable: has_parent (0.215815ms)
  ✔ e2_finalization_immutable: has_qual (0.31281ms)
  ✔ e2_finalization_immutable: has_constraint (0.220953ms)
  ✔ e2_finalization_immutable: tgdeferrable (0.243565ms)
  ✔ e2_finalization_immutable: tginitdeferred (0.237212ms)
  ✔ e2_validate_abono_finalization: missing (0.18842ms)
  ✔ e2_validate_abono_finalization: prosrc (0.409507ms)
  ✔ e2_validate_abono_finalization: prokind (0.416923ms)
  ✔ e2_validate_abono_finalization: provolatile (0.405882ms)
  ✔ e2_validate_abono_finalization: proparallel (0.262038ms)
  ✔ e2_validate_abono_finalization: prosecdef (0.231799ms)
  ✔ e2_validate_abono_finalization: proleakproof (0.212912ms)
  ✔ e2_validate_abono_finalization: proisstrict (0.198575ms)
  ✔ e2_validate_abono_finalization: proretset (0.234963ms)
  ✔ e2_validate_abono_finalization: proacl (0.211717ms)
  ✔ e2_validate_abono_finalization: proconfig (0.271416ms)
  ✔ e2_validate_abono_finalization: language_name (0.198465ms)
  ✔ e2_validate_abono_finalization: owner_name (0.231611ms)
  ✔ e2_validate_abono_finalization: result_type (0.210141ms)
  ✔ e2_validate_abono_finalization: identity_arguments (0.273497ms)
  ✔ e2_validate_abono_finalization: tgenabled (0.23395ms)
  ✔ e2_validate_abono_finalization: tgtype (0.226095ms)
  ✔ e2_validate_abono_finalization: table_name (0.20179ms)
  ✔ e2_validate_abono_finalization: function_name (0.19896ms)
  ✔ e2_validate_abono_finalization: function_schema (0.229946ms)
  ✔ e2_validate_abono_finalization: args_length (0.237678ms)
  ✔ e2_validate_abono_finalization: trigger_attr (0.209961ms)
  ✔ e2_validate_abono_finalization: has_parent (0.203502ms)
  ✔ e2_validate_abono_finalization: has_qual (0.232193ms)
  ✔ e2_validate_abono_finalization: has_constraint (0.20493ms)
  ✔ e2_validate_abono_finalization: tgdeferrable (0.19624ms)
  ✔ e2_validate_abono_finalization: tginitdeferred (0.193214ms)
  ✔ e2_proof_immutable: missing (0.196923ms)
  ✔ e2_proof_immutable: prosrc (0.283801ms)
  ✔ e2_proof_immutable: prokind (0.34477ms)
  ✔ e2_proof_immutable: provolatile (0.237866ms)
  ✔ e2_proof_immutable: proparallel (0.27446ms)
  ✔ e2_proof_immutable: prosecdef (0.211005ms)
  ✔ e2_proof_immutable: proleakproof (0.267315ms)
  ✔ e2_proof_immutable: proisstrict (0.302172ms)
  ✔ e2_proof_immutable: proretset (0.349324ms)
  ✔ e2_proof_immutable: proacl (0.27925ms)
  ✔ e2_proof_immutable: proconfig (0.256154ms)
  ✔ e2_proof_immutable: language_name (0.220806ms)
  ✔ e2_proof_immutable: owner_name (0.201248ms)
  ✔ e2_proof_immutable: result_type (0.210982ms)
  ✔ e2_proof_immutable: identity_arguments (0.293422ms)
  ✔ e2_proof_immutable: tgenabled (0.214562ms)
  ✔ e2_proof_immutable: tgtype (0.199004ms)
  ✔ e2_proof_immutable: table_name (0.19565ms)
  ✔ e2_proof_immutable: function_name (0.25282ms)
  ✔ e2_proof_immutable: function_schema (0.206834ms)
  ✔ e2_proof_immutable: args_length (0.193865ms)
  ✔ e2_proof_immutable: trigger_attr (0.199018ms)
  ✔ e2_proof_immutable: has_parent (0.240462ms)
  ✔ e2_proof_immutable: has_qual (0.211901ms)
  ✔ e2_proof_immutable: has_constraint (0.199403ms)
  ✔ e2_proof_immutable: tgdeferrable (0.199407ms)
  ✔ e2_proof_immutable: tginitdeferred (0.251373ms)
  ✔ e2_validate_unused_proof: missing (0.179464ms)
  ✔ e2_validate_unused_proof: prosrc (0.206451ms)
  ✔ e2_validate_unused_proof: prokind (0.401077ms)
  ✔ e2_validate_unused_proof: provolatile (0.335877ms)
  ✔ e2_validate_unused_proof: proparallel (0.253047ms)
  ✔ e2_validate_unused_proof: prosecdef (0.658966ms)
  ✔ e2_validate_unused_proof: proleakproof (0.438898ms)
  ✔ e2_validate_unused_proof: proisstrict (0.2547ms)
  ✔ e2_validate_unused_proof: proretset (0.287071ms)
  ✔ e2_validate_unused_proof: proacl (0.353854ms)
  ✔ e2_validate_unused_proof: proconfig (0.249884ms)
  ✔ e2_validate_unused_proof: language_name (0.223793ms)
  ✔ e2_validate_unused_proof: owner_name (0.223515ms)
  ✔ e2_validate_unused_proof: result_type (0.660164ms)
  ✔ e2_validate_unused_proof: identity_arguments (0.32712ms)
  ✔ e2_validate_unused_proof: tgenabled (0.287231ms)
  ✔ e2_validate_unused_proof: tgtype (0.219067ms)
  ✔ e2_validate_unused_proof: table_name (0.248854ms)
  ✔ e2_validate_unused_proof: function_name (0.30048ms)
  ✔ e2_validate_unused_proof: function_schema (0.397079ms)
  ✔ e2_validate_unused_proof: args_length (0.23102ms)
  ✔ e2_validate_unused_proof: trigger_attr (0.349673ms)
  ✔ e2_validate_unused_proof: has_parent (0.299958ms)
  ✔ e2_validate_unused_proof: has_qual (0.238274ms)
  ✔ e2_validate_unused_proof: has_constraint (0.212494ms)
  ✔ e2_validate_unused_proof: tgdeferrable (0.232216ms)
  ✔ e2_validate_unused_proof: tginitdeferred (0.259601ms)
  ✔ e2_abono_finalization_complete: missing (0.181312ms)
  ✔ e2_abono_finalization_complete: prosrc (0.208283ms)
  ✔ e2_abono_finalization_complete: prokind (0.212768ms)
  ✔ e2_abono_finalization_complete: provolatile (0.258885ms)
  ✔ e2_abono_finalization_complete: proparallel (0.211975ms)
  ✔ e2_abono_finalization_complete: prosecdef (0.203026ms)
  ✔ e2_abono_finalization_complete: proleakproof (0.203704ms)
  ✔ e2_abono_finalization_complete: proisstrict (0.249212ms)
  ✔ e2_abono_finalization_complete: proretset (0.353135ms)
  ✔ e2_abono_finalization_complete: proacl (0.248763ms)
  ✔ e2_abono_finalization_complete: proconfig (0.309586ms)
  ✔ e2_abono_finalization_complete: language_name (8.421197ms)
  ✔ e2_abono_finalization_complete: owner_name (0.334779ms)
  ✔ e2_abono_finalization_complete: result_type (0.248348ms)
  ✔ e2_abono_finalization_complete: identity_arguments (0.222175ms)
  ✔ e2_abono_finalization_complete: tgenabled (0.210396ms)
  ✔ e2_abono_finalization_complete: tgtype (0.273465ms)
  ✔ e2_abono_finalization_complete: table_name (1.004747ms)
  ✔ e2_abono_finalization_complete: function_name (0.236744ms)
  ✔ e2_abono_finalization_complete: function_schema (0.20588ms)
  ✔ e2_abono_finalization_complete: args_length (0.67473ms)
  ✔ e2_abono_finalization_complete: trigger_attr (0.255489ms)
  ✔ e2_abono_finalization_complete: has_parent (0.475935ms)
  ✔ e2_abono_finalization_complete: has_qual (0.319671ms)
  ✔ e2_abono_finalization_complete: has_constraint (0.322789ms)
  ✔ e2_abono_finalization_complete: tgdeferrable (0.220932ms)
  ✔ e2_abono_finalization_complete: tginitdeferred (0.342054ms)
  ✔ e2_capture_application_order: missing (0.227625ms)
  ✔ e2_capture_application_order: prosrc (0.21725ms)
  ✔ e2_capture_application_order: prokind (0.206811ms)
  ✔ e2_capture_application_order: provolatile (0.217353ms)
  ✔ e2_capture_application_order: proparallel (0.324818ms)
  ✔ e2_capture_application_order: prosecdef (0.351964ms)
  ✔ e2_capture_application_order: proleakproof (0.220551ms)
  ✔ e2_capture_application_order: proisstrict (0.254815ms)
  ✔ e2_capture_application_order: proretset (0.213552ms)
  ✔ e2_capture_application_order: proacl (0.287335ms)
  ✔ e2_capture_application_order: proconfig (0.254581ms)
  ✔ e2_capture_application_order: language_name (0.225037ms)
  ✔ e2_capture_application_order: owner_name (0.292917ms)
  ✔ e2_capture_application_order: result_type (0.264004ms)
  ✔ e2_capture_application_order: identity_arguments (0.224561ms)
  ✔ e2_capture_application_order: tgenabled (0.203278ms)
  ✔ e2_capture_application_order: tgtype (0.203952ms)
  ✔ e2_capture_application_order: table_name (0.33422ms)
  ✔ e2_capture_application_order: function_name (0.238509ms)
  ✔ e2_capture_application_order: function_schema (0.213745ms)
  ✔ e2_capture_application_order: args_length (0.254192ms)
  ✔ e2_capture_application_order: trigger_attr (0.218486ms)
  ✔ e2_capture_application_order: has_parent (0.204882ms)
  ✔ e2_capture_application_order: has_qual (0.204314ms)
  ✔ e2_capture_application_order: has_constraint (0.305273ms)
  ✔ e2_capture_application_order: tgdeferrable (0.234516ms)
  ✔ e2_capture_application_order: tginitdeferred (0.209841ms)
  ✔ e2_finalize_new_abono: missing (0.338482ms)
  ✔ e2_finalize_new_abono: prosrc (0.33504ms)
  ✔ e2_finalize_new_abono: prokind (0.540819ms)
  ✔ e2_finalize_new_abono: provolatile (0.264133ms)
  ✔ e2_finalize_new_abono: proparallel (0.248149ms)
  ✔ e2_finalize_new_abono: prosecdef (0.321976ms)
  ✔ e2_finalize_new_abono: proleakproof (0.308998ms)
  ✔ e2_finalize_new_abono: proisstrict (0.30747ms)
  ✔ e2_finalize_new_abono: proretset (0.285012ms)
  ✔ e2_finalize_new_abono: proacl (0.240979ms)
  ✔ e2_finalize_new_abono: proconfig (0.3564ms)
  ✔ e2_finalize_new_abono: language_name (0.291256ms)
  ✔ e2_finalize_new_abono: owner_name (0.31124ms)
  ✔ e2_finalize_new_abono: result_type (0.661856ms)
  ✔ e2_finalize_new_abono: identity_arguments (0.364747ms)
  ✔ e2_attest_new_retained: missing (0.321565ms)
  ✔ e2_attest_new_retained: prosrc (0.273888ms)
  ✔ e2_attest_new_retained: prokind (0.407423ms)
  ✔ e2_attest_new_retained: provolatile (0.28344ms)
  ✔ e2_attest_new_retained: proparallel (0.238574ms)
  ✔ e2_attest_new_retained: prosecdef (0.240699ms)
  ✔ e2_attest_new_retained: proleakproof (0.290599ms)
  ✔ e2_attest_new_retained: proisstrict (0.299776ms)
  ✔ e2_attest_new_retained: proretset (0.252707ms)
  ✔ e2_attest_new_retained: proacl (0.450156ms)
  ✔ e2_attest_new_retained: proconfig (0.269394ms)
  ✔ e2_attest_new_retained: language_name (0.286781ms)
  ✔ e2_attest_new_retained: owner_name (0.24977ms)
  ✔ e2_attest_new_retained: result_type (0.232584ms)
  ✔ e2_attest_new_retained: identity_arguments (0.311735ms)
✔ A+C mock preflight independently rejects each catalog drift (174.218025ms)
ℹ tests 428
ℹ suites 0
ℹ pass 428
ℹ fail 0
ℹ cancelled 0
ℹ skipped 0
ℹ todo 0
ℹ duration_ms 667.227967
