✔ mounted ordinary producer: UNUSED/PARTIAL/FULL and FIFO persistence ordering (268.02471ms)
✔ mounted directed approval finalizes FULL only after its application (26.881725ms)
✔ actual core rejects directed result/amount mismatches before persistence (0.797534ms)
✔ positive proof is mandatory in the real refund service (65.120537ms)
✔ real refund service accepts both origins and rejects absent/used ABONO finalization (70.172001ms)
✔ R4 application-order guard exists in prepared SQL (LEXICAL ONLY, not SQL semantics) (0.587418ms)
▶ A+C mock preflight independently rejects each catalog drift
  ✔ finalizaciones_abono_e2.abono_id: missing (0.831306ms)
  ✔ finalizaciones_abono_e2.abono_id: data_type (0.653105ms)
  ✔ finalizaciones_abono_e2.abono_id: is_nullable (0.41932ms)
  ✔ finalizaciones_abono_e2.abono_id: column_default (0.534755ms)
  ✔ finalizaciones_abono_e2.operacion_productor: missing (0.301389ms)
  ✔ finalizaciones_abono_e2.operacion_productor: data_type (0.277723ms)
  ✔ finalizaciones_abono_e2.operacion_productor: is_nullable (0.224318ms)
  ✔ finalizaciones_abono_e2.operacion_productor: column_default (0.22015ms)
  ✔ finalizaciones_abono_e2.operacion_clave: missing (0.454514ms)
  ✔ finalizaciones_abono_e2.operacion_clave: data_type (0.224357ms)
  ✔ finalizaciones_abono_e2.operacion_clave: is_nullable (0.199081ms)
  ✔ finalizaciones_abono_e2.operacion_clave: column_default (0.332066ms)
  ✔ finalizaciones_abono_e2.cliente_id: missing (0.320361ms)
  ✔ finalizaciones_abono_e2.cliente_id: data_type (0.212891ms)
  ✔ finalizaciones_abono_e2.cliente_id: is_nullable (0.291274ms)
  ✔ finalizaciones_abono_e2.cliente_id: column_default (0.221376ms)
  ✔ finalizaciones_abono_e2.importe: missing (0.216789ms)
  ✔ finalizaciones_abono_e2.importe: data_type (0.30303ms)
  ✔ finalizaciones_abono_e2.importe: is_nullable (0.260645ms)
  ✔ finalizaciones_abono_e2.importe: column_default (0.202356ms)
  ✔ finalizaciones_abono_e2.importe: numeric_precision (0.19253ms)
  ✔ finalizaciones_abono_e2.importe: numeric_scale (0.34461ms)
  ✔ finalizaciones_abono_e2.resultado: missing (0.254755ms)
  ✔ finalizaciones_abono_e2.resultado: data_type (0.200645ms)
  ✔ finalizaciones_abono_e2.resultado: is_nullable (0.418204ms)
  ✔ finalizaciones_abono_e2.resultado: column_default (0.323722ms)
  ✔ finalizaciones_abono_e2.aplicado: missing (0.277682ms)
  ✔ finalizaciones_abono_e2.aplicado: data_type (0.199772ms)
  ✔ finalizaciones_abono_e2.aplicado: is_nullable (0.302992ms)
  ✔ finalizaciones_abono_e2.aplicado: column_default (0.252805ms)
  ✔ finalizaciones_abono_e2.aplicado: numeric_precision (0.260865ms)
  ✔ finalizaciones_abono_e2.aplicado: numeric_scale (0.179332ms)
  ✔ finalizaciones_abono_e2.evaluacion: missing (0.32366ms)
  ✔ finalizaciones_abono_e2.evaluacion: data_type (0.324239ms)
  ✔ finalizaciones_abono_e2.evaluacion: is_nullable (0.18993ms)
  ✔ finalizaciones_abono_e2.evaluacion: column_default (0.172798ms)
  ✔ finalizaciones_abono_e2.contrato_revision: missing (0.170648ms)
  ✔ finalizaciones_abono_e2.contrato_revision: data_type (0.397026ms)
  ✔ finalizaciones_abono_e2.contrato_revision: is_nullable (0.178403ms)
  ✔ finalizaciones_abono_e2.contrato_revision: column_default (0.166943ms)
  ✔ finalizaciones_abono_e2.created_at: missing (0.198548ms)
  ✔ finalizaciones_abono_e2.created_at: data_type (0.18332ms)
  ✔ finalizaciones_abono_e2.created_at: is_nullable (0.221097ms)
  ✔ finalizaciones_abono_e2.created_at: column_default (0.165269ms)
  ✔ evidencia_no_aplicada_e2.fuente: missing (0.247462ms)
  ✔ evidencia_no_aplicada_e2.fuente: data_type (0.189878ms)
  ✔ evidencia_no_aplicada_e2.fuente: is_nullable (0.168111ms)
  ✔ evidencia_no_aplicada_e2.fuente: column_default (0.170386ms)
  ✔ evidencia_no_aplicada_e2.abono_id: missing (0.161981ms)
  ✔ evidencia_no_aplicada_e2.abono_id: data_type (0.204711ms)
  ✔ evidencia_no_aplicada_e2.abono_id: is_nullable (0.176298ms)
  ✔ evidencia_no_aplicada_e2.abono_id: column_default (0.165441ms)
  ✔ evidencia_no_aplicada_e2.cobro_productor: missing (0.159537ms)
  ✔ evidencia_no_aplicada_e2.cobro_productor: data_type (0.16405ms)
  ✔ evidencia_no_aplicada_e2.cobro_productor: is_nullable (0.208873ms)
  ✔ evidencia_no_aplicada_e2.cobro_productor: column_default (0.180538ms)
  ✔ evidencia_no_aplicada_e2.cobro_clave: missing (0.168704ms)
  ✔ evidencia_no_aplicada_e2.cobro_clave: data_type (0.203643ms)
  ✔ evidencia_no_aplicada_e2.cobro_clave: is_nullable (0.178027ms)
  ✔ evidencia_no_aplicada_e2.cobro_clave: column_default (0.166976ms)
  ✔ evidencia_no_aplicada_e2.cliente_id: missing (0.16478ms)
  ✔ evidencia_no_aplicada_e2.cliente_id: data_type (0.340729ms)
  ✔ evidencia_no_aplicada_e2.cliente_id: is_nullable (0.213192ms)
  ✔ evidencia_no_aplicada_e2.cliente_id: column_default (0.184257ms)
  ✔ evidencia_no_aplicada_e2.importe: missing (0.169543ms)
  ✔ evidencia_no_aplicada_e2.importe: data_type (0.207018ms)
  ✔ evidencia_no_aplicada_e2.importe: is_nullable (0.187397ms)
  ✔ evidencia_no_aplicada_e2.importe: column_default (0.167087ms)
  ✔ evidencia_no_aplicada_e2.importe: numeric_precision (0.163082ms)
  ✔ evidencia_no_aplicada_e2.importe: numeric_scale (0.17286ms)
  ✔ evidencia_no_aplicada_e2.forma_pago: missing (0.312723ms)
  ✔ evidencia_no_aplicada_e2.forma_pago: data_type (0.196709ms)
  ✔ evidencia_no_aplicada_e2.forma_pago: is_nullable (0.16997ms)
  ✔ evidencia_no_aplicada_e2.forma_pago: column_default (0.166917ms)
  ✔ evidencia_no_aplicada_e2.naturaleza: missing (0.282224ms)
  ✔ evidencia_no_aplicada_e2.naturaleza: data_type (0.204005ms)
  ✔ evidencia_no_aplicada_e2.naturaleza: is_nullable (0.201293ms)
  ✔ evidencia_no_aplicada_e2.naturaleza: column_default (0.26769ms)
  ✔ evidencia_no_aplicada_e2.created_at: missing (0.22888ms)
  ✔ evidencia_no_aplicada_e2.created_at: data_type (0.201104ms)
  ✔ evidencia_no_aplicada_e2.created_at: is_nullable (0.170575ms)
  ✔ evidencia_no_aplicada_e2.created_at: column_default (0.506364ms)
  ✔ finalizaciones_abono_e2_pkey: missing (0.270797ms)
  ✔ finalizaciones_abono_e2_pkey: table_name (0.433391ms)
  ✔ finalizaciones_abono_e2_pkey: definition (0.327037ms)
  ✔ finalizaciones_abono_e2_pkey: convalidated (0.254574ms)
  ✔ finalizaciones_abono_e2_pkey: condeferrable (0.240687ms)
  ✔ finalizaciones_abono_e2_pkey: condeferred (0.178714ms)
  ✔ finalizaciones_abono_e2_pkey: index_valid (0.337404ms)
  ✔ finalizaciones_abono_e2_abono_id_fkey: missing (0.287188ms)
  ✔ finalizaciones_abono_e2_abono_id_fkey: table_name (0.206008ms)
  ✔ finalizaciones_abono_e2_abono_id_fkey: definition (0.260835ms)
  ✔ finalizaciones_abono_e2_abono_id_fkey: convalidated (0.246253ms)
  ✔ finalizaciones_abono_e2_abono_id_fkey: condeferrable (0.20007ms)
  ✔ finalizaciones_abono_e2_abono_id_fkey: condeferred (0.171852ms)
  ✔ finalizaciones_abono_e2_abono_id_fkey: index_valid (0.166727ms)
  ✔ finalizaciones_abono_e2_cliente_id_fkey: missing (0.438867ms)
  ✔ finalizaciones_abono_e2_cliente_id_fkey: table_name (0.230347ms)
  ✔ finalizaciones_abono_e2_cliente_id_fkey: definition (0.192967ms)
  ✔ finalizaciones_abono_e2_cliente_id_fkey: convalidated (0.241581ms)
  ✔ finalizaciones_abono_e2_cliente_id_fkey: condeferrable (0.196848ms)
  ✔ finalizaciones_abono_e2_cliente_id_fkey: condeferred (0.179827ms)
  ✔ finalizaciones_abono_e2_cliente_id_fkey: index_valid (0.179449ms)
  ✔ finalizaciones_abono_e2_operacion_productor_operacion_clave_key: missing (0.20828ms)
  ✔ finalizaciones_abono_e2_operacion_productor_operacion_clave_key: table_name (0.276774ms)
  ✔ finalizaciones_abono_e2_operacion_productor_operacion_clave_key: definition (0.284949ms)
  ✔ finalizaciones_abono_e2_operacion_productor_operacion_clave_key: convalidated (0.50397ms)
  ✔ finalizaciones_abono_e2_operacion_productor_operacion_clave_key: condeferrable (0.224387ms)
  ✔ finalizaciones_abono_e2_operacion_productor_operacion_clave_key: condeferred (0.188427ms)
  ✔ finalizaciones_abono_e2_operacion_productor_operacion_clave_key: index_valid (6.588251ms)
  ✔ finalizaciones_abono_e2_importe_check: missing (0.274766ms)
  ✔ finalizaciones_abono_e2_importe_check: table_name (0.277545ms)
  ✔ finalizaciones_abono_e2_importe_check: definition (0.288478ms)
  ✔ finalizaciones_abono_e2_importe_check: convalidated (0.235747ms)
  ✔ finalizaciones_abono_e2_importe_check: condeferrable (0.255289ms)
  ✔ finalizaciones_abono_e2_importe_check: condeferred (0.180123ms)
  ✔ finalizaciones_abono_e2_importe_check: index_valid (0.155885ms)
  ✔ finalizaciones_abono_e2_resultado_check: missing (0.142531ms)
  ✔ finalizaciones_abono_e2_resultado_check: table_name (0.258179ms)
  ✔ finalizaciones_abono_e2_resultado_check: definition (0.185082ms)
  ✔ finalizaciones_abono_e2_resultado_check: convalidated (0.235263ms)
  ✔ finalizaciones_abono_e2_resultado_check: condeferrable (0.242454ms)
  ✔ finalizaciones_abono_e2_resultado_check: condeferred (0.254828ms)
  ✔ finalizaciones_abono_e2_resultado_check: index_valid (0.243264ms)
  ✔ finalizaciones_abono_e2_aplicado_check: missing (0.231543ms)
  ✔ finalizaciones_abono_e2_aplicado_check: table_name (0.242824ms)
  ✔ finalizaciones_abono_e2_aplicado_check: definition (0.16917ms)
  ✔ finalizaciones_abono_e2_aplicado_check: convalidated (0.155229ms)
  ✔ finalizaciones_abono_e2_aplicado_check: condeferrable (0.147717ms)
  ✔ finalizaciones_abono_e2_aplicado_check: condeferred (0.145456ms)
  ✔ finalizaciones_abono_e2_aplicado_check: index_valid (0.14408ms)
  ✔ finalizaciones_abono_e2_evaluacion_check: missing (0.258513ms)
  ✔ finalizaciones_abono_e2_evaluacion_check: table_name (0.166321ms)
  ✔ finalizaciones_abono_e2_evaluacion_check: definition (0.162503ms)
  ✔ finalizaciones_abono_e2_evaluacion_check: convalidated (0.151503ms)
  ✔ finalizaciones_abono_e2_evaluacion_check: condeferrable (0.202813ms)
  ✔ finalizaciones_abono_e2_evaluacion_check: condeferred (0.169431ms)
  ✔ finalizaciones_abono_e2_evaluacion_check: index_valid (0.156626ms)
  ✔ finalizaciones_abono_e2_contrato_revision_check: missing (0.248674ms)
  ✔ finalizaciones_abono_e2_contrato_revision_check: table_name (0.234225ms)
  ✔ finalizaciones_abono_e2_contrato_revision_check: definition (0.214336ms)
  ✔ finalizaciones_abono_e2_contrato_revision_check: convalidated (0.227583ms)
  ✔ finalizaciones_abono_e2_contrato_revision_check: condeferrable (0.207608ms)
  ✔ finalizaciones_abono_e2_contrato_revision_check: condeferred (0.226955ms)
  ✔ finalizaciones_abono_e2_contrato_revision_check: index_valid (0.244255ms)
  ✔ finalizaciones_abono_e2_check: missing (0.156373ms)
  ✔ finalizaciones_abono_e2_check: table_name (0.150388ms)
  ✔ finalizaciones_abono_e2_check: definition (0.146466ms)
  ✔ finalizaciones_abono_e2_check: convalidated (0.248266ms)
  ✔ finalizaciones_abono_e2_check: condeferrable (0.15801ms)
  ✔ finalizaciones_abono_e2_check: condeferred (0.151373ms)
  ✔ finalizaciones_abono_e2_check: index_valid (0.148462ms)
  ✔ finalizaciones_abono_e2_operacion_productor_check: missing (0.135043ms)
  ✔ finalizaciones_abono_e2_operacion_productor_check: table_name (0.189347ms)
  ✔ finalizaciones_abono_e2_operacion_productor_check: definition (0.189354ms)
  ✔ finalizaciones_abono_e2_operacion_productor_check: convalidated (0.272072ms)
  ✔ finalizaciones_abono_e2_operacion_productor_check: condeferrable (0.308146ms)
  ✔ finalizaciones_abono_e2_operacion_productor_check: condeferred (0.243577ms)
  ✔ finalizaciones_abono_e2_operacion_productor_check: index_valid (0.243507ms)
  ✔ evidencia_no_aplicada_e2_pkey: missing (0.264658ms)
  ✔ evidencia_no_aplicada_e2_pkey: table_name (0.307309ms)
  ✔ evidencia_no_aplicada_e2_pkey: definition (0.271294ms)
  ✔ evidencia_no_aplicada_e2_pkey: convalidated (0.4155ms)
  ✔ evidencia_no_aplicada_e2_pkey: condeferrable (0.475765ms)
  ✔ evidencia_no_aplicada_e2_pkey: condeferred (0.398514ms)
  ✔ evidencia_no_aplicada_e2_pkey: index_valid (0.274638ms)
  ✔ evidencia_no_aplicada_e2_abono_id_key: missing (0.197006ms)
  ✔ evidencia_no_aplicada_e2_abono_id_key: table_name (0.285187ms)
  ✔ evidencia_no_aplicada_e2_abono_id_key: definition (0.280833ms)
  ✔ evidencia_no_aplicada_e2_abono_id_key: convalidated (0.194949ms)
  ✔ evidencia_no_aplicada_e2_abono_id_key: condeferrable (0.202512ms)
  ✔ evidencia_no_aplicada_e2_abono_id_key: condeferred (0.1855ms)
  ✔ evidencia_no_aplicada_e2_abono_id_key: index_valid (0.166072ms)
  ✔ evidencia_no_aplicada_e2_cobro_clave_key: missing (0.146869ms)
  ✔ evidencia_no_aplicada_e2_cobro_clave_key: table_name (0.841365ms)
  ✔ evidencia_no_aplicada_e2_cobro_clave_key: definition (0.233699ms)
  ✔ evidencia_no_aplicada_e2_cobro_clave_key: convalidated (0.200836ms)
  ✔ evidencia_no_aplicada_e2_cobro_clave_key: condeferrable (0.15996ms)
  ✔ evidencia_no_aplicada_e2_cobro_clave_key: condeferred (0.153268ms)
  ✔ evidencia_no_aplicada_e2_cobro_clave_key: index_valid (0.15264ms)
  ✔ evidencia_no_aplicada_e2_cobro_productor_cobro_clave_fkey: missing (0.142416ms)
  ✔ evidencia_no_aplicada_e2_cobro_productor_cobro_clave_fkey: table_name (0.191346ms)
  ✔ evidencia_no_aplicada_e2_cobro_productor_cobro_clave_fkey: definition (0.168042ms)
  ✔ evidencia_no_aplicada_e2_cobro_productor_cobro_clave_fkey: convalidated (0.349105ms)
  ✔ evidencia_no_aplicada_e2_cobro_productor_cobro_clave_fkey: condeferrable (0.193651ms)
  ✔ evidencia_no_aplicada_e2_cobro_productor_cobro_clave_fkey: condeferred (0.287058ms)
  ✔ evidencia_no_aplicada_e2_cobro_productor_cobro_clave_fkey: index_valid (0.251963ms)
  ✔ evidencia_no_aplicada_e2_abono_id_fkey: missing (0.157547ms)
  ✔ evidencia_no_aplicada_e2_abono_id_fkey: table_name (0.244566ms)
  ✔ evidencia_no_aplicada_e2_abono_id_fkey: definition (0.172393ms)
  ✔ evidencia_no_aplicada_e2_abono_id_fkey: convalidated (0.163646ms)
  ✔ evidencia_no_aplicada_e2_abono_id_fkey: condeferrable (0.154683ms)
  ✔ evidencia_no_aplicada_e2_abono_id_fkey: condeferred (0.15052ms)
  ✔ evidencia_no_aplicada_e2_abono_id_fkey: index_valid (0.195688ms)
  ✔ evidencia_no_aplicada_e2_cliente_id_fkey: missing (0.152507ms)
  ✔ evidencia_no_aplicada_e2_cliente_id_fkey: table_name (0.154217ms)
  ✔ evidencia_no_aplicada_e2_cliente_id_fkey: definition (0.154373ms)
  ✔ evidencia_no_aplicada_e2_cliente_id_fkey: convalidated (0.155417ms)
  ✔ evidencia_no_aplicada_e2_cliente_id_fkey: condeferrable (0.356674ms)
  ✔ evidencia_no_aplicada_e2_cliente_id_fkey: condeferred (0.223003ms)
  ✔ evidencia_no_aplicada_e2_cliente_id_fkey: index_valid (0.164844ms)
  ✔ evidencia_no_aplicada_e2_importe_check: missing (0.144862ms)
  ✔ evidencia_no_aplicada_e2_importe_check: table_name (0.19158ms)
  ✔ evidencia_no_aplicada_e2_importe_check: definition (0.159844ms)
  ✔ evidencia_no_aplicada_e2_importe_check: convalidated (0.154171ms)
  ✔ evidencia_no_aplicada_e2_importe_check: condeferrable (0.155019ms)
  ✔ evidencia_no_aplicada_e2_importe_check: condeferred (0.153949ms)
  ✔ evidencia_no_aplicada_e2_importe_check: index_valid (0.229877ms)
  ✔ evidencia_no_aplicada_e2_forma_pago_check: missing (0.227186ms)
  ✔ evidencia_no_aplicada_e2_forma_pago_check: table_name (0.203678ms)
  ✔ evidencia_no_aplicada_e2_forma_pago_check: definition (0.170028ms)
  ✔ evidencia_no_aplicada_e2_forma_pago_check: convalidated (0.19755ms)
  ✔ evidencia_no_aplicada_e2_forma_pago_check: condeferrable (0.166297ms)
  ✔ evidencia_no_aplicada_e2_forma_pago_check: condeferred (0.19288ms)
  ✔ evidencia_no_aplicada_e2_forma_pago_check: index_valid (0.248278ms)
  ✔ evidencia_no_aplicada_e2_naturaleza_check: missing (0.183512ms)
  ✔ evidencia_no_aplicada_e2_naturaleza_check: table_name (0.217495ms)
  ✔ evidencia_no_aplicada_e2_naturaleza_check: definition (0.176988ms)
  ✔ evidencia_no_aplicada_e2_naturaleza_check: convalidated (0.208216ms)
  ✔ evidencia_no_aplicada_e2_naturaleza_check: condeferrable (0.389598ms)
  ✔ evidencia_no_aplicada_e2_naturaleza_check: condeferred (0.310645ms)
  ✔ evidencia_no_aplicada_e2_naturaleza_check: index_valid (0.335254ms)
  ✔ evidencia_no_aplicada_e2_check: missing (0.215562ms)
  ✔ evidencia_no_aplicada_e2_check: table_name (0.194269ms)
  ✔ evidencia_no_aplicada_e2_check: definition (0.175066ms)
  ✔ evidencia_no_aplicada_e2_check: convalidated (0.166583ms)
  ✔ evidencia_no_aplicada_e2_check: condeferrable (0.220166ms)
  ✔ evidencia_no_aplicada_e2_check: condeferred (0.237398ms)
  ✔ evidencia_no_aplicada_e2_check: index_valid (0.180473ms)
  ✔ e2_finalization_immutable: missing (0.334608ms)
  ✔ e2_finalization_immutable: prosrc (0.284454ms)
  ✔ e2_finalization_immutable: prokind (0.207468ms)
  ✔ e2_finalization_immutable: provolatile (0.234649ms)
  ✔ e2_finalization_immutable: proparallel (0.207326ms)
  ✔ e2_finalization_immutable: prosecdef (0.264867ms)
  ✔ e2_finalization_immutable: proleakproof (0.281562ms)
  ✔ e2_finalization_immutable: proisstrict (0.293885ms)
  ✔ e2_finalization_immutable: proretset (0.218247ms)
  ✔ e2_finalization_immutable: proacl (0.204246ms)
  ✔ e2_finalization_immutable: proconfig (0.233776ms)
  ✔ e2_finalization_immutable: language_name (0.200362ms)
  ✔ e2_finalization_immutable: owner_name (0.196753ms)
  ✔ e2_finalization_immutable: result_type (0.185974ms)
  ✔ e2_finalization_immutable: identity_arguments (0.20241ms)
  ✔ e2_finalization_immutable: tgenabled (0.255562ms)
  ✔ e2_finalization_immutable: tgtype (0.190143ms)
  ✔ e2_finalization_immutable: table_name (0.183157ms)
  ✔ e2_finalization_immutable: function_name (0.180087ms)
  ✔ e2_finalization_immutable: function_schema (0.279076ms)
  ✔ e2_finalization_immutable: args_length (0.314346ms)
  ✔ e2_finalization_immutable: trigger_attr (0.382144ms)
  ✔ e2_finalization_immutable: has_parent (0.214926ms)
  ✔ e2_finalization_immutable: has_qual (0.20008ms)
  ✔ e2_finalization_immutable: has_constraint (0.190584ms)
  ✔ e2_finalization_immutable: tgdeferrable (0.256909ms)
  ✔ e2_finalization_immutable: tginitdeferred (0.202484ms)
  ✔ e2_validate_abono_finalization: missing (0.171047ms)
  ✔ e2_validate_abono_finalization: prosrc (0.295344ms)
  ✔ e2_validate_abono_finalization: prokind (0.241761ms)
  ✔ e2_validate_abono_finalization: provolatile (0.199731ms)
  ✔ e2_validate_abono_finalization: proparallel (0.190385ms)
  ✔ e2_validate_abono_finalization: prosecdef (0.232953ms)
  ✔ e2_validate_abono_finalization: proleakproof (0.206786ms)
  ✔ e2_validate_abono_finalization: proisstrict (0.198935ms)
  ✔ e2_validate_abono_finalization: proretset (0.201713ms)
  ✔ e2_validate_abono_finalization: proacl (0.268283ms)
  ✔ e2_validate_abono_finalization: proconfig (0.276303ms)
  ✔ e2_validate_abono_finalization: language_name (0.20358ms)
  ✔ e2_validate_abono_finalization: owner_name (0.193821ms)
  ✔ e2_validate_abono_finalization: result_type (0.236612ms)
  ✔ e2_validate_abono_finalization: identity_arguments (0.281648ms)
  ✔ e2_validate_abono_finalization: tgenabled (0.215629ms)
  ✔ e2_validate_abono_finalization: tgtype (0.189309ms)
  ✔ e2_validate_abono_finalization: table_name (0.242491ms)
  ✔ e2_validate_abono_finalization: function_name (0.210876ms)
  ✔ e2_validate_abono_finalization: function_schema (0.195215ms)
  ✔ e2_validate_abono_finalization: args_length (0.187634ms)
  ✔ e2_validate_abono_finalization: trigger_attr (0.239632ms)
  ✔ e2_validate_abono_finalization: has_parent (0.217067ms)
  ✔ e2_validate_abono_finalization: has_qual (0.19357ms)
  ✔ e2_validate_abono_finalization: has_constraint (0.212518ms)
  ✔ e2_validate_abono_finalization: tgdeferrable (0.345315ms)
  ✔ e2_validate_abono_finalization: tginitdeferred (0.207864ms)
  ✔ e2_proof_immutable: missing (0.247083ms)
  ✔ e2_proof_immutable: prosrc (0.281227ms)
  ✔ e2_proof_immutable: prokind (0.215814ms)
  ✔ e2_proof_immutable: provolatile (0.202102ms)
  ✔ e2_proof_immutable: proparallel (0.197385ms)
  ✔ e2_proof_immutable: prosecdef (0.241999ms)
  ✔ e2_proof_immutable: proleakproof (0.263228ms)
  ✔ e2_proof_immutable: proisstrict (0.259665ms)
  ✔ e2_proof_immutable: proretset (0.383891ms)
  ✔ e2_proof_immutable: proacl (0.348709ms)
  ✔ e2_proof_immutable: proconfig (0.319885ms)
  ✔ e2_proof_immutable: language_name (0.322991ms)
  ✔ e2_proof_immutable: owner_name (0.292836ms)
  ✔ e2_proof_immutable: result_type (0.321573ms)
  ✔ e2_proof_immutable: identity_arguments (0.312034ms)
  ✔ e2_proof_immutable: tgenabled (0.314876ms)
  ✔ e2_proof_immutable: tgtype (0.320975ms)
  ✔ e2_proof_immutable: table_name (0.243295ms)
  ✔ e2_proof_immutable: function_name (0.260907ms)
  ✔ e2_proof_immutable: function_schema (0.286163ms)
  ✔ e2_proof_immutable: args_length (0.210513ms)
  ✔ e2_proof_immutable: trigger_attr (0.199171ms)
  ✔ e2_proof_immutable: has_parent (0.246547ms)
  ✔ e2_proof_immutable: has_qual (0.240388ms)
  ✔ e2_proof_immutable: has_constraint (0.213084ms)
  ✔ e2_proof_immutable: tgdeferrable (0.19509ms)
  ✔ e2_proof_immutable: tginitdeferred (0.288667ms)
  ✔ e2_validate_unused_proof: missing (0.21465ms)
  ✔ e2_validate_unused_proof: prosrc (0.223304ms)
  ✔ e2_validate_unused_proof: prokind (0.349833ms)
  ✔ e2_validate_unused_proof: provolatile (0.274652ms)
  ✔ e2_validate_unused_proof: proparallel (0.215552ms)
  ✔ e2_validate_unused_proof: prosecdef (0.316762ms)
  ✔ e2_validate_unused_proof: proleakproof (0.308221ms)
  ✔ e2_validate_unused_proof: proisstrict (0.221482ms)
  ✔ e2_validate_unused_proof: proretset (0.323722ms)
  ✔ e2_validate_unused_proof: proacl (0.36156ms)
  ✔ e2_validate_unused_proof: proconfig (0.245858ms)
  ✔ e2_validate_unused_proof: language_name (0.248417ms)
  ✔ e2_validate_unused_proof: owner_name (0.227216ms)
  ✔ e2_validate_unused_proof: result_type (0.23385ms)
  ✔ e2_validate_unused_proof: identity_arguments (0.214114ms)
  ✔ e2_validate_unused_proof: tgenabled (0.239191ms)
  ✔ e2_validate_unused_proof: tgtype (0.208516ms)
  ✔ e2_validate_unused_proof: table_name (0.200296ms)
  ✔ e2_validate_unused_proof: function_name (0.193608ms)
  ✔ e2_validate_unused_proof: function_schema (0.235261ms)
  ✔ e2_validate_unused_proof: args_length (0.216042ms)
  ✔ e2_validate_unused_proof: trigger_attr (0.35661ms)
  ✔ e2_validate_unused_proof: has_parent (0.224824ms)
  ✔ e2_validate_unused_proof: has_qual (0.501959ms)
  ✔ e2_validate_unused_proof: has_constraint (0.218711ms)
  ✔ e2_validate_unused_proof: tgdeferrable (0.361263ms)
  ✔ e2_validate_unused_proof: tginitdeferred (0.232876ms)
  ✔ e2_abono_finalization_complete: missing (0.180296ms)
  ✔ e2_abono_finalization_complete: prosrc (0.251402ms)
  ✔ e2_abono_finalization_complete: prokind (0.226894ms)
  ✔ e2_abono_finalization_complete: provolatile (0.206106ms)
  ✔ e2_abono_finalization_complete: proparallel (0.204983ms)
  ✔ e2_abono_finalization_complete: prosecdef (0.235749ms)
  ✔ e2_abono_finalization_complete: proleakproof (0.22188ms)
  ✔ e2_abono_finalization_complete: proisstrict (0.204646ms)
  ✔ e2_abono_finalization_complete: proretset (0.211604ms)
  ✔ e2_abono_finalization_complete: proacl (0.292433ms)
  ✔ e2_abono_finalization_complete: proconfig (0.230202ms)
  ✔ e2_abono_finalization_complete: language_name (0.205532ms)
  ✔ e2_abono_finalization_complete: owner_name (0.205504ms)
  ✔ e2_abono_finalization_complete: result_type (0.234788ms)
  ✔ e2_abono_finalization_complete: identity_arguments (0.213536ms)
  ✔ e2_abono_finalization_complete: tgenabled (0.34057ms)
  ✔ e2_abono_finalization_complete: tgtype (0.327646ms)
  ✔ e2_abono_finalization_complete: table_name (1.543183ms)
  ✔ e2_abono_finalization_complete: function_name (0.42363ms)
  ✔ e2_abono_finalization_complete: function_schema (7.819929ms)
  ✔ e2_abono_finalization_complete: args_length (0.323736ms)
  ✔ e2_abono_finalization_complete: trigger_attr (0.233523ms)
  ✔ e2_abono_finalization_complete: has_parent (0.267595ms)
  ✔ e2_abono_finalization_complete: has_qual (0.27736ms)
  ✔ e2_abono_finalization_complete: has_constraint (0.258247ms)
  ✔ e2_abono_finalization_complete: tgdeferrable (0.248145ms)
  ✔ e2_abono_finalization_complete: tginitdeferred (0.221662ms)
  ✔ e2_capture_application_order: missing (0.177179ms)
  ✔ e2_capture_application_order: prosrc (0.200917ms)
  ✔ e2_capture_application_order: prokind (0.239736ms)
  ✔ e2_capture_application_order: provolatile (0.214595ms)
  ✔ e2_capture_application_order: proparallel (0.202454ms)
  ✔ e2_capture_application_order: prosecdef (0.199575ms)
  ✔ e2_capture_application_order: proleakproof (0.29102ms)
  ✔ e2_capture_application_order: proisstrict (0.220425ms)
  ✔ e2_capture_application_order: proretset (0.20069ms)
  ✔ e2_capture_application_order: proacl (0.197433ms)
  ✔ e2_capture_application_order: proconfig (0.240996ms)
  ✔ e2_capture_application_order: language_name (0.211739ms)
  ✔ e2_capture_application_order: owner_name (0.36256ms)
  ✔ e2_capture_application_order: result_type (0.283052ms)
  ✔ e2_capture_application_order: identity_arguments (0.224159ms)
  ✔ e2_capture_application_order: tgenabled (0.203391ms)
  ✔ e2_capture_application_order: tgtype (0.203353ms)
  ✔ e2_capture_application_order: table_name (0.295336ms)
  ✔ e2_capture_application_order: function_name (0.351968ms)
  ✔ e2_capture_application_order: function_schema (0.391639ms)
  ✔ e2_capture_application_order: args_length (0.30804ms)
  ✔ e2_capture_application_order: trigger_attr (0.218485ms)
  ✔ e2_capture_application_order: has_parent (0.359257ms)
  ✔ e2_capture_application_order: has_qual (0.311539ms)
  ✔ e2_capture_application_order: has_constraint (0.35793ms)
  ✔ e2_capture_application_order: tgdeferrable (0.309911ms)
  ✔ e2_capture_application_order: tginitdeferred (0.312856ms)
  ✔ e2_finalize_new_abono: missing (0.45617ms)
  ✔ e2_finalize_new_abono: prosrc (0.387897ms)
  ✔ e2_finalize_new_abono: prokind (0.441716ms)
  ✔ e2_finalize_new_abono: provolatile (0.351798ms)
  ✔ e2_finalize_new_abono: proparallel (0.361595ms)
  ✔ e2_finalize_new_abono: prosecdef (0.32384ms)
  ✔ e2_finalize_new_abono: proleakproof (0.354554ms)
  ✔ e2_finalize_new_abono: proisstrict (0.311326ms)
  ✔ e2_finalize_new_abono: proretset (0.279813ms)
  ✔ e2_finalize_new_abono: proacl (0.248458ms)
  ✔ e2_finalize_new_abono: proconfig (0.384783ms)
  ✔ e2_finalize_new_abono: language_name (0.232387ms)
  ✔ e2_finalize_new_abono: owner_name (0.419364ms)
  ✔ e2_finalize_new_abono: result_type (0.354538ms)
  ✔ e2_finalize_new_abono: identity_arguments (0.341817ms)
  ✔ e2_attest_new_retained: missing (0.258861ms)
  ✔ e2_attest_new_retained: prosrc (0.237741ms)
  ✔ e2_attest_new_retained: prokind (0.323334ms)
  ✔ e2_attest_new_retained: provolatile (0.258235ms)
  ✔ e2_attest_new_retained: proparallel (0.278876ms)
  ✔ e2_attest_new_retained: prosecdef (0.246929ms)
  ✔ e2_attest_new_retained: proleakproof (0.248954ms)
  ✔ e2_attest_new_retained: proisstrict (0.288183ms)
  ✔ e2_attest_new_retained: proretset (0.244588ms)
  ✔ e2_attest_new_retained: proacl (0.481937ms)
  ✔ e2_attest_new_retained: proconfig (0.254907ms)
  ✔ e2_attest_new_retained: language_name (0.276682ms)
  ✔ e2_attest_new_retained: owner_name (0.245988ms)
  ✔ e2_attest_new_retained: result_type (0.223929ms)
  ✔ e2_attest_new_retained: identity_arguments (0.30235ms)
✔ A+C mock preflight independently rejects each catalog drift (174.497374ms)
ℹ tests 428
ℹ suites 0
ℹ pass 428
ℹ fail 0
ℹ cancelled 0
ℹ skipped 0
ℹ todo 0
ℹ duration_ms 620.261931
