✔ mounted ordinary producer: UNUSED/PARTIAL/FULL and FIFO persistence ordering (266.796702ms)
✔ mounted directed approval finalizes FULL only after its application (27.179295ms)
✔ actual core rejects directed result/amount mismatches before persistence (0.731233ms)
✔ positive proof is mandatory in the real refund service (63.162927ms)
✔ real refund service accepts both origins and rejects absent/used ABONO finalization (68.142885ms)
✔ R4 application-order guard exists in prepared SQL (LEXICAL ONLY, not SQL semantics) (0.436697ms)
▶ A+C mock preflight independently rejects each catalog drift
  ✔ finalizaciones_abono_e2.abono_id: missing (0.61397ms)
  ✔ finalizaciones_abono_e2.abono_id: data_type (0.487134ms)
  ✔ finalizaciones_abono_e2.abono_id: is_nullable (0.346814ms)
  ✔ finalizaciones_abono_e2.abono_id: column_default (0.485608ms)
  ✔ finalizaciones_abono_e2.operacion_productor: missing (0.242205ms)
  ✔ finalizaciones_abono_e2.operacion_productor: data_type (0.243441ms)
  ✔ finalizaciones_abono_e2.operacion_productor: is_nullable (0.223961ms)
  ✔ finalizaciones_abono_e2.operacion_productor: column_default (0.20979ms)
  ✔ finalizaciones_abono_e2.operacion_clave: missing (0.443568ms)
  ✔ finalizaciones_abono_e2.operacion_clave: data_type (0.212232ms)
  ✔ finalizaciones_abono_e2.operacion_clave: is_nullable (0.194362ms)
  ✔ finalizaciones_abono_e2.operacion_clave: column_default (0.231972ms)
  ✔ finalizaciones_abono_e2.cliente_id: missing (0.36334ms)
  ✔ finalizaciones_abono_e2.cliente_id: data_type (0.220207ms)
  ✔ finalizaciones_abono_e2.cliente_id: is_nullable (0.264704ms)
  ✔ finalizaciones_abono_e2.cliente_id: column_default (0.241222ms)
  ✔ finalizaciones_abono_e2.importe: missing (0.17991ms)
  ✔ finalizaciones_abono_e2.importe: data_type (0.219518ms)
  ✔ finalizaciones_abono_e2.importe: is_nullable (0.261957ms)
  ✔ finalizaciones_abono_e2.importe: column_default (0.202626ms)
  ✔ finalizaciones_abono_e2.importe: numeric_precision (0.182721ms)
  ✔ finalizaciones_abono_e2.importe: numeric_scale (0.276289ms)
  ✔ finalizaciones_abono_e2.resultado: missing (0.272529ms)
  ✔ finalizaciones_abono_e2.resultado: data_type (0.193837ms)
  ✔ finalizaciones_abono_e2.resultado: is_nullable (0.304477ms)
  ✔ finalizaciones_abono_e2.resultado: column_default (0.352923ms)
  ✔ finalizaciones_abono_e2.aplicado: missing (0.271772ms)
  ✔ finalizaciones_abono_e2.aplicado: data_type (0.198834ms)
  ✔ finalizaciones_abono_e2.aplicado: is_nullable (0.508387ms)
  ✔ finalizaciones_abono_e2.aplicado: column_default (0.236985ms)
  ✔ finalizaciones_abono_e2.aplicado: numeric_precision (0.965728ms)
  ✔ finalizaciones_abono_e2.aplicado: numeric_scale (0.234053ms)
  ✔ finalizaciones_abono_e2.evaluacion: missing (0.311429ms)
  ✔ finalizaciones_abono_e2.evaluacion: data_type (0.2853ms)
  ✔ finalizaciones_abono_e2.evaluacion: is_nullable (0.185468ms)
  ✔ finalizaciones_abono_e2.evaluacion: column_default (0.195821ms)
  ✔ finalizaciones_abono_e2.contrato_revision: missing (0.171693ms)
  ✔ finalizaciones_abono_e2.contrato_revision: data_type (0.170815ms)
  ✔ finalizaciones_abono_e2.contrato_revision: is_nullable (0.349816ms)
  ✔ finalizaciones_abono_e2.contrato_revision: column_default (0.200956ms)
  ✔ finalizaciones_abono_e2.created_at: missing (0.175887ms)
  ✔ finalizaciones_abono_e2.created_at: data_type (0.172593ms)
  ✔ finalizaciones_abono_e2.created_at: is_nullable (0.25908ms)
  ✔ finalizaciones_abono_e2.created_at: column_default (0.179929ms)
  ✔ evidencia_no_aplicada_e2.fuente: missing (0.217724ms)
  ✔ evidencia_no_aplicada_e2.fuente: data_type (0.170997ms)
  ✔ evidencia_no_aplicada_e2.fuente: is_nullable (0.198468ms)
  ✔ evidencia_no_aplicada_e2.fuente: column_default (0.179325ms)
  ✔ evidencia_no_aplicada_e2.abono_id: missing (0.16476ms)
  ✔ evidencia_no_aplicada_e2.abono_id: data_type (0.158817ms)
  ✔ evidencia_no_aplicada_e2.abono_id: is_nullable (0.161627ms)
  ✔ evidencia_no_aplicada_e2.abono_id: column_default (0.241137ms)
  ✔ evidencia_no_aplicada_e2.cobro_productor: missing (0.184698ms)
  ✔ evidencia_no_aplicada_e2.cobro_productor: data_type (0.174254ms)
  ✔ evidencia_no_aplicada_e2.cobro_productor: is_nullable (0.207862ms)
  ✔ evidencia_no_aplicada_e2.cobro_productor: column_default (0.217858ms)
  ✔ evidencia_no_aplicada_e2.cobro_clave: missing (0.174849ms)
  ✔ evidencia_no_aplicada_e2.cobro_clave: data_type (0.164235ms)
  ✔ evidencia_no_aplicada_e2.cobro_clave: is_nullable (0.164304ms)
  ✔ evidencia_no_aplicada_e2.cobro_clave: column_default (0.164273ms)
  ✔ evidencia_no_aplicada_e2.cliente_id: missing (0.219226ms)
  ✔ evidencia_no_aplicada_e2.cliente_id: data_type (0.342369ms)
  ✔ evidencia_no_aplicada_e2.cliente_id: is_nullable (0.206881ms)
  ✔ evidencia_no_aplicada_e2.cliente_id: column_default (0.224446ms)
  ✔ evidencia_no_aplicada_e2.importe: missing (0.176081ms)
  ✔ evidencia_no_aplicada_e2.importe: data_type (0.165873ms)
  ✔ evidencia_no_aplicada_e2.importe: is_nullable (0.250479ms)
  ✔ evidencia_no_aplicada_e2.importe: column_default (0.270657ms)
  ✔ evidencia_no_aplicada_e2.importe: numeric_precision (0.187653ms)
  ✔ evidencia_no_aplicada_e2.importe: numeric_scale (0.173152ms)
  ✔ evidencia_no_aplicada_e2.forma_pago: missing (0.285194ms)
  ✔ evidencia_no_aplicada_e2.forma_pago: data_type (0.192433ms)
  ✔ evidencia_no_aplicada_e2.forma_pago: is_nullable (0.187853ms)
  ✔ evidencia_no_aplicada_e2.forma_pago: column_default (0.194273ms)
  ✔ evidencia_no_aplicada_e2.naturaleza: missing (0.206525ms)
  ✔ evidencia_no_aplicada_e2.naturaleza: data_type (0.184178ms)
  ✔ evidencia_no_aplicada_e2.naturaleza: is_nullable (0.195347ms)
  ✔ evidencia_no_aplicada_e2.naturaleza: column_default (0.229742ms)
  ✔ evidencia_no_aplicada_e2.created_at: missing (0.200341ms)
  ✔ evidencia_no_aplicada_e2.created_at: data_type (0.193626ms)
  ✔ evidencia_no_aplicada_e2.created_at: is_nullable (0.224643ms)
  ✔ evidencia_no_aplicada_e2.created_at: column_default (0.542383ms)
  ✔ finalizaciones_abono_e2_pkey: missing (0.306008ms)
  ✔ finalizaciones_abono_e2_pkey: table_name (0.332598ms)
  ✔ finalizaciones_abono_e2_pkey: definition (0.325298ms)
  ✔ finalizaciones_abono_e2_pkey: convalidated (0.267894ms)
  ✔ finalizaciones_abono_e2_pkey: condeferrable (0.18716ms)
  ✔ finalizaciones_abono_e2_pkey: condeferred (0.395272ms)
  ✔ finalizaciones_abono_e2_pkey: index_valid (0.202905ms)
  ✔ finalizaciones_abono_e2_abono_id_fkey: missing (0.178353ms)
  ✔ finalizaciones_abono_e2_abono_id_fkey: table_name (0.222178ms)
  ✔ finalizaciones_abono_e2_abono_id_fkey: definition (0.300188ms)
  ✔ finalizaciones_abono_e2_abono_id_fkey: convalidated (0.209311ms)
  ✔ finalizaciones_abono_e2_abono_id_fkey: condeferrable (0.271327ms)
  ✔ finalizaciones_abono_e2_abono_id_fkey: condeferred (0.20162ms)
  ✔ finalizaciones_abono_e2_abono_id_fkey: index_valid (0.179188ms)
  ✔ finalizaciones_abono_e2_cliente_id_fkey: missing (0.294823ms)
  ✔ finalizaciones_abono_e2_cliente_id_fkey: table_name (0.194603ms)
  ✔ finalizaciones_abono_e2_cliente_id_fkey: definition (0.180036ms)
  ✔ finalizaciones_abono_e2_cliente_id_fkey: convalidated (0.177761ms)
  ✔ finalizaciones_abono_e2_cliente_id_fkey: condeferrable (0.221071ms)
  ✔ finalizaciones_abono_e2_cliente_id_fkey: condeferred (0.180053ms)
  ✔ finalizaciones_abono_e2_cliente_id_fkey: index_valid (0.169607ms)
  ✔ finalizaciones_abono_e2_operacion_productor_operacion_clave_key: missing (0.370082ms)
  ✔ finalizaciones_abono_e2_operacion_productor_operacion_clave_key: table_name (0.243398ms)
  ✔ finalizaciones_abono_e2_operacion_productor_operacion_clave_key: definition (0.188015ms)
  ✔ finalizaciones_abono_e2_operacion_productor_operacion_clave_key: convalidated (2.309279ms)
  ✔ finalizaciones_abono_e2_operacion_productor_operacion_clave_key: condeferrable (0.20696ms)
  ✔ finalizaciones_abono_e2_operacion_productor_operacion_clave_key: condeferred (0.165699ms)
  ✔ finalizaciones_abono_e2_operacion_productor_operacion_clave_key: index_valid (0.153459ms)
  ✔ finalizaciones_abono_e2_importe_check: missing (0.295481ms)
  ✔ finalizaciones_abono_e2_importe_check: table_name (0.1771ms)
  ✔ finalizaciones_abono_e2_importe_check: definition (0.15326ms)
  ✔ finalizaciones_abono_e2_importe_check: convalidated (0.144334ms)
  ✔ finalizaciones_abono_e2_importe_check: condeferrable (0.981555ms)
  ✔ finalizaciones_abono_e2_importe_check: condeferred (0.275831ms)
  ✔ finalizaciones_abono_e2_importe_check: index_valid (0.173082ms)
  ✔ finalizaciones_abono_e2_resultado_check: missing (0.152302ms)
  ✔ finalizaciones_abono_e2_resultado_check: table_name (0.211401ms)
  ✔ finalizaciones_abono_e2_resultado_check: definition (0.19982ms)
  ✔ finalizaciones_abono_e2_resultado_check: convalidated (0.181807ms)
  ✔ finalizaciones_abono_e2_resultado_check: condeferrable (0.159475ms)
  ✔ finalizaciones_abono_e2_resultado_check: condeferred (0.257842ms)
  ✔ finalizaciones_abono_e2_resultado_check: index_valid (0.284476ms)
  ✔ finalizaciones_abono_e2_aplicado_check: missing (0.184345ms)
  ✔ finalizaciones_abono_e2_aplicado_check: table_name (0.175423ms)
  ✔ finalizaciones_abono_e2_aplicado_check: definition (0.160679ms)
  ✔ finalizaciones_abono_e2_aplicado_check: convalidated (0.181644ms)
  ✔ finalizaciones_abono_e2_aplicado_check: condeferrable (0.158851ms)
  ✔ finalizaciones_abono_e2_aplicado_check: condeferred (0.154465ms)
  ✔ finalizaciones_abono_e2_aplicado_check: index_valid (0.144684ms)
  ✔ finalizaciones_abono_e2_evaluacion_check: missing (0.136114ms)
  ✔ finalizaciones_abono_e2_evaluacion_check: table_name (0.146452ms)
  ✔ finalizaciones_abono_e2_evaluacion_check: definition (0.19283ms)
  ✔ finalizaciones_abono_e2_evaluacion_check: convalidated (0.151069ms)
  ✔ finalizaciones_abono_e2_evaluacion_check: condeferrable (0.1501ms)
  ✔ finalizaciones_abono_e2_evaluacion_check: condeferred (0.147963ms)
  ✔ finalizaciones_abono_e2_evaluacion_check: index_valid (0.142783ms)
  ✔ finalizaciones_abono_e2_contrato_revision_check: missing (0.17527ms)
  ✔ finalizaciones_abono_e2_contrato_revision_check: table_name (0.159121ms)
  ✔ finalizaciones_abono_e2_contrato_revision_check: definition (0.150369ms)
  ✔ finalizaciones_abono_e2_contrato_revision_check: convalidated (0.218758ms)
  ✔ finalizaciones_abono_e2_contrato_revision_check: condeferrable (0.3569ms)
  ✔ finalizaciones_abono_e2_contrato_revision_check: condeferred (0.228213ms)
  ✔ finalizaciones_abono_e2_contrato_revision_check: index_valid (0.208651ms)
  ✔ finalizaciones_abono_e2_check: missing (0.156782ms)
  ✔ finalizaciones_abono_e2_check: table_name (0.172398ms)
  ✔ finalizaciones_abono_e2_check: definition (0.156195ms)
  ✔ finalizaciones_abono_e2_check: convalidated (0.159007ms)
  ✔ finalizaciones_abono_e2_check: condeferrable (0.149878ms)
  ✔ finalizaciones_abono_e2_check: condeferred (0.145975ms)
  ✔ finalizaciones_abono_e2_check: index_valid (0.283588ms)
  ✔ finalizaciones_abono_e2_operacion_productor_check: missing (0.170966ms)
  ✔ finalizaciones_abono_e2_operacion_productor_check: table_name (0.162924ms)
  ✔ finalizaciones_abono_e2_operacion_productor_check: definition (0.198899ms)
  ✔ finalizaciones_abono_e2_operacion_productor_check: convalidated (0.211974ms)
  ✔ finalizaciones_abono_e2_operacion_productor_check: condeferrable (0.161664ms)
  ✔ finalizaciones_abono_e2_operacion_productor_check: condeferred (0.158541ms)
  ✔ finalizaciones_abono_e2_operacion_productor_check: index_valid (0.154402ms)
  ✔ evidencia_no_aplicada_e2_pkey: missing (0.306735ms)
  ✔ evidencia_no_aplicada_e2_pkey: table_name (0.277704ms)
  ✔ evidencia_no_aplicada_e2_pkey: definition (0.170088ms)
  ✔ evidencia_no_aplicada_e2_pkey: convalidated (0.234786ms)
  ✔ evidencia_no_aplicada_e2_pkey: condeferrable (0.317149ms)
  ✔ evidencia_no_aplicada_e2_pkey: condeferred (0.260302ms)
  ✔ evidencia_no_aplicada_e2_pkey: index_valid (0.176637ms)
  ✔ evidencia_no_aplicada_e2_abono_id_key: missing (0.184148ms)
  ✔ evidencia_no_aplicada_e2_abono_id_key: table_name (0.218844ms)
  ✔ evidencia_no_aplicada_e2_abono_id_key: definition (0.309159ms)
  ✔ evidencia_no_aplicada_e2_abono_id_key: convalidated (0.209571ms)
  ✔ evidencia_no_aplicada_e2_abono_id_key: condeferrable (0.208294ms)
  ✔ evidencia_no_aplicada_e2_abono_id_key: condeferred (0.155459ms)
  ✔ evidencia_no_aplicada_e2_abono_id_key: index_valid (0.152021ms)
  ✔ evidencia_no_aplicada_e2_cobro_clave_key: missing (0.262891ms)
  ✔ evidencia_no_aplicada_e2_cobro_clave_key: table_name (0.775686ms)
  ✔ evidencia_no_aplicada_e2_cobro_clave_key: definition (0.215936ms)
  ✔ evidencia_no_aplicada_e2_cobro_clave_key: convalidated (0.17767ms)
  ✔ evidencia_no_aplicada_e2_cobro_clave_key: condeferrable (0.154107ms)
  ✔ evidencia_no_aplicada_e2_cobro_clave_key: condeferred (0.149982ms)
  ✔ evidencia_no_aplicada_e2_cobro_clave_key: index_valid (0.153181ms)
  ✔ evidencia_no_aplicada_e2_cobro_productor_cobro_clave_fkey: missing (0.144279ms)
  ✔ evidencia_no_aplicada_e2_cobro_productor_cobro_clave_fkey: table_name (0.193383ms)
  ✔ evidencia_no_aplicada_e2_cobro_productor_cobro_clave_fkey: definition (0.162194ms)
  ✔ evidencia_no_aplicada_e2_cobro_productor_cobro_clave_fkey: convalidated (0.362926ms)
  ✔ evidencia_no_aplicada_e2_cobro_productor_cobro_clave_fkey: condeferrable (0.262207ms)
  ✔ evidencia_no_aplicada_e2_cobro_productor_cobro_clave_fkey: condeferred (0.186213ms)
  ✔ evidencia_no_aplicada_e2_cobro_productor_cobro_clave_fkey: index_valid (0.23712ms)
  ✔ evidencia_no_aplicada_e2_abono_id_fkey: missing (0.277902ms)
  ✔ evidencia_no_aplicada_e2_abono_id_fkey: table_name (0.265958ms)
  ✔ evidencia_no_aplicada_e2_abono_id_fkey: definition (0.166701ms)
  ✔ evidencia_no_aplicada_e2_abono_id_fkey: convalidated (0.158908ms)
  ✔ evidencia_no_aplicada_e2_abono_id_fkey: condeferrable (0.150793ms)
  ✔ evidencia_no_aplicada_e2_abono_id_fkey: condeferred (0.18317ms)
  ✔ evidencia_no_aplicada_e2_abono_id_fkey: index_valid (0.175505ms)
  ✔ evidencia_no_aplicada_e2_cliente_id_fkey: missing (0.139577ms)
  ✔ evidencia_no_aplicada_e2_cliente_id_fkey: table_name (0.152876ms)
  ✔ evidencia_no_aplicada_e2_cliente_id_fkey: definition (0.151386ms)
  ✔ evidencia_no_aplicada_e2_cliente_id_fkey: convalidated (0.154887ms)
  ✔ evidencia_no_aplicada_e2_cliente_id_fkey: condeferrable (0.330164ms)
  ✔ evidencia_no_aplicada_e2_cliente_id_fkey: condeferred (0.19933ms)
  ✔ evidencia_no_aplicada_e2_cliente_id_fkey: index_valid (0.17106ms)
  ✔ evidencia_no_aplicada_e2_importe_check: missing (0.141125ms)
  ✔ evidencia_no_aplicada_e2_importe_check: table_name (0.194617ms)
  ✔ evidencia_no_aplicada_e2_importe_check: definition (0.162115ms)
  ✔ evidencia_no_aplicada_e2_importe_check: convalidated (0.154919ms)
  ✔ evidencia_no_aplicada_e2_importe_check: condeferrable (0.270829ms)
  ✔ evidencia_no_aplicada_e2_importe_check: condeferred (0.273139ms)
  ✔ evidencia_no_aplicada_e2_importe_check: index_valid (0.190761ms)
  ✔ evidencia_no_aplicada_e2_forma_pago_check: missing (0.16534ms)
  ✔ evidencia_no_aplicada_e2_forma_pago_check: table_name (0.166007ms)
  ✔ evidencia_no_aplicada_e2_forma_pago_check: definition (0.193921ms)
  ✔ evidencia_no_aplicada_e2_forma_pago_check: convalidated (0.173907ms)
  ✔ evidencia_no_aplicada_e2_forma_pago_check: condeferrable (0.16338ms)
  ✔ evidencia_no_aplicada_e2_forma_pago_check: condeferred (0.270464ms)
  ✔ evidencia_no_aplicada_e2_forma_pago_check: index_valid (0.173101ms)
  ✔ evidencia_no_aplicada_e2_naturaleza_check: missing (0.164264ms)
  ✔ evidencia_no_aplicada_e2_naturaleza_check: table_name (0.166742ms)
  ✔ evidencia_no_aplicada_e2_naturaleza_check: definition (0.159088ms)
  ✔ evidencia_no_aplicada_e2_naturaleza_check: convalidated (0.153871ms)
  ✔ evidencia_no_aplicada_e2_naturaleza_check: condeferrable (0.23323ms)
  ✔ evidencia_no_aplicada_e2_naturaleza_check: condeferred (0.172291ms)
  ✔ evidencia_no_aplicada_e2_naturaleza_check: index_valid (0.159269ms)
  ✔ evidencia_no_aplicada_e2_check: missing (0.14037ms)
  ✔ evidencia_no_aplicada_e2_check: table_name (0.155754ms)
  ✔ evidencia_no_aplicada_e2_check: definition (0.154323ms)
  ✔ evidencia_no_aplicada_e2_check: convalidated (0.227051ms)
  ✔ evidencia_no_aplicada_e2_check: condeferrable (0.169652ms)
  ✔ evidencia_no_aplicada_e2_check: condeferred (0.222384ms)
  ✔ evidencia_no_aplicada_e2_check: index_valid (0.316012ms)
  ✔ e2_finalization_immutable: missing (0.280825ms)
  ✖ e2_finalization_immutable: prosrc (0.880771ms)
  ✖ e2_finalization_immutable: prokind (0.454536ms)
  ✖ e2_finalization_immutable: provolatile (0.307732ms)
  ✖ e2_finalization_immutable: proparallel (0.358353ms)
  ✖ e2_finalization_immutable: prosecdef (0.43886ms)
  ✖ e2_finalization_immutable: proleakproof (0.392256ms)
  ✖ e2_finalization_immutable: proisstrict (0.353936ms)
  ✖ e2_finalization_immutable: proretset (0.256609ms)
  ✖ e2_finalization_immutable: proacl (0.329137ms)
  ✖ e2_finalization_immutable: proconfig (0.32232ms)
  ✖ e2_finalization_immutable: language_name (0.267927ms)
  ✖ e2_finalization_immutable: owner_name (0.310104ms)
  ✖ e2_finalization_immutable: result_type (0.254458ms)
  ✖ e2_finalization_immutable: identity_arguments (0.232207ms)
  ✖ e2_finalization_immutable: tgenabled (0.407913ms)
  ✖ e2_finalization_immutable: tgtype (0.273772ms)
  ✖ e2_finalization_immutable: table_name (0.281861ms)
  ✖ e2_finalization_immutable: function_name (0.425637ms)
  ✖ e2_finalization_immutable: function_schema (0.332715ms)
  ✖ e2_finalization_immutable: args_length (0.39955ms)
  ✖ e2_finalization_immutable: trigger_attr (0.333951ms)
  ✖ e2_finalization_immutable: has_parent (0.252054ms)
  ✖ e2_finalization_immutable: has_qual (0.369926ms)
  ✖ e2_finalization_immutable: has_constraint (0.249031ms)
  ✖ e2_finalization_immutable: tgdeferrable (0.474898ms)
  ✖ e2_finalization_immutable: tginitdeferred (0.268156ms)
  ✔ e2_validate_abono_finalization: missing (0.200949ms)
  ✔ e2_validate_abono_finalization: prosrc (0.212938ms)
  ✔ e2_validate_abono_finalization: prokind (0.219702ms)
  ✔ e2_validate_abono_finalization: provolatile (0.202268ms)
  ✔ e2_validate_abono_finalization: proparallel (0.188725ms)
  ✔ e2_validate_abono_finalization: prosecdef (0.275963ms)
  ✔ e2_validate_abono_finalization: proleakproof (0.336134ms)
  ✔ e2_validate_abono_finalization: proisstrict (0.217864ms)
  ✔ e2_validate_abono_finalization: proretset (0.19794ms)
  ✔ e2_validate_abono_finalization: proacl (0.3618ms)
  ✔ e2_validate_abono_finalization: proconfig (0.29846ms)
  ✔ e2_validate_abono_finalization: language_name (0.212245ms)
  ✔ e2_validate_abono_finalization: owner_name (0.269961ms)
  ✔ e2_validate_abono_finalization: result_type (0.201203ms)
  ✔ e2_validate_abono_finalization: identity_arguments (0.20013ms)
  ✔ e2_validate_abono_finalization: tgenabled (0.269365ms)
  ✔ e2_validate_abono_finalization: tgtype (0.28305ms)
  ✔ e2_validate_abono_finalization: table_name (0.206163ms)
  ✔ e2_validate_abono_finalization: function_name (0.207122ms)
  ✔ e2_validate_abono_finalization: function_schema (0.230277ms)
  ✔ e2_validate_abono_finalization: args_length (0.210627ms)
  ✔ e2_validate_abono_finalization: trigger_attr (0.19647ms)
  ✔ e2_validate_abono_finalization: has_parent (0.190467ms)
  ✔ e2_validate_abono_finalization: has_qual (0.311611ms)
  ✔ e2_validate_abono_finalization: has_constraint (0.210901ms)
  ✔ e2_validate_abono_finalization: tgdeferrable (0.193554ms)
  ✔ e2_validate_abono_finalization: tginitdeferred (0.191346ms)
  ✔ e2_proof_immutable: missing (0.260638ms)
  ✔ e2_proof_immutable: prosrc (0.232752ms)
  ✔ e2_proof_immutable: prokind (0.199866ms)
  ✔ e2_proof_immutable: provolatile (0.189968ms)
  ✔ e2_proof_immutable: proparallel (0.230448ms)
  ✔ e2_proof_immutable: prosecdef (0.205366ms)
  ✔ e2_proof_immutable: proleakproof (0.198096ms)
  ✔ e2_proof_immutable: proisstrict (0.566151ms)
  ✔ e2_proof_immutable: proretset (0.397927ms)
  ✔ e2_proof_immutable: proacl (0.231053ms)
  ✔ e2_proof_immutable: proconfig (0.228026ms)
  ✔ e2_proof_immutable: language_name (0.203001ms)
  ✔ e2_proof_immutable: owner_name (0.197198ms)
  ✔ e2_proof_immutable: result_type (0.193049ms)
  ✔ e2_proof_immutable: identity_arguments (0.315324ms)
  ✔ e2_proof_immutable: tgenabled (0.201069ms)
  ✔ e2_proof_immutable: tgtype (0.299783ms)
  ✔ e2_proof_immutable: table_name (0.432979ms)
  ✔ e2_proof_immutable: function_name (0.229309ms)
  ✔ e2_proof_immutable: function_schema (0.206261ms)
  ✔ e2_proof_immutable: args_length (0.250856ms)
  ✔ e2_proof_immutable: trigger_attr (0.203083ms)
  ✔ e2_proof_immutable: has_parent (0.194855ms)
  ✔ e2_proof_immutable: has_qual (0.19752ms)
  ✔ e2_proof_immutable: has_constraint (0.245634ms)
  ✔ e2_proof_immutable: tgdeferrable (0.206039ms)
  ✔ e2_proof_immutable: tginitdeferred (0.199968ms)
  ✔ e2_validate_unused_proof: missing (0.17396ms)
  ✔ e2_validate_unused_proof: prosrc (0.276139ms)
  ✔ e2_validate_unused_proof: prokind (0.341373ms)
  ✔ e2_validate_unused_proof: provolatile (0.268361ms)
  ✔ e2_validate_unused_proof: proparallel (0.33122ms)
  ✔ e2_validate_unused_proof: prosecdef (0.222075ms)
  ✔ e2_validate_unused_proof: proleakproof (0.20678ms)
  ✔ e2_validate_unused_proof: proisstrict (0.207927ms)
  ✔ e2_validate_unused_proof: proretset (0.2813ms)
  ✔ e2_validate_unused_proof: proacl (0.2487ms)
  ✔ e2_validate_unused_proof: proconfig (0.207983ms)
  ✔ e2_validate_unused_proof: language_name (0.232425ms)
  ✔ e2_validate_unused_proof: owner_name (0.216372ms)
  ✔ e2_validate_unused_proof: result_type (0.479662ms)
  ✔ e2_validate_unused_proof: identity_arguments (0.334663ms)
  ✔ e2_validate_unused_proof: tgenabled (0.227149ms)
  ✔ e2_validate_unused_proof: tgtype (0.2035ms)
  ✔ e2_validate_unused_proof: table_name (0.284548ms)
  ✔ e2_validate_unused_proof: function_name (0.219065ms)
  ✔ e2_validate_unused_proof: function_schema (0.208391ms)
  ✔ e2_validate_unused_proof: args_length (0.205075ms)
  ✔ e2_validate_unused_proof: trigger_attr (0.328365ms)
  ✔ e2_validate_unused_proof: has_parent (0.219454ms)
  ✔ e2_validate_unused_proof: has_qual (0.199045ms)
  ✔ e2_validate_unused_proof: has_constraint (0.196ms)
  ✔ e2_validate_unused_proof: tgdeferrable (0.294409ms)
  ✔ e2_validate_unused_proof: tginitdeferred (0.208905ms)
  ✔ e2_abono_finalization_complete: missing (0.170953ms)
  ✔ e2_abono_finalization_complete: prosrc (0.191308ms)
  ✔ e2_abono_finalization_complete: prokind (0.377354ms)
  ✔ e2_abono_finalization_complete: provolatile (0.246729ms)
  ✔ e2_abono_finalization_complete: proparallel (0.218433ms)
  ✔ e2_abono_finalization_complete: prosecdef (0.25824ms)
  ✔ e2_abono_finalization_complete: proleakproof (8.276724ms)
  ✔ e2_abono_finalization_complete: proisstrict (0.295471ms)
  ✔ e2_abono_finalization_complete: proretset (0.28696ms)
  ✔ e2_abono_finalization_complete: proacl (0.221504ms)
  ✔ e2_abono_finalization_complete: proconfig (0.209995ms)
  ✔ e2_abono_finalization_complete: language_name (0.203386ms)
  ✔ e2_abono_finalization_complete: owner_name (0.258736ms)
  ✔ e2_abono_finalization_complete: result_type (0.203601ms)
  ✔ e2_abono_finalization_complete: identity_arguments (1.179895ms)
  ✔ e2_abono_finalization_complete: tgenabled (0.284988ms)
  ✔ e2_abono_finalization_complete: tgtype (0.239323ms)
  ✔ e2_abono_finalization_complete: table_name (0.211516ms)
  ✔ e2_abono_finalization_complete: function_name (0.20511ms)
  ✔ e2_abono_finalization_complete: function_schema (0.233855ms)
  ✔ e2_abono_finalization_complete: args_length (0.221397ms)
  ✔ e2_abono_finalization_complete: trigger_attr (0.910555ms)
  ✔ e2_abono_finalization_complete: has_parent (0.237373ms)
  ✔ e2_abono_finalization_complete: has_qual (0.207213ms)
  ✔ e2_abono_finalization_complete: has_constraint (1.339124ms)
  ✔ e2_abono_finalization_complete: tgdeferrable (0.261644ms)
  ✔ e2_abono_finalization_complete: tginitdeferred (0.225427ms)
  ✔ e2_capture_application_order: missing (0.221721ms)
  ✔ e2_capture_application_order: prosrc (0.59992ms)
  ✔ e2_capture_application_order: prokind (0.306562ms)
  ✔ e2_capture_application_order: provolatile (0.22564ms)
  ✔ e2_capture_application_order: proparallel (0.215358ms)
  ✔ e2_capture_application_order: prosecdef (0.209028ms)
  ✔ e2_capture_application_order: proleakproof (0.311181ms)
  ✔ e2_capture_application_order: proisstrict (0.211822ms)
  ✔ e2_capture_application_order: proretset (0.211456ms)
  ✔ e2_capture_application_order: proacl (0.513763ms)
  ✔ e2_capture_application_order: proconfig (0.240269ms)
  ✔ e2_capture_application_order: language_name (0.43692ms)
  ✔ e2_capture_application_order: owner_name (0.282799ms)
  ✔ e2_capture_application_order: result_type (0.224486ms)
  ✔ e2_capture_application_order: identity_arguments (0.206756ms)
  ✔ e2_capture_application_order: tgenabled (0.224913ms)
  ✔ e2_capture_application_order: tgtype (0.205192ms)
  ✔ e2_capture_application_order: table_name (0.251162ms)
  ✔ e2_capture_application_order: function_name (0.313225ms)
  ✔ e2_capture_application_order: function_schema (0.248977ms)
  ✔ e2_capture_application_order: args_length (0.21182ms)
  ✔ e2_capture_application_order: trigger_attr (0.20259ms)
  ✔ e2_capture_application_order: has_parent (0.250253ms)
  ✔ e2_capture_application_order: has_qual (0.206063ms)
  ✔ e2_capture_application_order: has_constraint (0.268452ms)
  ✔ e2_capture_application_order: tgdeferrable (0.228159ms)
  ✔ e2_capture_application_order: tginitdeferred (0.209425ms)
  ✔ e2_finalize_new_abono: missing (0.283906ms)
  ✔ e2_finalize_new_abono: prosrc (0.26801ms)
  ✔ e2_finalize_new_abono: prokind (0.233749ms)
  ✔ e2_finalize_new_abono: provolatile (0.217011ms)
  ✔ e2_finalize_new_abono: proparallel (0.211264ms)
  ✔ e2_finalize_new_abono: prosecdef (0.280587ms)
  ✔ e2_finalize_new_abono: proleakproof (0.302028ms)
  ✔ e2_finalize_new_abono: proisstrict (0.327692ms)
  ✔ e2_finalize_new_abono: proretset (0.233538ms)
  ✔ e2_finalize_new_abono: proacl (0.225004ms)
  ✔ e2_finalize_new_abono: proconfig (0.376785ms)
  ✔ e2_finalize_new_abono: language_name (0.231717ms)
  ✔ e2_finalize_new_abono: owner_name (0.293039ms)
  ✔ e2_finalize_new_abono: result_type (0.353016ms)
  ✔ e2_finalize_new_abono: identity_arguments (0.306876ms)
  ✔ e2_attest_new_retained: missing (0.238167ms)
  ✔ e2_attest_new_retained: prosrc (0.412986ms)
  ✔ e2_attest_new_retained: prokind (0.293076ms)
  ✔ e2_attest_new_retained: provolatile (0.248126ms)
  ✔ e2_attest_new_retained: proparallel (0.259295ms)
  ✔ e2_attest_new_retained: prosecdef (0.245136ms)
  ✔ e2_attest_new_retained: proleakproof (0.225755ms)
  ✔ e2_attest_new_retained: proisstrict (0.305963ms)
  ✔ e2_attest_new_retained: proretset (0.244285ms)
  ✔ e2_attest_new_retained: proacl (0.22819ms)
  ✔ e2_attest_new_retained: proconfig (0.220912ms)
  ✔ e2_attest_new_retained: language_name (0.257812ms)
  ✔ e2_attest_new_retained: owner_name (0.224816ms)
  ✔ e2_attest_new_retained: result_type (0.227084ms)
  ✔ e2_attest_new_retained: identity_arguments (0.284967ms)
✖ A+C mock preflight independently rejects each catalog drift (177.184776ms)
ℹ tests 428
ℹ suites 0
ℹ pass 401
ℹ fail 27
ℹ cancelled 0
ℹ skipped 0
ℹ todo 0
ℹ duration_ms 617.323392

✖ failing tests:

test at reports/e2-apertura-limitada/evidencia-a-c/negative-offline.test.mjs:335:15
✖ e2_finalization_immutable: prosrc (0.880771ms)
  AssertionError [ERR_ASSERTION]: Missing expected rejection: e2_finalization_immutable.prosrc: drift must fail closed
      at async run (file:///home/runner/workspace/reports/e2-apertura-limitada/evidencia-a-c/negative-offline.test.mjs:296:7)
      at async Test.run (node:internal/test_runner/test:1113:7)
      at async TestContext.<anonymous> (file:///home/runner/workspace/reports/e2-apertura-limitada/evidencia-a-c/negative-offline.test.mjs:335:7)
      at async Test.run (node:internal/test_runner/test:1113:7)
      at async Test.processPendingSubtests (node:internal/test_runner/test:788:7) {
    generatedMessage: false,
    code: 'ERR_ASSERTION',
    actual: undefined,
    expected: /A\+C evidence (trigger|finalizer|column|constraint).*mismatch/,
    operator: 'rejects',
    diff: 'simple'
  }

test at reports/e2-apertura-limitada/evidencia-a-c/negative-offline.test.mjs:335:15
✖ e2_finalization_immutable: prokind (0.454536ms)
  AssertionError [ERR_ASSERTION]: Missing expected rejection: e2_finalization_immutable.prokind: drift must fail closed
      at async run (file:///home/runner/workspace/reports/e2-apertura-limitada/evidencia-a-c/negative-offline.test.mjs:296:7)
      at async Test.run (node:internal/test_runner/test:1113:7)
      at async TestContext.<anonymous> (file:///home/runner/workspace/reports/e2-apertura-limitada/evidencia-a-c/negative-offline.test.mjs:335:7)
      at async Test.run (node:internal/test_runner/test:1113:7)
      at async Test.processPendingSubtests (node:internal/test_runner/test:788:7) {
    generatedMessage: false,
    code: 'ERR_ASSERTION',
    actual: undefined,
    expected: /A\+C evidence (trigger|finalizer|column|constraint).*mismatch/,
    operator: 'rejects',
    diff: 'simple'
  }

test at reports/e2-apertura-limitada/evidencia-a-c/negative-offline.test.mjs:335:15
✖ e2_finalization_immutable: provolatile (0.307732ms)
  AssertionError [ERR_ASSERTION]: Missing expected rejection: e2_finalization_immutable.provolatile: drift must fail closed
      at async run (file:///home/runner/workspace/reports/e2-apertura-limitada/evidencia-a-c/negative-offline.test.mjs:296:7)
      at async Test.run (node:internal/test_runner/test:1113:7)
      at async TestContext.<anonymous> (file:///home/runner/workspace/reports/e2-apertura-limitada/evidencia-a-c/negative-offline.test.mjs:335:7)
      at async Test.run (node:internal/test_runner/test:1113:7)
      at async Test.processPendingSubtests (node:internal/test_runner/test:788:7) {
    generatedMessage: false,
    code: 'ERR_ASSERTION',
    actual: undefined,
    expected: /A\+C evidence (trigger|finalizer|column|constraint).*mismatch/,
    operator: 'rejects',
    diff: 'simple'
  }

test at reports/e2-apertura-limitada/evidencia-a-c/negative-offline.test.mjs:335:15
✖ e2_finalization_immutable: proparallel (0.358353ms)
  AssertionError [ERR_ASSERTION]: Missing expected rejection: e2_finalization_immutable.proparallel: drift must fail closed
      at async run (file:///home/runner/workspace/reports/e2-apertura-limitada/evidencia-a-c/negative-offline.test.mjs:296:7)
      at async Test.run (node:internal/test_runner/test:1113:7)
      at async TestContext.<anonymous> (file:///home/runner/workspace/reports/e2-apertura-limitada/evidencia-a-c/negative-offline.test.mjs:335:7)
      at async Test.run (node:internal/test_runner/test:1113:7)
      at async Test.processPendingSubtests (node:internal/test_runner/test:788:7) {
    generatedMessage: false,
    code: 'ERR_ASSERTION',
    actual: undefined,
    expected: /A\+C evidence (trigger|finalizer|column|constraint).*mismatch/,
    operator: 'rejects',
    diff: 'simple'
  }

test at reports/e2-apertura-limitada/evidencia-a-c/negative-offline.test.mjs:335:15
✖ e2_finalization_immutable: prosecdef (0.43886ms)
  AssertionError [ERR_ASSERTION]: Missing expected rejection: e2_finalization_immutable.prosecdef: drift must fail closed
      at async run (file:///home/runner/workspace/reports/e2-apertura-limitada/evidencia-a-c/negative-offline.test.mjs:296:7)
      at async Test.run (node:internal/test_runner/test:1113:7)
      at async TestContext.<anonymous> (file:///home/runner/workspace/reports/e2-apertura-limitada/evidencia-a-c/negative-offline.test.mjs:335:7)
      at async Test.run (node:internal/test_runner/test:1113:7)
      at async Test.processPendingSubtests (node:internal/test_runner/test:788:7) {
    generatedMessage: false,
    code: 'ERR_ASSERTION',
    actual: undefined,
    expected: /A\+C evidence (trigger|finalizer|column|constraint).*mismatch/,
    operator: 'rejects',
    diff: 'simple'
  }

test at reports/e2-apertura-limitada/evidencia-a-c/negative-offline.test.mjs:335:15
✖ e2_finalization_immutable: proleakproof (0.392256ms)
  AssertionError [ERR_ASSERTION]: Missing expected rejection: e2_finalization_immutable.proleakproof: drift must fail closed
      at async run (file:///home/runner/workspace/reports/e2-apertura-limitada/evidencia-a-c/negative-offline.test.mjs:296:7)
      at async Test.run (node:internal/test_runner/test:1113:7)
      at async TestContext.<anonymous> (file:///home/runner/workspace/reports/e2-apertura-limitada/evidencia-a-c/negative-offline.test.mjs:335:7)
      at async Test.run (node:internal/test_runner/test:1113:7)
      at async Test.processPendingSubtests (node:internal/test_runner/test:788:7) {
    generatedMessage: false,
    code: 'ERR_ASSERTION',
    actual: undefined,
    expected: /A\+C evidence (trigger|finalizer|column|constraint).*mismatch/,
    operator: 'rejects',
    diff: 'simple'
  }

test at reports/e2-apertura-limitada/evidencia-a-c/negative-offline.test.mjs:335:15
✖ e2_finalization_immutable: proisstrict (0.353936ms)
  AssertionError [ERR_ASSERTION]: Missing expected rejection: e2_finalization_immutable.proisstrict: drift must fail closed
      at async run (file:///home/runner/workspace/reports/e2-apertura-limitada/evidencia-a-c/negative-offline.test.mjs:296:7)
      at async Test.run (node:internal/test_runner/test:1113:7)
      at async TestContext.<anonymous> (file:///home/runner/workspace/reports/e2-apertura-limitada/evidencia-a-c/negative-offline.test.mjs:335:7)
      at async Test.run (node:internal/test_runner/test:1113:7)
      at async Test.processPendingSubtests (node:internal/test_runner/test:788:7) {
    generatedMessage: false,
    code: 'ERR_ASSERTION',
    actual: undefined,
    expected: /A\+C evidence (trigger|finalizer|column|constraint).*mismatch/,
    operator: 'rejects',
    diff: 'simple'
  }

test at reports/e2-apertura-limitada/evidencia-a-c/negative-offline.test.mjs:335:15
✖ e2_finalization_immutable: proretset (0.256609ms)
  AssertionError [ERR_ASSERTION]: Missing expected rejection: e2_finalization_immutable.proretset: drift must fail closed
      at async run (file:///home/runner/workspace/reports/e2-apertura-limitada/evidencia-a-c/negative-offline.test.mjs:296:7)
      at async Test.run (node:internal/test_runner/test:1113:7)
      at async TestContext.<anonymous> (file:///home/runner/workspace/reports/e2-apertura-limitada/evidencia-a-c/negative-offline.test.mjs:335:7)
      at async Test.run (node:internal/test_runner/test:1113:7)
      at async Test.processPendingSubtests (node:internal/test_runner/test:788:7) {
    generatedMessage: false,
    code: 'ERR_ASSERTION',
    actual: undefined,
    expected: /A\+C evidence (trigger|finalizer|column|constraint).*mismatch/,
    operator: 'rejects',
    diff: 'simple'
  }

test at reports/e2-apertura-limitada/evidencia-a-c/negative-offline.test.mjs:335:15
✖ e2_finalization_immutable: proacl (0.329137ms)
  AssertionError [ERR_ASSERTION]: Missing expected rejection: e2_finalization_immutable.proacl: drift must fail closed
      at async run (file:///home/runner/workspace/reports/e2-apertura-limitada/evidencia-a-c/negative-offline.test.mjs:296:7)
      at async Test.run (node:internal/test_runner/test:1113:7)
      at async TestContext.<anonymous> (file:///home/runner/workspace/reports/e2-apertura-limitada/evidencia-a-c/negative-offline.test.mjs:335:7)
      at async Test.run (node:internal/test_runner/test:1113:7)
      at async Test.processPendingSubtests (node:internal/test_runner/test:788:7) {
    generatedMessage: false,
    code: 'ERR_ASSERTION',
    actual: undefined,
    expected: /A\+C evidence (trigger|finalizer|column|constraint).*mismatch/,
    operator: 'rejects',
    diff: 'simple'
  }

test at reports/e2-apertura-limitada/evidencia-a-c/negative-offline.test.mjs:335:15
✖ e2_finalization_immutable: proconfig (0.32232ms)
  AssertionError [ERR_ASSERTION]: Missing expected rejection: e2_finalization_immutable.proconfig: drift must fail closed
      at async run (file:///home/runner/workspace/reports/e2-apertura-limitada/evidencia-a-c/negative-offline.test.mjs:296:7)
      at async Test.run (node:internal/test_runner/test:1113:7)
      at async TestContext.<anonymous> (file:///home/runner/workspace/reports/e2-apertura-limitada/evidencia-a-c/negative-offline.test.mjs:335:7)
      at async Test.run (node:internal/test_runner/test:1113:7)
      at async Test.processPendingSubtests (node:internal/test_runner/test:788:7) {
    generatedMessage: false,
    code: 'ERR_ASSERTION',
    actual: undefined,
    expected: /A\+C evidence (trigger|finalizer|column|constraint).*mismatch/,
    operator: 'rejects',
    diff: 'simple'
  }

test at reports/e2-apertura-limitada/evidencia-a-c/negative-offline.test.mjs:335:15
✖ e2_finalization_immutable: language_name (0.267927ms)
  AssertionError [ERR_ASSERTION]: Missing expected rejection: e2_finalization_immutable.language_name: drift must fail closed
      at async run (file:///home/runner/workspace/reports/e2-apertura-limitada/evidencia-a-c/negative-offline.test.mjs:296:7)
      at async Test.run (node:internal/test_runner/test:1113:7)
      at async TestContext.<anonymous> (file:///home/runner/workspace/reports/e2-apertura-limitada/evidencia-a-c/negative-offline.test.mjs:335:7)
      at async Test.run (node:internal/test_runner/test:1113:7)
      at async Test.processPendingSubtests (node:internal/test_runner/test:788:7) {
    generatedMessage: false,
    code: 'ERR_ASSERTION',
    actual: undefined,
    expected: /A\+C evidence (trigger|finalizer|column|constraint).*mismatch/,
    operator: 'rejects',
    diff: 'simple'
  }

test at reports/e2-apertura-limitada/evidencia-a-c/negative-offline.test.mjs:335:15
✖ e2_finalization_immutable: owner_name (0.310104ms)
  AssertionError [ERR_ASSERTION]: Missing expected rejection: e2_finalization_immutable.owner_name: drift must fail closed
      at async run (file:///home/runner/workspace/reports/e2-apertura-limitada/evidencia-a-c/negative-offline.test.mjs:296:7)
      at async Test.run (node:internal/test_runner/test:1113:7)
      at async TestContext.<anonymous> (file:///home/runner/workspace/reports/e2-apertura-limitada/evidencia-a-c/negative-offline.test.mjs:335:7)
      at async Test.run (node:internal/test_runner/test:1113:7)
      at async Test.processPendingSubtests (node:internal/test_runner/test:788:7) {
    generatedMessage: false,
    code: 'ERR_ASSERTION',
    actual: undefined,
    expected: /A\+C evidence (trigger|finalizer|column|constraint).*mismatch/,
    operator: 'rejects',
    diff: 'simple'
  }

test at reports/e2-apertura-limitada/evidencia-a-c/negative-offline.test.mjs:335:15
✖ e2_finalization_immutable: result_type (0.254458ms)
  AssertionError [ERR_ASSERTION]: Missing expected rejection: e2_finalization_immutable.result_type: drift must fail closed
      at async run (file:///home/runner/workspace/reports/e2-apertura-limitada/evidencia-a-c/negative-offline.test.mjs:296:7)
      at async Test.run (node:internal/test_runner/test:1113:7)
      at async TestContext.<anonymous> (file:///home/runner/workspace/reports/e2-apertura-limitada/evidencia-a-c/negative-offline.test.mjs:335:7)
      at async Test.run (node:internal/test_runner/test:1113:7)
      at async Test.processPendingSubtests (node:internal/test_runner/test:788:7) {
    generatedMessage: false,
    code: 'ERR_ASSERTION',
    actual: undefined,
    expected: /A\+C evidence (trigger|finalizer|column|constraint).*mismatch/,
    operator: 'rejects',
    diff: 'simple'
  }

test at reports/e2-apertura-limitada/evidencia-a-c/negative-offline.test.mjs:335:15
✖ e2_finalization_immutable: identity_arguments (0.232207ms)
  AssertionError [ERR_ASSERTION]: Missing expected rejection: e2_finalization_immutable.identity_arguments: drift must fail closed
      at async run (file:///home/runner/workspace/reports/e2-apertura-limitada/evidencia-a-c/negative-offline.test.mjs:296:7)
      at async Test.run (node:internal/test_runner/test:1113:7)
      at async TestContext.<anonymous> (file:///home/runner/workspace/reports/e2-apertura-limitada/evidencia-a-c/negative-offline.test.mjs:335:7)
      at async Test.run (node:internal/test_runner/test:1113:7)
      at async Test.processPendingSubtests (node:internal/test_runner/test:788:7) {
    generatedMessage: false,
    code: 'ERR_ASSERTION',
    actual: undefined,
    expected: /A\+C evidence (trigger|finalizer|column|constraint).*mismatch/,
    operator: 'rejects',
    diff: 'simple'
  }

test at reports/e2-apertura-limitada/evidencia-a-c/negative-offline.test.mjs:340:17
✖ e2_finalization_immutable: tgenabled (0.407913ms)
  AssertionError [ERR_ASSERTION]: Missing expected rejection: e2_finalization_immutable.tgenabled: drift must fail closed
      at async run (file:///home/runner/workspace/reports/e2-apertura-limitada/evidencia-a-c/negative-offline.test.mjs:296:7)
      at async Test.run (node:internal/test_runner/test:1113:7)
      at async TestContext.<anonymous> (file:///home/runner/workspace/reports/e2-apertura-limitada/evidencia-a-c/negative-offline.test.mjs:340:9)
      at async Test.run (node:internal/test_runner/test:1113:7)
      at async Test.processPendingSubtests (node:internal/test_runner/test:788:7) {
    generatedMessage: false,
    code: 'ERR_ASSERTION',
    actual: undefined,
    expected: /A\+C evidence (trigger|finalizer|column|constraint).*mismatch/,
    operator: 'rejects',
    diff: 'simple'
  }

test at reports/e2-apertura-limitada/evidencia-a-c/negative-offline.test.mjs:340:17
✖ e2_finalization_immutable: tgtype (0.273772ms)
  AssertionError [ERR_ASSERTION]: Missing expected rejection: e2_finalization_immutable.tgtype: drift must fail closed
      at async run (file:///home/runner/workspace/reports/e2-apertura-limitada/evidencia-a-c/negative-offline.test.mjs:296:7)
      at async Test.run (node:internal/test_runner/test:1113:7)
      at async TestContext.<anonymous> (file:///home/runner/workspace/reports/e2-apertura-limitada/evidencia-a-c/negative-offline.test.mjs:340:9)
      at async Test.run (node:internal/test_runner/test:1113:7)
      at async Test.processPendingSubtests (node:internal/test_runner/test:788:7) {
    generatedMessage: false,
    code: 'ERR_ASSERTION',
    actual: undefined,
    expected: /A\+C evidence (trigger|finalizer|column|constraint).*mismatch/,
    operator: 'rejects',
    diff: 'simple'
  }

test at reports/e2-apertura-limitada/evidencia-a-c/negative-offline.test.mjs:340:17
✖ e2_finalization_immutable: table_name (0.281861ms)
  AssertionError [ERR_ASSERTION]: Missing expected rejection: e2_finalization_immutable.table_name: drift must fail closed
      at async run (file:///home/runner/workspace/reports/e2-apertura-limitada/evidencia-a-c/negative-offline.test.mjs:296:7)
      at async Test.run (node:internal/test_runner/test:1113:7)
      at async TestContext.<anonymous> (file:///home/runner/workspace/reports/e2-apertura-limitada/evidencia-a-c/negative-offline.test.mjs:340:9)
      at async Test.run (node:internal/test_runner/test:1113:7)
      at async Test.processPendingSubtests (node:internal/test_runner/test:788:7) {
    generatedMessage: false,
    code: 'ERR_ASSERTION',
    actual: undefined,
    expected: /A\+C evidence (trigger|finalizer|column|constraint).*mismatch/,
    operator: 'rejects',
    diff: 'simple'
  }

test at reports/e2-apertura-limitada/evidencia-a-c/negative-offline.test.mjs:340:17
✖ e2_finalization_immutable: function_name (0.425637ms)
  AssertionError [ERR_ASSERTION]: Missing expected rejection: e2_finalization_immutable.function_name: drift must fail closed
      at async run (file:///home/runner/workspace/reports/e2-apertura-limitada/evidencia-a-c/negative-offline.test.mjs:296:7)
      at async Test.run (node:internal/test_runner/test:1113:7)
      at async TestContext.<anonymous> (file:///home/runner/workspace/reports/e2-apertura-limitada/evidencia-a-c/negative-offline.test.mjs:340:9)
      at async Test.run (node:internal/test_runner/test:1113:7)
      at async Test.processPendingSubtests (node:internal/test_runner/test:788:7) {
    generatedMessage: false,
    code: 'ERR_ASSERTION',
    actual: undefined,
    expected: /A\+C evidence (trigger|finalizer|column|constraint).*mismatch/,
    operator: 'rejects',
    diff: 'simple'
  }

test at reports/e2-apertura-limitada/evidencia-a-c/negative-offline.test.mjs:340:17
✖ e2_finalization_immutable: function_schema (0.332715ms)
  AssertionError [ERR_ASSERTION]: Missing expected rejection: e2_finalization_immutable.function_schema: drift must fail closed
      at async run (file:///home/runner/workspace/reports/e2-apertura-limitada/evidencia-a-c/negative-offline.test.mjs:296:7)
      at async Test.run (node:internal/test_runner/test:1113:7)
      at async TestContext.<anonymous> (file:///home/runner/workspace/reports/e2-apertura-limitada/evidencia-a-c/negative-offline.test.mjs:340:9)
      at async Test.run (node:internal/test_runner/test:1113:7)
      at async Test.processPendingSubtests (node:internal/test_runner/test:788:7) {
    generatedMessage: false,
    code: 'ERR_ASSERTION',
    actual: undefined,
    expected: /A\+C evidence (trigger|finalizer|column|constraint).*mismatch/,
    operator: 'rejects',
    diff: 'simple'
  }

test at reports/e2-apertura-limitada/evidencia-a-c/negative-offline.test.mjs:340:17
✖ e2_finalization_immutable: args_length (0.39955ms)
  AssertionError [ERR_ASSERTION]: Missing expected rejection: e2_finalization_immutable.args_length: drift must fail closed
      at async run (file:///home/runner/workspace/reports/e2-apertura-limitada/evidencia-a-c/negative-offline.test.mjs:296:7)
      at async Test.run (node:internal/test_runner/test:1113:7)
      at async TestContext.<anonymous> (file:///home/runner/workspace/reports/e2-apertura-limitada/evidencia-a-c/negative-offline.test.mjs:340:9)
      at async Test.run (node:internal/test_runner/test:1113:7)
      at async Test.processPendingSubtests (node:internal/test_runner/test:788:7) {
    generatedMessage: false,
    code: 'ERR_ASSERTION',
    actual: undefined,
    expected: /A\+C evidence (trigger|finalizer|column|constraint).*mismatch/,
    operator: 'rejects',
    diff: 'simple'
  }

test at reports/e2-apertura-limitada/evidencia-a-c/negative-offline.test.mjs:340:17
✖ e2_finalization_immutable: trigger_attr (0.333951ms)
  AssertionError [ERR_ASSERTION]: Missing expected rejection: e2_finalization_immutable.trigger_attr: drift must fail closed
      at async run (file:///home/runner/workspace/reports/e2-apertura-limitada/evidencia-a-c/negative-offline.test.mjs:296:7)
      at async Test.run (node:internal/test_runner/test:1113:7)
      at async TestContext.<anonymous> (file:///home/runner/workspace/reports/e2-apertura-limitada/evidencia-a-c/negative-offline.test.mjs:340:9)
      at async Test.run (node:internal/test_runner/test:1113:7)
      at async Test.processPendingSubtests (node:internal/test_runner/test:788:7) {
    generatedMessage: false,
    code: 'ERR_ASSERTION',
    actual: undefined,
    expected: /A\+C evidence (trigger|finalizer|column|constraint).*mismatch/,
    operator: 'rejects',
    diff: 'simple'
  }

test at reports/e2-apertura-limitada/evidencia-a-c/negative-offline.test.mjs:340:17
✖ e2_finalization_immutable: has_parent (0.252054ms)
  AssertionError [ERR_ASSERTION]: Missing expected rejection: e2_finalization_immutable.has_parent: drift must fail closed
      at async run (file:///home/runner/workspace/reports/e2-apertura-limitada/evidencia-a-c/negative-offline.test.mjs:296:7)
      at async Test.run (node:internal/test_runner/test:1113:7)
      at async TestContext.<anonymous> (file:///home/runner/workspace/reports/e2-apertura-limitada/evidencia-a-c/negative-offline.test.mjs:340:9)
      at async Test.run (node:internal/test_runner/test:1113:7)
      at async Test.processPendingSubtests (node:internal/test_runner/test:788:7) {
    generatedMessage: false,
    code: 'ERR_ASSERTION',
    actual: undefined,
    expected: /A\+C evidence (trigger|finalizer|column|constraint).*mismatch/,
    operator: 'rejects',
    diff: 'simple'
  }

test at reports/e2-apertura-limitada/evidencia-a-c/negative-offline.test.mjs:340:17
✖ e2_finalization_immutable: has_qual (0.369926ms)
  AssertionError [ERR_ASSERTION]: Missing expected rejection: e2_finalization_immutable.has_qual: drift must fail closed
      at async run (file:///home/runner/workspace/reports/e2-apertura-limitada/evidencia-a-c/negative-offline.test.mjs:296:7)
      at async Test.run (node:internal/test_runner/test:1113:7)
      at async TestContext.<anonymous> (file:///home/runner/workspace/reports/e2-apertura-limitada/evidencia-a-c/negative-offline.test.mjs:340:9)
      at async Test.run (node:internal/test_runner/test:1113:7)
      at async Test.processPendingSubtests (node:internal/test_runner/test:788:7) {
    generatedMessage: false,
    code: 'ERR_ASSERTION',
    actual: undefined,
    expected: /A\+C evidence (trigger|finalizer|column|constraint).*mismatch/,
    operator: 'rejects',
    diff: 'simple'
  }

test at reports/e2-apertura-limitada/evidencia-a-c/negative-offline.test.mjs:340:17
✖ e2_finalization_immutable: has_constraint (0.249031ms)
  AssertionError [ERR_ASSERTION]: Missing expected rejection: e2_finalization_immutable.has_constraint: drift must fail closed
      at async run (file:///home/runner/workspace/reports/e2-apertura-limitada/evidencia-a-c/negative-offline.test.mjs:296:7)
      at async Test.run (node:internal/test_runner/test:1113:7)
      at async TestContext.<anonymous> (file:///home/runner/workspace/reports/e2-apertura-limitada/evidencia-a-c/negative-offline.test.mjs:340:9)
      at async Test.run (node:internal/test_runner/test:1113:7)
      at async Test.processPendingSubtests (node:internal/test_runner/test:788:7) {
    generatedMessage: false,
    code: 'ERR_ASSERTION',
    actual: undefined,
    expected: /A\+C evidence (trigger|finalizer|column|constraint).*mismatch/,
    operator: 'rejects',
    diff: 'simple'
  }

test at reports/e2-apertura-limitada/evidencia-a-c/negative-offline.test.mjs:340:17
✖ e2_finalization_immutable: tgdeferrable (0.474898ms)
  AssertionError [ERR_ASSERTION]: Missing expected rejection: e2_finalization_immutable.tgdeferrable: drift must fail closed
      at async run (file:///home/runner/workspace/reports/e2-apertura-limitada/evidencia-a-c/negative-offline.test.mjs:296:7)
      at async Test.run (node:internal/test_runner/test:1113:7)
      at async TestContext.<anonymous> (file:///home/runner/workspace/reports/e2-apertura-limitada/evidencia-a-c/negative-offline.test.mjs:340:9)
      at async Test.run (node:internal/test_runner/test:1113:7)
      at async Test.processPendingSubtests (node:internal/test_runner/test:788:7) {
    generatedMessage: false,
    code: 'ERR_ASSERTION',
    actual: undefined,
    expected: /A\+C evidence (trigger|finalizer|column|constraint).*mismatch/,
    operator: 'rejects',
    diff: 'simple'
  }

test at reports/e2-apertura-limitada/evidencia-a-c/negative-offline.test.mjs:340:17
✖ e2_finalization_immutable: tginitdeferred (0.268156ms)
  AssertionError [ERR_ASSERTION]: Missing expected rejection: e2_finalization_immutable.tginitdeferred: drift must fail closed
      at async run (file:///home/runner/workspace/reports/e2-apertura-limitada/evidencia-a-c/negative-offline.test.mjs:296:7)
      at async Test.run (node:internal/test_runner/test:1113:7)
      at async TestContext.<anonymous> (file:///home/runner/workspace/reports/e2-apertura-limitada/evidencia-a-c/negative-offline.test.mjs:340:9)
      at async Test.run (node:internal/test_runner/test:1113:7)
      at async Test.processPendingSubtests (node:internal/test_runner/test:788:7) {
    generatedMessage: false,
    code: 'ERR_ASSERTION',
    actual: undefined,
    expected: /A\+C evidence (trigger|finalizer|column|constraint).*mismatch/,
    operator: 'rejects',
    diff: 'simple'
  }
