✔ mounted ordinary producer: UNUSED/PARTIAL/FULL and FIFO persistence ordering (305.675031ms)
✔ mounted directed approval finalizes FULL only after its application (27.008707ms)
✔ actual core rejects directed result/amount mismatches before persistence (0.695858ms)
✔ positive proof is mandatory in the real refund service (66.165744ms)
✔ real refund service accepts both origins and rejects absent/used ABONO finalization (72.974139ms)
✔ R4 application-order guard exists in prepared SQL (LEXICAL ONLY, not SQL semantics) (0.527981ms)
▶ A+C mock preflight independently rejects each catalog drift
  ✔ finalizaciones_abono_e2.abono_id: missing (0.762125ms)
  ✔ finalizaciones_abono_e2.abono_id: data_type (0.426963ms)
  ✔ finalizaciones_abono_e2.abono_id: is_nullable (0.388249ms)
  ✔ finalizaciones_abono_e2.abono_id: column_default (0.580307ms)
  ✔ finalizaciones_abono_e2.operacion_productor: missing (0.370441ms)
  ✔ finalizaciones_abono_e2.operacion_productor: data_type (0.234622ms)
  ✔ finalizaciones_abono_e2.operacion_productor: is_nullable (0.232002ms)
  ✔ finalizaciones_abono_e2.operacion_productor: column_default (0.274896ms)
  ✔ finalizaciones_abono_e2.operacion_clave: missing (0.418345ms)
  ✔ finalizaciones_abono_e2.operacion_clave: data_type (0.214775ms)
  ✔ finalizaciones_abono_e2.operacion_clave: is_nullable (0.214342ms)
  ✔ finalizaciones_abono_e2.operacion_clave: column_default (0.288234ms)
  ✔ finalizaciones_abono_e2.cliente_id: missing (0.360864ms)
  ✔ finalizaciones_abono_e2.cliente_id: data_type (0.253933ms)
  ✔ finalizaciones_abono_e2.cliente_id: is_nullable (0.416783ms)
  ✔ finalizaciones_abono_e2.cliente_id: column_default (0.33102ms)
  ✔ finalizaciones_abono_e2.importe: missing (4.970007ms)
  ✔ finalizaciones_abono_e2.importe: data_type (0.287555ms)
  ✔ finalizaciones_abono_e2.importe: is_nullable (0.274949ms)
  ✔ finalizaciones_abono_e2.importe: column_default (0.217417ms)
  ✔ finalizaciones_abono_e2.importe: numeric_precision (0.17965ms)
  ✔ finalizaciones_abono_e2.importe: numeric_scale (0.27882ms)
  ✔ finalizaciones_abono_e2.resultado: missing (0.265116ms)
  ✔ finalizaciones_abono_e2.resultado: data_type (0.178467ms)
  ✔ finalizaciones_abono_e2.resultado: is_nullable (0.272658ms)
  ✔ finalizaciones_abono_e2.resultado: column_default (0.285026ms)
  ✔ finalizaciones_abono_e2.aplicado: missing (0.285265ms)
  ✔ finalizaciones_abono_e2.aplicado: data_type (0.199296ms)
  ✔ finalizaciones_abono_e2.aplicado: is_nullable (0.248462ms)
  ✔ finalizaciones_abono_e2.aplicado: column_default (0.221639ms)
  ✔ finalizaciones_abono_e2.aplicado: numeric_precision (0.233443ms)
  ✔ finalizaciones_abono_e2.aplicado: numeric_scale (0.1689ms)
  ✔ finalizaciones_abono_e2.evaluacion: missing (0.304317ms)
  ✔ finalizaciones_abono_e2.evaluacion: data_type (0.249311ms)
  ✔ finalizaciones_abono_e2.evaluacion: is_nullable (0.154532ms)
  ✔ finalizaciones_abono_e2.evaluacion: column_default (0.142519ms)
  ✔ finalizaciones_abono_e2.contrato_revision: missing (0.139697ms)
  ✔ finalizaciones_abono_e2.contrato_revision: data_type (0.160139ms)
  ✔ finalizaciones_abono_e2.contrato_revision: is_nullable (0.148758ms)
  ✔ finalizaciones_abono_e2.contrato_revision: column_default (0.13495ms)
  ✔ finalizaciones_abono_e2.created_at: missing (0.135304ms)
  ✔ finalizaciones_abono_e2.created_at: data_type (0.145734ms)
  ✔ finalizaciones_abono_e2.created_at: is_nullable (0.238302ms)
  ✔ finalizaciones_abono_e2.created_at: column_default (0.170602ms)
  ✔ evidencia_no_aplicada_e2.fuente: missing (0.220936ms)
  ✔ evidencia_no_aplicada_e2.fuente: data_type (0.156011ms)
  ✔ evidencia_no_aplicada_e2.fuente: is_nullable (0.18384ms)
  ✔ evidencia_no_aplicada_e2.fuente: column_default (0.160161ms)
  ✔ evidencia_no_aplicada_e2.abono_id: missing (0.141621ms)
  ✔ evidencia_no_aplicada_e2.abono_id: data_type (0.141077ms)
  ✔ evidencia_no_aplicada_e2.abono_id: is_nullable (0.137345ms)
  ✔ evidencia_no_aplicada_e2.abono_id: column_default (0.140253ms)
  ✔ evidencia_no_aplicada_e2.cobro_productor: missing (0.157097ms)
  ✔ evidencia_no_aplicada_e2.cobro_productor: data_type (0.141142ms)
  ✔ evidencia_no_aplicada_e2.cobro_productor: is_nullable (0.180542ms)
  ✔ evidencia_no_aplicada_e2.cobro_productor: column_default (0.146396ms)
  ✔ evidencia_no_aplicada_e2.cobro_clave: missing (0.170672ms)
  ✔ evidencia_no_aplicada_e2.cobro_clave: data_type (0.154557ms)
  ✔ evidencia_no_aplicada_e2.cobro_clave: is_nullable (0.142871ms)
  ✔ evidencia_no_aplicada_e2.cobro_clave: column_default (0.143547ms)
  ✔ evidencia_no_aplicada_e2.cliente_id: missing (0.136079ms)
  ✔ evidencia_no_aplicada_e2.cliente_id: data_type (0.425325ms)
  ✔ evidencia_no_aplicada_e2.cliente_id: is_nullable (0.251391ms)
  ✔ evidencia_no_aplicada_e2.cliente_id: column_default (0.169287ms)
  ✔ evidencia_no_aplicada_e2.importe: missing (0.150553ms)
  ✔ evidencia_no_aplicada_e2.importe: data_type (0.163347ms)
  ✔ evidencia_no_aplicada_e2.importe: is_nullable (0.160211ms)
  ✔ evidencia_no_aplicada_e2.importe: column_default (0.145386ms)
  ✔ evidencia_no_aplicada_e2.importe: numeric_precision (0.136829ms)
  ✔ evidencia_no_aplicada_e2.importe: numeric_scale (0.142201ms)
  ✔ evidencia_no_aplicada_e2.forma_pago: missing (0.294959ms)
  ✔ evidencia_no_aplicada_e2.forma_pago: data_type (0.163083ms)
  ✔ evidencia_no_aplicada_e2.forma_pago: is_nullable (0.14347ms)
  ✔ evidencia_no_aplicada_e2.forma_pago: column_default (0.14021ms)
  ✔ evidencia_no_aplicada_e2.naturaleza: missing (0.13491ms)
  ✔ evidencia_no_aplicada_e2.naturaleza: data_type (0.154119ms)
  ✔ evidencia_no_aplicada_e2.naturaleza: is_nullable (0.203224ms)
  ✔ evidencia_no_aplicada_e2.naturaleza: column_default (0.209806ms)
  ✔ evidencia_no_aplicada_e2.created_at: missing (0.154834ms)
  ✔ evidencia_no_aplicada_e2.created_at: data_type (0.275008ms)
  ✔ evidencia_no_aplicada_e2.created_at: is_nullable (0.149666ms)
  ✔ evidencia_no_aplicada_e2.created_at: column_default (0.442035ms)
  ✔ finalizaciones_abono_e2_pkey: missing (0.301894ms)
  ✔ finalizaciones_abono_e2_pkey: table_name (0.310264ms)
  ✔ finalizaciones_abono_e2_pkey: definition (0.340477ms)
  ✔ finalizaciones_abono_e2_pkey: convalidated (0.208226ms)
  ✔ finalizaciones_abono_e2_pkey: condeferrable (0.180295ms)
  ✔ finalizaciones_abono_e2_pkey: condeferred (0.174444ms)
  ✔ finalizaciones_abono_e2_pkey: index_valid (0.204722ms)
  ✔ finalizaciones_abono_e2_abono_id_fkey: missing (0.189621ms)
  ✔ finalizaciones_abono_e2_abono_id_fkey: table_name (0.177421ms)
  ✔ finalizaciones_abono_e2_abono_id_fkey: definition (0.223113ms)
  ✔ finalizaciones_abono_e2_abono_id_fkey: convalidated (0.289101ms)
  ✔ finalizaciones_abono_e2_abono_id_fkey: condeferrable (0.208224ms)
  ✔ finalizaciones_abono_e2_abono_id_fkey: condeferred (0.186218ms)
  ✔ finalizaciones_abono_e2_abono_id_fkey: index_valid (0.174503ms)
  ✔ finalizaciones_abono_e2_cliente_id_fkey: missing (0.258934ms)
  ✔ finalizaciones_abono_e2_cliente_id_fkey: table_name (0.265949ms)
  ✔ finalizaciones_abono_e2_cliente_id_fkey: definition (0.18656ms)
  ✔ finalizaciones_abono_e2_cliente_id_fkey: convalidated (0.175137ms)
  ✔ finalizaciones_abono_e2_cliente_id_fkey: condeferrable (0.196241ms)
  ✔ finalizaciones_abono_e2_cliente_id_fkey: condeferred (0.182919ms)
  ✔ finalizaciones_abono_e2_cliente_id_fkey: index_valid (0.176301ms)
  ✔ finalizaciones_abono_e2_operacion_productor_operacion_clave_key: missing (0.168532ms)
  ✔ finalizaciones_abono_e2_operacion_productor_operacion_clave_key: table_name (0.295678ms)
  ✔ finalizaciones_abono_e2_operacion_productor_operacion_clave_key: definition (0.195791ms)
  ✔ finalizaciones_abono_e2_operacion_productor_operacion_clave_key: convalidated (0.179134ms)
  ✔ finalizaciones_abono_e2_operacion_productor_operacion_clave_key: condeferrable (0.179309ms)
  ✔ finalizaciones_abono_e2_operacion_productor_operacion_clave_key: condeferred (0.314384ms)
  ✔ finalizaciones_abono_e2_operacion_productor_operacion_clave_key: index_valid (0.207632ms)
  ✔ finalizaciones_abono_e2_importe_check: missing (0.182367ms)
  ✔ finalizaciones_abono_e2_importe_check: table_name (0.17541ms)
  ✔ finalizaciones_abono_e2_importe_check: definition (0.225647ms)
  ✔ finalizaciones_abono_e2_importe_check: convalidated (0.177813ms)
  ✔ finalizaciones_abono_e2_importe_check: condeferrable (0.178793ms)
  ✔ finalizaciones_abono_e2_importe_check: condeferred (0.175438ms)
  ✔ finalizaciones_abono_e2_importe_check: index_valid (0.20789ms)
  ✔ finalizaciones_abono_e2_resultado_check: missing (0.181123ms)
  ✔ finalizaciones_abono_e2_resultado_check: table_name (0.242258ms)
  ✔ finalizaciones_abono_e2_resultado_check: definition (0.188251ms)
  ✔ finalizaciones_abono_e2_resultado_check: convalidated (0.230477ms)
  ✔ finalizaciones_abono_e2_resultado_check: condeferrable (0.19208ms)
  ✔ finalizaciones_abono_e2_resultado_check: condeferred (0.180739ms)
  ✔ finalizaciones_abono_e2_resultado_check: index_valid (0.179392ms)
  ✔ finalizaciones_abono_e2_aplicado_check: missing (0.166072ms)
  ✔ finalizaciones_abono_e2_aplicado_check: table_name (0.213103ms)
  ✔ finalizaciones_abono_e2_aplicado_check: definition (0.406419ms)
  ✔ finalizaciones_abono_e2_aplicado_check: convalidated (0.186972ms)
  ✔ finalizaciones_abono_e2_aplicado_check: condeferrable (0.193432ms)
  ✔ finalizaciones_abono_e2_aplicado_check: condeferred (0.183177ms)
  ✔ finalizaciones_abono_e2_aplicado_check: index_valid (0.182165ms)
  ✔ finalizaciones_abono_e2_evaluacion_check: missing (0.175352ms)
  ✔ finalizaciones_abono_e2_evaluacion_check: table_name (0.22148ms)
  ✔ finalizaciones_abono_e2_evaluacion_check: definition (0.208176ms)
  ✔ finalizaciones_abono_e2_evaluacion_check: convalidated (0.188261ms)
  ✔ finalizaciones_abono_e2_evaluacion_check: condeferrable (0.17887ms)
  ✔ finalizaciones_abono_e2_evaluacion_check: condeferred (0.252489ms)
  ✔ finalizaciones_abono_e2_evaluacion_check: index_valid (0.184227ms)
  ✔ finalizaciones_abono_e2_contrato_revision_check: missing (0.176482ms)
  ✔ finalizaciones_abono_e2_contrato_revision_check: table_name (0.176573ms)
  ✔ finalizaciones_abono_e2_contrato_revision_check: definition (0.283298ms)
  ✔ finalizaciones_abono_e2_contrato_revision_check: convalidated (0.252328ms)
  ✔ finalizaciones_abono_e2_contrato_revision_check: condeferrable (0.251006ms)
  ✔ finalizaciones_abono_e2_contrato_revision_check: condeferred (0.257739ms)
  ✔ finalizaciones_abono_e2_contrato_revision_check: index_valid (0.258213ms)
  ✔ finalizaciones_abono_e2_check: missing (0.181452ms)
  ✔ finalizaciones_abono_e2_check: table_name (0.189976ms)
  ✔ finalizaciones_abono_e2_check: definition (0.229783ms)
  ✔ finalizaciones_abono_e2_check: convalidated (0.196545ms)
  ✔ finalizaciones_abono_e2_check: condeferrable (0.191809ms)
  ✔ finalizaciones_abono_e2_check: condeferred (0.192916ms)
  ✔ finalizaciones_abono_e2_check: index_valid (0.231696ms)
  ✔ finalizaciones_abono_e2_operacion_productor_check: missing (0.179403ms)
  ✔ finalizaciones_abono_e2_operacion_productor_check: table_name (0.192389ms)
  ✔ finalizaciones_abono_e2_operacion_productor_check: definition (0.22425ms)
  ✔ finalizaciones_abono_e2_operacion_productor_check: convalidated (0.301559ms)
  ✔ finalizaciones_abono_e2_operacion_productor_check: condeferrable (0.212076ms)
  ✔ finalizaciones_abono_e2_operacion_productor_check: condeferred (0.191875ms)
  ✔ finalizaciones_abono_e2_operacion_productor_check: index_valid (0.195512ms)
  ✔ evidencia_no_aplicada_e2_pkey: missing (0.252343ms)
  ✔ evidencia_no_aplicada_e2_pkey: table_name (0.331381ms)
  ✔ evidencia_no_aplicada_e2_pkey: definition (0.275083ms)
  ✔ evidencia_no_aplicada_e2_pkey: convalidated (0.30323ms)
  ✔ evidencia_no_aplicada_e2_pkey: condeferrable (0.348787ms)
  ✔ evidencia_no_aplicada_e2_pkey: condeferred (0.313735ms)
  ✔ evidencia_no_aplicada_e2_pkey: index_valid (0.250736ms)
  ✔ evidencia_no_aplicada_e2_abono_id_key: missing (0.181899ms)
  ✔ evidencia_no_aplicada_e2_abono_id_key: table_name (0.25651ms)
  ✔ evidencia_no_aplicada_e2_abono_id_key: definition (0.379683ms)
  ✔ evidencia_no_aplicada_e2_abono_id_key: convalidated (0.227282ms)
  ✔ evidencia_no_aplicada_e2_abono_id_key: condeferrable (0.209418ms)
  ✔ evidencia_no_aplicada_e2_abono_id_key: condeferred (0.231242ms)
  ✔ evidencia_no_aplicada_e2_abono_id_key: index_valid (0.211047ms)
  ✔ evidencia_no_aplicada_e2_cobro_clave_key: missing (0.170761ms)
  ✔ evidencia_no_aplicada_e2_cobro_clave_key: table_name (0.830113ms)
  ✔ evidencia_no_aplicada_e2_cobro_clave_key: definition (0.259275ms)
  ✔ evidencia_no_aplicada_e2_cobro_clave_key: convalidated (0.194033ms)
  ✔ evidencia_no_aplicada_e2_cobro_clave_key: condeferrable (0.215698ms)
  ✔ evidencia_no_aplicada_e2_cobro_clave_key: condeferred (0.195821ms)
  ✔ evidencia_no_aplicada_e2_cobro_clave_key: index_valid (0.194161ms)
  ✔ evidencia_no_aplicada_e2_cobro_productor_cobro_clave_fkey: missing (0.168898ms)
  ✔ evidencia_no_aplicada_e2_cobro_productor_cobro_clave_fkey: table_name (0.294231ms)
  ✔ evidencia_no_aplicada_e2_cobro_productor_cobro_clave_fkey: definition (0.202307ms)
  ✔ evidencia_no_aplicada_e2_cobro_productor_cobro_clave_fkey: convalidated (0.244288ms)
  ✔ evidencia_no_aplicada_e2_cobro_productor_cobro_clave_fkey: condeferrable (0.237684ms)
  ✔ evidencia_no_aplicada_e2_cobro_productor_cobro_clave_fkey: condeferred (0.489572ms)
  ✔ evidencia_no_aplicada_e2_cobro_productor_cobro_clave_fkey: index_valid (0.363255ms)
  ✔ evidencia_no_aplicada_e2_abono_id_fkey: missing (0.233576ms)
  ✔ evidencia_no_aplicada_e2_abono_id_fkey: table_name (0.210204ms)
  ✔ evidencia_no_aplicada_e2_abono_id_fkey: definition (0.199483ms)
  ✔ evidencia_no_aplicada_e2_abono_id_fkey: convalidated (0.234825ms)
  ✔ evidencia_no_aplicada_e2_abono_id_fkey: condeferrable (0.211857ms)
  ✔ evidencia_no_aplicada_e2_abono_id_fkey: condeferred (0.20501ms)
  ✔ evidencia_no_aplicada_e2_abono_id_fkey: index_valid (0.328698ms)
  ✔ evidencia_no_aplicada_e2_cliente_id_fkey: missing (0.210446ms)
  ✔ evidencia_no_aplicada_e2_cliente_id_fkey: table_name (0.200914ms)
  ✔ evidencia_no_aplicada_e2_cliente_id_fkey: definition (0.211224ms)
  ✔ evidencia_no_aplicada_e2_cliente_id_fkey: convalidated (0.237363ms)
  ✔ evidencia_no_aplicada_e2_cliente_id_fkey: condeferrable (0.371917ms)
  ✔ evidencia_no_aplicada_e2_cliente_id_fkey: condeferred (0.228013ms)
  ✔ evidencia_no_aplicada_e2_cliente_id_fkey: index_valid (0.240422ms)
  ✔ evidencia_no_aplicada_e2_importe_check: missing (0.186053ms)
  ✔ evidencia_no_aplicada_e2_importe_check: table_name (0.189223ms)
  ✔ evidencia_no_aplicada_e2_importe_check: definition (0.192293ms)
  ✔ evidencia_no_aplicada_e2_importe_check: convalidated (0.193651ms)
  ✔ evidencia_no_aplicada_e2_importe_check: condeferrable (0.208678ms)
  ✔ evidencia_no_aplicada_e2_importe_check: condeferred (0.195522ms)
  ✔ evidencia_no_aplicada_e2_importe_check: index_valid (0.409221ms)
  ✔ evidencia_no_aplicada_e2_forma_pago_check: missing (0.241577ms)
  ✔ evidencia_no_aplicada_e2_forma_pago_check: table_name (0.217519ms)
  ✔ evidencia_no_aplicada_e2_forma_pago_check: definition (0.201132ms)
  ✔ evidencia_no_aplicada_e2_forma_pago_check: convalidated (0.224813ms)
  ✔ evidencia_no_aplicada_e2_forma_pago_check: condeferrable (0.216415ms)
  ✔ evidencia_no_aplicada_e2_forma_pago_check: condeferred (0.197642ms)
  ✔ evidencia_no_aplicada_e2_forma_pago_check: index_valid (0.19915ms)
  ✔ evidencia_no_aplicada_e2_naturaleza_check: missing (0.168736ms)
  ✔ evidencia_no_aplicada_e2_naturaleza_check: table_name (0.251659ms)
  ✔ evidencia_no_aplicada_e2_naturaleza_check: definition (0.201732ms)
  ✔ evidencia_no_aplicada_e2_naturaleza_check: convalidated (0.228519ms)
  ✔ evidencia_no_aplicada_e2_naturaleza_check: condeferrable (0.250224ms)
  ✔ evidencia_no_aplicada_e2_naturaleza_check: condeferred (0.220408ms)
  ✔ evidencia_no_aplicada_e2_naturaleza_check: index_valid (0.200303ms)
  ✔ evidencia_no_aplicada_e2_check: missing (0.169077ms)
  ✔ evidencia_no_aplicada_e2_check: table_name (0.281701ms)
  ✔ evidencia_no_aplicada_e2_check: definition (0.223248ms)
  ✔ evidencia_no_aplicada_e2_check: convalidated (0.2062ms)
  ✔ evidencia_no_aplicada_e2_check: condeferrable (0.20315ms)
  ✔ evidencia_no_aplicada_e2_check: condeferred (0.292853ms)
  ✔ evidencia_no_aplicada_e2_check: index_valid (0.233195ms)
  ✔ e2_finalization_immutable: missing (0.283075ms)
  ✔ e2_finalization_immutable: prosrc (0.356306ms)
  ✔ e2_finalization_immutable: prokind (0.256642ms)
  ✔ e2_finalization_immutable: provolatile (0.244807ms)
  ✔ e2_finalization_immutable: proparallel (0.30338ms)
  ✔ e2_finalization_immutable: prosecdef (0.31152ms)
  ✔ e2_finalization_immutable: proleakproof (0.32429ms)
  ✔ e2_finalization_immutable: proisstrict (0.376444ms)
  ✔ e2_finalization_immutable: proretset (0.266238ms)
  ✔ e2_finalization_immutable: proacl (0.249533ms)
  ✔ e2_finalization_immutable: proconfig (0.25107ms)
  ✔ e2_finalization_immutable: language_name (0.239975ms)
  ✔ e2_finalization_immutable: owner_name (0.234685ms)
  ✔ e2_finalization_immutable: result_type (0.279071ms)
  ✔ e2_finalization_immutable: identity_arguments (0.239356ms)
  ✔ e2_finalization_immutable: tgenabled (0.273486ms)
  ✔ e2_finalization_immutable: tgtype (0.274359ms)
  ✔ e2_finalization_immutable: table_name (0.243304ms)
  ✔ e2_finalization_immutable: function_name (0.226525ms)
  ✔ e2_finalization_immutable: function_schema (0.401034ms)
  ✔ e2_finalization_immutable: args_length (0.674102ms)
  ✔ e2_finalization_immutable: trigger_attr (0.436697ms)
  ✔ e2_finalization_immutable: has_parent (0.247024ms)
  ✔ e2_finalization_immutable: has_qual (0.275936ms)
  ✔ e2_finalization_immutable: has_constraint (0.254264ms)
  ✔ e2_finalization_immutable: tgdeferrable (10.983761ms)
  ✔ e2_finalization_immutable: tginitdeferred (0.408973ms)
  ✔ e2_validate_abono_finalization: missing (0.225846ms)
  ✔ e2_validate_abono_finalization: prosrc (0.293205ms)
  ✔ e2_validate_abono_finalization: prokind (0.226379ms)
  ✔ e2_validate_abono_finalization: provolatile (0.237671ms)
  ✔ e2_validate_abono_finalization: proparallel (0.198895ms)
  ✔ e2_validate_abono_finalization: prosecdef (0.196657ms)
  ✔ e2_validate_abono_finalization: proleakproof (0.461999ms)
  ✔ e2_validate_abono_finalization: proisstrict (0.220795ms)
  ✔ e2_validate_abono_finalization: proretset (0.415887ms)
  ✔ e2_validate_abono_finalization: proacl (0.237992ms)
  ✔ e2_validate_abono_finalization: proconfig (0.280417ms)
  ✔ e2_validate_abono_finalization: language_name (0.206645ms)
  ✔ e2_validate_abono_finalization: owner_name (0.194551ms)
  ✔ e2_validate_abono_finalization: result_type (0.239983ms)
  ✔ e2_validate_abono_finalization: identity_arguments (0.272691ms)
  ✔ e2_validate_abono_finalization: tgenabled (0.207626ms)
  ✔ e2_validate_abono_finalization: tgtype (0.18523ms)
  ✔ e2_validate_abono_finalization: table_name (0.374394ms)
  ✔ e2_validate_abono_finalization: function_name (0.323023ms)
  ✔ e2_validate_abono_finalization: function_schema (0.316813ms)
  ✔ e2_validate_abono_finalization: args_length (0.210678ms)
  ✔ e2_validate_abono_finalization: trigger_attr (0.19256ms)
  ✔ e2_validate_abono_finalization: has_parent (0.199603ms)
  ✔ e2_validate_abono_finalization: has_qual (0.240202ms)
  ✔ e2_validate_abono_finalization: has_constraint (0.196026ms)
  ✔ e2_validate_abono_finalization: tgdeferrable (0.18867ms)
  ✔ e2_validate_abono_finalization: tginitdeferred (0.211706ms)
  ✔ e2_proof_immutable: missing (0.215518ms)
  ✔ e2_proof_immutable: prosrc (0.197777ms)
  ✔ e2_proof_immutable: prokind (0.19287ms)
  ✔ e2_proof_immutable: provolatile (0.191509ms)
  ✔ e2_proof_immutable: proparallel (0.234233ms)
  ✔ e2_proof_immutable: prosecdef (0.196279ms)
  ✔ e2_proof_immutable: proleakproof (0.244541ms)
  ✔ e2_proof_immutable: proisstrict (0.206818ms)
  ✔ e2_proof_immutable: proretset (0.376353ms)
  ✔ e2_proof_immutable: proacl (0.292891ms)
  ✔ e2_proof_immutable: proconfig (0.201976ms)
  ✔ e2_proof_immutable: language_name (0.234163ms)
  ✔ e2_proof_immutable: owner_name (0.196329ms)
  ✔ e2_proof_immutable: result_type (0.189574ms)
  ✔ e2_proof_immutable: identity_arguments (0.189087ms)
  ✔ e2_proof_immutable: tgenabled (0.229809ms)
  ✔ e2_proof_immutable: tgtype (0.199885ms)
  ✔ e2_proof_immutable: table_name (0.189542ms)
  ✔ e2_proof_immutable: function_name (0.182971ms)
  ✔ e2_proof_immutable: function_schema (0.213797ms)
  ✔ e2_proof_immutable: args_length (0.199822ms)
  ✔ e2_proof_immutable: trigger_attr (0.191014ms)
  ✔ e2_proof_immutable: has_parent (0.545127ms)
  ✔ e2_proof_immutable: has_qual (0.226537ms)
  ✔ e2_proof_immutable: has_constraint (0.201059ms)
  ✔ e2_proof_immutable: tgdeferrable (0.188952ms)
  ✔ e2_proof_immutable: tginitdeferred (0.242821ms)
  ✔ e2_validate_unused_proof: missing (0.170795ms)
  ✔ e2_validate_unused_proof: prosrc (0.202308ms)
  ✔ e2_validate_unused_proof: prokind (0.346857ms)
  ✔ e2_validate_unused_proof: provolatile (0.264ms)
  ✔ e2_validate_unused_proof: proparallel (0.206086ms)
  ✔ e2_validate_unused_proof: prosecdef (0.29656ms)
  ✔ e2_validate_unused_proof: proleakproof (0.333276ms)
  ✔ e2_validate_unused_proof: proisstrict (0.222331ms)
  ✔ e2_validate_unused_proof: proretset (0.376912ms)
  ✔ e2_validate_unused_proof: proacl (0.307391ms)
  ✔ e2_validate_unused_proof: proconfig (0.257157ms)
  ✔ e2_validate_unused_proof: language_name (0.207933ms)
  ✔ e2_validate_unused_proof: owner_name (0.243992ms)
  ✔ e2_validate_unused_proof: result_type (0.194338ms)
  ✔ e2_validate_unused_proof: identity_arguments (0.190067ms)
  ✔ e2_validate_unused_proof: tgenabled (0.18762ms)
  ✔ e2_validate_unused_proof: tgtype (0.235036ms)
  ✔ e2_validate_unused_proof: table_name (0.196773ms)
  ✔ e2_validate_unused_proof: function_name (0.1937ms)
  ✔ e2_validate_unused_proof: function_schema (0.190253ms)
  ✔ e2_validate_unused_proof: args_length (0.229923ms)
  ✔ e2_validate_unused_proof: trigger_attr (0.349692ms)
  ✔ e2_validate_unused_proof: has_parent (0.214466ms)
  ✔ e2_validate_unused_proof: has_qual (0.198668ms)
  ✔ e2_validate_unused_proof: has_constraint (0.231527ms)
  ✔ e2_validate_unused_proof: tgdeferrable (0.219744ms)
  ✔ e2_validate_unused_proof: tginitdeferred (0.195276ms)
  ✔ e2_abono_finalization_complete: missing (0.203171ms)
  ✔ e2_abono_finalization_complete: prosrc (0.231129ms)
  ✔ e2_abono_finalization_complete: prokind (0.200872ms)
  ✔ e2_abono_finalization_complete: provolatile (0.198147ms)
  ✔ e2_abono_finalization_complete: proparallel (0.23188ms)
  ✔ e2_abono_finalization_complete: prosecdef (0.210771ms)
  ✔ e2_abono_finalization_complete: proleakproof (0.198085ms)
  ✔ e2_abono_finalization_complete: proisstrict (0.193654ms)
  ✔ e2_abono_finalization_complete: proretset (0.195038ms)
  ✔ e2_abono_finalization_complete: proacl (0.210044ms)
  ✔ e2_abono_finalization_complete: proconfig (0.209105ms)
  ✔ e2_abono_finalization_complete: language_name (0.191471ms)
  ✔ e2_abono_finalization_complete: owner_name (0.194601ms)
  ✔ e2_abono_finalization_complete: result_type (0.301807ms)
  ✔ e2_abono_finalization_complete: identity_arguments (0.216219ms)
  ✔ e2_abono_finalization_complete: tgenabled (0.199171ms)
  ✔ e2_abono_finalization_complete: tgtype (0.195853ms)
  ✔ e2_abono_finalization_complete: table_name (1.273728ms)
  ✔ e2_abono_finalization_complete: function_name (0.239851ms)
  ✔ e2_abono_finalization_complete: function_schema (0.204158ms)
  ✔ e2_abono_finalization_complete: args_length (0.249482ms)
  ✔ e2_abono_finalization_complete: trigger_attr (0.197918ms)
  ✔ e2_abono_finalization_complete: has_parent (0.201445ms)
  ✔ e2_abono_finalization_complete: has_qual (0.281324ms)
  ✔ e2_abono_finalization_complete: has_constraint (0.253165ms)
  ✔ e2_abono_finalization_complete: tgdeferrable (0.20858ms)
  ✔ e2_abono_finalization_complete: tginitdeferred (0.200649ms)
  ✔ e2_capture_application_order: missing (0.200234ms)
  ✔ e2_capture_application_order: prosrc (0.211662ms)
  ✔ e2_capture_application_order: prokind (0.202986ms)
  ✔ e2_capture_application_order: provolatile (0.201373ms)
  ✔ e2_capture_application_order: proparallel (0.235265ms)
  ✔ e2_capture_application_order: prosecdef (0.211637ms)
  ✔ e2_capture_application_order: proleakproof (0.202697ms)
  ✔ e2_capture_application_order: proisstrict (0.206226ms)
  ✔ e2_capture_application_order: proretset (0.22551ms)
  ✔ e2_capture_application_order: proacl (0.209747ms)
  ✔ e2_capture_application_order: proconfig (0.198841ms)
  ✔ e2_capture_application_order: language_name (0.202829ms)
  ✔ e2_capture_application_order: owner_name (0.344171ms)
  ✔ e2_capture_application_order: result_type (0.232757ms)
  ✔ e2_capture_application_order: identity_arguments (0.205706ms)
  ✔ e2_capture_application_order: tgenabled (0.201362ms)
  ✔ e2_capture_application_order: tgtype (0.252938ms)
  ✔ e2_capture_application_order: table_name (0.2539ms)
  ✔ e2_capture_application_order: function_name (0.209027ms)
  ✔ e2_capture_application_order: function_schema (0.239814ms)
  ✔ e2_capture_application_order: args_length (0.216771ms)
  ✔ e2_capture_application_order: trigger_attr (0.199606ms)
  ✔ e2_capture_application_order: has_parent (0.201665ms)
  ✔ e2_capture_application_order: has_qual (0.23924ms)
  ✔ e2_capture_application_order: has_constraint (0.250227ms)
  ✔ e2_capture_application_order: tgdeferrable (0.205887ms)
  ✔ e2_capture_application_order: tginitdeferred (0.201607ms)
  ✔ e2_finalize_new_abono: missing (0.384653ms)
  ✔ e2_finalize_new_abono: prosrc (0.25093ms)
  ✔ e2_finalize_new_abono: prokind (0.233188ms)
  ✔ e2_finalize_new_abono: provolatile (0.275513ms)
  ✔ e2_finalize_new_abono: proparallel (0.227578ms)
  ✔ e2_finalize_new_abono: prosecdef (0.298193ms)
  ✔ e2_finalize_new_abono: proleakproof (0.321175ms)
  ✔ e2_finalize_new_abono: proisstrict (0.292568ms)
  ✔ e2_finalize_new_abono: proretset (0.239366ms)
  ✔ e2_finalize_new_abono: proacl (0.257345ms)
  ✔ e2_finalize_new_abono: proconfig (0.458619ms)
  ✔ e2_finalize_new_abono: language_name (0.403133ms)
  ✔ e2_finalize_new_abono: owner_name (0.408116ms)
  ✔ e2_finalize_new_abono: result_type (0.447285ms)
  ✔ e2_finalize_new_abono: identity_arguments (0.313152ms)
  ✔ e2_attest_new_retained: missing (0.244045ms)
  ✔ e2_attest_new_retained: prosrc (0.270906ms)
  ✔ e2_attest_new_retained: prokind (0.283401ms)
  ✔ e2_attest_new_retained: provolatile (0.259067ms)
  ✔ e2_attest_new_retained: proparallel (0.265772ms)
  ✔ e2_attest_new_retained: prosecdef (0.23424ms)
  ✔ e2_attest_new_retained: proleakproof (0.225182ms)
  ✔ e2_attest_new_retained: proisstrict (0.276915ms)
  ✔ e2_attest_new_retained: proretset (0.328142ms)
  ✔ e2_attest_new_retained: proacl (0.231697ms)
  ✔ e2_attest_new_retained: proconfig (0.21977ms)
  ✔ e2_attest_new_retained: language_name (0.251432ms)
  ✔ e2_attest_new_retained: owner_name (0.236754ms)
  ✔ e2_attest_new_retained: result_type (0.221171ms)
  ✔ e2_attest_new_retained: identity_arguments (0.282598ms)
✔ A+C mock preflight independently rejects each catalog drift (173.882331ms)
ℹ tests 428
ℹ suites 0
ℹ pass 428
ℹ fail 0
ℹ cancelled 0
ℹ skipped 0
ℹ todo 0
ℹ duration_ms 660.304814
