✔ mounted ordinary producer: UNUSED/PARTIAL/FULL and FIFO persistence ordering (288.250124ms)
✔ mounted directed approval finalizes FULL only after its application (33.030011ms)
✔ actual core rejects directed result/amount mismatches before persistence (0.676363ms)
✔ positive proof is mandatory in the real refund service (64.609209ms)
✔ real refund service accepts both origins and rejects absent/used ABONO finalization (64.930756ms)
✔ R4 application-order guard exists in prepared SQL (LEXICAL ONLY, not SQL semantics) (0.455416ms)
▶ A+C mock preflight independently rejects each catalog drift
  ✔ finalizaciones_abono_e2.abono_id: missing (0.687304ms)
  ✔ finalizaciones_abono_e2.abono_id: data_type (0.413857ms)
  ✔ finalizaciones_abono_e2.abono_id: is_nullable (0.405297ms)
  ✔ finalizaciones_abono_e2.abono_id: column_default (0.492408ms)
  ✔ finalizaciones_abono_e2.operacion_productor: missing (0.399329ms)
  ✔ finalizaciones_abono_e2.operacion_productor: data_type (0.236129ms)
  ✔ finalizaciones_abono_e2.operacion_productor: is_nullable (0.281421ms)
  ✔ finalizaciones_abono_e2.operacion_productor: column_default (0.221ms)
  ✔ finalizaciones_abono_e2.operacion_clave: missing (0.379305ms)
  ✔ finalizaciones_abono_e2.operacion_clave: data_type (0.25274ms)
  ✔ finalizaciones_abono_e2.operacion_clave: is_nullable (0.318714ms)
  ✔ finalizaciones_abono_e2.operacion_clave: column_default (0.273272ms)
  ✔ finalizaciones_abono_e2.cliente_id: missing (0.427531ms)
  ✔ finalizaciones_abono_e2.cliente_id: data_type (0.221411ms)
  ✔ finalizaciones_abono_e2.cliente_id: is_nullable (0.267785ms)
  ✔ finalizaciones_abono_e2.cliente_id: column_default (0.223845ms)
  ✔ finalizaciones_abono_e2.importe: missing (0.329279ms)
  ✔ finalizaciones_abono_e2.importe: data_type (0.295342ms)
  ✔ finalizaciones_abono_e2.importe: is_nullable (0.245464ms)
  ✔ finalizaciones_abono_e2.importe: column_default (0.209146ms)
  ✔ finalizaciones_abono_e2.importe: numeric_precision (0.426316ms)
  ✔ finalizaciones_abono_e2.importe: numeric_scale (0.341333ms)
  ✔ finalizaciones_abono_e2.resultado: missing (0.256892ms)
  ✔ finalizaciones_abono_e2.resultado: data_type (0.32215ms)
  ✔ finalizaciones_abono_e2.resultado: is_nullable (0.31831ms)
  ✔ finalizaciones_abono_e2.resultado: column_default (0.302324ms)
  ✔ finalizaciones_abono_e2.aplicado: missing (0.280774ms)
  ✔ finalizaciones_abono_e2.aplicado: data_type (0.214081ms)
  ✔ finalizaciones_abono_e2.aplicado: is_nullable (0.27478ms)
  ✔ finalizaciones_abono_e2.aplicado: column_default (0.24778ms)
  ✔ finalizaciones_abono_e2.aplicado: numeric_precision (0.199344ms)
  ✔ finalizaciones_abono_e2.aplicado: numeric_scale (0.173268ms)
  ✔ finalizaciones_abono_e2.evaluacion: missing (0.321936ms)
  ✔ finalizaciones_abono_e2.evaluacion: data_type (0.271695ms)
  ✔ finalizaciones_abono_e2.evaluacion: is_nullable (0.184341ms)
  ✔ finalizaciones_abono_e2.evaluacion: column_default (0.168188ms)
  ✔ finalizaciones_abono_e2.contrato_revision: missing (0.209203ms)
  ✔ finalizaciones_abono_e2.contrato_revision: data_type (0.185777ms)
  ✔ finalizaciones_abono_e2.contrato_revision: is_nullable (0.168968ms)
  ✔ finalizaciones_abono_e2.contrato_revision: column_default (0.161882ms)
  ✔ finalizaciones_abono_e2.created_at: missing (0.166064ms)
  ✔ finalizaciones_abono_e2.created_at: data_type (0.281754ms)
  ✔ finalizaciones_abono_e2.created_at: is_nullable (0.185194ms)
  ✔ finalizaciones_abono_e2.created_at: column_default (0.171592ms)
  ✔ evidencia_no_aplicada_e2.fuente: missing (0.370673ms)
  ✔ evidencia_no_aplicada_e2.fuente: data_type (0.177106ms)
  ✔ evidencia_no_aplicada_e2.fuente: is_nullable (0.162755ms)
  ✔ evidencia_no_aplicada_e2.fuente: column_default (0.165828ms)
  ✔ evidencia_no_aplicada_e2.abono_id: missing (0.164476ms)
  ✔ evidencia_no_aplicada_e2.abono_id: data_type (0.23274ms)
  ✔ evidencia_no_aplicada_e2.abono_id: is_nullable (0.178547ms)
  ✔ evidencia_no_aplicada_e2.abono_id: column_default (0.165236ms)
  ✔ evidencia_no_aplicada_e2.cobro_productor: missing (0.16505ms)
  ✔ evidencia_no_aplicada_e2.cobro_productor: data_type (0.213166ms)
  ✔ evidencia_no_aplicada_e2.cobro_productor: is_nullable (0.211029ms)
  ✔ evidencia_no_aplicada_e2.cobro_productor: column_default (0.173056ms)
  ✔ evidencia_no_aplicada_e2.cobro_clave: missing (0.16435ms)
  ✔ evidencia_no_aplicada_e2.cobro_clave: data_type (0.250154ms)
  ✔ evidencia_no_aplicada_e2.cobro_clave: is_nullable (0.178463ms)
  ✔ evidencia_no_aplicada_e2.cobro_clave: column_default (0.168593ms)
  ✔ evidencia_no_aplicada_e2.cliente_id: missing (0.160711ms)
  ✔ evidencia_no_aplicada_e2.cliente_id: data_type (0.35174ms)
  ✔ evidencia_no_aplicada_e2.cliente_id: is_nullable (0.212428ms)
  ✔ evidencia_no_aplicada_e2.cliente_id: column_default (0.179886ms)
  ✔ evidencia_no_aplicada_e2.importe: missing (0.167881ms)
  ✔ evidencia_no_aplicada_e2.importe: data_type (0.188852ms)
  ✔ evidencia_no_aplicada_e2.importe: is_nullable (0.174693ms)
  ✔ evidencia_no_aplicada_e2.importe: column_default (0.163524ms)
  ✔ evidencia_no_aplicada_e2.importe: numeric_precision (0.165715ms)
  ✔ evidencia_no_aplicada_e2.importe: numeric_scale (0.199465ms)
  ✔ evidencia_no_aplicada_e2.forma_pago: missing (0.268799ms)
  ✔ evidencia_no_aplicada_e2.forma_pago: data_type (0.19192ms)
  ✔ evidencia_no_aplicada_e2.forma_pago: is_nullable (0.175655ms)
  ✔ evidencia_no_aplicada_e2.forma_pago: column_default (0.270406ms)
  ✔ evidencia_no_aplicada_e2.naturaleza: missing (0.20704ms)
  ✔ evidencia_no_aplicada_e2.naturaleza: data_type (0.168595ms)
  ✔ evidencia_no_aplicada_e2.naturaleza: is_nullable (0.197091ms)
  ✔ evidencia_no_aplicada_e2.naturaleza: column_default (0.261675ms)
  ✔ evidencia_no_aplicada_e2.created_at: missing (0.182659ms)
  ✔ evidencia_no_aplicada_e2.created_at: data_type (0.19496ms)
  ✔ evidencia_no_aplicada_e2.created_at: is_nullable (0.169096ms)
  ✔ evidencia_no_aplicada_e2.created_at: column_default (0.519606ms)
  ✔ finalizaciones_abono_e2_pkey: missing (0.263147ms)
  ✔ finalizaciones_abono_e2_pkey: table_name (0.374913ms)
  ✔ finalizaciones_abono_e2_pkey: definition (0.336345ms)
  ✔ finalizaciones_abono_e2_pkey: convalidated (0.216124ms)
  ✔ finalizaciones_abono_e2_pkey: condeferrable (0.292927ms)
  ✔ finalizaciones_abono_e2_pkey: condeferred (0.189018ms)
  ✔ finalizaciones_abono_e2_pkey: index_valid (0.179221ms)
  ✔ finalizaciones_abono_e2_abono_id_fkey: missing (0.217175ms)
  ✔ finalizaciones_abono_e2_abono_id_fkey: table_name (0.199188ms)
  ✔ finalizaciones_abono_e2_abono_id_fkey: definition (0.228778ms)
  ✔ finalizaciones_abono_e2_abono_id_fkey: convalidated (0.208324ms)
  ✔ finalizaciones_abono_e2_abono_id_fkey: condeferrable (0.216543ms)
  ✔ finalizaciones_abono_e2_abono_id_fkey: condeferred (0.202225ms)
  ✔ finalizaciones_abono_e2_abono_id_fkey: index_valid (0.177382ms)
  ✔ finalizaciones_abono_e2_cliente_id_fkey: missing (0.235522ms)
  ✔ finalizaciones_abono_e2_cliente_id_fkey: table_name (0.288143ms)
  ✔ finalizaciones_abono_e2_cliente_id_fkey: definition (0.184101ms)
  ✔ finalizaciones_abono_e2_cliente_id_fkey: convalidated (0.177036ms)
  ✔ finalizaciones_abono_e2_cliente_id_fkey: condeferrable (0.174634ms)
  ✔ finalizaciones_abono_e2_cliente_id_fkey: condeferred (0.219123ms)
  ✔ finalizaciones_abono_e2_cliente_id_fkey: index_valid (0.18386ms)
  ✔ finalizaciones_abono_e2_operacion_productor_operacion_clave_key: missing (0.172125ms)
  ✔ finalizaciones_abono_e2_operacion_productor_operacion_clave_key: table_name (0.278033ms)
  ✔ finalizaciones_abono_e2_operacion_productor_operacion_clave_key: definition (0.202023ms)
  ✔ finalizaciones_abono_e2_operacion_productor_operacion_clave_key: convalidated (0.178248ms)
  ✔ finalizaciones_abono_e2_operacion_productor_operacion_clave_key: condeferrable (0.176042ms)
  ✔ finalizaciones_abono_e2_operacion_productor_operacion_clave_key: condeferred (0.171963ms)
  ✔ finalizaciones_abono_e2_operacion_productor_operacion_clave_key: index_valid (0.217865ms)
  ✔ finalizaciones_abono_e2_importe_check: missing (0.171626ms)
  ✔ finalizaciones_abono_e2_importe_check: table_name (0.176862ms)
  ✔ finalizaciones_abono_e2_importe_check: definition (0.175022ms)
  ✔ finalizaciones_abono_e2_importe_check: convalidated (0.360595ms)
  ✔ finalizaciones_abono_e2_importe_check: condeferrable (0.202364ms)
  ✔ finalizaciones_abono_e2_importe_check: condeferred (0.181092ms)
  ✔ finalizaciones_abono_e2_importe_check: index_valid (0.174283ms)
  ✔ finalizaciones_abono_e2_resultado_check: missing (0.270115ms)
  ✔ finalizaciones_abono_e2_resultado_check: table_name (0.212529ms)
  ✔ finalizaciones_abono_e2_resultado_check: definition (0.215053ms)
  ✔ finalizaciones_abono_e2_resultado_check: convalidated (0.212796ms)
  ✔ finalizaciones_abono_e2_resultado_check: condeferrable (0.198579ms)
  ✔ finalizaciones_abono_e2_resultado_check: condeferred (0.180719ms)
  ✔ finalizaciones_abono_e2_resultado_check: index_valid (0.183748ms)
  ✔ finalizaciones_abono_e2_aplicado_check: missing (0.164772ms)
  ✔ finalizaciones_abono_e2_aplicado_check: table_name (0.225518ms)
  ✔ finalizaciones_abono_e2_aplicado_check: definition (0.189388ms)
  ✔ finalizaciones_abono_e2_aplicado_check: convalidated (0.185444ms)
  ✔ finalizaciones_abono_e2_aplicado_check: condeferrable (0.196307ms)
  ✔ finalizaciones_abono_e2_aplicado_check: condeferred (0.218821ms)
  ✔ finalizaciones_abono_e2_aplicado_check: index_valid (0.198305ms)
  ✔ finalizaciones_abono_e2_evaluacion_check: missing (0.172963ms)
  ✔ finalizaciones_abono_e2_evaluacion_check: table_name (0.18299ms)
  ✔ finalizaciones_abono_e2_evaluacion_check: definition (0.437294ms)
  ✔ finalizaciones_abono_e2_evaluacion_check: convalidated (0.256053ms)
  ✔ finalizaciones_abono_e2_evaluacion_check: condeferrable (0.199731ms)
  ✔ finalizaciones_abono_e2_evaluacion_check: condeferred (0.232773ms)
  ✔ finalizaciones_abono_e2_evaluacion_check: index_valid (0.203741ms)
  ✔ finalizaciones_abono_e2_contrato_revision_check: missing (0.181276ms)
  ✔ finalizaciones_abono_e2_contrato_revision_check: table_name (0.182ms)
  ✔ finalizaciones_abono_e2_contrato_revision_check: definition (0.186508ms)
  ✔ finalizaciones_abono_e2_contrato_revision_check: convalidated (0.264636ms)
  ✔ finalizaciones_abono_e2_contrato_revision_check: condeferrable (0.391432ms)
  ✔ finalizaciones_abono_e2_contrato_revision_check: condeferred (0.363693ms)
  ✔ finalizaciones_abono_e2_contrato_revision_check: index_valid (0.270847ms)
  ✔ finalizaciones_abono_e2_check: missing (0.195153ms)
  ✔ finalizaciones_abono_e2_check: table_name (0.268751ms)
  ✔ finalizaciones_abono_e2_check: definition (0.212392ms)
  ✔ finalizaciones_abono_e2_check: convalidated (0.193285ms)
  ✔ finalizaciones_abono_e2_check: condeferrable (0.186491ms)
  ✔ finalizaciones_abono_e2_check: condeferred (0.227323ms)
  ✔ finalizaciones_abono_e2_check: index_valid (0.205359ms)
  ✔ finalizaciones_abono_e2_operacion_productor_check: missing (0.171146ms)
  ✔ finalizaciones_abono_e2_operacion_productor_check: table_name (0.187765ms)
  ✔ finalizaciones_abono_e2_operacion_productor_check: definition (0.252433ms)
  ✔ finalizaciones_abono_e2_operacion_productor_check: convalidated (0.215487ms)
  ✔ finalizaciones_abono_e2_operacion_productor_check: condeferrable (0.19599ms)
  ✔ finalizaciones_abono_e2_operacion_productor_check: condeferred (0.197324ms)
  ✔ finalizaciones_abono_e2_operacion_productor_check: index_valid (0.191032ms)
  ✔ evidencia_no_aplicada_e2_pkey: missing (0.242139ms)
  ✔ evidencia_no_aplicada_e2_pkey: table_name (0.287154ms)
  ✔ evidencia_no_aplicada_e2_pkey: definition (0.28775ms)
  ✔ evidencia_no_aplicada_e2_pkey: convalidated (0.341557ms)
  ✔ evidencia_no_aplicada_e2_pkey: condeferrable (0.383866ms)
  ✔ evidencia_no_aplicada_e2_pkey: condeferred (0.573069ms)
  ✔ evidencia_no_aplicada_e2_pkey: index_valid (6.86099ms)
  ✔ evidencia_no_aplicada_e2_abono_id_key: missing (0.286643ms)
  ✔ evidencia_no_aplicada_e2_abono_id_key: table_name (0.284864ms)
  ✔ evidencia_no_aplicada_e2_abono_id_key: definition (0.266309ms)
  ✔ evidencia_no_aplicada_e2_abono_id_key: convalidated (0.227907ms)
  ✔ evidencia_no_aplicada_e2_abono_id_key: condeferrable (0.177705ms)
  ✔ evidencia_no_aplicada_e2_abono_id_key: condeferred (0.178911ms)
  ✔ evidencia_no_aplicada_e2_abono_id_key: index_valid (0.160243ms)
  ✔ evidencia_no_aplicada_e2_cobro_clave_key: missing (0.142197ms)
  ✔ evidencia_no_aplicada_e2_cobro_clave_key: table_name (0.665398ms)
  ✔ evidencia_no_aplicada_e2_cobro_clave_key: definition (0.220212ms)
  ✔ evidencia_no_aplicada_e2_cobro_clave_key: convalidated (0.168293ms)
  ✔ evidencia_no_aplicada_e2_cobro_clave_key: condeferrable (0.153412ms)
  ✔ evidencia_no_aplicada_e2_cobro_clave_key: condeferred (0.289279ms)
  ✔ evidencia_no_aplicada_e2_cobro_clave_key: index_valid (0.263574ms)
  ✔ evidencia_no_aplicada_e2_cobro_productor_cobro_clave_fkey: missing (0.171804ms)
  ✔ evidencia_no_aplicada_e2_cobro_productor_cobro_clave_fkey: table_name (0.187776ms)
  ✔ evidencia_no_aplicada_e2_cobro_productor_cobro_clave_fkey: definition (0.169678ms)
  ✔ evidencia_no_aplicada_e2_cobro_productor_cobro_clave_fkey: convalidated (0.179844ms)
  ✔ evidencia_no_aplicada_e2_cobro_productor_cobro_clave_fkey: condeferrable (0.171004ms)
  ✔ evidencia_no_aplicada_e2_cobro_productor_cobro_clave_fkey: condeferred (0.158366ms)
  ✔ evidencia_no_aplicada_e2_cobro_productor_cobro_clave_fkey: index_valid (0.241119ms)
  ✔ evidencia_no_aplicada_e2_abono_id_fkey: missing (0.175056ms)
  ✔ evidencia_no_aplicada_e2_abono_id_fkey: table_name (0.162271ms)
  ✔ evidencia_no_aplicada_e2_abono_id_fkey: definition (0.156037ms)
  ✔ evidencia_no_aplicada_e2_abono_id_fkey: convalidated (0.150375ms)
  ✔ evidencia_no_aplicada_e2_abono_id_fkey: condeferrable (0.169523ms)
  ✔ evidencia_no_aplicada_e2_abono_id_fkey: condeferred (0.155235ms)
  ✔ evidencia_no_aplicada_e2_abono_id_fkey: index_valid (0.152266ms)
  ✔ evidencia_no_aplicada_e2_cliente_id_fkey: missing (0.137754ms)
  ✔ evidencia_no_aplicada_e2_cliente_id_fkey: table_name (0.152001ms)
  ✔ evidencia_no_aplicada_e2_cliente_id_fkey: definition (0.250226ms)
  ✔ evidencia_no_aplicada_e2_cliente_id_fkey: convalidated (0.163852ms)
  ✔ evidencia_no_aplicada_e2_cliente_id_fkey: condeferrable (0.321533ms)
  ✔ evidencia_no_aplicada_e2_cliente_id_fkey: condeferred (0.23596ms)
  ✔ evidencia_no_aplicada_e2_cliente_id_fkey: index_valid (0.174471ms)
  ✔ evidencia_no_aplicada_e2_importe_check: missing (0.14383ms)
  ✔ evidencia_no_aplicada_e2_importe_check: table_name (0.150221ms)
  ✔ evidencia_no_aplicada_e2_importe_check: definition (0.14919ms)
  ✔ evidencia_no_aplicada_e2_importe_check: convalidated (0.148498ms)
  ✔ evidencia_no_aplicada_e2_importe_check: condeferrable (0.200821ms)
  ✔ evidencia_no_aplicada_e2_importe_check: condeferred (0.151777ms)
  ✔ evidencia_no_aplicada_e2_importe_check: index_valid (0.15258ms)
  ✔ evidencia_no_aplicada_e2_forma_pago_check: missing (0.160514ms)
  ✔ evidencia_no_aplicada_e2_forma_pago_check: table_name (0.162279ms)
  ✔ evidencia_no_aplicada_e2_forma_pago_check: definition (0.171488ms)
  ✔ evidencia_no_aplicada_e2_forma_pago_check: convalidated (0.157703ms)
  ✔ evidencia_no_aplicada_e2_forma_pago_check: condeferrable (0.156057ms)
  ✔ evidencia_no_aplicada_e2_forma_pago_check: condeferred (0.163115ms)
  ✔ evidencia_no_aplicada_e2_forma_pago_check: index_valid (0.151797ms)
  ✔ evidencia_no_aplicada_e2_naturaleza_check: missing (0.242856ms)
  ✔ evidencia_no_aplicada_e2_naturaleza_check: table_name (0.16218ms)
  ✔ evidencia_no_aplicada_e2_naturaleza_check: definition (0.151075ms)
  ✔ evidencia_no_aplicada_e2_naturaleza_check: convalidated (0.152293ms)
  ✔ evidencia_no_aplicada_e2_naturaleza_check: condeferrable (0.153582ms)
  ✔ evidencia_no_aplicada_e2_naturaleza_check: condeferred (0.165002ms)
  ✔ evidencia_no_aplicada_e2_naturaleza_check: index_valid (0.154875ms)
  ✔ evidencia_no_aplicada_e2_check: missing (0.186911ms)
  ✔ evidencia_no_aplicada_e2_check: table_name (0.172323ms)
  ✔ evidencia_no_aplicada_e2_check: definition (0.160696ms)
  ✔ evidencia_no_aplicada_e2_check: convalidated (0.353338ms)
  ✔ evidencia_no_aplicada_e2_check: condeferrable (0.20406ms)
  ✔ evidencia_no_aplicada_e2_check: condeferred (0.237374ms)
  ✔ evidencia_no_aplicada_e2_check: index_valid (0.311459ms)
  ✔ e2_finalization_immutable: missing (0.278426ms)
  ✔ e2_finalization_immutable: prosrc (0.355388ms)
  ✔ e2_finalization_immutable: prokind (0.218295ms)
  ✔ e2_finalization_immutable: provolatile (0.190863ms)
  ✔ e2_finalization_immutable: proparallel (0.182808ms)
  ✔ e2_finalization_immutable: prosecdef (0.311372ms)
  ✔ e2_finalization_immutable: proleakproof (0.28141ms)
  ✔ e2_finalization_immutable: proisstrict (0.261446ms)
  ✔ e2_finalization_immutable: proretset (0.225843ms)
  ✔ e2_finalization_immutable: proacl (0.189267ms)
  ✔ e2_finalization_immutable: proconfig (0.17553ms)
  ✔ e2_finalization_immutable: language_name (0.17926ms)
  ✔ e2_finalization_immutable: owner_name (0.178241ms)
  ✔ e2_finalization_immutable: result_type (0.238671ms)
  ✔ e2_finalization_immutable: identity_arguments (0.182036ms)
  ✔ e2_finalization_immutable: tgenabled (0.235249ms)
  ✔ e2_finalization_immutable: tgtype (0.180976ms)
  ✔ e2_finalization_immutable: table_name (0.288014ms)
  ✔ e2_finalization_immutable: function_name (0.186254ms)
  ✔ e2_finalization_immutable: function_schema (0.275458ms)
  ✔ e2_finalization_immutable: args_length (0.334357ms)
  ✔ e2_finalization_immutable: trigger_attr (0.248401ms)
  ✔ e2_finalization_immutable: has_parent (0.20789ms)
  ✔ e2_finalization_immutable: has_qual (0.219878ms)
  ✔ e2_finalization_immutable: has_constraint (0.195691ms)
  ✔ e2_finalization_immutable: tgdeferrable (0.237516ms)
  ✔ e2_finalization_immutable: tginitdeferred (0.208262ms)
  ✔ e2_validate_abono_finalization: missing (0.205219ms)
  ✔ e2_validate_abono_finalization: prosrc (0.252807ms)
  ✔ e2_validate_abono_finalization: prokind (0.219952ms)
  ✔ e2_validate_abono_finalization: provolatile (0.194123ms)
  ✔ e2_validate_abono_finalization: proparallel (0.298794ms)
  ✔ e2_validate_abono_finalization: prosecdef (0.196249ms)
  ✔ e2_validate_abono_finalization: proleakproof (0.185526ms)
  ✔ e2_validate_abono_finalization: proisstrict (0.183959ms)
  ✔ e2_validate_abono_finalization: proretset (0.23522ms)
  ✔ e2_validate_abono_finalization: proacl (0.194975ms)
  ✔ e2_validate_abono_finalization: proconfig (0.264309ms)
  ✔ e2_validate_abono_finalization: language_name (0.196985ms)
  ✔ e2_validate_abono_finalization: owner_name (0.253716ms)
  ✔ e2_validate_abono_finalization: result_type (0.200739ms)
  ✔ e2_validate_abono_finalization: identity_arguments (0.276883ms)
  ✔ e2_validate_abono_finalization: tgenabled (0.237149ms)
  ✔ e2_validate_abono_finalization: tgtype (0.197962ms)
  ✔ e2_validate_abono_finalization: table_name (0.195488ms)
  ✔ e2_validate_abono_finalization: function_name (0.190341ms)
  ✔ e2_validate_abono_finalization: function_schema (0.185405ms)
  ✔ e2_validate_abono_finalization: args_length (0.21148ms)
  ✔ e2_validate_abono_finalization: trigger_attr (0.195623ms)
  ✔ e2_validate_abono_finalization: has_parent (0.188382ms)
  ✔ e2_validate_abono_finalization: has_qual (0.19083ms)
  ✔ e2_validate_abono_finalization: has_constraint (0.217002ms)
  ✔ e2_validate_abono_finalization: tgdeferrable (0.200593ms)
  ✔ e2_validate_abono_finalization: tginitdeferred (0.19ms)
  ✔ e2_proof_immutable: missing (0.173102ms)
  ✔ e2_proof_immutable: prosrc (0.234314ms)
  ✔ e2_proof_immutable: prokind (0.197913ms)
  ✔ e2_proof_immutable: provolatile (0.250917ms)
  ✔ e2_proof_immutable: proparallel (0.224416ms)
  ✔ e2_proof_immutable: prosecdef (0.2576ms)
  ✔ e2_proof_immutable: proleakproof (0.28045ms)
  ✔ e2_proof_immutable: proisstrict (0.222192ms)
  ✔ e2_proof_immutable: proretset (0.404034ms)
  ✔ e2_proof_immutable: proacl (0.238921ms)
  ✔ e2_proof_immutable: proconfig (0.205295ms)
  ✔ e2_proof_immutable: language_name (0.312019ms)
  ✔ e2_proof_immutable: owner_name (0.228421ms)
  ✔ e2_proof_immutable: result_type (0.206877ms)
  ✔ e2_proof_immutable: identity_arguments (0.19202ms)
  ✔ e2_proof_immutable: tgenabled (0.249431ms)
  ✔ e2_proof_immutable: tgtype (0.199332ms)
  ✔ e2_proof_immutable: table_name (0.197335ms)
  ✔ e2_proof_immutable: function_name (0.190116ms)
  ✔ e2_proof_immutable: function_schema (0.233489ms)
  ✔ e2_proof_immutable: args_length (0.204628ms)
  ✔ e2_proof_immutable: trigger_attr (0.189063ms)
  ✔ e2_proof_immutable: has_parent (0.183828ms)
  ✔ e2_proof_immutable: has_qual (0.270655ms)
  ✔ e2_proof_immutable: has_constraint (0.210774ms)
  ✔ e2_proof_immutable: tgdeferrable (0.201517ms)
  ✔ e2_proof_immutable: tginitdeferred (0.202416ms)
  ✔ e2_validate_unused_proof: missing (0.202014ms)
  ✔ e2_validate_unused_proof: prosrc (0.210612ms)
  ✔ e2_validate_unused_proof: prokind (0.318836ms)
  ✔ e2_validate_unused_proof: provolatile (0.320186ms)
  ✔ e2_validate_unused_proof: proparallel (0.241837ms)
  ✔ e2_validate_unused_proof: prosecdef (0.31327ms)
  ✔ e2_validate_unused_proof: proleakproof (0.36109ms)
  ✔ e2_validate_unused_proof: proisstrict (0.258468ms)
  ✔ e2_validate_unused_proof: proretset (0.282459ms)
  ✔ e2_validate_unused_proof: proacl (0.389041ms)
  ✔ e2_validate_unused_proof: proconfig (0.237862ms)
  ✔ e2_validate_unused_proof: language_name (0.268858ms)
  ✔ e2_validate_unused_proof: owner_name (0.271508ms)
  ✔ e2_validate_unused_proof: result_type (0.212011ms)
  ✔ e2_validate_unused_proof: identity_arguments (0.194557ms)
  ✔ e2_validate_unused_proof: tgenabled (0.19204ms)
  ✔ e2_validate_unused_proof: tgtype (0.252862ms)
  ✔ e2_validate_unused_proof: table_name (0.203687ms)
  ✔ e2_validate_unused_proof: function_name (0.194938ms)
  ✔ e2_validate_unused_proof: function_schema (0.191153ms)
  ✔ e2_validate_unused_proof: args_length (0.248515ms)
  ✔ e2_validate_unused_proof: trigger_attr (0.322279ms)
  ✔ e2_validate_unused_proof: has_parent (0.215909ms)
  ✔ e2_validate_unused_proof: has_qual (0.286608ms)
  ✔ e2_validate_unused_proof: has_constraint (0.4408ms)
  ✔ e2_validate_unused_proof: tgdeferrable (0.267982ms)
  ✔ e2_validate_unused_proof: tginitdeferred (0.227693ms)
  ✔ e2_abono_finalization_complete: missing (0.172081ms)
  ✔ e2_abono_finalization_complete: prosrc (0.206809ms)
  ✔ e2_abono_finalization_complete: prokind (0.202595ms)
  ✔ e2_abono_finalization_complete: provolatile (0.221615ms)
  ✔ e2_abono_finalization_complete: proparallel (0.199297ms)
  ✔ e2_abono_finalization_complete: prosecdef (0.207127ms)
  ✔ e2_abono_finalization_complete: proleakproof (0.206411ms)
  ✔ e2_abono_finalization_complete: proisstrict (0.25504ms)
  ✔ e2_abono_finalization_complete: proretset (0.207622ms)
  ✔ e2_abono_finalization_complete: proacl (0.202937ms)
  ✔ e2_abono_finalization_complete: proconfig (0.304077ms)
  ✔ e2_abono_finalization_complete: language_name (0.220785ms)
  ✔ e2_abono_finalization_complete: owner_name (0.205367ms)
  ✔ e2_abono_finalization_complete: result_type (0.193944ms)
  ✔ e2_abono_finalization_complete: identity_arguments (0.24037ms)
  ✔ e2_abono_finalization_complete: tgenabled (0.213317ms)
  ✔ e2_abono_finalization_complete: tgtype (0.204016ms)
  ✔ e2_abono_finalization_complete: table_name (1.180124ms)
  ✔ e2_abono_finalization_complete: function_name (0.292814ms)
  ✔ e2_abono_finalization_complete: function_schema (0.210145ms)
  ✔ e2_abono_finalization_complete: args_length (0.209683ms)
  ✔ e2_abono_finalization_complete: trigger_attr (0.211608ms)
  ✔ e2_abono_finalization_complete: has_parent (0.299288ms)
  ✔ e2_abono_finalization_complete: has_qual (0.308976ms)
  ✔ e2_abono_finalization_complete: has_constraint (0.295049ms)
  ✔ e2_abono_finalization_complete: tgdeferrable (0.217724ms)
  ✔ e2_abono_finalization_complete: tginitdeferred (0.202132ms)
  ✔ e2_capture_application_order: missing (0.164693ms)
  ✔ e2_capture_application_order: prosrc (0.23993ms)
  ✔ e2_capture_application_order: prokind (0.233399ms)
  ✔ e2_capture_application_order: provolatile (0.212221ms)
  ✔ e2_capture_application_order: proparallel (0.200779ms)
  ✔ e2_capture_application_order: prosecdef (0.357953ms)
  ✔ e2_capture_application_order: proleakproof (0.322899ms)
  ✔ e2_capture_application_order: proisstrict (0.282999ms)
  ✔ e2_capture_application_order: proretset (0.292216ms)
  ✔ e2_capture_application_order: proacl (0.210214ms)
  ✔ e2_capture_application_order: proconfig (0.1994ms)
  ✔ e2_capture_application_order: language_name (0.247052ms)
  ✔ e2_capture_application_order: owner_name (0.298771ms)
  ✔ e2_capture_application_order: result_type (0.213767ms)
  ✔ e2_capture_application_order: identity_arguments (0.214509ms)
  ✔ e2_capture_application_order: tgenabled (0.263479ms)
  ✔ e2_capture_application_order: tgtype (0.203947ms)
  ✔ e2_capture_application_order: table_name (0.251962ms)
  ✔ e2_capture_application_order: function_name (0.252833ms)
  ✔ e2_capture_application_order: function_schema (0.233317ms)
  ✔ e2_capture_application_order: args_length (0.205703ms)
  ✔ e2_capture_application_order: trigger_attr (0.200362ms)
  ✔ e2_capture_application_order: has_parent (0.625173ms)
  ✔ e2_capture_application_order: has_qual (0.212973ms)
  ✔ e2_capture_application_order: has_constraint (0.297625ms)
  ✔ e2_capture_application_order: tgdeferrable (0.216047ms)
  ✔ e2_capture_application_order: tginitdeferred (0.209428ms)
  ✔ e2_finalize_new_abono: missing (0.370707ms)
  ✔ e2_finalize_new_abono: prosrc (0.27097ms)
  ✔ e2_finalize_new_abono: prokind (0.229814ms)
  ✔ e2_finalize_new_abono: provolatile (0.222987ms)
  ✔ e2_finalize_new_abono: proparallel (0.378398ms)
  ✔ e2_finalize_new_abono: prosecdef (0.367746ms)
  ✔ e2_finalize_new_abono: proleakproof (0.391096ms)
  ✔ e2_finalize_new_abono: proisstrict (0.308574ms)
  ✔ e2_finalize_new_abono: proretset (0.254956ms)
  ✔ e2_finalize_new_abono: proacl (0.256875ms)
  ✔ e2_finalize_new_abono: proconfig (0.36096ms)
  ✔ e2_finalize_new_abono: language_name (0.27385ms)
  ✔ e2_finalize_new_abono: owner_name (0.334107ms)
  ✔ e2_finalize_new_abono: result_type (0.349073ms)
  ✔ e2_finalize_new_abono: identity_arguments (0.363368ms)
  ✔ e2_attest_new_retained: missing (0.251671ms)
  ✔ e2_attest_new_retained: prosrc (0.233382ms)
  ✔ e2_attest_new_retained: prokind (0.378407ms)
  ✔ e2_attest_new_retained: provolatile (0.27651ms)
  ✔ e2_attest_new_retained: proparallel (10.789387ms)
  ✔ e2_attest_new_retained: prosecdef (0.296303ms)
  ✔ e2_attest_new_retained: proleakproof (0.364077ms)
  ✔ e2_attest_new_retained: proisstrict (0.333853ms)
  ✔ e2_attest_new_retained: proretset (0.355628ms)
  ✔ e2_attest_new_retained: proacl (0.246471ms)
  ✔ e2_attest_new_retained: proconfig (0.226516ms)
  ✔ e2_attest_new_retained: language_name (0.21717ms)
  ✔ e2_attest_new_retained: owner_name (0.265915ms)
  ✔ e2_attest_new_retained: result_type (0.242421ms)
  ✔ e2_attest_new_retained: identity_arguments (0.290662ms)
✔ A+C mock preflight independently rejects each catalog drift (170.197842ms)
ℹ tests 428
ℹ suites 0
ℹ pass 428
ℹ fail 0
ℹ cancelled 0
ℹ skipped 0
ℹ todo 0
ℹ duration_ms 633.567573
