✔ mounted ordinary producer: UNUSED/PARTIAL/FULL and FIFO persistence ordering (270.11885ms)
✔ mounted directed approval finalizes FULL only after its application (25.426698ms)
✔ actual core rejects directed result/amount mismatches before persistence (0.672902ms)
✔ positive proof is mandatory in the real refund service (68.764916ms)
✔ real refund service accepts both origins and rejects absent/used ABONO finalization (68.017388ms)
✔ R4 application-order guard exists in prepared SQL (LEXICAL ONLY, not SQL semantics) (0.668016ms)
▶ A+C mock preflight independently rejects each catalog drift
  ✔ finalizaciones_abono_e2.abono_id: missing (0.612378ms)
  ✔ finalizaciones_abono_e2.abono_id: data_type (0.438455ms)
  ✔ finalizaciones_abono_e2.abono_id: is_nullable (0.343527ms)
  ✔ finalizaciones_abono_e2.abono_id: column_default (0.588519ms)
  ✔ finalizaciones_abono_e2.operacion_productor: missing (0.247125ms)
  ✔ finalizaciones_abono_e2.operacion_productor: data_type (0.253097ms)
  ✔ finalizaciones_abono_e2.operacion_productor: is_nullable (0.218941ms)
  ✔ finalizaciones_abono_e2.operacion_productor: column_default (0.220627ms)
  ✔ finalizaciones_abono_e2.operacion_clave: missing (0.417512ms)
  ✔ finalizaciones_abono_e2.operacion_clave: data_type (0.218916ms)
  ✔ finalizaciones_abono_e2.operacion_clave: is_nullable (0.192772ms)
  ✔ finalizaciones_abono_e2.operacion_clave: column_default (0.235453ms)
  ✔ finalizaciones_abono_e2.cliente_id: missing (0.297622ms)
  ✔ finalizaciones_abono_e2.cliente_id: data_type (0.220819ms)
  ✔ finalizaciones_abono_e2.cliente_id: is_nullable (0.287563ms)
  ✔ finalizaciones_abono_e2.cliente_id: column_default (0.226181ms)
  ✔ finalizaciones_abono_e2.importe: missing (0.187096ms)
  ✔ finalizaciones_abono_e2.importe: data_type (0.228138ms)
  ✔ finalizaciones_abono_e2.importe: is_nullable (0.259707ms)
  ✔ finalizaciones_abono_e2.importe: column_default (0.199295ms)
  ✔ finalizaciones_abono_e2.importe: numeric_precision (0.185323ms)
  ✔ finalizaciones_abono_e2.importe: numeric_scale (0.288493ms)
  ✔ finalizaciones_abono_e2.resultado: missing (0.263657ms)
  ✔ finalizaciones_abono_e2.resultado: data_type (0.197469ms)
  ✔ finalizaciones_abono_e2.resultado: is_nullable (0.305024ms)
  ✔ finalizaciones_abono_e2.resultado: column_default (0.300469ms)
  ✔ finalizaciones_abono_e2.aplicado: missing (0.255522ms)
  ✔ finalizaciones_abono_e2.aplicado: data_type (0.19108ms)
  ✔ finalizaciones_abono_e2.aplicado: is_nullable (0.327698ms)
  ✔ finalizaciones_abono_e2.aplicado: column_default (0.274222ms)
  ✔ finalizaciones_abono_e2.aplicado: numeric_precision (0.264562ms)
  ✔ finalizaciones_abono_e2.aplicado: numeric_scale (0.188379ms)
  ✔ finalizaciones_abono_e2.evaluacion: missing (0.322488ms)
  ✔ finalizaciones_abono_e2.evaluacion: data_type (0.251211ms)
  ✔ finalizaciones_abono_e2.evaluacion: is_nullable (0.169584ms)
  ✔ finalizaciones_abono_e2.evaluacion: column_default (0.185222ms)
  ✔ finalizaciones_abono_e2.contrato_revision: missing (0.180557ms)
  ✔ finalizaciones_abono_e2.contrato_revision: data_type (0.161341ms)
  ✔ finalizaciones_abono_e2.contrato_revision: is_nullable (0.163778ms)
  ✔ finalizaciones_abono_e2.contrato_revision: column_default (0.155699ms)
  ✔ finalizaciones_abono_e2.created_at: missing (0.258769ms)
  ✔ finalizaciones_abono_e2.created_at: data_type (0.187953ms)
  ✔ finalizaciones_abono_e2.created_at: is_nullable (0.219895ms)
  ✔ finalizaciones_abono_e2.created_at: column_default (0.16401ms)
  ✔ evidencia_no_aplicada_e2.fuente: missing (0.300877ms)
  ✔ evidencia_no_aplicada_e2.fuente: data_type (0.187145ms)
  ✔ evidencia_no_aplicada_e2.fuente: is_nullable (0.172243ms)
  ✔ evidencia_no_aplicada_e2.fuente: column_default (0.165862ms)
  ✔ evidencia_no_aplicada_e2.abono_id: missing (0.204524ms)
  ✔ evidencia_no_aplicada_e2.abono_id: data_type (0.166735ms)
  ✔ evidencia_no_aplicada_e2.abono_id: is_nullable (0.169781ms)
  ✔ evidencia_no_aplicada_e2.abono_id: column_default (0.16969ms)
  ✔ evidencia_no_aplicada_e2.cobro_productor: missing (0.169428ms)
  ✔ evidencia_no_aplicada_e2.cobro_productor: data_type (0.220492ms)
  ✔ evidencia_no_aplicada_e2.cobro_productor: is_nullable (0.209332ms)
  ✔ evidencia_no_aplicada_e2.cobro_productor: column_default (0.169589ms)
  ✔ evidencia_no_aplicada_e2.cobro_clave: missing (0.170909ms)
  ✔ evidencia_no_aplicada_e2.cobro_clave: data_type (0.212619ms)
  ✔ evidencia_no_aplicada_e2.cobro_clave: is_nullable (0.167638ms)
  ✔ evidencia_no_aplicada_e2.cobro_clave: column_default (0.167145ms)
  ✔ evidencia_no_aplicada_e2.cliente_id: missing (0.164124ms)
  ✔ evidencia_no_aplicada_e2.cliente_id: data_type (0.406923ms)
  ✔ evidencia_no_aplicada_e2.cliente_id: is_nullable (0.20311ms)
  ✔ evidencia_no_aplicada_e2.cliente_id: column_default (0.175026ms)
  ✔ evidencia_no_aplicada_e2.importe: missing (0.168186ms)
  ✔ evidencia_no_aplicada_e2.importe: data_type (0.192059ms)
  ✔ evidencia_no_aplicada_e2.importe: is_nullable (0.173113ms)
  ✔ evidencia_no_aplicada_e2.importe: column_default (0.166472ms)
  ✔ evidencia_no_aplicada_e2.importe: numeric_precision (0.162388ms)
  ✔ evidencia_no_aplicada_e2.importe: numeric_scale (0.201707ms)
  ✔ evidencia_no_aplicada_e2.forma_pago: missing (0.257423ms)
  ✔ evidencia_no_aplicada_e2.forma_pago: data_type (0.189148ms)
  ✔ evidencia_no_aplicada_e2.forma_pago: is_nullable (0.177559ms)
  ✔ evidencia_no_aplicada_e2.forma_pago: column_default (0.202221ms)
  ✔ evidencia_no_aplicada_e2.naturaleza: missing (0.176315ms)
  ✔ evidencia_no_aplicada_e2.naturaleza: data_type (0.164682ms)
  ✔ evidencia_no_aplicada_e2.naturaleza: is_nullable (0.419432ms)
  ✔ evidencia_no_aplicada_e2.naturaleza: column_default (0.248897ms)
  ✔ evidencia_no_aplicada_e2.created_at: missing (0.221795ms)
  ✔ evidencia_no_aplicada_e2.created_at: data_type (0.200788ms)
  ✔ evidencia_no_aplicada_e2.created_at: is_nullable (0.218511ms)
  ✔ evidencia_no_aplicada_e2.created_at: column_default (0.469506ms)
  ✔ finalizaciones_abono_e2_pkey: missing (0.258738ms)
  ✔ finalizaciones_abono_e2_pkey: table_name (0.339473ms)
  ✔ finalizaciones_abono_e2_pkey: definition (0.327241ms)
  ✔ finalizaciones_abono_e2_pkey: convalidated (0.248361ms)
  ✔ finalizaciones_abono_e2_pkey: condeferrable (0.192749ms)
  ✔ finalizaciones_abono_e2_pkey: condeferred (0.177057ms)
  ✔ finalizaciones_abono_e2_pkey: index_valid (0.187615ms)
  ✔ finalizaciones_abono_e2_abono_id_fkey: missing (0.320326ms)
  ✔ finalizaciones_abono_e2_abono_id_fkey: table_name (0.203374ms)
  ✔ finalizaciones_abono_e2_abono_id_fkey: definition (0.26007ms)
  ✔ finalizaciones_abono_e2_abono_id_fkey: convalidated (0.227813ms)
  ✔ finalizaciones_abono_e2_abono_id_fkey: condeferrable (0.200903ms)
  ✔ finalizaciones_abono_e2_abono_id_fkey: condeferred (6.221948ms)
  ✔ finalizaciones_abono_e2_abono_id_fkey: index_valid (0.21925ms)
  ✔ finalizaciones_abono_e2_cliente_id_fkey: missing (0.263064ms)
  ✔ finalizaciones_abono_e2_cliente_id_fkey: table_name (0.237974ms)
  ✔ finalizaciones_abono_e2_cliente_id_fkey: definition (0.167783ms)
  ✔ finalizaciones_abono_e2_cliente_id_fkey: convalidated (0.199425ms)
  ✔ finalizaciones_abono_e2_cliente_id_fkey: condeferrable (0.158923ms)
  ✔ finalizaciones_abono_e2_cliente_id_fkey: condeferred (0.152282ms)
  ✔ finalizaciones_abono_e2_cliente_id_fkey: index_valid (0.152207ms)
  ✔ finalizaciones_abono_e2_operacion_productor_operacion_clave_key: missing (0.14322ms)
  ✔ finalizaciones_abono_e2_operacion_productor_operacion_clave_key: table_name (0.272759ms)
  ✔ finalizaciones_abono_e2_operacion_productor_operacion_clave_key: definition (0.173399ms)
  ✔ finalizaciones_abono_e2_operacion_productor_operacion_clave_key: convalidated (0.148421ms)
  ✔ finalizaciones_abono_e2_operacion_productor_operacion_clave_key: condeferrable (0.386574ms)
  ✔ finalizaciones_abono_e2_operacion_productor_operacion_clave_key: condeferred (0.211627ms)
  ✔ finalizaciones_abono_e2_operacion_productor_operacion_clave_key: index_valid (0.158594ms)
  ✔ finalizaciones_abono_e2_importe_check: missing (0.143218ms)
  ✔ finalizaciones_abono_e2_importe_check: table_name (0.143713ms)
  ✔ finalizaciones_abono_e2_importe_check: definition (0.142011ms)
  ✔ finalizaciones_abono_e2_importe_check: convalidated (0.16748ms)
  ✔ finalizaciones_abono_e2_importe_check: condeferrable (0.148441ms)
  ✔ finalizaciones_abono_e2_importe_check: condeferred (0.172026ms)
  ✔ finalizaciones_abono_e2_importe_check: index_valid (0.178753ms)
  ✔ finalizaciones_abono_e2_resultado_check: missing (0.35406ms)
  ✔ finalizaciones_abono_e2_resultado_check: table_name (0.221812ms)
  ✔ finalizaciones_abono_e2_resultado_check: definition (0.161014ms)
  ✔ finalizaciones_abono_e2_resultado_check: convalidated (0.148964ms)
  ✔ finalizaciones_abono_e2_resultado_check: condeferrable (0.167105ms)
  ✔ finalizaciones_abono_e2_resultado_check: condeferred (0.244322ms)
  ✔ finalizaciones_abono_e2_resultado_check: index_valid (0.169704ms)
  ✔ finalizaciones_abono_e2_aplicado_check: missing (0.143196ms)
  ✔ finalizaciones_abono_e2_aplicado_check: table_name (0.18525ms)
  ✔ finalizaciones_abono_e2_aplicado_check: definition (0.162453ms)
  ✔ finalizaciones_abono_e2_aplicado_check: convalidated (0.1474ms)
  ✔ finalizaciones_abono_e2_aplicado_check: condeferrable (0.298864ms)
  ✔ finalizaciones_abono_e2_aplicado_check: condeferred (0.279949ms)
  ✔ finalizaciones_abono_e2_aplicado_check: index_valid (0.187278ms)
  ✔ finalizaciones_abono_e2_evaluacion_check: missing (0.153732ms)
  ✔ finalizaciones_abono_e2_evaluacion_check: table_name (0.152709ms)
  ✔ finalizaciones_abono_e2_evaluacion_check: definition (0.147883ms)
  ✔ finalizaciones_abono_e2_evaluacion_check: convalidated (0.192611ms)
  ✔ finalizaciones_abono_e2_evaluacion_check: condeferrable (0.161129ms)
  ✔ finalizaciones_abono_e2_evaluacion_check: condeferred (0.15351ms)
  ✔ finalizaciones_abono_e2_evaluacion_check: index_valid (0.156716ms)
  ✔ finalizaciones_abono_e2_contrato_revision_check: missing (0.155913ms)
  ✔ finalizaciones_abono_e2_contrato_revision_check: table_name (0.184925ms)
  ✔ finalizaciones_abono_e2_contrato_revision_check: definition (0.162174ms)
  ✔ finalizaciones_abono_e2_contrato_revision_check: convalidated (0.220871ms)
  ✔ finalizaciones_abono_e2_contrato_revision_check: condeferrable (0.20804ms)
  ✔ finalizaciones_abono_e2_contrato_revision_check: condeferred (0.2274ms)
  ✔ finalizaciones_abono_e2_contrato_revision_check: index_valid (0.213489ms)
  ✔ finalizaciones_abono_e2_check: missing (0.153064ms)
  ✔ finalizaciones_abono_e2_check: table_name (0.152124ms)
  ✔ finalizaciones_abono_e2_check: definition (0.151623ms)
  ✔ finalizaciones_abono_e2_check: convalidated (0.243617ms)
  ✔ finalizaciones_abono_e2_check: condeferrable (0.166818ms)
  ✔ finalizaciones_abono_e2_check: condeferred (0.153056ms)
  ✔ finalizaciones_abono_e2_check: index_valid (0.161342ms)
  ✔ finalizaciones_abono_e2_operacion_productor_check: missing (0.141193ms)
  ✔ finalizaciones_abono_e2_operacion_productor_check: table_name (0.191811ms)
  ✔ finalizaciones_abono_e2_operacion_productor_check: definition (0.224342ms)
  ✔ finalizaciones_abono_e2_operacion_productor_check: convalidated (0.178433ms)
  ✔ finalizaciones_abono_e2_operacion_productor_check: condeferrable (0.151815ms)
  ✔ finalizaciones_abono_e2_operacion_productor_check: condeferred (0.149589ms)
  ✔ finalizaciones_abono_e2_operacion_productor_check: index_valid (0.167349ms)
  ✔ evidencia_no_aplicada_e2_pkey: missing (0.283104ms)
  ✔ evidencia_no_aplicada_e2_pkey: table_name (0.31195ms)
  ✔ evidencia_no_aplicada_e2_pkey: definition (0.220739ms)
  ✔ evidencia_no_aplicada_e2_pkey: convalidated (0.241138ms)
  ✔ evidencia_no_aplicada_e2_pkey: condeferrable (0.330688ms)
  ✔ evidencia_no_aplicada_e2_pkey: condeferred (0.372801ms)
  ✔ evidencia_no_aplicada_e2_pkey: index_valid (0.195293ms)
  ✔ evidencia_no_aplicada_e2_abono_id_key: missing (0.150164ms)
  ✔ evidencia_no_aplicada_e2_abono_id_key: table_name (0.258082ms)
  ✔ evidencia_no_aplicada_e2_abono_id_key: definition (0.31042ms)
  ✔ evidencia_no_aplicada_e2_abono_id_key: convalidated (0.18558ms)
  ✔ evidencia_no_aplicada_e2_abono_id_key: condeferrable (0.155163ms)
  ✔ evidencia_no_aplicada_e2_abono_id_key: condeferred (0.150262ms)
  ✔ evidencia_no_aplicada_e2_abono_id_key: index_valid (0.196348ms)
  ✔ evidencia_no_aplicada_e2_cobro_clave_key: missing (0.303727ms)
  ✔ evidencia_no_aplicada_e2_cobro_clave_key: table_name (1.037083ms)
  ✔ evidencia_no_aplicada_e2_cobro_clave_key: definition (0.238662ms)
  ✔ evidencia_no_aplicada_e2_cobro_clave_key: convalidated (0.272343ms)
  ✔ evidencia_no_aplicada_e2_cobro_clave_key: condeferrable (0.169692ms)
  ✔ evidencia_no_aplicada_e2_cobro_clave_key: condeferred (0.155488ms)
  ✔ evidencia_no_aplicada_e2_cobro_clave_key: index_valid (0.161153ms)
  ✔ evidencia_no_aplicada_e2_cobro_productor_cobro_clave_fkey: missing (0.142322ms)
  ✔ evidencia_no_aplicada_e2_cobro_productor_cobro_clave_fkey: table_name (0.202407ms)
  ✔ evidencia_no_aplicada_e2_cobro_productor_cobro_clave_fkey: definition (0.15571ms)
  ✔ evidencia_no_aplicada_e2_cobro_productor_cobro_clave_fkey: convalidated (0.247485ms)
  ✔ evidencia_no_aplicada_e2_cobro_productor_cobro_clave_fkey: condeferrable (0.193008ms)
  ✔ evidencia_no_aplicada_e2_cobro_productor_cobro_clave_fkey: condeferred (0.175135ms)
  ✔ evidencia_no_aplicada_e2_cobro_productor_cobro_clave_fkey: index_valid (0.240968ms)
  ✔ evidencia_no_aplicada_e2_abono_id_fkey: missing (0.160576ms)
  ✔ evidencia_no_aplicada_e2_abono_id_fkey: table_name (0.156782ms)
  ✔ evidencia_no_aplicada_e2_abono_id_fkey: definition (0.18978ms)
  ✔ evidencia_no_aplicada_e2_abono_id_fkey: convalidated (0.159116ms)
  ✔ evidencia_no_aplicada_e2_abono_id_fkey: condeferrable (0.149208ms)
  ✔ evidencia_no_aplicada_e2_abono_id_fkey: condeferred (0.149033ms)
  ✔ evidencia_no_aplicada_e2_abono_id_fkey: index_valid (0.151501ms)
  ✔ evidencia_no_aplicada_e2_cliente_id_fkey: missing (0.221538ms)
  ✔ evidencia_no_aplicada_e2_cliente_id_fkey: table_name (0.177562ms)
  ✔ evidencia_no_aplicada_e2_cliente_id_fkey: definition (0.156578ms)
  ✔ evidencia_no_aplicada_e2_cliente_id_fkey: convalidated (0.161232ms)
  ✔ evidencia_no_aplicada_e2_cliente_id_fkey: condeferrable (0.349631ms)
  ✔ evidencia_no_aplicada_e2_cliente_id_fkey: condeferred (0.198049ms)
  ✔ evidencia_no_aplicada_e2_cliente_id_fkey: index_valid (0.159725ms)
  ✔ evidencia_no_aplicada_e2_importe_check: missing (0.143411ms)
  ✔ evidencia_no_aplicada_e2_importe_check: table_name (0.154835ms)
  ✔ evidencia_no_aplicada_e2_importe_check: definition (0.193342ms)
  ✔ evidencia_no_aplicada_e2_importe_check: convalidated (0.271573ms)
  ✔ evidencia_no_aplicada_e2_importe_check: condeferrable (0.297937ms)
  ✔ evidencia_no_aplicada_e2_importe_check: condeferred (0.164916ms)
  ✔ evidencia_no_aplicada_e2_importe_check: index_valid (0.207632ms)
  ✔ evidencia_no_aplicada_e2_forma_pago_check: missing (0.163848ms)
  ✔ evidencia_no_aplicada_e2_forma_pago_check: table_name (0.160142ms)
  ✔ evidencia_no_aplicada_e2_forma_pago_check: definition (0.158204ms)
  ✔ evidencia_no_aplicada_e2_forma_pago_check: convalidated (0.223415ms)
  ✔ evidencia_no_aplicada_e2_forma_pago_check: condeferrable (0.18247ms)
  ✔ evidencia_no_aplicada_e2_forma_pago_check: condeferred (0.163958ms)
  ✔ evidencia_no_aplicada_e2_forma_pago_check: index_valid (0.159338ms)
  ✔ evidencia_no_aplicada_e2_naturaleza_check: missing (0.138904ms)
  ✔ evidencia_no_aplicada_e2_naturaleza_check: table_name (0.194051ms)
  ✔ evidencia_no_aplicada_e2_naturaleza_check: definition (0.166894ms)
  ✔ evidencia_no_aplicada_e2_naturaleza_check: convalidated (0.158342ms)
  ✔ evidencia_no_aplicada_e2_naturaleza_check: condeferrable (0.154189ms)
  ✔ evidencia_no_aplicada_e2_naturaleza_check: condeferred (0.194299ms)
  ✔ evidencia_no_aplicada_e2_naturaleza_check: index_valid (0.197433ms)
  ✔ evidencia_no_aplicada_e2_check: missing (0.149086ms)
  ✔ evidencia_no_aplicada_e2_check: table_name (0.155854ms)
  ✔ evidencia_no_aplicada_e2_check: definition (0.160922ms)
  ✔ evidencia_no_aplicada_e2_check: convalidated (0.155041ms)
  ✔ evidencia_no_aplicada_e2_check: condeferrable (0.18151ms)
  ✔ evidencia_no_aplicada_e2_check: condeferred (0.235391ms)
  ✔ evidencia_no_aplicada_e2_check: index_valid (0.177241ms)
  ✔ e2_finalization_immutable: missing (0.246135ms)
  ✔ e2_finalization_immutable: prosrc (0.360261ms)
  ✔ e2_finalization_immutable: prokind (0.203613ms)
  ✔ e2_finalization_immutable: provolatile (0.191436ms)
  ✔ e2_finalization_immutable: proparallel (0.277885ms)
  ✔ e2_finalization_immutable: prosecdef (0.213836ms)
  ✔ e2_finalization_immutable: proleakproof (0.264836ms)
  ✔ e2_finalization_immutable: proisstrict (0.233742ms)
  ✔ e2_finalization_immutable: proretset (0.254645ms)
  ✔ e2_finalization_immutable: proacl (0.200753ms)
  ✔ e2_finalization_immutable: proconfig (0.18801ms)
  ✔ e2_finalization_immutable: language_name (0.1848ms)
  ✔ e2_finalization_immutable: owner_name (0.226052ms)
  ✔ e2_finalization_immutable: result_type (0.191833ms)
  ✔ e2_finalization_immutable: identity_arguments (0.18092ms)
  ✔ e2_finalization_immutable: tgenabled (0.25343ms)
  ✔ e2_finalization_immutable: tgtype (0.314616ms)
  ✔ e2_finalization_immutable: table_name (0.193917ms)
  ✔ e2_finalization_immutable: function_name (0.24247ms)
  ✔ e2_finalization_immutable: function_schema (0.277253ms)
  ✔ e2_finalization_immutable: args_length (0.339598ms)
  ✔ e2_finalization_immutable: trigger_attr (0.297428ms)
  ✔ e2_finalization_immutable: has_parent (0.236445ms)
  ✔ e2_finalization_immutable: has_qual (0.193816ms)
  ✔ e2_finalization_immutable: has_constraint (0.189758ms)
  ✔ e2_finalization_immutable: tgdeferrable (0.239774ms)
  ✔ e2_finalization_immutable: tginitdeferred (0.253895ms)
  ✔ e2_validate_abono_finalization: missing (0.177012ms)
  ✔ e2_validate_abono_finalization: prosrc (0.272053ms)
  ✔ e2_validate_abono_finalization: prokind (0.239202ms)
  ✔ e2_validate_abono_finalization: provolatile (0.205859ms)
  ✔ e2_validate_abono_finalization: proparallel (0.188001ms)
  ✔ e2_validate_abono_finalization: prosecdef (0.224348ms)
  ✔ e2_validate_abono_finalization: proleakproof (0.263784ms)
  ✔ e2_validate_abono_finalization: proisstrict (0.206519ms)
  ✔ e2_validate_abono_finalization: proretset (0.192855ms)
  ✔ e2_validate_abono_finalization: proacl (0.202419ms)
  ✔ e2_validate_abono_finalization: proconfig (0.540413ms)
  ✔ e2_validate_abono_finalization: language_name (0.258782ms)
  ✔ e2_validate_abono_finalization: owner_name (0.211285ms)
  ✔ e2_validate_abono_finalization: result_type (0.402374ms)
  ✔ e2_validate_abono_finalization: identity_arguments (0.289405ms)
  ✔ e2_validate_abono_finalization: tgenabled (0.304908ms)
  ✔ e2_validate_abono_finalization: tgtype (0.225694ms)
  ✔ e2_validate_abono_finalization: table_name (0.198691ms)
  ✔ e2_validate_abono_finalization: function_name (0.205048ms)
  ✔ e2_validate_abono_finalization: function_schema (0.23049ms)
  ✔ e2_validate_abono_finalization: args_length (0.203541ms)
  ✔ e2_validate_abono_finalization: trigger_attr (0.191374ms)
  ✔ e2_validate_abono_finalization: has_parent (0.18939ms)
  ✔ e2_validate_abono_finalization: has_qual (0.232971ms)
  ✔ e2_validate_abono_finalization: has_constraint (0.36474ms)
  ✔ e2_validate_abono_finalization: tgdeferrable (0.23331ms)
  ✔ e2_validate_abono_finalization: tginitdeferred (0.1941ms)
  ✔ e2_proof_immutable: missing (0.219363ms)
  ✔ e2_proof_immutable: prosrc (0.203318ms)
  ✔ e2_proof_immutable: prokind (0.392932ms)
  ✔ e2_proof_immutable: provolatile (0.332714ms)
  ✔ e2_proof_immutable: proparallel (0.217428ms)
  ✔ e2_proof_immutable: prosecdef (0.202256ms)
  ✔ e2_proof_immutable: proleakproof (0.302815ms)
  ✔ e2_proof_immutable: proisstrict (0.225901ms)
  ✔ e2_proof_immutable: proretset (0.331734ms)
  ✔ e2_proof_immutable: proacl (0.263456ms)
  ✔ e2_proof_immutable: proconfig (0.219876ms)
  ✔ e2_proof_immutable: language_name (0.193574ms)
  ✔ e2_proof_immutable: owner_name (0.19205ms)
  ✔ e2_proof_immutable: result_type (0.361428ms)
  ✔ e2_proof_immutable: identity_arguments (0.243956ms)
  ✔ e2_proof_immutable: tgenabled (0.204225ms)
  ✔ e2_proof_immutable: tgtype (0.193248ms)
  ✔ e2_proof_immutable: table_name (0.217662ms)
  ✔ e2_proof_immutable: function_name (0.200685ms)
  ✔ e2_proof_immutable: function_schema (0.190044ms)
  ✔ e2_proof_immutable: args_length (0.195888ms)
  ✔ e2_proof_immutable: trigger_attr (0.211376ms)
  ✔ e2_proof_immutable: has_parent (0.190538ms)
  ✔ e2_proof_immutable: has_qual (0.191727ms)
  ✔ e2_proof_immutable: has_constraint (0.195015ms)
  ✔ e2_proof_immutable: tgdeferrable (0.243034ms)
  ✔ e2_proof_immutable: tginitdeferred (0.193854ms)
  ✔ e2_validate_unused_proof: missing (0.162715ms)
  ✔ e2_validate_unused_proof: prosrc (0.202129ms)
  ✔ e2_validate_unused_proof: prokind (0.342091ms)
  ✔ e2_validate_unused_proof: provolatile (0.305609ms)
  ✔ e2_validate_unused_proof: proparallel (0.22002ms)
  ✔ e2_validate_unused_proof: prosecdef (0.385421ms)
  ✔ e2_validate_unused_proof: proleakproof (0.345107ms)
  ✔ e2_validate_unused_proof: proisstrict (0.219344ms)
  ✔ e2_validate_unused_proof: proretset (0.298031ms)
  ✔ e2_validate_unused_proof: proacl (0.610857ms)
  ✔ e2_validate_unused_proof: proconfig (0.263928ms)
  ✔ e2_validate_unused_proof: language_name (0.206913ms)
  ✔ e2_validate_unused_proof: owner_name (0.207333ms)
  ✔ e2_validate_unused_proof: result_type (0.196465ms)
  ✔ e2_validate_unused_proof: identity_arguments (0.243087ms)
  ✔ e2_validate_unused_proof: tgenabled (0.206639ms)
  ✔ e2_validate_unused_proof: tgtype (0.198152ms)
  ✔ e2_validate_unused_proof: table_name (0.199943ms)
  ✔ e2_validate_unused_proof: function_name (0.280926ms)
  ✔ e2_validate_unused_proof: function_schema (0.198082ms)
  ✔ e2_validate_unused_proof: args_length (0.207387ms)
  ✔ e2_validate_unused_proof: trigger_attr (0.438018ms)
  ✔ e2_validate_unused_proof: has_parent (0.240835ms)
  ✔ e2_validate_unused_proof: has_qual (0.231428ms)
  ✔ e2_validate_unused_proof: has_constraint (0.249263ms)
  ✔ e2_validate_unused_proof: tgdeferrable (0.229295ms)
  ✔ e2_validate_unused_proof: tginitdeferred (0.201283ms)
  ✔ e2_abono_finalization_complete: missing (0.16919ms)
  ✔ e2_abono_finalization_complete: prosrc (0.193886ms)
  ✔ e2_abono_finalization_complete: prokind (0.261826ms)
  ✔ e2_abono_finalization_complete: provolatile (0.216812ms)
  ✔ e2_abono_finalization_complete: proparallel (0.20846ms)
  ✔ e2_abono_finalization_complete: prosecdef (7.248713ms)
  ✔ e2_abono_finalization_complete: proleakproof (0.29614ms)
  ✔ e2_abono_finalization_complete: proisstrict (0.245662ms)
  ✔ e2_abono_finalization_complete: proretset (0.332851ms)
  ✔ e2_abono_finalization_complete: proacl (0.238187ms)
  ✔ e2_abono_finalization_complete: proconfig (0.20572ms)
  ✔ e2_abono_finalization_complete: language_name (0.195883ms)
  ✔ e2_abono_finalization_complete: owner_name (0.246417ms)
  ✔ e2_abono_finalization_complete: result_type (0.213468ms)
  ✔ e2_abono_finalization_complete: identity_arguments (0.207262ms)
  ✔ e2_abono_finalization_complete: tgenabled (0.198553ms)
  ✔ e2_abono_finalization_complete: tgtype (0.234678ms)
  ✔ e2_abono_finalization_complete: table_name (0.977918ms)
  ✔ e2_abono_finalization_complete: function_name (0.23762ms)
  ✔ e2_abono_finalization_complete: function_schema (0.201635ms)
  ✔ e2_abono_finalization_complete: args_length (0.194682ms)
  ✔ e2_abono_finalization_complete: trigger_attr (0.291919ms)
  ✔ e2_abono_finalization_complete: has_parent (0.201573ms)
  ✔ e2_abono_finalization_complete: has_qual (0.258268ms)
  ✔ e2_abono_finalization_complete: has_constraint (0.251912ms)
  ✔ e2_abono_finalization_complete: tgdeferrable (0.215874ms)
  ✔ e2_abono_finalization_complete: tginitdeferred (0.20821ms)
  ✔ e2_capture_application_order: missing (0.161167ms)
  ✔ e2_capture_application_order: prosrc (0.229831ms)
  ✔ e2_capture_application_order: prokind (0.209296ms)
  ✔ e2_capture_application_order: provolatile (0.199681ms)
  ✔ e2_capture_application_order: proparallel (0.196253ms)
  ✔ e2_capture_application_order: prosecdef (0.225716ms)
  ✔ e2_capture_application_order: proleakproof (0.2086ms)
  ✔ e2_capture_application_order: proisstrict (0.19998ms)
  ✔ e2_capture_application_order: proretset (0.201752ms)
  ✔ e2_capture_application_order: proacl (0.191195ms)
  ✔ e2_capture_application_order: proconfig (0.294073ms)
  ✔ e2_capture_application_order: language_name (0.215699ms)
  ✔ e2_capture_application_order: owner_name (0.253973ms)
  ✔ e2_capture_application_order: result_type (0.250503ms)
  ✔ e2_capture_application_order: identity_arguments (0.201988ms)
  ✔ e2_capture_application_order: tgenabled (0.199396ms)
  ✔ e2_capture_application_order: tgtype (0.194632ms)
  ✔ e2_capture_application_order: table_name (0.278636ms)
  ✔ e2_capture_application_order: function_name (0.212407ms)
  ✔ e2_capture_application_order: function_schema (0.201349ms)
  ✔ e2_capture_application_order: args_length (0.200189ms)
  ✔ e2_capture_application_order: trigger_attr (0.241668ms)
  ✔ e2_capture_application_order: has_parent (0.199625ms)
  ✔ e2_capture_application_order: has_qual (0.197353ms)
  ✔ e2_capture_application_order: has_constraint (0.365642ms)
  ✔ e2_capture_application_order: tgdeferrable (0.246704ms)
  ✔ e2_capture_application_order: tginitdeferred (0.215419ms)
  ✔ e2_finalize_new_abono: missing (0.347664ms)
  ✔ e2_finalize_new_abono: prosrc (0.25911ms)
  ✔ e2_finalize_new_abono: prokind (0.23295ms)
  ✔ e2_finalize_new_abono: provolatile (0.215756ms)
  ✔ e2_finalize_new_abono: proparallel (0.278856ms)
  ✔ e2_finalize_new_abono: prosecdef (0.345546ms)
  ✔ e2_finalize_new_abono: proleakproof (0.325063ms)
  ✔ e2_finalize_new_abono: proisstrict (0.287977ms)
  ✔ e2_finalize_new_abono: proretset (0.224163ms)
  ✔ e2_finalize_new_abono: proacl (0.838812ms)
  ✔ e2_finalize_new_abono: proconfig (0.488891ms)
  ✔ e2_finalize_new_abono: language_name (0.264618ms)
  ✔ e2_finalize_new_abono: owner_name (0.340309ms)
  ✔ e2_finalize_new_abono: result_type (0.359382ms)
  ✔ e2_finalize_new_abono: identity_arguments (0.292136ms)
  ✔ e2_attest_new_retained: missing (0.285291ms)
  ✔ e2_attest_new_retained: prosrc (0.2458ms)
  ✔ e2_attest_new_retained: prokind (0.280111ms)
  ✔ e2_attest_new_retained: provolatile (0.359272ms)
  ✔ e2_attest_new_retained: proparallel (0.272558ms)
  ✔ e2_attest_new_retained: prosecdef (0.358775ms)
  ✔ e2_attest_new_retained: proleakproof (0.282345ms)
  ✔ e2_attest_new_retained: proisstrict (0.300467ms)
  ✔ e2_attest_new_retained: proretset (0.251684ms)
  ✔ e2_attest_new_retained: proacl (0.432058ms)
  ✔ e2_attest_new_retained: proconfig (0.281985ms)
  ✔ e2_attest_new_retained: language_name (0.25087ms)
  ✔ e2_attest_new_retained: owner_name (0.288ms)
  ✔ e2_attest_new_retained: result_type (0.242741ms)
  ✔ e2_attest_new_retained: identity_arguments (0.293815ms)
✔ A+C mock preflight independently rejects each catalog drift (163.626174ms)
ℹ tests 428
ℹ suites 0
ℹ pass 428
ℹ fail 0
ℹ cancelled 0
ℹ skipped 0
ℹ todo 0
ℹ duration_ms 610.972632
