✔ mounted ordinary producer: UNUSED/PARTIAL/FULL and FIFO persistence ordering (271.383891ms)
✔ mounted directed approval finalizes FULL only after its application (32.164613ms)
✔ actual core rejects directed result/amount mismatches before persistence (0.673715ms)
✔ positive proof is mandatory in the real refund service (75.49882ms)
✔ real refund service accepts both origins and rejects absent/used ABONO finalization (60.507827ms)
✔ R4 application-order guard exists in prepared SQL (LEXICAL ONLY, not SQL semantics) (0.472403ms)
▶ A+C mock preflight independently rejects each catalog drift
  ✔ finalizaciones_abono_e2.abono_id: missing (0.858894ms)
  ✔ finalizaciones_abono_e2.abono_id: data_type (0.424675ms)
  ✔ finalizaciones_abono_e2.abono_id: is_nullable (0.374965ms)
  ✔ finalizaciones_abono_e2.abono_id: column_default (0.631757ms)
  ✔ finalizaciones_abono_e2.operacion_productor: missing (0.359806ms)
  ✔ finalizaciones_abono_e2.operacion_productor: data_type (0.239176ms)
  ✔ finalizaciones_abono_e2.operacion_productor: is_nullable (0.342131ms)
  ✔ finalizaciones_abono_e2.operacion_productor: column_default (0.263288ms)
  ✔ finalizaciones_abono_e2.operacion_clave: missing (0.379578ms)
  ✔ finalizaciones_abono_e2.operacion_clave: data_type (0.245028ms)
  ✔ finalizaciones_abono_e2.operacion_clave: is_nullable (0.214041ms)
  ✔ finalizaciones_abono_e2.operacion_clave: column_default (0.239957ms)
  ✔ finalizaciones_abono_e2.cliente_id: missing (0.260507ms)
  ✔ finalizaciones_abono_e2.cliente_id: data_type (0.233727ms)
  ✔ finalizaciones_abono_e2.cliente_id: is_nullable (0.257301ms)
  ✔ finalizaciones_abono_e2.cliente_id: column_default (0.371564ms)
  ✔ finalizaciones_abono_e2.importe: missing (0.239765ms)
  ✔ finalizaciones_abono_e2.importe: data_type (0.247556ms)
  ✔ finalizaciones_abono_e2.importe: is_nullable (0.242681ms)
  ✔ finalizaciones_abono_e2.importe: column_default (0.206998ms)
  ✔ finalizaciones_abono_e2.importe: numeric_precision (0.189195ms)
  ✔ finalizaciones_abono_e2.importe: numeric_scale (0.295043ms)
  ✔ finalizaciones_abono_e2.resultado: missing (0.293877ms)
  ✔ finalizaciones_abono_e2.resultado: data_type (0.221517ms)
  ✔ finalizaciones_abono_e2.resultado: is_nullable (0.30364ms)
  ✔ finalizaciones_abono_e2.resultado: column_default (0.307291ms)
  ✔ finalizaciones_abono_e2.aplicado: missing (0.253734ms)
  ✔ finalizaciones_abono_e2.aplicado: data_type (0.197585ms)
  ✔ finalizaciones_abono_e2.aplicado: is_nullable (0.407597ms)
  ✔ finalizaciones_abono_e2.aplicado: column_default (0.242441ms)
  ✔ finalizaciones_abono_e2.aplicado: numeric_precision (0.208066ms)
  ✔ finalizaciones_abono_e2.aplicado: numeric_scale (0.212616ms)
  ✔ finalizaciones_abono_e2.evaluacion: missing (0.331569ms)
  ✔ finalizaciones_abono_e2.evaluacion: data_type (0.283166ms)
  ✔ finalizaciones_abono_e2.evaluacion: is_nullable (0.221811ms)
  ✔ finalizaciones_abono_e2.evaluacion: column_default (0.184267ms)
  ✔ finalizaciones_abono_e2.contrato_revision: missing (0.170283ms)
  ✔ finalizaciones_abono_e2.contrato_revision: data_type (0.16797ms)
  ✔ finalizaciones_abono_e2.contrato_revision: is_nullable (0.171345ms)
  ✔ finalizaciones_abono_e2.contrato_revision: column_default (0.199906ms)
  ✔ finalizaciones_abono_e2.created_at: missing (0.174332ms)
  ✔ finalizaciones_abono_e2.created_at: data_type (0.169309ms)
  ✔ finalizaciones_abono_e2.created_at: is_nullable (0.163039ms)
  ✔ finalizaciones_abono_e2.created_at: column_default (0.165644ms)
  ✔ evidencia_no_aplicada_e2.fuente: missing (0.238328ms)
  ✔ evidencia_no_aplicada_e2.fuente: data_type (0.211989ms)
  ✔ evidencia_no_aplicada_e2.fuente: is_nullable (0.185574ms)
  ✔ evidencia_no_aplicada_e2.fuente: column_default (0.201672ms)
  ✔ evidencia_no_aplicada_e2.abono_id: missing (0.179264ms)
  ✔ evidencia_no_aplicada_e2.abono_id: data_type (0.168246ms)
  ✔ evidencia_no_aplicada_e2.abono_id: is_nullable (0.165646ms)
  ✔ evidencia_no_aplicada_e2.abono_id: column_default (0.165887ms)
  ✔ evidencia_no_aplicada_e2.cobro_productor: missing (0.251419ms)
  ✔ evidencia_no_aplicada_e2.cobro_productor: data_type (0.184715ms)
  ✔ evidencia_no_aplicada_e2.cobro_productor: is_nullable (0.218416ms)
  ✔ evidencia_no_aplicada_e2.cobro_productor: column_default (0.173112ms)
  ✔ evidencia_no_aplicada_e2.cobro_clave: missing (0.217076ms)
  ✔ evidencia_no_aplicada_e2.cobro_clave: data_type (0.172615ms)
  ✔ evidencia_no_aplicada_e2.cobro_clave: is_nullable (0.166288ms)
  ✔ evidencia_no_aplicada_e2.cobro_clave: column_default (0.163762ms)
  ✔ evidencia_no_aplicada_e2.cliente_id: missing (0.245338ms)
  ✔ evidencia_no_aplicada_e2.cliente_id: data_type (0.290888ms)
  ✔ evidencia_no_aplicada_e2.cliente_id: is_nullable (0.210478ms)
  ✔ evidencia_no_aplicada_e2.cliente_id: column_default (0.177496ms)
  ✔ evidencia_no_aplicada_e2.importe: missing (0.249173ms)
  ✔ evidencia_no_aplicada_e2.importe: data_type (0.175839ms)
  ✔ evidencia_no_aplicada_e2.importe: is_nullable (0.166591ms)
  ✔ evidencia_no_aplicada_e2.importe: column_default (0.169259ms)
  ✔ evidencia_no_aplicada_e2.importe: numeric_precision (0.207415ms)
  ✔ evidencia_no_aplicada_e2.importe: numeric_scale (0.187176ms)
  ✔ evidencia_no_aplicada_e2.forma_pago: missing (0.266056ms)
  ✔ evidencia_no_aplicada_e2.forma_pago: data_type (0.184955ms)
  ✔ evidencia_no_aplicada_e2.forma_pago: is_nullable (0.20415ms)
  ✔ evidencia_no_aplicada_e2.forma_pago: column_default (0.1819ms)
  ✔ evidencia_no_aplicada_e2.naturaleza: missing (0.178326ms)
  ✔ evidencia_no_aplicada_e2.naturaleza: data_type (0.166545ms)
  ✔ evidencia_no_aplicada_e2.naturaleza: is_nullable (0.262347ms)
  ✔ evidencia_no_aplicada_e2.naturaleza: column_default (0.239721ms)
  ✔ evidencia_no_aplicada_e2.created_at: missing (0.173168ms)
  ✔ evidencia_no_aplicada_e2.created_at: data_type (0.219869ms)
  ✔ evidencia_no_aplicada_e2.created_at: is_nullable (0.222827ms)
  ✔ evidencia_no_aplicada_e2.created_at: column_default (0.453655ms)
  ✔ finalizaciones_abono_e2_pkey: missing (0.252934ms)
  ✔ finalizaciones_abono_e2_pkey: table_name (0.351393ms)
  ✔ finalizaciones_abono_e2_pkey: definition (0.332087ms)
  ✔ finalizaciones_abono_e2_pkey: convalidated (0.258796ms)
  ✔ finalizaciones_abono_e2_pkey: condeferrable (0.196901ms)
  ✔ finalizaciones_abono_e2_pkey: condeferred (0.313465ms)
  ✔ finalizaciones_abono_e2_pkey: index_valid (0.276666ms)
  ✔ finalizaciones_abono_e2_abono_id_fkey: missing (0.208674ms)
  ✔ finalizaciones_abono_e2_abono_id_fkey: table_name (0.965234ms)
  ✔ finalizaciones_abono_e2_abono_id_fkey: definition (0.340066ms)
  ✔ finalizaciones_abono_e2_abono_id_fkey: convalidated (0.281703ms)
  ✔ finalizaciones_abono_e2_abono_id_fkey: condeferrable (0.205906ms)
  ✔ finalizaciones_abono_e2_abono_id_fkey: condeferred (0.190215ms)
  ✔ finalizaciones_abono_e2_abono_id_fkey: index_valid (0.18664ms)
  ✔ finalizaciones_abono_e2_cliente_id_fkey: missing (0.272642ms)
  ✔ finalizaciones_abono_e2_cliente_id_fkey: table_name (0.218879ms)
  ✔ finalizaciones_abono_e2_cliente_id_fkey: definition (0.188801ms)
  ✔ finalizaciones_abono_e2_cliente_id_fkey: convalidated (0.666118ms)
  ✔ finalizaciones_abono_e2_cliente_id_fkey: condeferrable (0.221222ms)
  ✔ finalizaciones_abono_e2_cliente_id_fkey: condeferred (0.257076ms)
  ✔ finalizaciones_abono_e2_cliente_id_fkey: index_valid (0.189713ms)
  ✔ finalizaciones_abono_e2_operacion_productor_operacion_clave_key: missing (0.177164ms)
  ✔ finalizaciones_abono_e2_operacion_productor_operacion_clave_key: table_name (0.273281ms)
  ✔ finalizaciones_abono_e2_operacion_productor_operacion_clave_key: definition (0.229915ms)
  ✔ finalizaciones_abono_e2_operacion_productor_operacion_clave_key: convalidated (0.187977ms)
  ✔ finalizaciones_abono_e2_operacion_productor_operacion_clave_key: condeferrable (0.18135ms)
  ✔ finalizaciones_abono_e2_operacion_productor_operacion_clave_key: condeferred (0.180217ms)
  ✔ finalizaciones_abono_e2_operacion_productor_operacion_clave_key: index_valid (0.197632ms)
  ✔ finalizaciones_abono_e2_importe_check: missing (0.175702ms)
  ✔ finalizaciones_abono_e2_importe_check: table_name (0.17663ms)
  ✔ finalizaciones_abono_e2_importe_check: definition (0.175917ms)
  ✔ finalizaciones_abono_e2_importe_check: convalidated (0.256257ms)
  ✔ finalizaciones_abono_e2_importe_check: condeferrable (0.301393ms)
  ✔ finalizaciones_abono_e2_importe_check: condeferred (0.216124ms)
  ✔ finalizaciones_abono_e2_importe_check: index_valid (0.37105ms)
  ✔ finalizaciones_abono_e2_resultado_check: missing (0.195353ms)
  ✔ finalizaciones_abono_e2_resultado_check: table_name (0.242079ms)
  ✔ finalizaciones_abono_e2_resultado_check: definition (0.252181ms)
  ✔ finalizaciones_abono_e2_resultado_check: convalidated (0.201971ms)
  ✔ finalizaciones_abono_e2_resultado_check: condeferrable (0.180745ms)
  ✔ finalizaciones_abono_e2_resultado_check: condeferred (0.178222ms)
  ✔ finalizaciones_abono_e2_resultado_check: index_valid (0.187108ms)
  ✔ finalizaciones_abono_e2_aplicado_check: missing (0.194514ms)
  ✔ finalizaciones_abono_e2_aplicado_check: table_name (0.18901ms)
  ✔ finalizaciones_abono_e2_aplicado_check: definition (0.186154ms)
  ✔ finalizaciones_abono_e2_aplicado_check: convalidated (0.179746ms)
  ✔ finalizaciones_abono_e2_aplicado_check: condeferrable (0.266738ms)
  ✔ finalizaciones_abono_e2_aplicado_check: condeferred (0.191188ms)
  ✔ finalizaciones_abono_e2_aplicado_check: index_valid (0.178328ms)
  ✔ finalizaciones_abono_e2_evaluacion_check: missing (0.172724ms)
  ✔ finalizaciones_abono_e2_evaluacion_check: table_name (0.237242ms)
  ✔ finalizaciones_abono_e2_evaluacion_check: definition (0.186559ms)
  ✔ finalizaciones_abono_e2_evaluacion_check: convalidated (0.178023ms)
  ✔ finalizaciones_abono_e2_evaluacion_check: condeferrable (0.181613ms)
  ✔ finalizaciones_abono_e2_evaluacion_check: condeferred (0.23391ms)
  ✔ finalizaciones_abono_e2_evaluacion_check: index_valid (0.203986ms)
  ✔ finalizaciones_abono_e2_contrato_revision_check: missing (0.1817ms)
  ✔ finalizaciones_abono_e2_contrato_revision_check: table_name (0.180159ms)
  ✔ finalizaciones_abono_e2_contrato_revision_check: definition (0.182114ms)
  ✔ finalizaciones_abono_e2_contrato_revision_check: convalidated (0.259862ms)
  ✔ finalizaciones_abono_e2_contrato_revision_check: condeferrable (0.244635ms)
  ✔ finalizaciones_abono_e2_contrato_revision_check: condeferred (0.253684ms)
  ✔ finalizaciones_abono_e2_contrato_revision_check: index_valid (0.312463ms)
  ✔ finalizaciones_abono_e2_check: missing (0.186565ms)
  ✔ finalizaciones_abono_e2_check: table_name (0.185034ms)
  ✔ finalizaciones_abono_e2_check: definition (0.197266ms)
  ✔ finalizaciones_abono_e2_check: convalidated (0.219461ms)
  ✔ finalizaciones_abono_e2_check: condeferrable (0.196025ms)
  ✔ finalizaciones_abono_e2_check: condeferred (0.345863ms)
  ✔ finalizaciones_abono_e2_check: index_valid (0.279123ms)
  ✔ finalizaciones_abono_e2_operacion_productor_check: missing (0.186209ms)
  ✔ finalizaciones_abono_e2_operacion_productor_check: table_name (0.195771ms)
  ✔ finalizaciones_abono_e2_operacion_productor_check: definition (0.230815ms)
  ✔ finalizaciones_abono_e2_operacion_productor_check: convalidated (0.222304ms)
  ✔ finalizaciones_abono_e2_operacion_productor_check: condeferrable (0.197356ms)
  ✔ finalizaciones_abono_e2_operacion_productor_check: condeferred (0.294693ms)
  ✔ finalizaciones_abono_e2_operacion_productor_check: index_valid (0.312881ms)
  ✔ evidencia_no_aplicada_e2_pkey: missing (0.235827ms)
  ✔ evidencia_no_aplicada_e2_pkey: table_name (0.318464ms)
  ✔ evidencia_no_aplicada_e2_pkey: definition (0.398689ms)
  ✔ evidencia_no_aplicada_e2_pkey: convalidated (0.369501ms)
  ✔ evidencia_no_aplicada_e2_pkey: condeferrable (0.402928ms)
  ✔ evidencia_no_aplicada_e2_pkey: condeferred (0.310848ms)
  ✔ evidencia_no_aplicada_e2_pkey: index_valid (0.294978ms)
  ✔ evidencia_no_aplicada_e2_abono_id_key: missing (0.239122ms)
  ✔ evidencia_no_aplicada_e2_abono_id_key: table_name (0.262089ms)
  ✔ evidencia_no_aplicada_e2_abono_id_key: definition (7.584246ms)
  ✔ evidencia_no_aplicada_e2_abono_id_key: convalidated (0.302519ms)
  ✔ evidencia_no_aplicada_e2_abono_id_key: condeferrable (0.198541ms)
  ✔ evidencia_no_aplicada_e2_abono_id_key: condeferred (0.262907ms)
  ✔ evidencia_no_aplicada_e2_abono_id_key: index_valid (0.1974ms)
  ✔ evidencia_no_aplicada_e2_cobro_clave_key: missing (0.150399ms)
  ✔ evidencia_no_aplicada_e2_cobro_clave_key: table_name (0.678203ms)
  ✔ evidencia_no_aplicada_e2_cobro_clave_key: definition (0.219982ms)
  ✔ evidencia_no_aplicada_e2_cobro_clave_key: convalidated (0.174696ms)
  ✔ evidencia_no_aplicada_e2_cobro_clave_key: condeferrable (0.153391ms)
  ✔ evidencia_no_aplicada_e2_cobro_clave_key: condeferred (0.164213ms)
  ✔ evidencia_no_aplicada_e2_cobro_clave_key: index_valid (0.149583ms)
  ✔ evidencia_no_aplicada_e2_cobro_productor_cobro_clave_fkey: missing (0.142517ms)
  ✔ evidencia_no_aplicada_e2_cobro_productor_cobro_clave_fkey: table_name (0.155823ms)
  ✔ evidencia_no_aplicada_e2_cobro_productor_cobro_clave_fkey: definition (0.149437ms)
  ✔ evidencia_no_aplicada_e2_cobro_productor_cobro_clave_fkey: convalidated (0.22347ms)
  ✔ evidencia_no_aplicada_e2_cobro_productor_cobro_clave_fkey: condeferrable (0.170689ms)
  ✔ evidencia_no_aplicada_e2_cobro_productor_cobro_clave_fkey: condeferred (0.163423ms)
  ✔ evidencia_no_aplicada_e2_cobro_productor_cobro_clave_fkey: index_valid (0.229274ms)
  ✔ evidencia_no_aplicada_e2_abono_id_fkey: missing (0.248531ms)
  ✔ evidencia_no_aplicada_e2_abono_id_fkey: table_name (0.166604ms)
  ✔ evidencia_no_aplicada_e2_abono_id_fkey: definition (0.155747ms)
  ✔ evidencia_no_aplicada_e2_abono_id_fkey: convalidated (0.160405ms)
  ✔ evidencia_no_aplicada_e2_abono_id_fkey: condeferrable (0.245384ms)
  ✔ evidencia_no_aplicada_e2_abono_id_fkey: condeferred (0.159387ms)
  ✔ evidencia_no_aplicada_e2_abono_id_fkey: index_valid (0.152883ms)
  ✔ evidencia_no_aplicada_e2_cliente_id_fkey: missing (0.134814ms)
  ✔ evidencia_no_aplicada_e2_cliente_id_fkey: table_name (0.151356ms)
  ✔ evidencia_no_aplicada_e2_cliente_id_fkey: definition (0.184762ms)
  ✔ evidencia_no_aplicada_e2_cliente_id_fkey: convalidated (0.174008ms)
  ✔ evidencia_no_aplicada_e2_cliente_id_fkey: condeferrable (0.332172ms)
  ✔ evidencia_no_aplicada_e2_cliente_id_fkey: condeferred (0.207325ms)
  ✔ evidencia_no_aplicada_e2_cliente_id_fkey: index_valid (0.201108ms)
  ✔ evidencia_no_aplicada_e2_importe_check: missing (0.147425ms)
  ✔ evidencia_no_aplicada_e2_importe_check: table_name (0.14959ms)
  ✔ evidencia_no_aplicada_e2_importe_check: definition (0.152136ms)
  ✔ evidencia_no_aplicada_e2_importe_check: convalidated (0.147962ms)
  ✔ evidencia_no_aplicada_e2_importe_check: condeferrable (0.239734ms)
  ✔ evidencia_no_aplicada_e2_importe_check: condeferred (0.167845ms)
  ✔ evidencia_no_aplicada_e2_importe_check: index_valid (0.151804ms)
  ✔ evidencia_no_aplicada_e2_forma_pago_check: missing (0.162877ms)
  ✔ evidencia_no_aplicada_e2_forma_pago_check: table_name (0.152422ms)
  ✔ evidencia_no_aplicada_e2_forma_pago_check: definition (0.19115ms)
  ✔ evidencia_no_aplicada_e2_forma_pago_check: convalidated (0.158032ms)
  ✔ evidencia_no_aplicada_e2_forma_pago_check: condeferrable (0.153003ms)
  ✔ evidencia_no_aplicada_e2_forma_pago_check: condeferred (0.153283ms)
  ✔ evidencia_no_aplicada_e2_forma_pago_check: index_valid (0.150902ms)
  ✔ evidencia_no_aplicada_e2_naturaleza_check: missing (0.174639ms)
  ✔ evidencia_no_aplicada_e2_naturaleza_check: table_name (0.168304ms)
  ✔ evidencia_no_aplicada_e2_naturaleza_check: definition (0.152022ms)
  ✔ evidencia_no_aplicada_e2_naturaleza_check: convalidated (0.153607ms)
  ✔ evidencia_no_aplicada_e2_naturaleza_check: condeferrable (0.150138ms)
  ✔ evidencia_no_aplicada_e2_naturaleza_check: condeferred (0.177444ms)
  ✔ evidencia_no_aplicada_e2_naturaleza_check: index_valid (0.196352ms)
  ✔ evidencia_no_aplicada_e2_check: missing (0.14512ms)
  ✔ evidencia_no_aplicada_e2_check: table_name (0.153381ms)
  ✔ evidencia_no_aplicada_e2_check: definition (0.156417ms)
  ✔ evidencia_no_aplicada_e2_check: convalidated (0.250508ms)
  ✔ evidencia_no_aplicada_e2_check: condeferrable (0.179618ms)
  ✔ evidencia_no_aplicada_e2_check: condeferred (0.217011ms)
  ✔ evidencia_no_aplicada_e2_check: index_valid (0.180998ms)
  ✔ e2_finalization_immutable: missing (0.3096ms)
  ✔ e2_finalization_immutable: prosrc (0.254616ms)
  ✔ e2_finalization_immutable: prokind (0.194928ms)
  ✔ e2_finalization_immutable: provolatile (0.23954ms)
  ✔ e2_finalization_immutable: proparallel (0.254338ms)
  ✔ e2_finalization_immutable: prosecdef (0.20693ms)
  ✔ e2_finalization_immutable: proleakproof (0.266293ms)
  ✔ e2_finalization_immutable: proisstrict (0.234603ms)
  ✔ e2_finalization_immutable: proretset (0.22545ms)
  ✔ e2_finalization_immutable: proacl (0.19428ms)
  ✔ e2_finalization_immutable: proconfig (0.185802ms)
  ✔ e2_finalization_immutable: language_name (0.285521ms)
  ✔ e2_finalization_immutable: owner_name (0.178019ms)
  ✔ e2_finalization_immutable: result_type (0.170111ms)
  ✔ e2_finalization_immutable: identity_arguments (0.167976ms)
  ✔ e2_finalization_immutable: tgenabled (0.303405ms)
  ✔ e2_finalization_immutable: tgtype (0.48154ms)
  ✔ e2_finalization_immutable: table_name (0.266839ms)
  ✔ e2_finalization_immutable: function_name (0.208855ms)
  ✔ e2_finalization_immutable: function_schema (0.284757ms)
  ✔ e2_finalization_immutable: args_length (0.344472ms)
  ✔ e2_finalization_immutable: trigger_attr (0.276805ms)
  ✔ e2_finalization_immutable: has_parent (0.194746ms)
  ✔ e2_finalization_immutable: has_qual (0.192429ms)
  ✔ e2_finalization_immutable: has_constraint (0.290967ms)
  ✔ e2_finalization_immutable: tgdeferrable (0.358341ms)
  ✔ e2_finalization_immutable: tginitdeferred (0.195676ms)
  ✔ e2_validate_abono_finalization: missing (0.222586ms)
  ✔ e2_validate_abono_finalization: prosrc (0.266383ms)
  ✔ e2_validate_abono_finalization: prokind (0.216626ms)
  ✔ e2_validate_abono_finalization: provolatile (0.232232ms)
  ✔ e2_validate_abono_finalization: proparallel (0.208941ms)
  ✔ e2_validate_abono_finalization: prosecdef (0.188479ms)
  ✔ e2_validate_abono_finalization: proleakproof (0.184155ms)
  ✔ e2_validate_abono_finalization: proisstrict (0.180192ms)
  ✔ e2_validate_abono_finalization: proretset (0.226918ms)
  ✔ e2_validate_abono_finalization: proacl (0.187249ms)
  ✔ e2_validate_abono_finalization: proconfig (0.25509ms)
  ✔ e2_validate_abono_finalization: language_name (0.191101ms)
  ✔ e2_validate_abono_finalization: owner_name (0.284381ms)
  ✔ e2_validate_abono_finalization: result_type (0.609964ms)
  ✔ e2_validate_abono_finalization: identity_arguments (0.334382ms)
  ✔ e2_validate_abono_finalization: tgenabled (0.221428ms)
  ✔ e2_validate_abono_finalization: tgtype (0.195854ms)
  ✔ e2_validate_abono_finalization: table_name (0.223563ms)
  ✔ e2_validate_abono_finalization: function_name (0.203364ms)
  ✔ e2_validate_abono_finalization: function_schema (0.1938ms)
  ✔ e2_validate_abono_finalization: args_length (0.195947ms)
  ✔ e2_validate_abono_finalization: trigger_attr (0.192103ms)
  ✔ e2_validate_abono_finalization: has_parent (0.206233ms)
  ✔ e2_validate_abono_finalization: has_qual (0.189569ms)
  ✔ e2_validate_abono_finalization: has_constraint (0.309793ms)
  ✔ e2_validate_abono_finalization: tgdeferrable (0.413726ms)
  ✔ e2_validate_abono_finalization: tginitdeferred (0.222766ms)
  ✔ e2_proof_immutable: missing (0.17311ms)
  ✔ e2_proof_immutable: prosrc (0.232183ms)
  ✔ e2_proof_immutable: prokind (0.212224ms)
  ✔ e2_proof_immutable: provolatile (0.207953ms)
  ✔ e2_proof_immutable: proparallel (0.193678ms)
  ✔ e2_proof_immutable: prosecdef (0.189894ms)
  ✔ e2_proof_immutable: proleakproof (0.237952ms)
  ✔ e2_proof_immutable: proisstrict (0.250026ms)
  ✔ e2_proof_immutable: proretset (0.431145ms)
  ✔ e2_proof_immutable: proacl (0.308834ms)
  ✔ e2_proof_immutable: proconfig (0.25908ms)
  ✔ e2_proof_immutable: language_name (0.210072ms)
  ✔ e2_proof_immutable: owner_name (0.218653ms)
  ✔ e2_proof_immutable: result_type (0.200212ms)
  ✔ e2_proof_immutable: identity_arguments (0.188336ms)
  ✔ e2_proof_immutable: tgenabled (0.444146ms)
  ✔ e2_proof_immutable: tgtype (0.240128ms)
  ✔ e2_proof_immutable: table_name (0.240219ms)
  ✔ e2_proof_immutable: function_name (0.246087ms)
  ✔ e2_proof_immutable: function_schema (0.206754ms)
  ✔ e2_proof_immutable: args_length (0.195251ms)
  ✔ e2_proof_immutable: trigger_attr (0.191306ms)
  ✔ e2_proof_immutable: has_parent (0.39336ms)
  ✔ e2_proof_immutable: has_qual (0.254317ms)
  ✔ e2_proof_immutable: has_constraint (0.598876ms)
  ✔ e2_proof_immutable: tgdeferrable (0.239194ms)
  ✔ e2_proof_immutable: tginitdeferred (0.201791ms)
  ✔ e2_validate_unused_proof: missing (0.219176ms)
  ✔ e2_validate_unused_proof: prosrc (0.245176ms)
  ✔ e2_validate_unused_proof: prokind (0.324526ms)
  ✔ e2_validate_unused_proof: provolatile (0.277234ms)
  ✔ e2_validate_unused_proof: proparallel (0.211594ms)
  ✔ e2_validate_unused_proof: prosecdef (0.311104ms)
  ✔ e2_validate_unused_proof: proleakproof (0.30435ms)
  ✔ e2_validate_unused_proof: proisstrict (0.21223ms)
  ✔ e2_validate_unused_proof: proretset (0.258626ms)
  ✔ e2_validate_unused_proof: proacl (0.402166ms)
  ✔ e2_validate_unused_proof: proconfig (0.2599ms)
  ✔ e2_validate_unused_proof: language_name (0.205099ms)
  ✔ e2_validate_unused_proof: owner_name (0.202025ms)
  ✔ e2_validate_unused_proof: result_type (0.250521ms)
  ✔ e2_validate_unused_proof: identity_arguments (0.203576ms)
  ✔ e2_validate_unused_proof: tgenabled (0.192453ms)
  ✔ e2_validate_unused_proof: tgtype (0.205365ms)
  ✔ e2_validate_unused_proof: table_name (0.24088ms)
  ✔ e2_validate_unused_proof: function_name (0.199988ms)
  ✔ e2_validate_unused_proof: function_schema (0.197701ms)
  ✔ e2_validate_unused_proof: args_length (0.194464ms)
  ✔ e2_validate_unused_proof: trigger_attr (0.390365ms)
  ✔ e2_validate_unused_proof: has_parent (0.232086ms)
  ✔ e2_validate_unused_proof: has_qual (0.209179ms)
  ✔ e2_validate_unused_proof: has_constraint (0.416103ms)
  ✔ e2_validate_unused_proof: tgdeferrable (0.302923ms)
  ✔ e2_validate_unused_proof: tginitdeferred (0.244595ms)
  ✔ e2_abono_finalization_complete: missing (0.351437ms)
  ✔ e2_abono_finalization_complete: prosrc (0.246435ms)
  ✔ e2_abono_finalization_complete: prokind (0.256933ms)
  ✔ e2_abono_finalization_complete: provolatile (0.265235ms)
  ✔ e2_abono_finalization_complete: proparallel (0.204603ms)
  ✔ e2_abono_finalization_complete: prosecdef (0.203953ms)
  ✔ e2_abono_finalization_complete: proleakproof (0.201343ms)
  ✔ e2_abono_finalization_complete: proisstrict (0.243823ms)
  ✔ e2_abono_finalization_complete: proretset (0.202625ms)
  ✔ e2_abono_finalization_complete: proacl (0.299209ms)
  ✔ e2_abono_finalization_complete: proconfig (0.323736ms)
  ✔ e2_abono_finalization_complete: language_name (0.227709ms)
  ✔ e2_abono_finalization_complete: owner_name (0.211331ms)
  ✔ e2_abono_finalization_complete: result_type (0.203086ms)
  ✔ e2_abono_finalization_complete: identity_arguments (0.257731ms)
  ✔ e2_abono_finalization_complete: tgenabled (0.227655ms)
  ✔ e2_abono_finalization_complete: tgtype (0.206212ms)
  ✔ e2_abono_finalization_complete: table_name (1.127766ms)
  ✔ e2_abono_finalization_complete: function_name (0.276562ms)
  ✔ e2_abono_finalization_complete: function_schema (0.202506ms)
  ✔ e2_abono_finalization_complete: args_length (0.196591ms)
  ✔ e2_abono_finalization_complete: trigger_attr (0.192231ms)
  ✔ e2_abono_finalization_complete: has_parent (0.294412ms)
  ✔ e2_abono_finalization_complete: has_qual (0.294192ms)
  ✔ e2_abono_finalization_complete: has_constraint (0.230439ms)
  ✔ e2_abono_finalization_complete: tgdeferrable (0.240958ms)
  ✔ e2_abono_finalization_complete: tginitdeferred (0.208533ms)
  ✔ e2_capture_application_order: missing (0.162978ms)
  ✔ e2_capture_application_order: prosrc (0.196711ms)
  ✔ e2_capture_application_order: prokind (0.234876ms)
  ✔ e2_capture_application_order: provolatile (0.21505ms)
  ✔ e2_capture_application_order: proparallel (0.198081ms)
  ✔ e2_capture_application_order: prosecdef (0.197445ms)
  ✔ e2_capture_application_order: proleakproof (0.202178ms)
  ✔ e2_capture_application_order: proisstrict (0.21965ms)
  ✔ e2_capture_application_order: proretset (0.20527ms)
  ✔ e2_capture_application_order: proacl (0.200603ms)
  ✔ e2_capture_application_order: proconfig (0.204958ms)
  ✔ e2_capture_application_order: language_name (0.227011ms)
  ✔ e2_capture_application_order: owner_name (0.25014ms)
  ✔ e2_capture_application_order: result_type (0.207618ms)
  ✔ e2_capture_application_order: identity_arguments (0.231244ms)
  ✔ e2_capture_application_order: tgenabled (0.206041ms)
  ✔ e2_capture_application_order: tgtype (0.229612ms)
  ✔ e2_capture_application_order: table_name (0.305722ms)
  ✔ e2_capture_application_order: function_name (0.2168ms)
  ✔ e2_capture_application_order: function_schema (0.200076ms)
  ✔ e2_capture_application_order: args_length (0.205619ms)
  ✔ e2_capture_application_order: trigger_attr (0.235146ms)
  ✔ e2_capture_application_order: has_parent (0.220216ms)
  ✔ e2_capture_application_order: has_qual (0.213707ms)
  ✔ e2_capture_application_order: has_constraint (0.25294ms)
  ✔ e2_capture_application_order: tgdeferrable (0.584213ms)
  ✔ e2_capture_application_order: tginitdeferred (0.215935ms)
  ✔ e2_finalize_new_abono: missing (0.343992ms)
  ✔ e2_finalize_new_abono: prosrc (0.263936ms)
  ✔ e2_finalize_new_abono: prokind (0.241666ms)
  ✔ e2_finalize_new_abono: provolatile (0.259053ms)
  ✔ e2_finalize_new_abono: proparallel (0.230129ms)
  ✔ e2_finalize_new_abono: prosecdef (0.29691ms)
  ✔ e2_finalize_new_abono: proleakproof (0.366797ms)
  ✔ e2_finalize_new_abono: proisstrict (0.304509ms)
  ✔ e2_finalize_new_abono: proretset (0.225914ms)
  ✔ e2_finalize_new_abono: proacl (0.290816ms)
  ✔ e2_finalize_new_abono: proconfig (0.368707ms)
  ✔ e2_finalize_new_abono: language_name (0.230134ms)
  ✔ e2_finalize_new_abono: owner_name (0.336405ms)
  ✔ e2_finalize_new_abono: result_type (0.335908ms)
  ✔ e2_finalize_new_abono: identity_arguments (0.295553ms)
  ✔ e2_attest_new_retained: missing (0.413541ms)
  ✔ e2_attest_new_retained: prosrc (0.298558ms)
  ✔ e2_attest_new_retained: prokind (0.379313ms)
  ✔ e2_attest_new_retained: provolatile (0.369425ms)
  ✔ e2_attest_new_retained: proparallel (0.260088ms)
  ✔ e2_attest_new_retained: prosecdef (0.333743ms)
  ✔ e2_attest_new_retained: proleakproof (0.238978ms)
  ✔ e2_attest_new_retained: proisstrict (0.288399ms)
  ✔ e2_attest_new_retained: proretset (0.271441ms)
  ✔ e2_attest_new_retained: proacl (11.57037ms)
  ✔ e2_attest_new_retained: proconfig (0.333537ms)
  ✔ e2_attest_new_retained: language_name (0.263768ms)
  ✔ e2_attest_new_retained: owner_name (0.240235ms)
  ✔ e2_attest_new_retained: result_type (0.273342ms)
  ✔ e2_attest_new_retained: identity_arguments (0.298369ms)
✔ A+C mock preflight independently rejects each catalog drift (179.475873ms)
ℹ tests 428
ℹ suites 0
ℹ pass 428
ℹ fail 0
ℹ cancelled 0
ℹ skipped 0
ℹ todo 0
ℹ duration_ms 630.475832
