✔ mounted ordinary producer: UNUSED/PARTIAL/FULL and FIFO persistence ordering (294.332349ms)
✔ mounted directed approval finalizes FULL only after its application (28.213237ms)
✔ actual core rejects directed result/amount mismatches before persistence (0.709396ms)
✔ positive proof is mandatory in the real refund service (71.390833ms)
✔ real refund service accepts both origins and rejects absent/used ABONO finalization (66.250585ms)
✔ R4 application-order guard exists in prepared SQL (LEXICAL ONLY, not SQL semantics) (0.538855ms)
▶ A+C mock preflight independently rejects each catalog drift
  ✔ finalizaciones_abono_e2.abono_id: missing (0.596579ms)
  ✔ finalizaciones_abono_e2.abono_id: data_type (0.353921ms)
  ✔ finalizaciones_abono_e2.abono_id: is_nullable (0.377446ms)
  ✔ finalizaciones_abono_e2.abono_id: column_default (0.486508ms)
  ✔ finalizaciones_abono_e2.operacion_productor: missing (0.277898ms)
  ✔ finalizaciones_abono_e2.operacion_productor: data_type (0.216691ms)
  ✔ finalizaciones_abono_e2.operacion_productor: is_nullable (0.446942ms)
  ✔ finalizaciones_abono_e2.operacion_productor: column_default (0.254813ms)
  ✔ finalizaciones_abono_e2.operacion_clave: missing (0.385631ms)
  ✔ finalizaciones_abono_e2.operacion_clave: data_type (0.255317ms)
  ✔ finalizaciones_abono_e2.operacion_clave: is_nullable (0.21509ms)
  ✔ finalizaciones_abono_e2.operacion_clave: column_default (0.260153ms)
  ✔ finalizaciones_abono_e2.cliente_id: missing (0.311068ms)
  ✔ finalizaciones_abono_e2.cliente_id: data_type (0.204084ms)
  ✔ finalizaciones_abono_e2.cliente_id: is_nullable (0.260147ms)
  ✔ finalizaciones_abono_e2.cliente_id: column_default (0.212231ms)
  ✔ finalizaciones_abono_e2.importe: missing (0.194776ms)
  ✔ finalizaciones_abono_e2.importe: data_type (0.246589ms)
  ✔ finalizaciones_abono_e2.importe: is_nullable (0.242623ms)
  ✔ finalizaciones_abono_e2.importe: column_default (0.283715ms)
  ✔ finalizaciones_abono_e2.importe: numeric_precision (0.202172ms)
  ✔ finalizaciones_abono_e2.importe: numeric_scale (5.763194ms)
  ✔ finalizaciones_abono_e2.resultado: missing (0.24823ms)
  ✔ finalizaciones_abono_e2.resultado: data_type (0.243569ms)
  ✔ finalizaciones_abono_e2.resultado: is_nullable (0.281173ms)
  ✔ finalizaciones_abono_e2.resultado: column_default (0.246865ms)
  ✔ finalizaciones_abono_e2.aplicado: missing (0.243652ms)
  ✔ finalizaciones_abono_e2.aplicado: data_type (0.274738ms)
  ✔ finalizaciones_abono_e2.aplicado: is_nullable (0.248269ms)
  ✔ finalizaciones_abono_e2.aplicado: column_default (0.354443ms)
  ✔ finalizaciones_abono_e2.aplicado: numeric_precision (0.196926ms)
  ✔ finalizaciones_abono_e2.aplicado: numeric_scale (0.152818ms)
  ✔ finalizaciones_abono_e2.evaluacion: missing (0.246838ms)
  ✔ finalizaciones_abono_e2.evaluacion: data_type (0.273741ms)
  ✔ finalizaciones_abono_e2.evaluacion: is_nullable (0.159121ms)
  ✔ finalizaciones_abono_e2.evaluacion: column_default (0.140562ms)
  ✔ finalizaciones_abono_e2.contrato_revision: missing (0.143422ms)
  ✔ finalizaciones_abono_e2.contrato_revision: data_type (0.141395ms)
  ✔ finalizaciones_abono_e2.contrato_revision: is_nullable (0.143146ms)
  ✔ finalizaciones_abono_e2.contrato_revision: column_default (0.184391ms)
  ✔ finalizaciones_abono_e2.created_at: missing (0.143095ms)
  ✔ finalizaciones_abono_e2.created_at: data_type (0.136036ms)
  ✔ finalizaciones_abono_e2.created_at: is_nullable (0.135249ms)
  ✔ finalizaciones_abono_e2.created_at: column_default (0.134212ms)
  ✔ evidencia_no_aplicada_e2.fuente: missing (0.260642ms)
  ✔ evidencia_no_aplicada_e2.fuente: data_type (0.172514ms)
  ✔ evidencia_no_aplicada_e2.fuente: is_nullable (0.148245ms)
  ✔ evidencia_no_aplicada_e2.fuente: column_default (0.141551ms)
  ✔ evidencia_no_aplicada_e2.abono_id: missing (0.136451ms)
  ✔ evidencia_no_aplicada_e2.abono_id: data_type (0.174589ms)
  ✔ evidencia_no_aplicada_e2.abono_id: is_nullable (0.145775ms)
  ✔ evidencia_no_aplicada_e2.abono_id: column_default (0.143434ms)
  ✔ evidencia_no_aplicada_e2.cobro_productor: missing (0.135038ms)
  ✔ evidencia_no_aplicada_e2.cobro_productor: data_type (0.135138ms)
  ✔ evidencia_no_aplicada_e2.cobro_productor: is_nullable (0.208943ms)
  ✔ evidencia_no_aplicada_e2.cobro_productor: column_default (0.157356ms)
  ✔ evidencia_no_aplicada_e2.cobro_clave: missing (0.143569ms)
  ✔ evidencia_no_aplicada_e2.cobro_clave: data_type (0.140015ms)
  ✔ evidencia_no_aplicada_e2.cobro_clave: is_nullable (0.154213ms)
  ✔ evidencia_no_aplicada_e2.cobro_clave: column_default (0.167087ms)
  ✔ evidencia_no_aplicada_e2.cliente_id: missing (0.152927ms)
  ✔ evidencia_no_aplicada_e2.cliente_id: data_type (0.285591ms)
  ✔ evidencia_no_aplicada_e2.cliente_id: is_nullable (0.172866ms)
  ✔ evidencia_no_aplicada_e2.cliente_id: column_default (0.224579ms)
  ✔ evidencia_no_aplicada_e2.importe: missing (0.161827ms)
  ✔ evidencia_no_aplicada_e2.importe: data_type (0.150159ms)
  ✔ evidencia_no_aplicada_e2.importe: is_nullable (0.146966ms)
  ✔ evidencia_no_aplicada_e2.importe: column_default (0.137028ms)
  ✔ evidencia_no_aplicada_e2.importe: numeric_precision (0.135453ms)
  ✔ evidencia_no_aplicada_e2.importe: numeric_scale (0.154048ms)
  ✔ evidencia_no_aplicada_e2.forma_pago: missing (0.229958ms)
  ✔ evidencia_no_aplicada_e2.forma_pago: data_type (0.156989ms)
  ✔ evidencia_no_aplicada_e2.forma_pago: is_nullable (0.14038ms)
  ✔ evidencia_no_aplicada_e2.forma_pago: column_default (0.180675ms)
  ✔ evidencia_no_aplicada_e2.naturaleza: missing (0.146093ms)
  ✔ evidencia_no_aplicada_e2.naturaleza: data_type (0.145244ms)
  ✔ evidencia_no_aplicada_e2.naturaleza: is_nullable (0.164497ms)
  ✔ evidencia_no_aplicada_e2.naturaleza: column_default (0.20353ms)
  ✔ evidencia_no_aplicada_e2.created_at: missing (0.184622ms)
  ✔ evidencia_no_aplicada_e2.created_at: data_type (0.207125ms)
  ✔ evidencia_no_aplicada_e2.created_at: is_nullable (0.147432ms)
  ✔ evidencia_no_aplicada_e2.created_at: column_default (0.486503ms)
  ✔ finalizaciones_abono_e2_pkey: missing (0.253125ms)
  ✔ finalizaciones_abono_e2_pkey: table_name (0.305023ms)
  ✔ finalizaciones_abono_e2_pkey: definition (0.302664ms)
  ✔ finalizaciones_abono_e2_pkey: convalidated (0.218265ms)
  ✔ finalizaciones_abono_e2_pkey: condeferrable (0.170346ms)
  ✔ finalizaciones_abono_e2_pkey: condeferred (0.153751ms)
  ✔ finalizaciones_abono_e2_pkey: index_valid (0.184978ms)
  ✔ finalizaciones_abono_e2_abono_id_fkey: missing (0.165758ms)
  ✔ finalizaciones_abono_e2_abono_id_fkey: table_name (0.15311ms)
  ✔ finalizaciones_abono_e2_abono_id_fkey: definition (0.209342ms)
  ✔ finalizaciones_abono_e2_abono_id_fkey: convalidated (0.174566ms)
  ✔ finalizaciones_abono_e2_abono_id_fkey: condeferrable (0.226653ms)
  ✔ finalizaciones_abono_e2_abono_id_fkey: condeferred (0.185291ms)
  ✔ finalizaciones_abono_e2_abono_id_fkey: index_valid (0.171686ms)
  ✔ finalizaciones_abono_e2_cliente_id_fkey: missing (0.353846ms)
  ✔ finalizaciones_abono_e2_cliente_id_fkey: table_name (0.227118ms)
  ✔ finalizaciones_abono_e2_cliente_id_fkey: definition (0.190242ms)
  ✔ finalizaciones_abono_e2_cliente_id_fkey: convalidated (0.179665ms)
  ✔ finalizaciones_abono_e2_cliente_id_fkey: condeferrable (0.202714ms)
  ✔ finalizaciones_abono_e2_cliente_id_fkey: condeferred (0.178435ms)
  ✔ finalizaciones_abono_e2_cliente_id_fkey: index_valid (0.178088ms)
  ✔ finalizaciones_abono_e2_operacion_productor_operacion_clave_key: missing (0.168738ms)
  ✔ finalizaciones_abono_e2_operacion_productor_operacion_clave_key: table_name (0.287994ms)
  ✔ finalizaciones_abono_e2_operacion_productor_operacion_clave_key: definition (0.213969ms)
  ✔ finalizaciones_abono_e2_operacion_productor_operacion_clave_key: convalidated (0.193192ms)
  ✔ finalizaciones_abono_e2_operacion_productor_operacion_clave_key: condeferrable (0.181129ms)
  ✔ finalizaciones_abono_e2_operacion_productor_operacion_clave_key: condeferred (0.222735ms)
  ✔ finalizaciones_abono_e2_operacion_productor_operacion_clave_key: index_valid (0.182981ms)
  ✔ finalizaciones_abono_e2_importe_check: missing (0.171544ms)
  ✔ finalizaciones_abono_e2_importe_check: table_name (0.310779ms)
  ✔ finalizaciones_abono_e2_importe_check: definition (0.287973ms)
  ✔ finalizaciones_abono_e2_importe_check: convalidated (0.249667ms)
  ✔ finalizaciones_abono_e2_importe_check: condeferrable (0.200747ms)
  ✔ finalizaciones_abono_e2_importe_check: condeferred (0.442173ms)
  ✔ finalizaciones_abono_e2_importe_check: index_valid (0.213266ms)
  ✔ finalizaciones_abono_e2_resultado_check: missing (0.177099ms)
  ✔ finalizaciones_abono_e2_resultado_check: table_name (0.292924ms)
  ✔ finalizaciones_abono_e2_resultado_check: definition (0.202815ms)
  ✔ finalizaciones_abono_e2_resultado_check: convalidated (0.186914ms)
  ✔ finalizaciones_abono_e2_resultado_check: condeferrable (0.182996ms)
  ✔ finalizaciones_abono_e2_resultado_check: condeferred (0.225918ms)
  ✔ finalizaciones_abono_e2_resultado_check: index_valid (0.236399ms)
  ✔ finalizaciones_abono_e2_aplicado_check: missing (0.199899ms)
  ✔ finalizaciones_abono_e2_aplicado_check: table_name (0.195707ms)
  ✔ finalizaciones_abono_e2_aplicado_check: definition (0.317045ms)
  ✔ finalizaciones_abono_e2_aplicado_check: convalidated (0.201684ms)
  ✔ finalizaciones_abono_e2_aplicado_check: condeferrable (0.225722ms)
  ✔ finalizaciones_abono_e2_aplicado_check: condeferred (0.251171ms)
  ✔ finalizaciones_abono_e2_aplicado_check: index_valid (0.23351ms)
  ✔ finalizaciones_abono_e2_evaluacion_check: missing (0.189113ms)
  ✔ finalizaciones_abono_e2_evaluacion_check: table_name (0.189987ms)
  ✔ finalizaciones_abono_e2_evaluacion_check: definition (0.217892ms)
  ✔ finalizaciones_abono_e2_evaluacion_check: convalidated (0.227703ms)
  ✔ finalizaciones_abono_e2_evaluacion_check: condeferrable (0.19936ms)
  ✔ finalizaciones_abono_e2_evaluacion_check: condeferred (0.187052ms)
  ✔ finalizaciones_abono_e2_evaluacion_check: index_valid (0.395592ms)
  ✔ finalizaciones_abono_e2_contrato_revision_check: missing (0.203587ms)
  ✔ finalizaciones_abono_e2_contrato_revision_check: table_name (0.188326ms)
  ✔ finalizaciones_abono_e2_contrato_revision_check: definition (0.188335ms)
  ✔ finalizaciones_abono_e2_contrato_revision_check: convalidated (0.317538ms)
  ✔ finalizaciones_abono_e2_contrato_revision_check: condeferrable (0.282351ms)
  ✔ finalizaciones_abono_e2_contrato_revision_check: condeferred (0.276135ms)
  ✔ finalizaciones_abono_e2_contrato_revision_check: index_valid (0.253189ms)
  ✔ finalizaciones_abono_e2_check: missing (0.185087ms)
  ✔ finalizaciones_abono_e2_check: table_name (0.188209ms)
  ✔ finalizaciones_abono_e2_check: definition (0.231738ms)
  ✔ finalizaciones_abono_e2_check: convalidated (0.194039ms)
  ✔ finalizaciones_abono_e2_check: condeferrable (0.193294ms)
  ✔ finalizaciones_abono_e2_check: condeferred (0.184949ms)
  ✔ finalizaciones_abono_e2_check: index_valid (0.230818ms)
  ✔ finalizaciones_abono_e2_operacion_productor_check: missing (0.179558ms)
  ✔ finalizaciones_abono_e2_operacion_productor_check: table_name (0.190964ms)
  ✔ finalizaciones_abono_e2_operacion_productor_check: definition (0.231603ms)
  ✔ finalizaciones_abono_e2_operacion_productor_check: convalidated (0.304036ms)
  ✔ finalizaciones_abono_e2_operacion_productor_check: condeferrable (0.363517ms)
  ✔ finalizaciones_abono_e2_operacion_productor_check: condeferred (0.376355ms)
  ✔ finalizaciones_abono_e2_operacion_productor_check: index_valid (0.234596ms)
  ✔ evidencia_no_aplicada_e2_pkey: missing (0.238799ms)
  ✔ evidencia_no_aplicada_e2_pkey: table_name (0.278819ms)
  ✔ evidencia_no_aplicada_e2_pkey: definition (0.332734ms)
  ✔ evidencia_no_aplicada_e2_pkey: convalidated (0.28219ms)
  ✔ evidencia_no_aplicada_e2_pkey: condeferrable (0.404389ms)
  ✔ evidencia_no_aplicada_e2_pkey: condeferred (0.28012ms)
  ✔ evidencia_no_aplicada_e2_pkey: index_valid (0.232771ms)
  ✔ evidencia_no_aplicada_e2_abono_id_key: missing (0.305488ms)
  ✔ evidencia_no_aplicada_e2_abono_id_key: table_name (0.269295ms)
  ✔ evidencia_no_aplicada_e2_abono_id_key: definition (0.304837ms)
  ✔ evidencia_no_aplicada_e2_abono_id_key: convalidated (0.282739ms)
  ✔ evidencia_no_aplicada_e2_abono_id_key: condeferrable (0.207125ms)
  ✔ evidencia_no_aplicada_e2_abono_id_key: condeferred (0.243951ms)
  ✔ evidencia_no_aplicada_e2_abono_id_key: index_valid (0.204253ms)
  ✔ evidencia_no_aplicada_e2_cobro_clave_key: missing (0.226662ms)
  ✔ evidencia_no_aplicada_e2_cobro_clave_key: table_name (0.781348ms)
  ✔ evidencia_no_aplicada_e2_cobro_clave_key: definition (0.226846ms)
  ✔ evidencia_no_aplicada_e2_cobro_clave_key: convalidated (0.218357ms)
  ✔ evidencia_no_aplicada_e2_cobro_clave_key: condeferrable (0.190791ms)
  ✔ evidencia_no_aplicada_e2_cobro_clave_key: condeferred (0.331355ms)
  ✔ evidencia_no_aplicada_e2_cobro_clave_key: index_valid (0.272016ms)
  ✔ evidencia_no_aplicada_e2_cobro_productor_cobro_clave_fkey: missing (0.64507ms)
  ✔ evidencia_no_aplicada_e2_cobro_productor_cobro_clave_fkey: table_name (0.251765ms)
  ✔ evidencia_no_aplicada_e2_cobro_productor_cobro_clave_fkey: definition (0.282418ms)
  ✔ evidencia_no_aplicada_e2_cobro_productor_cobro_clave_fkey: convalidated (0.290704ms)
  ✔ evidencia_no_aplicada_e2_cobro_productor_cobro_clave_fkey: condeferrable (0.237397ms)
  ✔ evidencia_no_aplicada_e2_cobro_productor_cobro_clave_fkey: condeferred (2.496579ms)
  ✔ evidencia_no_aplicada_e2_cobro_productor_cobro_clave_fkey: index_valid (0.323708ms)
  ✔ evidencia_no_aplicada_e2_abono_id_fkey: missing (0.231485ms)
  ✔ evidencia_no_aplicada_e2_abono_id_fkey: table_name (0.221432ms)
  ✔ evidencia_no_aplicada_e2_abono_id_fkey: definition (0.205296ms)
  ✔ evidencia_no_aplicada_e2_abono_id_fkey: convalidated (0.197949ms)
  ✔ evidencia_no_aplicada_e2_abono_id_fkey: condeferrable (0.233022ms)
  ✔ evidencia_no_aplicada_e2_abono_id_fkey: condeferred (0.225558ms)
  ✔ evidencia_no_aplicada_e2_abono_id_fkey: index_valid (0.193109ms)
  ✔ evidencia_no_aplicada_e2_cliente_id_fkey: missing (0.17422ms)
  ✔ evidencia_no_aplicada_e2_cliente_id_fkey: table_name (0.417409ms)
  ✔ evidencia_no_aplicada_e2_cliente_id_fkey: definition (0.212486ms)
  ✔ evidencia_no_aplicada_e2_cliente_id_fkey: convalidated (0.200381ms)
  ✔ evidencia_no_aplicada_e2_cliente_id_fkey: condeferrable (0.420528ms)
  ✔ evidencia_no_aplicada_e2_cliente_id_fkey: condeferred (0.277666ms)
  ✔ evidencia_no_aplicada_e2_cliente_id_fkey: index_valid (0.220061ms)
  ✔ evidencia_no_aplicada_e2_importe_check: missing (0.216177ms)
  ✔ evidencia_no_aplicada_e2_importe_check: table_name (0.21393ms)
  ✔ evidencia_no_aplicada_e2_importe_check: definition (0.196724ms)
  ✔ evidencia_no_aplicada_e2_importe_check: convalidated (0.193248ms)
  ✔ evidencia_no_aplicada_e2_importe_check: condeferrable (0.240579ms)
  ✔ evidencia_no_aplicada_e2_importe_check: condeferred (0.221932ms)
  ✔ evidencia_no_aplicada_e2_importe_check: index_valid (0.201543ms)
  ✔ evidencia_no_aplicada_e2_forma_pago_check: missing (0.190451ms)
  ✔ evidencia_no_aplicada_e2_forma_pago_check: table_name (0.292834ms)
  ✔ evidencia_no_aplicada_e2_forma_pago_check: definition (0.218662ms)
  ✔ evidencia_no_aplicada_e2_forma_pago_check: convalidated (0.220922ms)
  ✔ evidencia_no_aplicada_e2_forma_pago_check: condeferrable (0.22451ms)
  ✔ evidencia_no_aplicada_e2_forma_pago_check: condeferred (0.21679ms)
  ✔ evidencia_no_aplicada_e2_forma_pago_check: index_valid (0.200501ms)
  ✔ evidencia_no_aplicada_e2_naturaleza_check: missing (0.182544ms)
  ✔ evidencia_no_aplicada_e2_naturaleza_check: table_name (0.196723ms)
  ✔ evidencia_no_aplicada_e2_naturaleza_check: definition (0.254825ms)
  ✔ evidencia_no_aplicada_e2_naturaleza_check: convalidated (0.205957ms)
  ✔ evidencia_no_aplicada_e2_naturaleza_check: condeferrable (0.208746ms)
  ✔ evidencia_no_aplicada_e2_naturaleza_check: condeferred (0.197276ms)
  ✔ evidencia_no_aplicada_e2_naturaleza_check: index_valid (0.214131ms)
  ✔ evidencia_no_aplicada_e2_check: missing (0.178218ms)
  ✔ evidencia_no_aplicada_e2_check: table_name (0.197676ms)
  ✔ evidencia_no_aplicada_e2_check: definition (0.206363ms)
  ✔ evidencia_no_aplicada_e2_check: convalidated (0.289653ms)
  ✔ evidencia_no_aplicada_e2_check: condeferrable (0.209418ms)
  ✔ evidencia_no_aplicada_e2_check: condeferred (0.27068ms)
  ✔ evidencia_no_aplicada_e2_check: index_valid (0.261912ms)
  ✔ e2_finalization_immutable: missing (0.331422ms)
  ✔ e2_finalization_immutable: prosrc (0.376756ms)
  ✔ e2_finalization_immutable: prokind (0.27604ms)
  ✔ e2_finalization_immutable: provolatile (0.246683ms)
  ✔ e2_finalization_immutable: proparallel (0.290289ms)
  ✔ e2_finalization_immutable: prosecdef (0.333761ms)
  ✔ e2_finalization_immutable: proleakproof (0.338318ms)
  ✔ e2_finalization_immutable: proisstrict (0.375275ms)
  ✔ e2_finalization_immutable: proretset (0.262861ms)
  ✔ e2_finalization_immutable: proacl (0.245807ms)
  ✔ e2_finalization_immutable: proconfig (0.290515ms)
  ✔ e2_finalization_immutable: language_name (0.253435ms)
  ✔ e2_finalization_immutable: owner_name (0.235063ms)
  ✔ e2_finalization_immutable: result_type (0.268755ms)
  ✔ e2_finalization_immutable: identity_arguments (0.250535ms)
  ✔ e2_finalization_immutable: tgenabled (0.278634ms)
  ✔ e2_finalization_immutable: tgtype (0.240198ms)
  ✔ e2_finalization_immutable: table_name (0.251981ms)
  ✔ e2_finalization_immutable: function_name (0.248695ms)
  ✔ e2_finalization_immutable: function_schema (0.439292ms)
  ✔ e2_finalization_immutable: args_length (0.391216ms)
  ✔ e2_finalization_immutable: trigger_attr (0.368584ms)
  ✔ e2_finalization_immutable: has_parent (0.258425ms)
  ✔ e2_finalization_immutable: has_qual (0.238652ms)
  ✔ e2_finalization_immutable: has_constraint (0.236019ms)
  ✔ e2_finalization_immutable: tgdeferrable (0.647812ms)
  ✔ e2_finalization_immutable: tginitdeferred (0.299336ms)
  ✔ e2_validate_abono_finalization: missing (0.233553ms)
  ✔ e2_validate_abono_finalization: prosrc (0.334875ms)
  ✔ e2_validate_abono_finalization: prokind (0.363231ms)
  ✔ e2_validate_abono_finalization: provolatile (0.272656ms)
  ✔ e2_validate_abono_finalization: proparallel (0.406649ms)
  ✔ e2_validate_abono_finalization: prosecdef (0.319986ms)
  ✔ e2_validate_abono_finalization: proleakproof (0.236068ms)
  ✔ e2_validate_abono_finalization: proisstrict (0.300792ms)
  ✔ e2_validate_abono_finalization: proretset (0.25479ms)
  ✔ e2_validate_abono_finalization: proacl (0.232754ms)
  ✔ e2_validate_abono_finalization: proconfig (0.365195ms)
  ✔ e2_validate_abono_finalization: language_name (0.246661ms)
  ✔ e2_validate_abono_finalization: owner_name (0.201794ms)
  ✔ e2_validate_abono_finalization: result_type (0.2055ms)
  ✔ e2_validate_abono_finalization: identity_arguments (0.274288ms)
  ✔ e2_validate_abono_finalization: tgenabled (0.224374ms)
  ✔ e2_validate_abono_finalization: tgtype (0.188059ms)
  ✔ e2_validate_abono_finalization: table_name (0.185286ms)
  ✔ e2_validate_abono_finalization: function_name (0.25402ms)
  ✔ e2_validate_abono_finalization: function_schema (0.198905ms)
  ✔ e2_validate_abono_finalization: args_length (0.18896ms)
  ✔ e2_validate_abono_finalization: trigger_attr (0.186735ms)
  ✔ e2_validate_abono_finalization: has_parent (0.283019ms)
  ✔ e2_validate_abono_finalization: has_qual (0.202602ms)
  ✔ e2_validate_abono_finalization: has_constraint (0.190278ms)
  ✔ e2_validate_abono_finalization: tgdeferrable (0.188477ms)
  ✔ e2_validate_abono_finalization: tginitdeferred (0.229723ms)
  ✔ e2_proof_immutable: missing (0.175282ms)
  ✔ e2_proof_immutable: prosrc (0.253396ms)
  ✔ e2_proof_immutable: prokind (0.217104ms)
  ✔ e2_proof_immutable: provolatile (0.249199ms)
  ✔ e2_proof_immutable: proparallel (0.200034ms)
  ✔ e2_proof_immutable: prosecdef (0.190691ms)
  ✔ e2_proof_immutable: proleakproof (0.249114ms)
  ✔ e2_proof_immutable: proisstrict (0.273989ms)
  ✔ e2_proof_immutable: proretset (0.296323ms)
  ✔ e2_proof_immutable: proacl (0.281942ms)
  ✔ e2_proof_immutable: proconfig (0.305882ms)
  ✔ e2_proof_immutable: language_name (0.213624ms)
  ✔ e2_proof_immutable: owner_name (0.200864ms)
  ✔ e2_proof_immutable: result_type (0.186536ms)
  ✔ e2_proof_immutable: identity_arguments (0.251463ms)
  ✔ e2_proof_immutable: tgenabled (0.20529ms)
  ✔ e2_proof_immutable: tgtype (0.190979ms)
  ✔ e2_proof_immutable: table_name (0.201564ms)
  ✔ e2_proof_immutable: function_name (0.236914ms)
  ✔ e2_proof_immutable: function_schema (0.193625ms)
  ✔ e2_proof_immutable: args_length (0.185891ms)
  ✔ e2_proof_immutable: trigger_attr (0.188881ms)
  ✔ e2_proof_immutable: has_parent (0.223972ms)
  ✔ e2_proof_immutable: has_qual (0.197723ms)
  ✔ e2_proof_immutable: has_constraint (0.186226ms)
  ✔ e2_proof_immutable: tgdeferrable (0.18758ms)
  ✔ e2_proof_immutable: tginitdeferred (0.284851ms)
  ✔ e2_validate_unused_proof: missing (0.189559ms)
  ✔ e2_validate_unused_proof: prosrc (0.207425ms)
  ✔ e2_validate_unused_proof: prokind (0.289592ms)
  ✔ e2_validate_unused_proof: provolatile (0.272602ms)
  ✔ e2_validate_unused_proof: proparallel (0.223319ms)
  ✔ e2_validate_unused_proof: prosecdef (0.284129ms)
  ✔ e2_validate_unused_proof: proleakproof (0.275711ms)
  ✔ e2_validate_unused_proof: proisstrict (0.321968ms)
  ✔ e2_validate_unused_proof: proretset (0.274446ms)
  ✔ e2_validate_unused_proof: proacl (0.336735ms)
  ✔ e2_validate_unused_proof: proconfig (0.222252ms)
  ✔ e2_validate_unused_proof: language_name (0.241966ms)
  ✔ e2_validate_unused_proof: owner_name (0.208032ms)
  ✔ e2_validate_unused_proof: result_type (0.302903ms)
  ✔ e2_validate_unused_proof: identity_arguments (0.196838ms)
  ✔ e2_validate_unused_proof: tgenabled (0.203389ms)
  ✔ e2_validate_unused_proof: tgtype (2.356008ms)
  ✔ e2_validate_unused_proof: table_name (0.269891ms)
  ✔ e2_validate_unused_proof: function_name (0.201202ms)
  ✔ e2_validate_unused_proof: function_schema (0.189554ms)
  ✔ e2_validate_unused_proof: args_length (0.236348ms)
  ✔ e2_validate_unused_proof: trigger_attr (0.342264ms)
  ✔ e2_validate_unused_proof: has_parent (0.257287ms)
  ✔ e2_validate_unused_proof: has_qual (0.215751ms)
  ✔ e2_validate_unused_proof: has_constraint (0.199707ms)
  ✔ e2_validate_unused_proof: tgdeferrable (0.211703ms)
  ✔ e2_validate_unused_proof: tginitdeferred (0.235287ms)
  ✔ e2_abono_finalization_complete: missing (0.183214ms)
  ✔ e2_abono_finalization_complete: prosrc (0.195972ms)
  ✔ e2_abono_finalization_complete: prokind (0.198327ms)
  ✔ e2_abono_finalization_complete: provolatile (0.192718ms)
  ✔ e2_abono_finalization_complete: proparallel (0.288307ms)
  ✔ e2_abono_finalization_complete: prosecdef (0.237422ms)
  ✔ e2_abono_finalization_complete: proleakproof (0.2122ms)
  ✔ e2_abono_finalization_complete: proisstrict (0.292759ms)
  ✔ e2_abono_finalization_complete: proretset (0.227209ms)
  ✔ e2_abono_finalization_complete: proacl (0.20264ms)
  ✔ e2_abono_finalization_complete: proconfig (0.196803ms)
  ✔ e2_abono_finalization_complete: language_name (0.240223ms)
  ✔ e2_abono_finalization_complete: owner_name (0.208272ms)
  ✔ e2_abono_finalization_complete: result_type (0.203665ms)
  ✔ e2_abono_finalization_complete: identity_arguments (0.205563ms)
  ✔ e2_abono_finalization_complete: tgenabled (0.266571ms)
  ✔ e2_abono_finalization_complete: tgtype (0.247348ms)
  ✔ e2_abono_finalization_complete: table_name (1.081654ms)
  ✔ e2_abono_finalization_complete: function_name (0.227918ms)
  ✔ e2_abono_finalization_complete: function_schema (0.302893ms)
  ✔ e2_abono_finalization_complete: args_length (0.230535ms)
  ✔ e2_abono_finalization_complete: trigger_attr (0.259344ms)
  ✔ e2_abono_finalization_complete: has_parent (0.209647ms)
  ✔ e2_abono_finalization_complete: has_qual (0.274762ms)
  ✔ e2_abono_finalization_complete: has_constraint (0.239629ms)
  ✔ e2_abono_finalization_complete: tgdeferrable (0.209821ms)
  ✔ e2_abono_finalization_complete: tginitdeferred (0.243086ms)
  ✔ e2_capture_application_order: missing (0.193233ms)
  ✔ e2_capture_application_order: prosrc (0.235773ms)
  ✔ e2_capture_application_order: prokind (0.213027ms)
  ✔ e2_capture_application_order: provolatile (0.255784ms)
  ✔ e2_capture_application_order: proparallel (0.201833ms)
  ✔ e2_capture_application_order: prosecdef (0.202608ms)
  ✔ e2_capture_application_order: proleakproof (0.196805ms)
  ✔ e2_capture_application_order: proisstrict (0.290467ms)
  ✔ e2_capture_application_order: proretset (0.224698ms)
  ✔ e2_capture_application_order: proacl (0.205118ms)
  ✔ e2_capture_application_order: proconfig (0.201911ms)
  ✔ e2_capture_application_order: language_name (0.221878ms)
  ✔ e2_capture_application_order: owner_name (0.253356ms)
  ✔ e2_capture_application_order: result_type (0.208934ms)
  ✔ e2_capture_application_order: identity_arguments (0.236332ms)
  ✔ e2_capture_application_order: tgenabled (0.210527ms)
  ✔ e2_capture_application_order: tgtype (0.199314ms)
  ✔ e2_capture_application_order: table_name (0.252835ms)
  ✔ e2_capture_application_order: function_name (0.26002ms)
  ✔ e2_capture_application_order: function_schema (0.208629ms)
  ✔ e2_capture_application_order: args_length (0.203962ms)
  ✔ e2_capture_application_order: trigger_attr (0.196934ms)
  ✔ e2_capture_application_order: has_parent (0.29233ms)
  ✔ e2_capture_application_order: has_qual (0.211484ms)
  ✔ e2_capture_application_order: has_constraint (0.259218ms)
  ✔ e2_capture_application_order: tgdeferrable (0.25177ms)
  ✔ e2_capture_application_order: tginitdeferred (0.214155ms)
  ✔ e2_finalize_new_abono: missing (0.351877ms)
  ✔ e2_finalize_new_abono: prosrc (0.32084ms)
  ✔ e2_finalize_new_abono: prokind (0.248923ms)
  ✔ e2_finalize_new_abono: provolatile (0.232926ms)
  ✔ e2_finalize_new_abono: proparallel (0.265828ms)
  ✔ e2_finalize_new_abono: prosecdef (0.290355ms)
  ✔ e2_finalize_new_abono: proleakproof (0.311877ms)
  ✔ e2_finalize_new_abono: proisstrict (0.371779ms)
  ✔ e2_finalize_new_abono: proretset (0.240508ms)
  ✔ e2_finalize_new_abono: proacl (0.225066ms)
  ✔ e2_finalize_new_abono: proconfig (0.435324ms)
  ✔ e2_finalize_new_abono: language_name (0.247876ms)
  ✔ e2_finalize_new_abono: owner_name (0.320714ms)
  ✔ e2_finalize_new_abono: result_type (0.375517ms)
  ✔ e2_finalize_new_abono: identity_arguments (0.288325ms)
  ✔ e2_attest_new_retained: missing (0.242687ms)
  ✔ e2_attest_new_retained: prosrc (0.263096ms)
  ✔ e2_attest_new_retained: prokind (0.283238ms)
  ✔ e2_attest_new_retained: provolatile (0.264359ms)
  ✔ e2_attest_new_retained: proparallel (0.31451ms)
  ✔ e2_attest_new_retained: prosecdef (0.229301ms)
  ✔ e2_attest_new_retained: proleakproof (0.22128ms)
  ✔ e2_attest_new_retained: proisstrict (0.3421ms)
  ✔ e2_attest_new_retained: proretset (0.238097ms)
  ✔ e2_attest_new_retained: proacl (0.227628ms)
  ✔ e2_attest_new_retained: proconfig (0.26246ms)
  ✔ e2_attest_new_retained: language_name (0.238627ms)
  ✔ e2_attest_new_retained: owner_name (0.22724ms)
  ✔ e2_attest_new_retained: result_type (0.228377ms)
  ✔ e2_attest_new_retained: identity_arguments (0.339262ms)
✔ A+C mock preflight independently rejects each catalog drift (176.778705ms)
ℹ tests 428
ℹ suites 0
ℹ pass 428
ℹ fail 0
ℹ cancelled 0
ℹ skipped 0
ℹ todo 0
ℹ duration_ms 651.564743
