✔ mounted ordinary producer: UNUSED/PARTIAL/FULL and FIFO persistence ordering (274.020099ms)
✔ mounted directed approval finalizes FULL only after its application (25.497054ms)
✔ actual core rejects directed result/amount mismatches before persistence (0.729855ms)
✔ positive proof is mandatory in the real refund service (65.77484ms)
✔ real refund service accepts both origins and rejects absent/used ABONO finalization (57.30317ms)
✔ R4 application-order guard exists in prepared SQL (LEXICAL ONLY, not SQL semantics) (0.548782ms)
▶ A+C mock preflight independently rejects each catalog drift
  ✔ finalizaciones_abono_e2.abono_id: missing (0.6394ms)
  ✔ finalizaciones_abono_e2.abono_id: data_type (0.403591ms)
  ✔ finalizaciones_abono_e2.abono_id: is_nullable (0.375726ms)
  ✔ finalizaciones_abono_e2.abono_id: column_default (0.476314ms)
  ✔ finalizaciones_abono_e2.operacion_productor: missing (0.369705ms)
  ✔ finalizaciones_abono_e2.operacion_productor: data_type (0.227719ms)
  ✔ finalizaciones_abono_e2.operacion_productor: is_nullable (0.211847ms)
  ✔ finalizaciones_abono_e2.operacion_productor: column_default (0.250105ms)
  ✔ finalizaciones_abono_e2.operacion_clave: missing (0.365539ms)
  ✔ finalizaciones_abono_e2.operacion_clave: data_type (0.209856ms)
  ✔ finalizaciones_abono_e2.operacion_clave: is_nullable (0.230926ms)
  ✔ finalizaciones_abono_e2.operacion_clave: column_default (0.276054ms)
  ✔ finalizaciones_abono_e2.cliente_id: missing (0.268613ms)
  ✔ finalizaciones_abono_e2.cliente_id: data_type (0.237572ms)
  ✔ finalizaciones_abono_e2.cliente_id: is_nullable (0.265957ms)
  ✔ finalizaciones_abono_e2.cliente_id: column_default (0.29871ms)
  ✔ finalizaciones_abono_e2.importe: missing (0.202414ms)
  ✔ finalizaciones_abono_e2.importe: data_type (0.253204ms)
  ✔ finalizaciones_abono_e2.importe: is_nullable (0.206499ms)
  ✔ finalizaciones_abono_e2.importe: column_default (0.222935ms)
  ✔ finalizaciones_abono_e2.importe: numeric_precision (5.321323ms)
  ✔ finalizaciones_abono_e2.importe: numeric_scale (0.389186ms)
  ✔ finalizaciones_abono_e2.resultado: missing (0.310703ms)
  ✔ finalizaciones_abono_e2.resultado: data_type (0.189959ms)
  ✔ finalizaciones_abono_e2.resultado: is_nullable (0.276933ms)
  ✔ finalizaciones_abono_e2.resultado: column_default (0.254724ms)
  ✔ finalizaciones_abono_e2.aplicado: missing (0.283897ms)
  ✔ finalizaciones_abono_e2.aplicado: data_type (0.16925ms)
  ✔ finalizaciones_abono_e2.aplicado: is_nullable (0.230049ms)
  ✔ finalizaciones_abono_e2.aplicado: column_default (0.24367ms)
  ✔ finalizaciones_abono_e2.aplicado: numeric_precision (0.176617ms)
  ✔ finalizaciones_abono_e2.aplicado: numeric_scale (0.145746ms)
  ✔ finalizaciones_abono_e2.evaluacion: missing (0.233434ms)
  ✔ finalizaciones_abono_e2.evaluacion: data_type (0.290481ms)
  ✔ finalizaciones_abono_e2.evaluacion: is_nullable (0.159514ms)
  ✔ finalizaciones_abono_e2.evaluacion: column_default (0.140955ms)
  ✔ finalizaciones_abono_e2.contrato_revision: missing (0.137033ms)
  ✔ finalizaciones_abono_e2.contrato_revision: data_type (0.136414ms)
  ✔ finalizaciones_abono_e2.contrato_revision: is_nullable (0.134218ms)
  ✔ finalizaciones_abono_e2.contrato_revision: column_default (0.182632ms)
  ✔ finalizaciones_abono_e2.created_at: missing (0.140415ms)
  ✔ finalizaciones_abono_e2.created_at: data_type (0.137132ms)
  ✔ finalizaciones_abono_e2.created_at: is_nullable (0.139935ms)
  ✔ finalizaciones_abono_e2.created_at: column_default (0.133828ms)
  ✔ evidencia_no_aplicada_e2.fuente: missing (0.286652ms)
  ✔ evidencia_no_aplicada_e2.fuente: data_type (0.154414ms)
  ✔ evidencia_no_aplicada_e2.fuente: is_nullable (0.149264ms)
  ✔ evidencia_no_aplicada_e2.fuente: column_default (0.138856ms)
  ✔ evidencia_no_aplicada_e2.abono_id: missing (0.133375ms)
  ✔ evidencia_no_aplicada_e2.abono_id: data_type (0.184209ms)
  ✔ evidencia_no_aplicada_e2.abono_id: is_nullable (0.148715ms)
  ✔ evidencia_no_aplicada_e2.abono_id: column_default (0.135145ms)
  ✔ evidencia_no_aplicada_e2.cobro_productor: missing (0.136252ms)
  ✔ evidencia_no_aplicada_e2.cobro_productor: data_type (0.134645ms)
  ✔ evidencia_no_aplicada_e2.cobro_productor: is_nullable (0.221164ms)
  ✔ evidencia_no_aplicada_e2.cobro_productor: column_default (0.152728ms)
  ✔ evidencia_no_aplicada_e2.cobro_clave: missing (0.143617ms)
  ✔ evidencia_no_aplicada_e2.cobro_clave: data_type (0.137ms)
  ✔ evidencia_no_aplicada_e2.cobro_clave: is_nullable (0.135468ms)
  ✔ evidencia_no_aplicada_e2.cobro_clave: column_default (0.135045ms)
  ✔ evidencia_no_aplicada_e2.cliente_id: missing (0.155776ms)
  ✔ evidencia_no_aplicada_e2.cliente_id: data_type (0.291685ms)
  ✔ evidencia_no_aplicada_e2.cliente_id: is_nullable (0.224744ms)
  ✔ evidencia_no_aplicada_e2.cliente_id: column_default (0.149162ms)
  ✔ evidencia_no_aplicada_e2.importe: missing (0.218102ms)
  ✔ evidencia_no_aplicada_e2.importe: data_type (0.151486ms)
  ✔ evidencia_no_aplicada_e2.importe: is_nullable (0.150442ms)
  ✔ evidencia_no_aplicada_e2.importe: column_default (0.135818ms)
  ✔ evidencia_no_aplicada_e2.importe: numeric_precision (0.135211ms)
  ✔ evidencia_no_aplicada_e2.importe: numeric_scale (0.181433ms)
  ✔ evidencia_no_aplicada_e2.forma_pago: missing (0.22733ms)
  ✔ evidencia_no_aplicada_e2.forma_pago: data_type (0.156832ms)
  ✔ evidencia_no_aplicada_e2.forma_pago: is_nullable (0.14485ms)
  ✔ evidencia_no_aplicada_e2.forma_pago: column_default (0.140364ms)
  ✔ evidencia_no_aplicada_e2.naturaleza: missing (0.204048ms)
  ✔ evidencia_no_aplicada_e2.naturaleza: data_type (0.141339ms)
  ✔ evidencia_no_aplicada_e2.naturaleza: is_nullable (0.169131ms)
  ✔ evidencia_no_aplicada_e2.naturaleza: column_default (0.196767ms)
  ✔ evidencia_no_aplicada_e2.created_at: missing (0.185778ms)
  ✔ evidencia_no_aplicada_e2.created_at: data_type (0.200964ms)
  ✔ evidencia_no_aplicada_e2.created_at: is_nullable (0.155707ms)
  ✔ evidencia_no_aplicada_e2.created_at: column_default (0.393643ms)
  ✔ finalizaciones_abono_e2_pkey: missing (0.26985ms)
  ✔ finalizaciones_abono_e2_pkey: table_name (0.305921ms)
  ✔ finalizaciones_abono_e2_pkey: definition (0.33785ms)
  ✔ finalizaciones_abono_e2_pkey: convalidated (0.209223ms)
  ✔ finalizaciones_abono_e2_pkey: condeferrable (0.154364ms)
  ✔ finalizaciones_abono_e2_pkey: condeferred (0.149337ms)
  ✔ finalizaciones_abono_e2_pkey: index_valid (0.146202ms)
  ✔ finalizaciones_abono_e2_abono_id_fkey: missing (0.160141ms)
  ✔ finalizaciones_abono_e2_abono_id_fkey: table_name (0.157504ms)
  ✔ finalizaciones_abono_e2_abono_id_fkey: definition (0.217025ms)
  ✔ finalizaciones_abono_e2_abono_id_fkey: convalidated (0.186245ms)
  ✔ finalizaciones_abono_e2_abono_id_fkey: condeferrable (0.228843ms)
  ✔ finalizaciones_abono_e2_abono_id_fkey: condeferred (0.182118ms)
  ✔ finalizaciones_abono_e2_abono_id_fkey: index_valid (0.183026ms)
  ✔ finalizaciones_abono_e2_cliente_id_fkey: missing (0.298021ms)
  ✔ finalizaciones_abono_e2_cliente_id_fkey: table_name (0.26857ms)
  ✔ finalizaciones_abono_e2_cliente_id_fkey: definition (0.262846ms)
  ✔ finalizaciones_abono_e2_cliente_id_fkey: convalidated (0.249658ms)
  ✔ finalizaciones_abono_e2_cliente_id_fkey: condeferrable (0.200222ms)
  ✔ finalizaciones_abono_e2_cliente_id_fkey: condeferred (0.181554ms)
  ✔ finalizaciones_abono_e2_cliente_id_fkey: index_valid (0.175214ms)
  ✔ finalizaciones_abono_e2_operacion_productor_operacion_clave_key: missing (0.167039ms)
  ✔ finalizaciones_abono_e2_operacion_productor_operacion_clave_key: table_name (0.268609ms)
  ✔ finalizaciones_abono_e2_operacion_productor_operacion_clave_key: definition (0.209741ms)
  ✔ finalizaciones_abono_e2_operacion_productor_operacion_clave_key: convalidated (0.182294ms)
  ✔ finalizaciones_abono_e2_operacion_productor_operacion_clave_key: condeferrable (0.175782ms)
  ✔ finalizaciones_abono_e2_operacion_productor_operacion_clave_key: condeferred (0.217865ms)
  ✔ finalizaciones_abono_e2_operacion_productor_operacion_clave_key: index_valid (0.176145ms)
  ✔ finalizaciones_abono_e2_importe_check: missing (0.173386ms)
  ✔ finalizaciones_abono_e2_importe_check: table_name (0.178045ms)
  ✔ finalizaciones_abono_e2_importe_check: definition (0.26654ms)
  ✔ finalizaciones_abono_e2_importe_check: convalidated (0.198293ms)
  ✔ finalizaciones_abono_e2_importe_check: condeferrable (0.178755ms)
  ✔ finalizaciones_abono_e2_importe_check: condeferred (0.171178ms)
  ✔ finalizaciones_abono_e2_importe_check: index_valid (0.170261ms)
  ✔ finalizaciones_abono_e2_resultado_check: missing (0.183526ms)
  ✔ finalizaciones_abono_e2_resultado_check: table_name (0.23259ms)
  ✔ finalizaciones_abono_e2_resultado_check: definition (0.186425ms)
  ✔ finalizaciones_abono_e2_resultado_check: convalidated (0.21711ms)
  ✔ finalizaciones_abono_e2_resultado_check: condeferrable (0.194192ms)
  ✔ finalizaciones_abono_e2_resultado_check: condeferred (0.180575ms)
  ✔ finalizaciones_abono_e2_resultado_check: index_valid (0.179806ms)
  ✔ finalizaciones_abono_e2_aplicado_check: missing (0.166256ms)
  ✔ finalizaciones_abono_e2_aplicado_check: table_name (0.223122ms)
  ✔ finalizaciones_abono_e2_aplicado_check: definition (0.18931ms)
  ✔ finalizaciones_abono_e2_aplicado_check: convalidated (0.190457ms)
  ✔ finalizaciones_abono_e2_aplicado_check: condeferrable (0.177937ms)
  ✔ finalizaciones_abono_e2_aplicado_check: condeferred (0.269235ms)
  ✔ finalizaciones_abono_e2_aplicado_check: index_valid (0.199807ms)
  ✔ finalizaciones_abono_e2_evaluacion_check: missing (0.178551ms)
  ✔ finalizaciones_abono_e2_evaluacion_check: table_name (0.177834ms)
  ✔ finalizaciones_abono_e2_evaluacion_check: definition (0.218175ms)
  ✔ finalizaciones_abono_e2_evaluacion_check: convalidated (0.198448ms)
  ✔ finalizaciones_abono_e2_evaluacion_check: condeferrable (0.184764ms)
  ✔ finalizaciones_abono_e2_evaluacion_check: condeferred (0.299386ms)
  ✔ finalizaciones_abono_e2_evaluacion_check: index_valid (0.231722ms)
  ✔ finalizaciones_abono_e2_contrato_revision_check: missing (0.187265ms)
  ✔ finalizaciones_abono_e2_contrato_revision_check: table_name (0.185591ms)
  ✔ finalizaciones_abono_e2_contrato_revision_check: definition (0.189015ms)
  ✔ finalizaciones_abono_e2_contrato_revision_check: convalidated (0.279973ms)
  ✔ finalizaciones_abono_e2_contrato_revision_check: condeferrable (0.256811ms)
  ✔ finalizaciones_abono_e2_contrato_revision_check: condeferred (0.235598ms)
  ✔ finalizaciones_abono_e2_contrato_revision_check: index_valid (0.377368ms)
  ✔ finalizaciones_abono_e2_check: missing (0.209616ms)
  ✔ finalizaciones_abono_e2_check: table_name (0.195542ms)
  ✔ finalizaciones_abono_e2_check: definition (0.189328ms)
  ✔ finalizaciones_abono_e2_check: convalidated (0.229565ms)
  ✔ finalizaciones_abono_e2_check: condeferrable (0.198626ms)
  ✔ finalizaciones_abono_e2_check: condeferred (0.191286ms)
  ✔ finalizaciones_abono_e2_check: index_valid (0.190943ms)
  ✔ finalizaciones_abono_e2_operacion_productor_check: missing (0.20835ms)
  ✔ finalizaciones_abono_e2_operacion_productor_check: table_name (0.207872ms)
  ✔ finalizaciones_abono_e2_operacion_productor_check: definition (0.230956ms)
  ✔ finalizaciones_abono_e2_operacion_productor_check: convalidated (0.211431ms)
  ✔ finalizaciones_abono_e2_operacion_productor_check: condeferrable (0.226637ms)
  ✔ finalizaciones_abono_e2_operacion_productor_check: condeferred (0.202248ms)
  ✔ finalizaciones_abono_e2_operacion_productor_check: index_valid (0.188889ms)
  ✔ evidencia_no_aplicada_e2_pkey: missing (0.225247ms)
  ✔ evidencia_no_aplicada_e2_pkey: table_name (0.379206ms)
  ✔ evidencia_no_aplicada_e2_pkey: definition (0.298437ms)
  ✔ evidencia_no_aplicada_e2_pkey: convalidated (0.277506ms)
  ✔ evidencia_no_aplicada_e2_pkey: condeferrable (0.358432ms)
  ✔ evidencia_no_aplicada_e2_pkey: condeferred (0.275631ms)
  ✔ evidencia_no_aplicada_e2_pkey: index_valid (0.217329ms)
  ✔ evidencia_no_aplicada_e2_abono_id_key: missing (0.265752ms)
  ✔ evidencia_no_aplicada_e2_abono_id_key: table_name (0.261062ms)
  ✔ evidencia_no_aplicada_e2_abono_id_key: definition (0.313232ms)
  ✔ evidencia_no_aplicada_e2_abono_id_key: convalidated (0.27449ms)
  ✔ evidencia_no_aplicada_e2_abono_id_key: condeferrable (0.212491ms)
  ✔ evidencia_no_aplicada_e2_abono_id_key: condeferred (0.197525ms)
  ✔ evidencia_no_aplicada_e2_abono_id_key: index_valid (0.189993ms)
  ✔ evidencia_no_aplicada_e2_cobro_clave_key: missing (0.274923ms)
  ✔ evidencia_no_aplicada_e2_cobro_clave_key: table_name (0.835108ms)
  ✔ evidencia_no_aplicada_e2_cobro_clave_key: definition (0.272367ms)
  ✔ evidencia_no_aplicada_e2_cobro_clave_key: convalidated (0.207298ms)
  ✔ evidencia_no_aplicada_e2_cobro_clave_key: condeferrable (0.188773ms)
  ✔ evidencia_no_aplicada_e2_cobro_clave_key: condeferred (0.239894ms)
  ✔ evidencia_no_aplicada_e2_cobro_clave_key: index_valid (0.202578ms)
  ✔ evidencia_no_aplicada_e2_cobro_productor_cobro_clave_fkey: missing (0.171107ms)
  ✔ evidencia_no_aplicada_e2_cobro_productor_cobro_clave_fkey: table_name (0.190013ms)
  ✔ evidencia_no_aplicada_e2_cobro_productor_cobro_clave_fkey: definition (0.234741ms)
  ✔ evidencia_no_aplicada_e2_cobro_productor_cobro_clave_fkey: convalidated (0.260758ms)
  ✔ evidencia_no_aplicada_e2_cobro_productor_cobro_clave_fkey: condeferrable (0.222207ms)
  ✔ evidencia_no_aplicada_e2_cobro_productor_cobro_clave_fkey: condeferred (0.23379ms)
  ✔ evidencia_no_aplicada_e2_cobro_productor_cobro_clave_fkey: index_valid (0.294263ms)
  ✔ evidencia_no_aplicada_e2_abono_id_fkey: missing (0.182256ms)
  ✔ evidencia_no_aplicada_e2_abono_id_fkey: table_name (0.196185ms)
  ✔ evidencia_no_aplicada_e2_abono_id_fkey: definition (0.232213ms)
  ✔ evidencia_no_aplicada_e2_abono_id_fkey: convalidated (0.207044ms)
  ✔ evidencia_no_aplicada_e2_abono_id_fkey: condeferrable (0.20744ms)
  ✔ evidencia_no_aplicada_e2_abono_id_fkey: condeferred (0.188645ms)
  ✔ evidencia_no_aplicada_e2_abono_id_fkey: index_valid (0.22511ms)
  ✔ evidencia_no_aplicada_e2_cliente_id_fkey: missing (0.17908ms)
  ✔ evidencia_no_aplicada_e2_cliente_id_fkey: table_name (0.191674ms)
  ✔ evidencia_no_aplicada_e2_cliente_id_fkey: definition (0.185745ms)
  ✔ evidencia_no_aplicada_e2_cliente_id_fkey: convalidated (0.226905ms)
  ✔ evidencia_no_aplicada_e2_cliente_id_fkey: condeferrable (0.411226ms)
  ✔ evidencia_no_aplicada_e2_cliente_id_fkey: condeferred (0.22262ms)
  ✔ evidencia_no_aplicada_e2_cliente_id_fkey: index_valid (0.265511ms)
  ✔ evidencia_no_aplicada_e2_importe_check: missing (0.193019ms)
  ✔ evidencia_no_aplicada_e2_importe_check: table_name (0.194505ms)
  ✔ evidencia_no_aplicada_e2_importe_check: definition (0.204068ms)
  ✔ evidencia_no_aplicada_e2_importe_check: convalidated (0.226745ms)
  ✔ evidencia_no_aplicada_e2_importe_check: condeferrable (0.215109ms)
  ✔ evidencia_no_aplicada_e2_importe_check: condeferred (0.195647ms)
  ✔ evidencia_no_aplicada_e2_importe_check: index_valid (0.190367ms)
  ✔ evidencia_no_aplicada_e2_forma_pago_check: missing (0.209183ms)
  ✔ evidencia_no_aplicada_e2_forma_pago_check: table_name (0.209184ms)
  ✔ evidencia_no_aplicada_e2_forma_pago_check: definition (0.203578ms)
  ✔ evidencia_no_aplicada_e2_forma_pago_check: convalidated (0.191238ms)
  ✔ evidencia_no_aplicada_e2_forma_pago_check: condeferrable (0.191501ms)
  ✔ evidencia_no_aplicada_e2_forma_pago_check: condeferred (0.20519ms)
  ✔ evidencia_no_aplicada_e2_forma_pago_check: index_valid (0.201145ms)
  ✔ evidencia_no_aplicada_e2_naturaleza_check: missing (0.172189ms)
  ✔ evidencia_no_aplicada_e2_naturaleza_check: table_name (0.201015ms)
  ✔ evidencia_no_aplicada_e2_naturaleza_check: definition (0.324205ms)
  ✔ evidencia_no_aplicada_e2_naturaleza_check: convalidated (0.276581ms)
  ✔ evidencia_no_aplicada_e2_naturaleza_check: condeferrable (0.214141ms)
  ✔ evidencia_no_aplicada_e2_naturaleza_check: condeferred (0.245982ms)
  ✔ evidencia_no_aplicada_e2_naturaleza_check: index_valid (0.205234ms)
  ✔ evidencia_no_aplicada_e2_check: missing (0.1699ms)
  ✔ evidencia_no_aplicada_e2_check: table_name (0.197795ms)
  ✔ evidencia_no_aplicada_e2_check: definition (0.245382ms)
  ✔ evidencia_no_aplicada_e2_check: convalidated (0.218682ms)
  ✔ evidencia_no_aplicada_e2_check: condeferrable (0.206045ms)
  ✔ evidencia_no_aplicada_e2_check: condeferred (0.273473ms)
  ✔ evidencia_no_aplicada_e2_check: index_valid (0.255152ms)
  ✔ e2_finalization_immutable: missing (0.34706ms)
  ✔ e2_finalization_immutable: prosrc (0.435413ms)
  ✔ e2_finalization_immutable: prokind (0.279286ms)
  ✔ e2_finalization_immutable: provolatile (0.246875ms)
  ✔ e2_finalization_immutable: proparallel (0.341509ms)
  ✔ e2_finalization_immutable: prosecdef (0.277877ms)
  ✔ e2_finalization_immutable: proleakproof (0.317037ms)
  ✔ e2_finalization_immutable: proisstrict (0.261713ms)
  ✔ e2_finalization_immutable: proretset (0.319106ms)
  ✔ e2_finalization_immutable: proacl (0.252271ms)
  ✔ e2_finalization_immutable: proconfig (0.295377ms)
  ✔ e2_finalization_immutable: language_name (0.243669ms)
  ✔ e2_finalization_immutable: owner_name (0.23452ms)
  ✔ e2_finalization_immutable: result_type (0.334227ms)
  ✔ e2_finalization_immutable: identity_arguments (0.253801ms)
  ✔ e2_finalization_immutable: tgenabled (0.301509ms)
  ✔ e2_finalization_immutable: tgtype (0.305423ms)
  ✔ e2_finalization_immutable: table_name (0.291546ms)
  ✔ e2_finalization_immutable: function_name (0.242276ms)
  ✔ e2_finalization_immutable: function_schema (0.365532ms)
  ✔ e2_finalization_immutable: args_length (0.371656ms)
  ✔ e2_finalization_immutable: trigger_attr (0.372376ms)
  ✔ e2_finalization_immutable: has_parent (0.263173ms)
  ✔ e2_finalization_immutable: has_qual (0.241183ms)
  ✔ e2_finalization_immutable: has_constraint (0.675465ms)
  ✔ e2_finalization_immutable: tgdeferrable (0.322769ms)
  ✔ e2_finalization_immutable: tginitdeferred (0.269185ms)
  ✔ e2_validate_abono_finalization: missing (0.218845ms)
  ✔ e2_validate_abono_finalization: prosrc (0.321047ms)
  ✔ e2_validate_abono_finalization: prokind (0.269873ms)
  ✔ e2_validate_abono_finalization: provolatile (6.18438ms)
  ✔ e2_validate_abono_finalization: proparallel (0.320083ms)
  ✔ e2_validate_abono_finalization: prosecdef (0.236942ms)
  ✔ e2_validate_abono_finalization: proleakproof (0.201833ms)
  ✔ e2_validate_abono_finalization: proisstrict (0.188939ms)
  ✔ e2_validate_abono_finalization: proretset (0.178458ms)
  ✔ e2_validate_abono_finalization: proacl (0.240502ms)
  ✔ e2_validate_abono_finalization: proconfig (0.18018ms)
  ✔ e2_validate_abono_finalization: language_name (0.261585ms)
  ✔ e2_validate_abono_finalization: owner_name (0.184084ms)
  ✔ e2_validate_abono_finalization: result_type (0.239569ms)
  ✔ e2_validate_abono_finalization: identity_arguments (0.273981ms)
  ✔ e2_validate_abono_finalization: tgenabled (0.208187ms)
  ✔ e2_validate_abono_finalization: tgtype (0.256887ms)
  ✔ e2_validate_abono_finalization: table_name (0.20843ms)
  ✔ e2_validate_abono_finalization: function_name (0.18931ms)
  ✔ e2_validate_abono_finalization: function_schema (0.17533ms)
  ✔ e2_validate_abono_finalization: args_length (0.173329ms)
  ✔ e2_validate_abono_finalization: trigger_attr (0.224255ms)
  ✔ e2_validate_abono_finalization: has_parent (0.17485ms)
  ✔ e2_validate_abono_finalization: has_qual (0.173502ms)
  ✔ e2_validate_abono_finalization: has_constraint (0.172657ms)
  ✔ e2_validate_abono_finalization: tgdeferrable (0.212546ms)
  ✔ e2_validate_abono_finalization: tginitdeferred (0.186213ms)
  ✔ e2_proof_immutable: missing (0.156527ms)
  ✔ e2_proof_immutable: prosrc (0.182455ms)
  ✔ e2_proof_immutable: prokind (0.254566ms)
  ✔ e2_proof_immutable: provolatile (0.200364ms)
  ✔ e2_proof_immutable: proparallel (0.181033ms)
  ✔ e2_proof_immutable: prosecdef (0.184823ms)
  ✔ e2_proof_immutable: proleakproof (0.239506ms)
  ✔ e2_proof_immutable: proisstrict (0.261386ms)
  ✔ e2_proof_immutable: proretset (0.272706ms)
  ✔ e2_proof_immutable: proacl (0.231484ms)
  ✔ e2_proof_immutable: proconfig (0.234601ms)
  ✔ e2_proof_immutable: language_name (0.195729ms)
  ✔ e2_proof_immutable: owner_name (0.186754ms)
  ✔ e2_proof_immutable: result_type (0.185582ms)
  ✔ e2_proof_immutable: identity_arguments (0.223774ms)
  ✔ e2_proof_immutable: tgenabled (0.206079ms)
  ✔ e2_proof_immutable: tgtype (0.188433ms)
  ✔ e2_proof_immutable: table_name (0.187495ms)
  ✔ e2_proof_immutable: function_name (0.193812ms)
  ✔ e2_proof_immutable: function_schema (0.203854ms)
  ✔ e2_proof_immutable: args_length (0.197608ms)
  ✔ e2_proof_immutable: trigger_attr (0.188946ms)
  ✔ e2_proof_immutable: has_parent (0.189041ms)
  ✔ e2_proof_immutable: has_qual (0.292438ms)
  ✔ e2_proof_immutable: has_constraint (0.195782ms)
  ✔ e2_proof_immutable: tgdeferrable (0.195637ms)
  ✔ e2_proof_immutable: tginitdeferred (0.182003ms)
  ✔ e2_validate_unused_proof: missing (0.196223ms)
  ✔ e2_validate_unused_proof: prosrc (0.200026ms)
  ✔ e2_validate_unused_proof: prokind (0.310379ms)
  ✔ e2_validate_unused_proof: provolatile (0.296207ms)
  ✔ e2_validate_unused_proof: proparallel (0.222881ms)
  ✔ e2_validate_unused_proof: prosecdef (0.300364ms)
  ✔ e2_validate_unused_proof: proleakproof (0.324993ms)
  ✔ e2_validate_unused_proof: proisstrict (0.221448ms)
  ✔ e2_validate_unused_proof: proretset (0.267318ms)
  ✔ e2_validate_unused_proof: proacl (0.310441ms)
  ✔ e2_validate_unused_proof: proconfig (0.290396ms)
  ✔ e2_validate_unused_proof: language_name (0.199547ms)
  ✔ e2_validate_unused_proof: owner_name (0.193184ms)
  ✔ e2_validate_unused_proof: result_type (0.23229ms)
  ✔ e2_validate_unused_proof: identity_arguments (0.242318ms)
  ✔ e2_validate_unused_proof: tgenabled (0.205595ms)
  ✔ e2_validate_unused_proof: tgtype (0.202951ms)
  ✔ e2_validate_unused_proof: table_name (0.263508ms)
  ✔ e2_validate_unused_proof: function_name (0.210698ms)
  ✔ e2_validate_unused_proof: function_schema (0.191352ms)
  ✔ e2_validate_unused_proof: args_length (0.193426ms)
  ✔ e2_validate_unused_proof: trigger_attr (0.383684ms)
  ✔ e2_validate_unused_proof: has_parent (0.235003ms)
  ✔ e2_validate_unused_proof: has_qual (0.202034ms)
  ✔ e2_validate_unused_proof: has_constraint (0.191943ms)
  ✔ e2_validate_unused_proof: tgdeferrable (0.237538ms)
  ✔ e2_validate_unused_proof: tginitdeferred (0.206276ms)
  ✔ e2_abono_finalization_complete: missing (0.167424ms)
  ✔ e2_abono_finalization_complete: prosrc (0.232722ms)
  ✔ e2_abono_finalization_complete: prokind (0.21319ms)
  ✔ e2_abono_finalization_complete: provolatile (0.199916ms)
  ✔ e2_abono_finalization_complete: proparallel (0.193071ms)
  ✔ e2_abono_finalization_complete: prosecdef (0.192075ms)
  ✔ e2_abono_finalization_complete: proleakproof (0.214109ms)
  ✔ e2_abono_finalization_complete: proisstrict (0.200587ms)
  ✔ e2_abono_finalization_complete: proretset (0.201915ms)
  ✔ e2_abono_finalization_complete: proacl (0.208897ms)
  ✔ e2_abono_finalization_complete: proconfig (0.249127ms)
  ✔ e2_abono_finalization_complete: language_name (0.196799ms)
  ✔ e2_abono_finalization_complete: owner_name (0.195046ms)
  ✔ e2_abono_finalization_complete: result_type (0.198688ms)
  ✔ e2_abono_finalization_complete: identity_arguments (0.311193ms)
  ✔ e2_abono_finalization_complete: tgenabled (0.217803ms)
  ✔ e2_abono_finalization_complete: tgtype (0.199677ms)
  ✔ e2_abono_finalization_complete: table_name (1.09498ms)
  ✔ e2_abono_finalization_complete: function_name (0.289814ms)
  ✔ e2_abono_finalization_complete: function_schema (0.215046ms)
  ✔ e2_abono_finalization_complete: args_length (0.204225ms)
  ✔ e2_abono_finalization_complete: trigger_attr (0.195141ms)
  ✔ e2_abono_finalization_complete: has_parent (0.221421ms)
  ✔ e2_abono_finalization_complete: has_qual (0.263762ms)
  ✔ e2_abono_finalization_complete: has_constraint (0.235147ms)
  ✔ e2_abono_finalization_complete: tgdeferrable (0.320802ms)
  ✔ e2_abono_finalization_complete: tginitdeferred (0.214214ms)
  ✔ e2_capture_application_order: missing (0.167816ms)
  ✔ e2_capture_application_order: prosrc (0.199165ms)
  ✔ e2_capture_application_order: prokind (0.24197ms)
  ✔ e2_capture_application_order: provolatile (0.205766ms)
  ✔ e2_capture_application_order: proparallel (0.196329ms)
  ✔ e2_capture_application_order: prosecdef (0.205846ms)
  ✔ e2_capture_application_order: proleakproof (0.240957ms)
  ✔ e2_capture_application_order: proisstrict (0.211488ms)
  ✔ e2_capture_application_order: proretset (0.195338ms)
  ✔ e2_capture_application_order: proacl (0.207024ms)
  ✔ e2_capture_application_order: proconfig (0.24195ms)
  ✔ e2_capture_application_order: language_name (0.211615ms)
  ✔ e2_capture_application_order: owner_name (0.275536ms)
  ✔ e2_capture_application_order: result_type (0.244272ms)
  ✔ e2_capture_application_order: identity_arguments (0.221984ms)
  ✔ e2_capture_application_order: tgenabled (0.203606ms)
  ✔ e2_capture_application_order: tgtype (0.198656ms)
  ✔ e2_capture_application_order: table_name (0.280409ms)
  ✔ e2_capture_application_order: function_name (0.208102ms)
  ✔ e2_capture_application_order: function_schema (0.205845ms)
  ✔ e2_capture_application_order: args_length (0.2022ms)
  ✔ e2_capture_application_order: trigger_attr (0.250525ms)
  ✔ e2_capture_application_order: has_parent (0.208231ms)
  ✔ e2_capture_application_order: has_qual (0.204879ms)
  ✔ e2_capture_application_order: has_constraint (0.282938ms)
  ✔ e2_capture_application_order: tgdeferrable (0.224862ms)
  ✔ e2_capture_application_order: tginitdeferred (0.199455ms)
  ✔ e2_finalize_new_abono: missing (0.308929ms)
  ✔ e2_finalize_new_abono: prosrc (0.350771ms)
  ✔ e2_finalize_new_abono: prokind (0.244005ms)
  ✔ e2_finalize_new_abono: provolatile (0.227566ms)
  ✔ e2_finalize_new_abono: proparallel (0.264456ms)
  ✔ e2_finalize_new_abono: prosecdef (0.291975ms)
  ✔ e2_finalize_new_abono: proleakproof (0.323693ms)
  ✔ e2_finalize_new_abono: proisstrict (0.338047ms)
  ✔ e2_finalize_new_abono: proretset (0.235331ms)
  ✔ e2_finalize_new_abono: proacl (0.220234ms)
  ✔ e2_finalize_new_abono: proconfig (0.399975ms)
  ✔ e2_finalize_new_abono: language_name (0.244884ms)
  ✔ e2_finalize_new_abono: owner_name (0.303224ms)
  ✔ e2_finalize_new_abono: result_type (0.395987ms)
  ✔ e2_finalize_new_abono: identity_arguments (0.303629ms)
  ✔ e2_attest_new_retained: missing (0.282039ms)
  ✔ e2_attest_new_retained: prosrc (0.251199ms)
  ✔ e2_attest_new_retained: prokind (0.278728ms)
  ✔ e2_attest_new_retained: provolatile (0.286821ms)
  ✔ e2_attest_new_retained: proparallel (0.235763ms)
  ✔ e2_attest_new_retained: prosecdef (0.279753ms)
  ✔ e2_attest_new_retained: proleakproof (0.268321ms)
  ✔ e2_attest_new_retained: proisstrict (0.349136ms)
  ✔ e2_attest_new_retained: proretset (0.244631ms)
  ✔ e2_attest_new_retained: proacl (0.235695ms)
  ✔ e2_attest_new_retained: proconfig (0.33518ms)
  ✔ e2_attest_new_retained: language_name (0.239411ms)
  ✔ e2_attest_new_retained: owner_name (0.225879ms)
  ✔ e2_attest_new_retained: result_type (0.256785ms)
  ✔ e2_attest_new_retained: identity_arguments (0.305871ms)
✔ A+C mock preflight independently rejects each catalog drift (161.268246ms)
ℹ tests 428
ℹ suites 0
ℹ pass 428
ℹ fail 0
ℹ cancelled 0
ℹ skipped 0
ℹ todo 0
ℹ duration_ms 598.183423
