✔ mounted ordinary producer: UNUSED/PARTIAL/FULL and FIFO persistence ordering (275.950125ms)
✔ mounted directed approval finalizes FULL only after its application (31.59498ms)
✔ actual core rejects directed result/amount mismatches before persistence (0.677801ms)
✔ positive proof is mandatory in the real refund service (65.080793ms)
✖ real refund service accepts both origins and rejects absent/used ABONO finalization (66.079172ms)
✔ R4 application-order guard exists in prepared SQL (LEXICAL ONLY, not SQL semantics) (0.444608ms)
▶ A+C mock preflight independently rejects each catalog drift
  ✔ finalizaciones_abono_e2.abono_id: missing (0.544479ms)
  ✔ finalizaciones_abono_e2.abono_id: data_type (0.49951ms)
  ✔ finalizaciones_abono_e2.abono_id: is_nullable (0.430778ms)
  ✔ finalizaciones_abono_e2.abono_id: column_default (0.429644ms)
  ✔ finalizaciones_abono_e2.operacion_productor: missing (0.286067ms)
  ✔ finalizaciones_abono_e2.operacion_productor: data_type (0.349291ms)
  ✔ finalizaciones_abono_e2.operacion_productor: is_nullable (0.251512ms)
  ✔ finalizaciones_abono_e2.operacion_productor: column_default (0.23017ms)
  ✔ finalizaciones_abono_e2.operacion_clave: missing (0.553193ms)
  ✔ finalizaciones_abono_e2.operacion_clave: data_type (0.372213ms)
  ✔ finalizaciones_abono_e2.operacion_clave: is_nullable (0.292651ms)
  ✔ finalizaciones_abono_e2.operacion_clave: column_default (0.214623ms)
  ✔ finalizaciones_abono_e2.cliente_id: missing (0.270915ms)
  ✔ finalizaciones_abono_e2.cliente_id: data_type (0.258625ms)
  ✔ finalizaciones_abono_e2.cliente_id: is_nullable (0.231153ms)
  ✔ finalizaciones_abono_e2.cliente_id: column_default (0.316027ms)
  ✔ finalizaciones_abono_e2.importe: missing (0.201886ms)
  ✔ finalizaciones_abono_e2.importe: data_type (0.224493ms)
  ✔ finalizaciones_abono_e2.importe: is_nullable (0.223834ms)
  ✔ finalizaciones_abono_e2.importe: column_default (0.19189ms)
  ✔ finalizaciones_abono_e2.importe: numeric_precision (0.183931ms)
  ✔ finalizaciones_abono_e2.importe: numeric_scale (0.376087ms)
  ✔ finalizaciones_abono_e2.resultado: missing (0.248396ms)
  ✔ finalizaciones_abono_e2.resultado: data_type (0.288098ms)
  ✔ finalizaciones_abono_e2.resultado: is_nullable (0.466863ms)
  ✔ finalizaciones_abono_e2.resultado: column_default (0.312674ms)
  ✔ finalizaciones_abono_e2.aplicado: missing (0.298606ms)
  ✔ finalizaciones_abono_e2.aplicado: data_type (0.203414ms)
  ✔ finalizaciones_abono_e2.aplicado: is_nullable (0.250398ms)
  ✔ finalizaciones_abono_e2.aplicado: column_default (0.288347ms)
  ✔ finalizaciones_abono_e2.aplicado: numeric_precision (0.308029ms)
  ✔ finalizaciones_abono_e2.aplicado: numeric_scale (0.196925ms)
  ✔ finalizaciones_abono_e2.evaluacion: missing (0.177956ms)
  ✔ finalizaciones_abono_e2.evaluacion: data_type (0.224885ms)
  ✔ finalizaciones_abono_e2.evaluacion: is_nullable (0.174728ms)
  ✔ finalizaciones_abono_e2.evaluacion: column_default (0.169969ms)
  ✔ finalizaciones_abono_e2.contrato_revision: missing (0.173797ms)
  ✔ finalizaciones_abono_e2.contrato_revision: data_type (0.338988ms)
  ✔ finalizaciones_abono_e2.contrato_revision: is_nullable (0.17025ms)
  ✔ finalizaciones_abono_e2.contrato_revision: column_default (0.164838ms)
  ✔ finalizaciones_abono_e2.created_at: missing (0.161873ms)
  ✔ finalizaciones_abono_e2.created_at: data_type (0.261203ms)
  ✔ finalizaciones_abono_e2.created_at: is_nullable (0.263642ms)
  ✔ finalizaciones_abono_e2.created_at: column_default (0.198759ms)
  ✔ evidencia_no_aplicada_e2.fuente: missing (0.171882ms)
  ✔ evidencia_no_aplicada_e2.fuente: data_type (0.246335ms)
  ✔ evidencia_no_aplicada_e2.fuente: is_nullable (0.200858ms)
  ✔ evidencia_no_aplicada_e2.fuente: column_default (0.170775ms)
  ✔ evidencia_no_aplicada_e2.abono_id: missing (0.223924ms)
  ✔ evidencia_no_aplicada_e2.abono_id: data_type (0.228042ms)
  ✔ evidencia_no_aplicada_e2.abono_id: is_nullable (0.274742ms)
  ✔ evidencia_no_aplicada_e2.abono_id: column_default (0.185318ms)
  ✔ evidencia_no_aplicada_e2.cobro_productor: missing (0.17013ms)
  ✔ evidencia_no_aplicada_e2.cobro_productor: data_type (0.220544ms)
  ✔ evidencia_no_aplicada_e2.cobro_productor: is_nullable (0.26152ms)
  ✔ evidencia_no_aplicada_e2.cobro_productor: column_default (0.189966ms)
  ✔ evidencia_no_aplicada_e2.cobro_clave: missing (0.198119ms)
  ✔ evidencia_no_aplicada_e2.cobro_clave: data_type (0.194775ms)
  ✔ evidencia_no_aplicada_e2.cobro_clave: is_nullable (0.17311ms)
  ✔ evidencia_no_aplicada_e2.cobro_clave: column_default (0.168816ms)
  ✔ evidencia_no_aplicada_e2.cliente_id: missing (0.171463ms)
  ✔ evidencia_no_aplicada_e2.cliente_id: data_type (0.324678ms)
  ✔ evidencia_no_aplicada_e2.cliente_id: is_nullable (0.242597ms)
  ✔ evidencia_no_aplicada_e2.cliente_id: column_default (0.178228ms)
  ✔ evidencia_no_aplicada_e2.importe: missing (0.208769ms)
  ✔ evidencia_no_aplicada_e2.importe: data_type (0.186813ms)
  ✔ evidencia_no_aplicada_e2.importe: is_nullable (0.176758ms)
  ✔ evidencia_no_aplicada_e2.importe: column_default (0.170512ms)
  ✔ evidencia_no_aplicada_e2.importe: numeric_precision (0.205601ms)
  ✔ evidencia_no_aplicada_e2.importe: numeric_scale (0.190255ms)
  ✔ evidencia_no_aplicada_e2.forma_pago: missing (0.249899ms)
  ✔ evidencia_no_aplicada_e2.forma_pago: data_type (0.193317ms)
  ✔ evidencia_no_aplicada_e2.forma_pago: is_nullable (0.247289ms)
  ✔ evidencia_no_aplicada_e2.forma_pago: column_default (0.192282ms)
  ✔ evidencia_no_aplicada_e2.naturaleza: missing (0.176089ms)
  ✔ evidencia_no_aplicada_e2.naturaleza: data_type (0.17ms)
  ✔ evidencia_no_aplicada_e2.naturaleza: is_nullable (0.232168ms)
  ✔ evidencia_no_aplicada_e2.naturaleza: column_default (0.239664ms)
  ✔ evidencia_no_aplicada_e2.created_at: missing (0.177425ms)
  ✔ evidencia_no_aplicada_e2.created_at: data_type (0.204115ms)
  ✔ evidencia_no_aplicada_e2.created_at: is_nullable (0.213754ms)
  ✔ evidencia_no_aplicada_e2.created_at: column_default (0.176859ms)
  ✔ finalizaciones_abono_e2_pkey: missing (0.264964ms)
  ✔ finalizaciones_abono_e2_pkey: table_name (0.427197ms)
  ✔ finalizaciones_abono_e2_pkey: definition (0.334732ms)
  ✔ finalizaciones_abono_e2_pkey: convalidated (0.265898ms)
  ✔ finalizaciones_abono_e2_pkey: condeferrable (0.643222ms)
  ✔ finalizaciones_abono_e2_pkey: condeferred (0.204154ms)
  ✔ finalizaciones_abono_e2_pkey: index_valid (0.241828ms)
  ✔ finalizaciones_abono_e2_abono_id_fkey: missing (0.19517ms)
  ✔ finalizaciones_abono_e2_abono_id_fkey: table_name (0.185013ms)
  ✔ finalizaciones_abono_e2_abono_id_fkey: definition (0.25662ms)
  ✔ finalizaciones_abono_e2_abono_id_fkey: convalidated (0.217088ms)
  ✔ finalizaciones_abono_e2_abono_id_fkey: condeferrable (0.19203ms)
  ✔ finalizaciones_abono_e2_abono_id_fkey: condeferred (0.179929ms)
  ✔ finalizaciones_abono_e2_abono_id_fkey: index_valid (0.172245ms)
  ✔ finalizaciones_abono_e2_cliente_id_fkey: missing (0.295521ms)
  ✔ finalizaciones_abono_e2_cliente_id_fkey: table_name (0.293771ms)
  ✔ finalizaciones_abono_e2_cliente_id_fkey: definition (0.264535ms)
  ✔ finalizaciones_abono_e2_cliente_id_fkey: convalidated (0.221889ms)
  ✔ finalizaciones_abono_e2_cliente_id_fkey: condeferrable (0.241988ms)
  ✔ finalizaciones_abono_e2_cliente_id_fkey: condeferred (0.189154ms)
  ✔ finalizaciones_abono_e2_cliente_id_fkey: index_valid (0.23713ms)
  ✔ finalizaciones_abono_e2_operacion_productor_operacion_clave_key: missing (0.184277ms)
  ✔ finalizaciones_abono_e2_operacion_productor_operacion_clave_key: table_name (0.258281ms)
  ✔ finalizaciones_abono_e2_operacion_productor_operacion_clave_key: definition (0.2048ms)
  ✔ finalizaciones_abono_e2_operacion_productor_operacion_clave_key: convalidated (0.242132ms)
  ✔ finalizaciones_abono_e2_operacion_productor_operacion_clave_key: condeferrable (0.188365ms)
  ✔ finalizaciones_abono_e2_operacion_productor_operacion_clave_key: condeferred (0.181292ms)
  ✔ finalizaciones_abono_e2_operacion_productor_operacion_clave_key: index_valid (0.177438ms)
  ✔ finalizaciones_abono_e2_importe_check: missing (0.218797ms)
  ✔ finalizaciones_abono_e2_importe_check: table_name (0.189582ms)
  ✔ finalizaciones_abono_e2_importe_check: definition (0.31613ms)
  ✔ finalizaciones_abono_e2_importe_check: convalidated (0.20286ms)
  ✔ finalizaciones_abono_e2_importe_check: condeferrable (0.24199ms)
  ✔ finalizaciones_abono_e2_importe_check: condeferred (0.183057ms)
  ✔ finalizaciones_abono_e2_importe_check: index_valid (0.177964ms)
  ✔ finalizaciones_abono_e2_resultado_check: missing (0.171007ms)
  ✔ finalizaciones_abono_e2_resultado_check: table_name (0.240645ms)
  ✔ finalizaciones_abono_e2_resultado_check: definition (0.191208ms)
  ✔ finalizaciones_abono_e2_resultado_check: convalidated (0.189455ms)
  ✔ finalizaciones_abono_e2_resultado_check: condeferrable (0.21502ms)
  ✔ finalizaciones_abono_e2_resultado_check: condeferred (0.202607ms)
  ✔ finalizaciones_abono_e2_resultado_check: index_valid (0.187369ms)
  ✔ finalizaciones_abono_e2_aplicado_check: missing (0.173743ms)
  ✔ finalizaciones_abono_e2_aplicado_check: table_name (0.180864ms)
  ✔ finalizaciones_abono_e2_aplicado_check: definition (0.2027ms)
  ✔ finalizaciones_abono_e2_aplicado_check: convalidated (0.18533ms)
  ✔ finalizaciones_abono_e2_aplicado_check: condeferrable (0.183557ms)
  ✔ finalizaciones_abono_e2_aplicado_check: condeferred (0.208292ms)
  ✔ finalizaciones_abono_e2_aplicado_check: index_valid (0.275583ms)
  ✔ finalizaciones_abono_e2_evaluacion_check: missing (0.175775ms)
  ✔ finalizaciones_abono_e2_evaluacion_check: table_name (0.188821ms)
  ✔ finalizaciones_abono_e2_evaluacion_check: definition (0.185794ms)
  ✔ finalizaciones_abono_e2_evaluacion_check: convalidated (0.23293ms)
  ✔ finalizaciones_abono_e2_evaluacion_check: condeferrable (0.185364ms)
  ✔ finalizaciones_abono_e2_evaluacion_check: condeferred (0.234802ms)
  ✔ finalizaciones_abono_e2_evaluacion_check: index_valid (0.189245ms)
  ✔ finalizaciones_abono_e2_contrato_revision_check: missing (0.221378ms)
  ✔ finalizaciones_abono_e2_contrato_revision_check: table_name (0.195305ms)
  ✔ finalizaciones_abono_e2_contrato_revision_check: definition (0.19453ms)
  ✔ finalizaciones_abono_e2_contrato_revision_check: convalidated (0.255491ms)
  ✔ finalizaciones_abono_e2_contrato_revision_check: condeferrable (0.302081ms)
  ✔ finalizaciones_abono_e2_contrato_revision_check: condeferred (0.257442ms)
  ✔ finalizaciones_abono_e2_contrato_revision_check: index_valid (0.275655ms)
  ✔ finalizaciones_abono_e2_check: missing (0.220656ms)
  ✔ finalizaciones_abono_e2_check: table_name (0.199646ms)
  ✔ finalizaciones_abono_e2_check: definition (0.194631ms)
  ✔ finalizaciones_abono_e2_check: convalidated (0.196509ms)
  ✔ finalizaciones_abono_e2_check: condeferrable (0.21959ms)
  ✔ finalizaciones_abono_e2_check: condeferred (0.198561ms)
  ✔ finalizaciones_abono_e2_check: index_valid (0.193496ms)
  ✔ finalizaciones_abono_e2_operacion_productor_check: missing (6.399281ms)
  ✔ finalizaciones_abono_e2_operacion_productor_check: table_name (0.299893ms)
  ✔ finalizaciones_abono_e2_operacion_productor_check: definition (0.198565ms)
  ✔ finalizaciones_abono_e2_operacion_productor_check: convalidated (2.262534ms)
  ✔ finalizaciones_abono_e2_operacion_productor_check: condeferrable (0.205389ms)
  ✔ finalizaciones_abono_e2_operacion_productor_check: condeferred (0.174341ms)
  ✔ finalizaciones_abono_e2_operacion_productor_check: index_valid (0.208347ms)
  ✔ evidencia_no_aplicada_e2_pkey: missing (0.255829ms)
  ✔ evidencia_no_aplicada_e2_pkey: table_name (0.219317ms)
  ✔ evidencia_no_aplicada_e2_pkey: definition (0.247305ms)
  ✔ evidencia_no_aplicada_e2_pkey: convalidated (0.291478ms)
  ✔ evidencia_no_aplicada_e2_pkey: condeferrable (0.321823ms)
  ✔ evidencia_no_aplicada_e2_pkey: condeferred (0.242934ms)
  ✔ evidencia_no_aplicada_e2_pkey: index_valid (0.192398ms)
  ✔ evidencia_no_aplicada_e2_abono_id_key: missing (0.161572ms)
  ✔ evidencia_no_aplicada_e2_abono_id_key: table_name (0.201194ms)
  ✔ evidencia_no_aplicada_e2_abono_id_key: definition (0.261181ms)
  ✔ evidencia_no_aplicada_e2_abono_id_key: convalidated (0.237111ms)
  ✔ evidencia_no_aplicada_e2_abono_id_key: condeferrable (0.166291ms)
  ✔ evidencia_no_aplicada_e2_abono_id_key: condeferred (0.15328ms)
  ✔ evidencia_no_aplicada_e2_abono_id_key: index_valid (0.150707ms)
  ✔ evidencia_no_aplicada_e2_cobro_clave_key: missing (0.137013ms)
  ✔ evidencia_no_aplicada_e2_cobro_clave_key: table_name (0.296068ms)
  ✔ evidencia_no_aplicada_e2_cobro_clave_key: definition (0.181051ms)
  ✔ evidencia_no_aplicada_e2_cobro_clave_key: convalidated (0.154461ms)
  ✔ evidencia_no_aplicada_e2_cobro_clave_key: condeferrable (0.151169ms)
  ✔ evidencia_no_aplicada_e2_cobro_clave_key: condeferred (0.146602ms)
  ✔ evidencia_no_aplicada_e2_cobro_clave_key: index_valid (0.640638ms)
  ✔ evidencia_no_aplicada_e2_cobro_productor_cobro_clave_fkey: missing (0.147646ms)
  ✔ evidencia_no_aplicada_e2_cobro_productor_cobro_clave_fkey: table_name (0.146546ms)
  ✔ evidencia_no_aplicada_e2_cobro_productor_cobro_clave_fkey: definition (0.198298ms)
  ✔ evidencia_no_aplicada_e2_cobro_productor_cobro_clave_fkey: convalidated (0.185653ms)
  ✔ evidencia_no_aplicada_e2_cobro_productor_cobro_clave_fkey: condeferrable (0.17813ms)
  ✔ evidencia_no_aplicada_e2_cobro_productor_cobro_clave_fkey: condeferred (0.159462ms)
  ✔ evidencia_no_aplicada_e2_cobro_productor_cobro_clave_fkey: index_valid (0.31816ms)
  ✔ evidencia_no_aplicada_e2_abono_id_fkey: missing (0.155753ms)
  ✔ evidencia_no_aplicada_e2_abono_id_fkey: table_name (0.15167ms)
  ✔ evidencia_no_aplicada_e2_abono_id_fkey: definition (0.152752ms)
  ✔ evidencia_no_aplicada_e2_abono_id_fkey: convalidated (0.148758ms)
  ✔ evidencia_no_aplicada_e2_abono_id_fkey: condeferrable (0.263812ms)
  ✔ evidencia_no_aplicada_e2_abono_id_fkey: condeferred (0.16664ms)
  ✔ evidencia_no_aplicada_e2_abono_id_fkey: index_valid (0.154888ms)
  ✔ evidencia_no_aplicada_e2_cliente_id_fkey: missing (0.140117ms)
  ✔ evidencia_no_aplicada_e2_cliente_id_fkey: table_name (0.154332ms)
  ✔ evidencia_no_aplicada_e2_cliente_id_fkey: definition (0.168887ms)
  ✔ evidencia_no_aplicada_e2_cliente_id_fkey: convalidated (0.160546ms)
  ✔ evidencia_no_aplicada_e2_cliente_id_fkey: condeferrable (0.314045ms)
  ✔ evidencia_no_aplicada_e2_cliente_id_fkey: condeferred (0.197672ms)
  ✔ evidencia_no_aplicada_e2_cliente_id_fkey: index_valid (0.169788ms)
  ✔ evidencia_no_aplicada_e2_importe_check: missing (0.140909ms)
  ✔ evidencia_no_aplicada_e2_importe_check: table_name (0.150714ms)
  ✔ evidencia_no_aplicada_e2_importe_check: definition (0.154503ms)
  ✔ evidencia_no_aplicada_e2_importe_check: convalidated (0.1532ms)
  ✔ evidencia_no_aplicada_e2_importe_check: condeferrable (0.199789ms)
  ✔ evidencia_no_aplicada_e2_importe_check: condeferred (0.157034ms)
  ✔ evidencia_no_aplicada_e2_importe_check: index_valid (0.151903ms)
  ✔ evidencia_no_aplicada_e2_forma_pago_check: missing (0.158674ms)
  ✔ evidencia_no_aplicada_e2_forma_pago_check: table_name (0.160102ms)
  ✔ evidencia_no_aplicada_e2_forma_pago_check: definition (0.247969ms)
  ✔ evidencia_no_aplicada_e2_forma_pago_check: convalidated (0.157839ms)
  ✔ evidencia_no_aplicada_e2_forma_pago_check: condeferrable (0.154702ms)
  ✔ evidencia_no_aplicada_e2_forma_pago_check: condeferred (0.195685ms)
  ✔ evidencia_no_aplicada_e2_forma_pago_check: index_valid (0.209052ms)
  ✔ evidencia_no_aplicada_e2_naturaleza_check: missing (0.148227ms)
  ✔ evidencia_no_aplicada_e2_naturaleza_check: table_name (0.152927ms)
  ✔ evidencia_no_aplicada_e2_naturaleza_check: definition (0.152443ms)
  ✔ evidencia_no_aplicada_e2_naturaleza_check: convalidated (0.149433ms)
  ✔ evidencia_no_aplicada_e2_naturaleza_check: condeferrable (0.151861ms)
  ✔ evidencia_no_aplicada_e2_naturaleza_check: condeferred (0.217059ms)
  ✔ evidencia_no_aplicada_e2_naturaleza_check: index_valid (0.175261ms)
  ✔ evidencia_no_aplicada_e2_check: missing (0.142076ms)
  ✔ evidencia_no_aplicada_e2_check: table_name (0.153237ms)
  ✔ evidencia_no_aplicada_e2_check: definition (0.203127ms)
  ✔ evidencia_no_aplicada_e2_check: convalidated (0.173338ms)
  ✔ evidencia_no_aplicada_e2_check: condeferrable (0.1587ms)
  ✔ evidencia_no_aplicada_e2_check: condeferred (0.223452ms)
  ✔ evidencia_no_aplicada_e2_check: index_valid (0.16686ms)
  ✔ e2_finalization_immutable: missing (0.330838ms)
  ✔ e2_finalization_immutable: prosrc (0.289496ms)
  ✔ e2_finalization_immutable: prokind (0.26234ms)
  ✔ e2_finalization_immutable: provolatile (0.202398ms)
  ✔ e2_finalization_immutable: proparallel (0.192903ms)
  ✔ e2_finalization_immutable: prosecdef (0.182255ms)
  ✔ e2_finalization_immutable: proleakproof (0.3025ms)
  ✔ e2_finalization_immutable: proisstrict (0.245556ms)
  ✔ e2_finalization_immutable: proretset (0.20522ms)
  ✔ e2_finalization_immutable: proacl (0.290532ms)
  ✔ e2_finalization_immutable: proconfig (0.235945ms)
  ✔ e2_finalization_immutable: language_name (0.194017ms)
  ✔ e2_finalization_immutable: owner_name (0.181875ms)
  ✔ e2_finalization_immutable: result_type (0.179256ms)
  ✔ e2_finalization_immutable: identity_arguments (0.208684ms)
  ✔ e2_finalization_immutable: tgenabled (0.253474ms)
  ✔ e2_finalization_immutable: tgtype (0.187458ms)
  ✔ e2_finalization_immutable: table_name (0.24006ms)
  ✔ e2_finalization_immutable: function_name (0.199918ms)
  ✔ e2_finalization_immutable: function_schema (0.242038ms)
  ✔ e2_finalization_immutable: args_length (0.338235ms)
  ✔ e2_finalization_immutable: trigger_attr (0.288426ms)
  ✔ e2_finalization_immutable: has_parent (0.198754ms)
  ✔ e2_finalization_immutable: has_qual (0.191127ms)
  ✔ e2_finalization_immutable: has_constraint (0.238478ms)
  ✔ e2_finalization_immutable: tgdeferrable (0.24604ms)
  ✔ e2_finalization_immutable: tginitdeferred (0.20612ms)
  ✔ e2_validate_abono_finalization: missing (0.197969ms)
  ✔ e2_validate_abono_finalization: prosrc (0.255938ms)
  ✔ e2_validate_abono_finalization: prokind (0.202178ms)
  ✔ e2_validate_abono_finalization: provolatile (0.21718ms)
  ✔ e2_validate_abono_finalization: proparallel (0.241483ms)
  ✔ e2_validate_abono_finalization: prosecdef (0.194131ms)
  ✔ e2_validate_abono_finalization: proleakproof (0.197358ms)
  ✔ e2_validate_abono_finalization: proisstrict (0.187223ms)
  ✔ e2_validate_abono_finalization: proretset (0.224018ms)
  ✔ e2_validate_abono_finalization: proacl (0.20087ms)
  ✔ e2_validate_abono_finalization: proconfig (0.192087ms)
  ✔ e2_validate_abono_finalization: language_name (0.187822ms)
  ✔ e2_validate_abono_finalization: owner_name (0.18529ms)
  ✔ e2_validate_abono_finalization: result_type (0.203334ms)
  ✔ e2_validate_abono_finalization: identity_arguments (0.313489ms)
  ✔ e2_validate_abono_finalization: tgenabled (0.224687ms)
  ✔ e2_validate_abono_finalization: tgtype (0.294545ms)
  ✔ e2_validate_abono_finalization: table_name (0.205848ms)
  ✔ e2_validate_abono_finalization: function_name (0.22344ms)
  ✔ e2_validate_abono_finalization: function_schema (0.20152ms)
  ✔ e2_validate_abono_finalization: args_length (0.240825ms)
  ✔ e2_validate_abono_finalization: trigger_attr (0.19242ms)
  ✔ e2_validate_abono_finalization: has_parent (0.202445ms)
  ✔ e2_validate_abono_finalization: has_qual (0.192758ms)
  ✔ e2_validate_abono_finalization: has_constraint (0.235237ms)
  ✔ e2_validate_abono_finalization: tgdeferrable (0.196717ms)
  ✔ e2_validate_abono_finalization: tginitdeferred (0.205273ms)
  ✔ e2_proof_immutable: missing (0.199598ms)
  ✔ e2_proof_immutable: prosrc (0.251111ms)
  ✔ e2_proof_immutable: prokind (0.205303ms)
  ✔ e2_proof_immutable: provolatile (0.192943ms)
  ✔ e2_proof_immutable: proparallel (0.193581ms)
  ✔ e2_proof_immutable: prosecdef (0.278694ms)
  ✔ e2_proof_immutable: proleakproof (0.341533ms)
  ✔ e2_proof_immutable: proisstrict (0.248995ms)
  ✔ e2_proof_immutable: proretset (0.356473ms)
  ✔ e2_proof_immutable: proacl (0.278982ms)
  ✔ e2_proof_immutable: proconfig (0.206087ms)
  ✔ e2_proof_immutable: language_name (0.229756ms)
  ✔ e2_proof_immutable: owner_name (0.211335ms)
  ✔ e2_proof_immutable: result_type (0.201623ms)
  ✔ e2_proof_immutable: identity_arguments (0.195476ms)
  ✔ e2_proof_immutable: tgenabled (0.230492ms)
  ✔ e2_proof_immutable: tgtype (0.220575ms)
  ✔ e2_proof_immutable: table_name (0.199097ms)
  ✔ e2_proof_immutable: function_name (0.187428ms)
  ✔ e2_proof_immutable: function_schema (0.219957ms)
  ✔ e2_proof_immutable: args_length (0.210884ms)
  ✔ e2_proof_immutable: trigger_attr (0.192886ms)
  ✔ e2_proof_immutable: has_parent (0.188427ms)
  ✔ e2_proof_immutable: has_qual (2.298312ms)
  ✔ e2_proof_immutable: has_constraint (0.261292ms)
  ✔ e2_proof_immutable: tgdeferrable (0.222514ms)
  ✔ e2_proof_immutable: tginitdeferred (0.192655ms)
  ✔ e2_validate_unused_proof: missing (0.295932ms)
  ✔ e2_validate_unused_proof: prosrc (0.222433ms)
  ✔ e2_validate_unused_proof: prokind (0.321101ms)
  ✔ e2_validate_unused_proof: provolatile (0.319685ms)
  ✔ e2_validate_unused_proof: proparallel (0.210971ms)
  ✔ e2_validate_unused_proof: prosecdef (0.308973ms)
  ✔ e2_validate_unused_proof: proleakproof (0.318012ms)
  ✔ e2_validate_unused_proof: proisstrict (0.21974ms)
  ✔ e2_validate_unused_proof: proretset (0.272215ms)
  ✔ e2_validate_unused_proof: proacl (0.334407ms)
  ✔ e2_validate_unused_proof: proconfig (0.22559ms)
  ✔ e2_validate_unused_proof: language_name (0.217462ms)
  ✔ e2_validate_unused_proof: owner_name (0.205292ms)
  ✔ e2_validate_unused_proof: result_type (0.310206ms)
  ✔ e2_validate_unused_proof: identity_arguments (0.214532ms)
  ✔ e2_validate_unused_proof: tgenabled (0.198211ms)
  ✔ e2_validate_unused_proof: tgtype (0.190928ms)
  ✔ e2_validate_unused_proof: table_name (0.213917ms)
  ✔ e2_validate_unused_proof: function_name (0.197293ms)
  ✔ e2_validate_unused_proof: function_schema (0.196871ms)
  ✔ e2_validate_unused_proof: args_length (0.196867ms)
  ✔ e2_validate_unused_proof: trigger_attr (0.374003ms)
  ✔ e2_validate_unused_proof: has_parent (0.222449ms)
  ✔ e2_validate_unused_proof: has_qual (0.200354ms)
  ✔ e2_validate_unused_proof: has_constraint (0.237713ms)
  ✔ e2_validate_unused_proof: tgdeferrable (0.222735ms)
  ✔ e2_validate_unused_proof: tginitdeferred (0.266829ms)
  ✔ e2_abono_finalization_complete: missing (0.388696ms)
  ✔ e2_abono_finalization_complete: prosrc (0.271998ms)
  ✔ e2_abono_finalization_complete: prokind (0.209285ms)
  ✔ e2_abono_finalization_complete: provolatile (0.201205ms)
  ✔ e2_abono_finalization_complete: proparallel (0.252922ms)
  ✔ e2_abono_finalization_complete: prosecdef (0.210935ms)
  ✔ e2_abono_finalization_complete: proleakproof (0.198242ms)
  ✔ e2_abono_finalization_complete: proisstrict (0.191469ms)
  ✔ e2_abono_finalization_complete: proretset (0.244236ms)
  ✔ e2_abono_finalization_complete: proacl (0.20281ms)
  ✔ e2_abono_finalization_complete: proconfig (0.197786ms)
  ✔ e2_abono_finalization_complete: language_name (0.197025ms)
  ✔ e2_abono_finalization_complete: owner_name (0.25679ms)
  ✔ e2_abono_finalization_complete: result_type (0.218854ms)
  ✔ e2_abono_finalization_complete: identity_arguments (0.200652ms)
  ✔ e2_abono_finalization_complete: tgenabled (0.195957ms)
  ✔ e2_abono_finalization_complete: tgtype (0.283665ms)
  ✔ e2_abono_finalization_complete: table_name (0.211076ms)
  ✔ e2_abono_finalization_complete: function_name (0.19672ms)
  ✔ e2_abono_finalization_complete: function_schema (0.204911ms)
  ✔ e2_abono_finalization_complete: args_length (0.242776ms)
  ✔ e2_abono_finalization_complete: trigger_attr (0.200842ms)
  ✔ e2_abono_finalization_complete: has_parent (1.202529ms)
  ✔ e2_abono_finalization_complete: has_qual (0.322396ms)
  ✔ e2_abono_finalization_complete: has_constraint (0.260392ms)
  ✔ e2_abono_finalization_complete: tgdeferrable (0.210086ms)
  ✔ e2_abono_finalization_complete: tginitdeferred (0.198852ms)
  ✔ e2_capture_application_order: missing (0.274311ms)
  ✔ e2_capture_application_order: prosrc (0.235935ms)
  ✔ e2_capture_application_order: prokind (0.24445ms)
  ✔ e2_capture_application_order: provolatile (0.253647ms)
  ✔ e2_capture_application_order: proparallel (0.222846ms)
  ✔ e2_capture_application_order: prosecdef (0.203936ms)
  ✔ e2_capture_application_order: proleakproof (0.203982ms)
  ✔ e2_capture_application_order: proisstrict (0.23898ms)
  ✔ e2_capture_application_order: proretset (0.217968ms)
  ✔ e2_capture_application_order: proacl (0.203089ms)
  ✔ e2_capture_application_order: proconfig (0.541569ms)
  ✔ e2_capture_application_order: language_name (0.235824ms)
  ✔ e2_capture_application_order: owner_name (0.263788ms)
  ✔ e2_capture_application_order: result_type (0.209691ms)
  ✔ e2_capture_application_order: identity_arguments (0.222443ms)
  ✔ e2_capture_application_order: tgenabled (0.206322ms)
  ✔ e2_capture_application_order: tgtype (0.203521ms)
  ✔ e2_capture_application_order: table_name (0.287696ms)
  ✔ e2_capture_application_order: function_name (0.219018ms)
  ✔ e2_capture_application_order: function_schema (0.205932ms)
  ✔ e2_capture_application_order: args_length (0.204775ms)
  ✔ e2_capture_application_order: trigger_attr (0.254533ms)
  ✔ e2_capture_application_order: has_parent (0.203628ms)
  ✔ e2_capture_application_order: has_qual (0.202677ms)
  ✔ e2_capture_application_order: has_constraint (0.298205ms)
  ✔ e2_capture_application_order: tgdeferrable (0.221649ms)
  ✔ e2_capture_application_order: tginitdeferred (0.202736ms)
  ✔ e2_finalize_new_abono: missing (0.322122ms)
  ✔ e2_finalize_new_abono: prosrc (0.34882ms)
  ✔ e2_finalize_new_abono: prokind (0.238688ms)
  ✔ e2_finalize_new_abono: provolatile (0.227933ms)
  ✔ e2_finalize_new_abono: proparallel (0.284426ms)
  ✔ e2_finalize_new_abono: prosecdef (0.300837ms)
  ✔ e2_finalize_new_abono: proleakproof (0.300732ms)
  ✔ e2_finalize_new_abono: proisstrict (0.264362ms)
  ✔ e2_finalize_new_abono: proretset (0.229849ms)
  ✔ e2_finalize_new_abono: proacl (0.22657ms)
  ✔ e2_finalize_new_abono: proconfig (12.719481ms)
  ✔ e2_finalize_new_abono: language_name (0.521269ms)
  ✔ e2_finalize_new_abono: owner_name (0.348474ms)
  ✔ e2_finalize_new_abono: result_type (0.425642ms)
  ✔ e2_finalize_new_abono: identity_arguments (0.313981ms)
  ✔ e2_attest_new_retained: missing (0.24211ms)
  ✔ e2_attest_new_retained: prosrc (0.282863ms)
  ✔ e2_attest_new_retained: prokind (0.286069ms)
  ✔ e2_attest_new_retained: provolatile (0.304427ms)
  ✔ e2_attest_new_retained: proparallel (0.274645ms)
  ✔ e2_attest_new_retained: prosecdef (0.236532ms)
  ✔ e2_attest_new_retained: proleakproof (0.28749ms)
  ✔ e2_attest_new_retained: proisstrict (0.355751ms)
  ✔ e2_attest_new_retained: proretset (0.265253ms)
  ✔ e2_attest_new_retained: proacl (0.226378ms)
  ✔ e2_attest_new_retained: proconfig (0.216715ms)
  ✔ e2_attest_new_retained: language_name (0.264612ms)
  ✔ e2_attest_new_retained: owner_name (0.231334ms)
  ✔ e2_attest_new_retained: result_type (0.210762ms)
  ✔ e2_attest_new_retained: identity_arguments (0.317288ms)
✔ A+C mock preflight independently rejects each catalog drift (176.901324ms)
ℹ tests 428
ℹ suites 0
ℹ pass 427
ℹ fail 1
ℹ cancelled 0
ℹ skipped 0
ℹ todo 0
ℹ duration_ms 627.159598

✖ failing tests:

test at reports/e2-apertura-limitada/evidencia-a-c/negative-offline.test.mjs:177:1
✖ real refund service accepts both origins and rejects absent/used ABONO finalization (66.079172ms)
  AssertionError [ERR_ASSERTION]: Got unwanted rejection: COBRO_RETENIDO: valid own proof must be accepted
  Actual message: "E2: falta prueba positiva de recepción íntegra nunca aplicada."
      at async TestContext.<anonymous> (file:///home/runner/workspace/reports/e2-apertura-limitada/evidencia-a-c/negative-offline.test.mjs:184:5)
      at async Test.run (node:internal/test_runner/test:1113:7)
      at async Test.processPendingSubtests (node:internal/test_runner/test:788:7) {
    generatedMessage: false,
    code: 'ERR_ASSERTION',
    actual: [CreditEvidenceError],
    expected: undefined,
    operator: 'doesNotReject',
    diff: 'simple'
  }
