TAP version 13
# Subtest: E11-ROLE-CHANGE-REVOKES-A
not ok 1 - E11-ROLE-CHANGE-REVOKES-A
  ---
  duration_ms: 4.007878
  type: 'test'
  location: '/tmp/e11-native-9K0VdD/E11-ROLE-CHANGE-REVOKES-A-red/test.mjs:38288:1'
  failureType: 'testCodeFailure'
  error: |-
    Expected values to be strictly equal:
    
    'F' !== null
    
  code: 'ERR_ASSERTION'
  name: 'AssertionError'
  expected: ~
  actual: 'F'
  operator: 'strictEqual'
  stack: |-
    TestContext.<anonymous> (file:///tmp/e11-native-9K0VdD/E11-ROLE-CHANGE-REVOKES-A-red/test.mjs:38300:11)
    async Test.run (node:internal/test_runner/test:1113:7)
    async startSubtestAfterBootstrap (node:internal/test_runner/harness:358:3)
  ...
1..1
# tests 1
# suites 0
# pass 0
# fail 1
# cancelled 0
# skipped 0
# todo 0
# duration_ms 81.903948

