TAP version 13
# Subtest: E11-ASSIGN-ADMIN-CAS-HISTORY
not ok 1 - E11-ASSIGN-ADMIN-CAS-HISTORY
  ---
  duration_ms: 12.155568
  type: 'test'
  location: '/tmp/e11-native-9K0VdD/E11-ASSIGN-ADMIN-CAS-HISTORY-red/test.mjs:38225:1'
  failureType: 'testCodeFailure'
  error: |-
    Expected values to be strictly equal:
    
    0 !== 1
    
  code: 'ERR_ASSERTION'
  name: 'AssertionError'
  expected: 1
  actual: 0
  operator: 'strictEqual'
  stack: |-
    TestContext.<anonymous> (file:///tmp/e11-native-9K0VdD/E11-ASSIGN-ADMIN-CAS-HISTORY-red/test.mjs:38263:11)
    async Test.run (node:internal/test_runner/test:1113:7)
    async startSubtestAfterBootstrap (node:internal/test_runner/harness:358:3)
  ...
1..1
# tests 1
# suites 0
# pass 0
# fail 1
# cancelled 0
# skipped 0
# todo 0
# duration_ms 101.624051

