TAP version 13
# Subtest: E11-SNAPSHOT-SOURCE-CHANGE-REQUIRES-REVISION
not ok 1 - E11-SNAPSHOT-SOURCE-CHANGE-REQUIRES-REVISION
  ---
  duration_ms: 9.068318
  type: 'test'
  location: '/tmp/e11-native-9K0VdD/E11-SNAPSHOT-SOURCE-CHANGE-REQUIRES-REVISION-red/test.mjs:38151:1'
  failureType: 'testCodeFailure'
  error: |-
    Expected values to be strictly equal:
    
    true !== false
    
  code: 'ERR_ASSERTION'
  name: 'AssertionError'
  expected: false
  actual: true
  operator: 'strictEqual'
  stack: |-
    TestContext.<anonymous> (file:///tmp/e11-native-9K0VdD/E11-SNAPSHOT-SOURCE-CHANGE-REQUIRES-REVISION-red/test.mjs:38162:11)
    async Test.run (node:internal/test_runner/test:1113:7)
    async startSubtestAfterBootstrap (node:internal/test_runner/harness:358:3)
  ...
1..1
# tests 1
# suites 0
# pass 0
# fail 1
# cancelled 0
# skipped 0
# todo 0
# duration_ms 138.00068

