TAP version 13
# Subtest: E11-FISCAL-DTO-WHITELIST
not ok 1 - E11-FISCAL-DTO-WHITELIST
  ---
  duration_ms: 5.521565
  type: 'test'
  location: '/tmp/e11-native-9K0VdD/E11-FISCAL-DTO-WHITELIST-red/test.mjs:38106:1'
  failureType: 'testCodeFailure'
  error: |-
    Expected values to be strictly deep-equal:
    + actual - expected
    
      [
        'cliente',
        'estado',
        'facturaId',
        'fechaFacturacion',
        'folioFactura',
        'moneda',
    +   'saldo',
        'totalFacturado',
        'ventaId'
      ]
    
  code: 'ERR_ASSERTION'
  name: 'AssertionError'
  expected:
    0: 'cliente'
    1: 'estado'
    2: 'facturaId'
    3: 'fechaFacturacion'
    4: 'folioFactura'
    5: 'moneda'
    6: 'totalFacturado'
    7: 'ventaId'
  actual:
    0: 'cliente'
    1: 'estado'
    2: 'facturaId'
    3: 'fechaFacturacion'
    4: 'folioFactura'
    5: 'moneda'
    6: 'saldo'
    7: 'totalFacturado'
    8: 'ventaId'
  operator: 'deepStrictEqual'
  stack: |-
    TestContext.<anonymous> (file:///tmp/e11-native-9K0VdD/E11-FISCAL-DTO-WHITELIST-red/test.mjs:38118:11)
    async Test.run (node:internal/test_runner/test:1113:7)
    async startSubtestAfterBootstrap (node:internal/test_runner/harness:358:3)
  ...
1..1
# tests 1
# suites 0
# pass 0
# fail 1
# cancelled 0
# skipped 0
# todo 0
# duration_ms 95.073352

