TAP version 13
# Subtest: E11-FISCAL-FACTURADO-NOT-COBRADO
not ok 1 - E11-FISCAL-FACTURADO-NOT-COBRADO
  ---
  duration_ms: 4.655963
  type: 'test'
  location: '/tmp/e11-native-9K0VdD/E11-FISCAL-FACTURADO-NOT-COBRADO-red/test.mjs:38090:1'
  failureType: 'testCodeFailure'
  error: |-
    The input did not match the regular expression /t\.facturado=true/. Input:
    
    'SELECT t.id,t.folio,t.cliente_id,c.nombre,t.total::text,\n' +
      "    CASE WHEN t.documento_tipo='TICKET' THEN t.cobrado_at ELSE t.autorizado_at END AS fecha\n" +
      '    FROM tickets t JOIN clientes c ON c.id=t.cliente_id\n' +
      "    WHERE t.facturado=false AND (t.estado='VENDIDO' AND ((t.documento_tipo='TICKET' AND t.cobrado=true) OR (t.documento_tipo='NOTA' AND t.autorizacion_estado='AUTORIZADA')))\n" +
      '    \n' +
      '     ORDER BY t.id'
    
  code: 'ERR_ASSERTION'
  name: 'AssertionError'
  expected:
  actual: |-
    SELECT t.id,t.folio,t.cliente_id,c.nombre,t.total::text,
        CASE WHEN t.documento_tipo='TICKET' THEN t.cobrado_at ELSE t.autorizado_at END AS fecha
        FROM tickets t JOIN clientes c ON c.id=t.cliente_id
        WHERE t.facturado=false AND (t.estado='VENDIDO' AND ((t.documento_tipo='TICKET' AND t.cobrado=true) OR (t.documento_tipo='NOTA' AND t.autorizacion_estado='AUTORIZADA')))
        
         ORDER BY t.id
  operator: 'match'
  stack: |-
    TestContext.<anonymous> (file:///tmp/e11-native-9K0VdD/E11-FISCAL-FACTURADO-NOT-COBRADO-red/test.mjs:38100:11)
    async Test.run (node:internal/test_runner/test:1113:7)
    async startSubtestAfterBootstrap (node:internal/test_runner/harness:358:3)
  ...
1..1
# tests 1
# suites 0
# pass 0
# fail 1
# cancelled 0
# skipped 0
# todo 0
# duration_ms 95.061638

