TAP version 13
# Subtest: E11-FISCAL-CLIENTS-DISTINCT-SOURCE
not ok 1 - E11-FISCAL-CLIENTS-DISTINCT-SOURCE
  ---
  duration_ms: 3.874787
  type: 'test'
  location: '/tmp/e11-native-9K0VdD/E11-FISCAL-CLIENTS-DISTINCT-SOURCE-red/test.mjs:38140:1'
  failureType: 'testCodeFailure'
  error: |-
    The input did not match the regular expression /SELECT DISTINCT[\s\S]*t\.facturado=true/. Input:
    
    'SELECT c.id,c.nombre FROM clientes c JOIN tickets t ON t.cliente_id=c.id\n' +
      "    WHERE t.facturado=true AND (t.estado='VENDIDO' AND ((t.documento_tipo='TICKET' AND t.cobrado=true) OR (t.documento_tipo='NOTA' AND t.autorizacion_estado='AUTORIZADA'))) ORDER BY c.id"
    
  code: 'ERR_ASSERTION'
  name: 'AssertionError'
  expected:
  actual: |-
    SELECT c.id,c.nombre FROM clientes c JOIN tickets t ON t.cliente_id=c.id
        WHERE t.facturado=true AND (t.estado='VENDIDO' AND ((t.documento_tipo='TICKET' AND t.cobrado=true) OR (t.documento_tipo='NOTA' AND t.autorizacion_estado='AUTORIZADA'))) ORDER BY c.id
  operator: 'match'
  stack: |-
    TestContext.<anonymous> (file:///tmp/e11-native-9K0VdD/E11-FISCAL-CLIENTS-DISTINCT-SOURCE-red/test.mjs:38143:11)
    async Test.run (node:internal/test_runner/test:1113:7)
    async startSubtestAfterBootstrap (node:internal/test_runner/harness:358:3)
  ...
1..1
# tests 1
# suites 0
# pass 0
# fail 1
# cancelled 0
# skipped 0
# todo 0
# duration_ms 136.630583

