[05:50:51.908] [32mINFO[39m (3023): [36mrequest completed[39m
    [35mreq[39m: {
      "id": 1,
      "method": "GET",
      "url": "/api/inventario/kardex"
    }
    [35mres[39m: {
      "statusCode": 200
    }
    [35mresponseTime[39m: 53
[05:50:51.935] [32mINFO[39m (3023): [36mrequest completed[39m
    [35mreq[39m: {
      "id": 2,
      "method": "GET",
      "url": "/api/inventario/kardex"
    }
    [35mres[39m: {
      "statusCode": 200
    }
    [35mresponseTime[39m: 18
[05:50:51.959] [32mINFO[39m (3023): [36mrequest completed[39m
    [35mreq[39m: {
      "id": 3,
      "method": "GET",
      "url": "/api/inventario/kardex"
    }
    [35mres[39m: {
      "statusCode": 200
    }
    [35mresponseTime[39m: 22
[05:50:51.986] [32mINFO[39m (3023): [36mrequest completed[39m
    [35mreq[39m: {
      "id": 4,
      "method": "GET",
      "url": "/api/inventario/kardex"
    }
    [35mres[39m: {
      "statusCode": 200
    }
    [35mresponseTime[39m: 26
[05:50:52.004] [32mINFO[39m (3023): [36mrequest completed[39m
    [35mreq[39m: {
      "id": 5,
      "method": "GET",
      "url": "/api/inventario/kardex"
    }
    [35mres[39m: {
      "statusCode": 200
    }
    [35mresponseTime[39m: 17
[05:50:52.023] [32mINFO[39m (3023): [36mrequest completed[39m
    [35mreq[39m: {
      "id": 6,
      "method": "GET",
      "url": "/api/inventario/kardex"
    }
    [35mres[39m: {
      "statusCode": 200
    }
    [35mresponseTime[39m: 17
[05:50:52.037] [32mINFO[39m (3023): [36mrequest completed[39m
    [35mreq[39m: {
      "id": 7,
      "method": "GET",
      "url": "/api/inventario/kardex"
    }
    [35mres[39m: {
      "statusCode": 200
    }
    [35mresponseTime[39m: 13
[05:50:52.050] [32mINFO[39m (3023): [36mrequest completed[39m
    [35mreq[39m: {
      "id": 8,
      "method": "GET",
      "url": "/api/inventario/kardex"
    }
    [35mres[39m: {
      "statusCode": 200
    }
    [35mresponseTime[39m: 11
✔ history covers types, order, pagination, search, documents and safe fields (439.956541ms)
[05:50:52.059] [33mWARN[39m (3023): [36mInvalid API request[39m
    [35mreq[39m: {
      "id": 9,
      "method": "GET",
      "url": "/api/inventario/kardex"
    }
    [35missues[39m: [
      {
        "code": "invalid_string",
        "path": "desde"
      }
    ]
[05:50:52.060] [32mINFO[39m (3023): [36mrequest completed[39m
    [35mreq[39m: {
      "id": 9,
      "method": "GET",
      "url": "/api/inventario/kardex"
    }
    [35mres[39m: {
      "statusCode": 400
    }
    [35mresponseTime[39m: 8
[05:50:52.084] [32mINFO[39m (3023): [36mrequest completed[39m
    [35mreq[39m: {
      "id": 10,
      "method": "GET",
      "url": "/api/inventario/kardex"
    }
    [35mres[39m: {
      "statusCode": 200
    }
    [35mresponseTime[39m: 21
[05:50:52.133] [32mINFO[39m (3023): [36mrequest completed[39m
    [35mreq[39m: {
      "id": 11,
      "method": "GET",
      "url": "/api/inventario/kardex"
    }
    [35mres[39m: {
      "statusCode": 200
    }
    [35mresponseTime[39m: 48
[05:50:52.165] [32mINFO[39m (3023): [36mrequest completed[39m
    [35mreq[39m: {
      "id": 12,
      "method": "GET",
      "url": "/api/inventario/kardex"
    }
    [35mres[39m: {
      "statusCode": 403
    }
    [35mresponseTime[39m: 31
[05:50:52.194] [32mINFO[39m (3023): [36mrequest completed[39m
    [35mreq[39m: {
      "id": 13,
      "method": "GET",
      "url": "/api/inventario/kardex/filtros"
    }
    [35mres[39m: {
      "statusCode": 200
    }
    [35mresponseTime[39m: 28
✔ scope, inactive policy and filter metadata are enforced (165.59849ms)
[05:50:52.226] [32mINFO[39m (3023): [36mrequest completed[39m
    [35mreq[39m: {
      "id": 14,
      "method": "GET",
      "url": "/api/inventario/kardex"
    }
    [35mres[39m: {
      "statusCode": 200
    }
    [35mresponseTime[39m: 31
[05:50:52.281] [32mINFO[39m (3023): [36mrequest completed[39m
    [35mreq[39m: {
      "id": 15,
      "method": "GET",
      "url": "/api/inventario/kardex/exportar"
    }
    [35mres[39m: {
      "statusCode": 200
    }
    [35mresponseTime[39m: 53
✔ XLSX export is a real filtered workbook without sensitive columns (86.58428ms)
ℹ tests 3
ℹ suites 0
ℹ pass 3
ℹ fail 0
ℹ cancelled 0
ℹ skipped 0
ℹ todo 0
ℹ duration_ms 4024.869063
