[05:50:52.328] [32mINFO[39m (3024): [36mrequest completed[39m
    [35mreq[39m: {
      "id": 1,
      "method": "GET",
      "url": "/api/admin/alertas"
    }
    [35mres[39m: {
      "statusCode": 403
    }
    [35mresponseTime[39m: 19
[05:50:52.403] [32mINFO[39m (3024): [36mrequest completed[39m
    [35mreq[39m: {
      "id": 2,
      "method": "GET",
      "url": "/api/admin/alertas"
    }
    [35mres[39m: {
      "statusCode": 200
    }
    [35mresponseTime[39m: 68
✔ GET /admin/alertas is live, FIFO-based, ordered, and ADMIN-only (3732.782418ms)
[05:50:52.477] [32mINFO[39m (3024): [36mrequest completed[39m
    [35mreq[39m: {
      "id": 3,
      "method": "GET",
      "url": "/api/admin/alertas"
    }
    [35mres[39m: {
      "statusCode": 200
    }
    [35mresponseTime[39m: 36
ℹ tests 1
ℹ suites 0
ℹ pass 1
ℹ fail 0
ℹ cancelled 0
ℹ skipped 0
ℹ todo 0
ℹ duration_ms 4008.494497
