[05:51:10.854] [32mINFO[39m (3486): [36mrequest completed[39m
    [35mreq[39m: {
      "id": 1,
      "method": "POST",
      "url": "/api/users"
    }
    [35mres[39m: {
      "statusCode": 403
    }
    [35mresponseTime[39m: 58
[05:51:10.883] [32mINFO[39m (3486): [36mrequest completed[39m
    [35mreq[39m: {
      "id": 2,
      "method": "PATCH",
      "url": "/api/users/4"
    }
    [35mres[39m: {
      "statusCode": 403
    }
    [35mresponseTime[39m: 21
[05:51:10.903] [32mINFO[39m (3486): [36mrequest completed[39m
    [35mreq[39m: {
      "id": 3,
      "method": "PATCH",
      "url": "/api/users/3"
    }
    [35mres[39m: {
      "statusCode": 403
    }
    [35mresponseTime[39m: 17
[05:51:10.923] [32mINFO[39m (3486): [36mrequest completed[39m
    [35mreq[39m: {
      "id": 4,
      "method": "PATCH",
      "url": "/api/users/3"
    }
    [35mres[39m: {
      "statusCode": 403
    }
    [35mresponseTime[39m: 17
[05:51:10.939] [32mINFO[39m (3486): [36mrequest completed[39m
    [35mreq[39m: {
      "id": 5,
      "method": "PATCH",
      "url": "/api/users/3"
    }
    [35mres[39m: {
      "statusCode": 403
    }
    [35mresponseTime[39m: 14
[05:51:10.955] [32mINFO[39m (3486): [36mrequest completed[39m
    [35mreq[39m: {
      "id": 6,
      "method": "PATCH",
      "url": "/api/users/3"
    }
    [35mres[39m: {
      "statusCode": 403
    }
    [35mresponseTime[39m: 14
[05:51:10.975] [32mINFO[39m (3486): [36mrequest completed[39m
    [35mreq[39m: {
      "id": 7,
      "method": "PUT",
      "url": "/api/permisos/roles/ADMIN/dashboard"
    }
    [35mres[39m: {
      "statusCode": 403
    }
    [35mresponseTime[39m: 16
[05:51:10.993] [32mINFO[39m (3486): [36mrequest completed[39m
    [35mreq[39m: {
      "id": 8,
      "method": "PUT",
      "url": "/api/permisos/roles/SISTEMAS/pos"
    }
    [35mres[39m: {
      "statusCode": 403
    }
    [35mresponseTime[39m: 15
[05:51:11.010] [32mINFO[39m (3486): [36mrequest completed[39m
    [35mreq[39m: {
      "id": 9,
      "method": "PUT",
      "url": "/api/permisos/usuarios/5/pos"
    }
    [35mres[39m: {
      "statusCode": 403
    }
    [35mresponseTime[39m: 14
[05:51:11.149] [32mINFO[39m (3486): [36mrequest completed[39m
    [35mreq[39m: {
      "id": 10,
      "method": "PATCH",
      "url": "/api/users/5"
    }
    [35mres[39m: {
      "statusCode": 403
    }
    [35mresponseTime[39m: 137
[05:51:11.173] [32mINFO[39m (3486): [36mrequest completed[39m
    [35mreq[39m: {
      "id": 11,
      "method": "PATCH",
      "url": "/api/users/3"
    }
    [35mres[39m: {
      "statusCode": 200
    }
    [35mresponseTime[39m: 22
[05:51:11.187] [32mINFO[39m (3486): [36mrequest completed[39m
    [35mreq[39m: {
      "id": 12,
      "method": "PATCH",
      "url": "/api/users/2"
    }
    [35mres[39m: {
      "statusCode": 409
    }
    [35mresponseTime[39m: 12
[05:51:11.200] [32mINFO[39m (3486): [36mrequest completed[39m
    [35mreq[39m: {
      "id": 13,
      "method": "PATCH",
      "url": "/api/users/2"
    }
    [35mres[39m: {
      "statusCode": 403
    }
    [35mresponseTime[39m: 11
[05:51:11.210] [32mINFO[39m (3486): [36mrequest completed[39m
    [35mreq[39m: {
      "id": 14,
      "method": "PUT",
      "url": "/api/permisos/usuarios/2/dashboard"
    }
    [35mres[39m: {
      "statusCode": 403
    }
    [35mresponseTime[39m: 9
[05:51:11.219] [32mINFO[39m (3486): [36mrequest completed[39m
    [35mreq[39m: {
      "id": 15,
      "method": "PUT",
      "url": "/api/permisos/roles/ADMIN/dashboard"
    }
    [35mres[39m: {
      "statusCode": 403
    }
    [35mresponseTime[39m: 8
[05:51:11.510] [32mINFO[39m (3486): [36mrequest completed[39m
    [35mreq[39m: {
      "id": 16,
      "method": "POST",
      "url": "/api/users"
    }
    [35mres[39m: {
      "statusCode": 201
    }
    [35mresponseTime[39m: 287
[05:51:11.836] [32mINFO[39m (3486): [36mrequest completed[39m
    [35mreq[39m: {
      "id": 17,
      "method": "POST",
      "url": "/api/users"
    }
    [35mres[39m: {
      "statusCode": 201
    }
    [35mresponseTime[39m: 321
[05:51:12.116] [32mINFO[39m (3486): [36mrequest completed[39m
    [35mreq[39m: {
      "id": 18,
      "method": "POST",
      "url": "/api/users"
    }
    [35mres[39m: {
      "statusCode": 201
    }
    [35mresponseTime[39m: 275
[05:51:12.434] [32mINFO[39m (3486): [36mrequest completed[39m
    [35mreq[39m: {
      "id": 19,
      "method": "POST",
      "url": "/api/users"
    }
    [35mres[39m: {
      "statusCode": 201
    }
    [35mresponseTime[39m: 315
[05:51:12.721] [32mINFO[39m (3486): [36mrequest completed[39m
    [35mreq[39m: {
      "id": 20,
      "method": "POST",
      "url": "/api/users"
    }
    [35mres[39m: {
      "statusCode": 201
    }
    [35mresponseTime[39m: 285
[05:51:13.000] [32mINFO[39m (3486): [36mrequest completed[39m
    [35mreq[39m: {
      "id": 21,
      "method": "POST",
      "url": "/api/users"
    }
    [35mres[39m: {
      "statusCode": 201
    }
    [35mresponseTime[39m: 277
✔ ADMIN invariants: rechazos auditados, transaccionales y sin cambios parciales (5416.532818ms)
[05:51:13.279] [32mINFO[39m (3486): [36mrequest completed[39m
    [35mreq[39m: {
      "id": 22,
      "method": "POST",
      "url": "/api/users"
    }
    [35mres[39m: {
      "statusCode": 201
    }
    [35mresponseTime[39m: 277
[05:51:13.294] [32mINFO[39m (3486): [36mrequest completed[39m
    [35mreq[39m: {
      "id": 23,
      "method": "PUT",
      "url": "/api/permisos/roles/CAJA/dashboard"
    }
    [35mres[39m: {
      "statusCode": 409
    }
    [35mresponseTime[39m: 13
[05:51:13.320] [32mINFO[39m (3486): [36mrequest completed[39m
    [35mreq[39m: {
      "id": 24,
      "method": "PUT",
      "url": "/api/permisos/usuarios/4/dashboard"
    }
    [35mres[39m: {
      "statusCode": 200
    }
    [35mresponseTime[39m: 15
ℹ tests 1
ℹ suites 0
ℹ pass 1
ℹ fail 0
ℹ cancelled 0
ℹ skipped 0
ℹ todo 0
ℹ duration_ms 5846.592435
