[05:52:17.882] [32mINFO[39m (4979): [36mrequest completed[39m
    [35mreq[39m: {
      "id": 1,
      "method": "GET",
      "url": "/api/admin/cuadre-fiscal"
    }
    [35mres[39m: {
      "statusCode": 200
    }
    [35mresponseTime[39m: 36
[05:52:17.905] [32mINFO[39m (4979): [36mrequest completed[39m
    [35mreq[39m: {
      "id": 2,
      "method": "GET",
      "url": "/api/admin/cuadre-fiscal"
    }
    [35mres[39m: {
      "statusCode": 200
    }
    [35mresponseTime[39m: 14
[05:52:17.944] [32mINFO[39m (4979): [36mrequest completed[39m
    [35mreq[39m: {
      "id": 3,
      "method": "POST",
      "url": "/api/admin/cuadre-fiscal/confirmaciones"
    }
    [35mres[39m: {
      "statusCode": 201
    }
    [35mresponseTime[39m: 32
[05:52:17.961] [32mINFO[39m (4979): [36mrequest completed[39m
    [35mreq[39m: {
      "id": 4,
      "method": "GET",
      "url": "/api/admin/cuadre-fiscal"
    }
    [35mres[39m: {
      "statusCode": 200
    }
    [35mresponseTime[39m: 11
[05:52:17.979] [32mINFO[39m (4979): [36mrequest completed[39m
    [35mreq[39m: {
      "id": 5,
      "method": "GET",
      "url": "/api/admin/cuadre-fiscal"
    }
    [35mres[39m: {
      "statusCode": 200
    }
    [35mresponseTime[39m: 10
[05:52:17.998] [32mINFO[39m (4979): [36mrequest completed[39m
    [35mreq[39m: {
      "id": 6,
      "method": "POST",
      "url": "/api/admin/cuadre-fiscal/diferencias"
    }
    [35mres[39m: {
      "statusCode": 201
    }
    [35mresponseTime[39m: 17
[05:52:18.006] [32mINFO[39m (4979): [36mrequest completed[39m
    [35mreq[39m: {
      "id": 7,
      "method": "POST",
      "url": "/api/admin/cuadre-fiscal/diferencias/2/resolver"
    }
    [35mres[39m: {
      "statusCode": 403
    }
    [35mresponseTime[39m: 5
✔ cuadre fiscal freezes fiscal figures and preserves its approval workflow (2655.773532ms)
[05:52:18.017] [32mINFO[39m (4979): [36mrequest completed[39m
    [35mreq[39m: {
      "id": 8,
      "method": "POST",
      "url": "/api/admin/cuadre-fiscal/diferencias/2/resolver"
    }
    [35mres[39m: {
      "statusCode": 200
    }
    [35mresponseTime[39m: 9
ℹ tests 1
ℹ suites 0
ℹ pass 1
ℹ fail 0
ℹ cancelled 0
ℹ skipped 0
ℹ todo 0
ℹ duration_ms 2954.308978
