[05:52:53.189] [32mINFO[39m (5439): [36mrequest completed[39m
    [35mreq[39m: {
      "id": 1,
      "method": "GET",
      "url": "/api/inventario/existencias/agrupadas"
    }
    [35mres[39m: {
      "statusCode": 200
    }
    [35mresponseTime[39m: 18
[05:52:53.207] [32mINFO[39m (5439): [36mrequest completed[39m
    [35mreq[39m: {
      "id": 2,
      "method": "GET",
      "url": "/api/dashboard"
    }
    [35mres[39m: {
      "statusCode": 200
    }
    [35mresponseTime[39m: 11
[05:52:53.218] [32mINFO[39m (5439): [36mrequest completed[39m
    [35mreq[39m: {
      "id": 3,
      "method": "GET",
      "url": "/api/dashboard"
    }
    [35mres[39m: {
      "statusCode": 200
    }
    [35mresponseTime[39m: 9
[05:52:53.231] [32mINFO[39m (5439): [36mrequest completed[39m
    [35mreq[39m: {
      "id": 4,
      "method": "GET",
      "url": "/api/productos"
    }
    [35mres[39m: {
      "statusCode": 200
    }
    [35mresponseTime[39m: 12
[05:52:53.245] [32mINFO[39m (5439): [36mrequest completed[39m
    [35mreq[39m: {
      "id": 5,
      "method": "GET",
      "url": "/api/productos/1"
    }
    [35mres[39m: {
      "statusCode": 200
    }
    [35mresponseTime[39m: 12
[05:52:53.257] [32mINFO[39m (5439): [36mrequest completed[39m
    [35mreq[39m: {
      "id": 6,
      "method": "GET",
      "url": "/api/productos/2"
    }
    [35mres[39m: {
      "statusCode": 200
    }
    [35mresponseTime[39m: 10
[05:52:53.273] [32mINFO[39m (5439): [36mrequest completed[39m
    [35mreq[39m: {
      "id": 7,
      "method": "GET",
      "url": "/api/productos/3"
    }
    [35mres[39m: {
      "statusCode": 200
    }
    [35mresponseTime[39m: 15
[05:52:53.285] [32mINFO[39m (5439): [36mrequest completed[39m
    [35mreq[39m: {
      "id": 8,
      "method": "GET",
      "url": "/api/productos/4"
    }
    [35mres[39m: {
      "statusCode": 200
    }
    [35mresponseTime[39m: 10
[05:52:53.296] [32mINFO[39m (5439): [36mrequest completed[39m
    [35mreq[39m: {
      "id": 9,
      "method": "GET",
      "url": "/api/productos/5"
    }
    [35mres[39m: {
      "statusCode": 200
    }
    [35mresponseTime[39m: 9
[05:52:53.307] [32mINFO[39m (5439): [36mrequest completed[39m
    [35mreq[39m: {
      "id": 10,
      "method": "GET",
      "url": "/api/productos/6"
    }
    [35mres[39m: {
      "statusCode": 200
    }
    [35mresponseTime[39m: 10
[05:52:53.317] [32mINFO[39m (5439): [36mrequest completed[39m
    [35mreq[39m: {
      "id": 11,
      "method": "GET",
      "url": "/api/productos/7"
    }
    [35mres[39m: {
      "statusCode": 200
    }
    [35mresponseTime[39m: 9
[05:52:53.327] [32mINFO[39m (5439): [36mrequest completed[39m
    [35mreq[39m: {
      "id": 12,
      "method": "GET",
      "url": "/api/productos/8"
    }
    [35mres[39m: {
      "statusCode": 200
    }
    [35mresponseTime[39m: 9
[05:52:53.338] [32mINFO[39m (5439): [36mrequest completed[39m
    [35mreq[39m: {
      "id": 13,
      "method": "GET",
      "url": "/api/productos/9"
    }
    [35mres[39m: {
      "statusCode": 200
    }
    [35mresponseTime[39m: 10
[05:52:53.348] [32mINFO[39m (5439): [36mrequest completed[39m
    [35mreq[39m: {
      "id": 14,
      "method": "GET",
      "url": "/api/productos/10"
    }
    [35mres[39m: {
      "statusCode": 200
    }
    [35mresponseTime[39m: 9
[05:52:53.377] [32mINFO[39m (5439): [36mrequest completed[39m
    [35mreq[39m: {
      "id": 15,
      "method": "GET",
      "url": "/api/reportes/inventario"
    }
    [35mres[39m: {
      "statusCode": 200
    }
    [35mresponseTime[39m: 28
[05:52:53.399] [32mINFO[39m (5439): [36mrequest completed[39m
    [35mreq[39m: {
      "id": 16,
      "method": "GET",
      "url": "/api/inventario/existencias/agrupadas"
    }
    [35mres[39m: {
      "statusCode": 200
    }
    [35mresponseTime[39m: 9
[05:52:53.407] [32mINFO[39m (5439): [36mrequest completed[39m
    [35mreq[39m: {
      "id": 17,
      "method": "GET",
      "url": "/api/dashboard"
    }
    [35mres[39m: {
      "statusCode": 200
    }
    [35mresponseTime[39m: 7
[05:52:53.416] [32mINFO[39m (5439): [36mrequest completed[39m
    [35mreq[39m: {
      "id": 18,
      "method": "GET",
      "url": "/api/dashboard"
    }
    [35mres[39m: {
      "statusCode": 200
    }
    [35mresponseTime[39m: 8
[05:52:53.425] [32mINFO[39m (5439): [36mrequest completed[39m
    [35mreq[39m: {
      "id": 19,
      "method": "GET",
      "url": "/api/productos"
    }
    [35mres[39m: {
      "statusCode": 200
    }
    [35mresponseTime[39m: 8
[05:52:53.435] [32mINFO[39m (5439): [36mrequest completed[39m
    [35mreq[39m: {
      "id": 20,
      "method": "GET",
      "url": "/api/productos/1"
    }
    [35mres[39m: {
      "statusCode": 200
    }
    [35mresponseTime[39m: 9
[05:52:53.445] [32mINFO[39m (5439): [36mrequest completed[39m
    [35mreq[39m: {
      "id": 21,
      "method": "GET",
      "url": "/api/productos/2"
    }
    [35mres[39m: {
      "statusCode": 200
    }
    [35mresponseTime[39m: 9
[05:52:53.456] [32mINFO[39m (5439): [36mrequest completed[39m
    [35mreq[39m: {
      "id": 22,
      "method": "GET",
      "url": "/api/productos/3"
    }
    [35mres[39m: {
      "statusCode": 200
    }
    [35mresponseTime[39m: 10
[05:52:53.467] [32mINFO[39m (5439): [36mrequest completed[39m
    [35mreq[39m: {
      "id": 23,
      "method": "GET",
      "url": "/api/productos/4"
    }
    [35mres[39m: {
      "statusCode": 200
    }
    [35mresponseTime[39m: 10
[05:52:53.478] [32mINFO[39m (5439): [36mrequest completed[39m
    [35mreq[39m: {
      "id": 24,
      "method": "GET",
      "url": "/api/productos/5"
    }
    [35mres[39m: {
      "statusCode": 200
    }
    [35mresponseTime[39m: 11
[05:52:53.487] [32mINFO[39m (5439): [36mrequest completed[39m
    [35mreq[39m: {
      "id": 25,
      "method": "GET",
      "url": "/api/productos/6"
    }
    [35mres[39m: {
      "statusCode": 200
    }
    [35mresponseTime[39m: 8
[05:52:53.496] [32mINFO[39m (5439): [36mrequest completed[39m
    [35mreq[39m: {
      "id": 26,
      "method": "GET",
      "url": "/api/productos/7"
    }
    [35mres[39m: {
      "statusCode": 200
    }
    [35mresponseTime[39m: 8
[05:52:53.505] [32mINFO[39m (5439): [36mrequest completed[39m
    [35mreq[39m: {
      "id": 27,
      "method": "GET",
      "url": "/api/productos/8"
    }
    [35mres[39m: {
      "statusCode": 200
    }
    [35mresponseTime[39m: 8
[05:52:53.514] [32mINFO[39m (5439): [36mrequest completed[39m
    [35mreq[39m: {
      "id": 28,
      "method": "GET",
      "url": "/api/productos/9"
    }
    [35mres[39m: {
      "statusCode": 200
    }
    [35mresponseTime[39m: 8
[05:52:53.528] [32mINFO[39m (5439): [36mrequest completed[39m
    [35mreq[39m: {
      "id": 29,
      "method": "GET",
      "url": "/api/productos/10"
    }
    [35mres[39m: {
      "statusCode": 200
    }
    [35mresponseTime[39m: 13
[05:52:53.546] [32mINFO[39m (5439): [36mrequest completed[39m
    [35mreq[39m: {
      "id": 30,
      "method": "GET",
      "url": "/api/reportes/inventario"
    }
    [35mres[39m: {
      "statusCode": 200
    }
    [35mresponseTime[39m: 17
[05:52:53.554] [32mINFO[39m (5439): [36mrequest completed[39m
    [35mreq[39m: {
      "id": 31,
      "method": "GET",
      "url": "/api/productos"
    }
    [35mres[39m: {
      "statusCode": 200
    }
    [35mresponseTime[39m: 7
[05:52:53.561] [32mINFO[39m (5439): [36mrequest completed[39m
    [35mreq[39m: {
      "id": 32,
      "method": "GET",
      "url": "/api/productos"
    }
    [35mres[39m: {
      "statusCode": 200
    }
    [35mresponseTime[39m: 6
[05:52:53.570] [32mINFO[39m (5439): [36mrequest completed[39m
    [35mreq[39m: {
      "id": 33,
      "method": "GET",
      "url": "/api/productos"
    }
    [35mres[39m: {
      "statusCode": 200
    }
    [35mresponseTime[39m: 7
[05:52:53.578] [32mINFO[39m (5439): [36mrequest completed[39m
    [35mreq[39m: {
      "id": 34,
      "method": "GET",
      "url": "/api/productos"
    }
    [35mres[39m: {
      "statusCode": 200
    }
    [35mresponseTime[39m: 7
[05:52:53.586] [32mINFO[39m (5439): [36mrequest completed[39m
    [35mreq[39m: {
      "id": 35,
      "method": "GET",
      "url": "/api/productos/6"
    }
    [35mres[39m: {
      "statusCode": 200
    }
    [35mresponseTime[39m: 7
[05:52:53.594] [32mINFO[39m (5439): [36mrequest completed[39m
    [35mreq[39m: {
      "id": 36,
      "method": "GET",
      "url": "/api/productos/10"
    }
    [35mres[39m: {
      "statusCode": 200
    }
    [35mresponseTime[39m: 7
[05:52:53.600] [32mINFO[39m (5439): [36mrequest completed[39m
    [35mreq[39m: {
      "id": 37,
      "method": "GET",
      "url": "/api/inventario/existencias/agrupadas"
    }
    [35mres[39m: {
      "statusCode": 200
    }
    [35mresponseTime[39m: 5
[05:52:53.608] [32mINFO[39m (5439): [36mrequest completed[39m
    [35mreq[39m: {
      "id": 38,
      "method": "GET",
      "url": "/api/dashboard"
    }
    [35mres[39m: {
      "statusCode": 200
    }
    [35mresponseTime[39m: 7
[05:52:53.616] [32mINFO[39m (5439): [36mrequest completed[39m
    [35mreq[39m: {
      "id": 39,
      "method": "GET",
      "url": "/api/dashboard"
    }
    [35mres[39m: {
      "statusCode": 200
    }
    [35mresponseTime[39m: 7
[05:52:53.625] [32mINFO[39m (5439): [36mrequest completed[39m
    [35mreq[39m: {
      "id": 40,
      "method": "GET",
      "url": "/api/productos"
    }
    [35mres[39m: {
      "statusCode": 200
    }
    [35mresponseTime[39m: 9
[05:52:53.648] [32mINFO[39m (5439): [36mrequest completed[39m
    [35mreq[39m: {
      "id": 41,
      "method": "GET",
      "url": "/api/productos/1"
    }
    [35mres[39m: {
      "statusCode": 200
    }
    [35mresponseTime[39m: 21
[05:52:53.669] [32mINFO[39m (5439): [36mrequest completed[39m
    [35mreq[39m: {
      "id": 42,
      "method": "GET",
      "url": "/api/productos/2"
    }
    [35mres[39m: {
      "statusCode": 200
    }
    [35mresponseTime[39m: 40
[05:52:53.670] [32mINFO[39m (5439): [36mrequest completed[39m
    [35mreq[39m: {
      "id": 43,
      "method": "GET",
      "url": "/api/productos/3"
    }
    [35mres[39m: {
      "statusCode": 200
    }
    [35mresponseTime[39m: 39
[05:52:53.671] [32mINFO[39m (5439): [36mrequest completed[39m
    [35mreq[39m: {
      "id": 44,
      "method": "GET",
      "url": "/api/productos/4"
    }
    [35mres[39m: {
      "statusCode": 200
    }
    [35mresponseTime[39m: 39
[05:52:53.676] [32mINFO[39m (5439): [36mrequest completed[39m
    [35mreq[39m: {
      "id": 45,
      "method": "GET",
      "url": "/api/productos/5"
    }
    [35mres[39m: {
      "statusCode": 200
    }
    [35mresponseTime[39m: 43
[05:52:53.681] [32mINFO[39m (5439): [36mrequest completed[39m
    [35mreq[39m: {
      "id": 47,
      "method": "GET",
      "url": "/api/productos/7"
    }
    [35mres[39m: {
      "statusCode": 200
    }
    [35mresponseTime[39m: 44
[05:52:53.684] [32mINFO[39m (5439): [36mrequest completed[39m
    [35mreq[39m: {
      "id": 50,
      "method": "GET",
      "url": "/api/productos/10"
    }
    [35mres[39m: {
      "statusCode": 200
    }
    [35mresponseTime[39m: 40
[05:52:53.686] [32mINFO[39m (5439): [36mrequest completed[39m
    [35mreq[39m: {
      "id": 49,
      "method": "GET",
      "url": "/api/productos/9"
    }
    [35mres[39m: {
      "statusCode": 200
    }
    [35mresponseTime[39m: 43
[05:52:53.689] [32mINFO[39m (5439): [36mrequest completed[39m
    [35mreq[39m: {
      "id": 48,
      "method": "GET",
      "url": "/api/productos/8"
    }
    [35mres[39m: {
      "statusCode": 200
    }
    [35mresponseTime[39m: 49
[05:52:53.689] [32mINFO[39m (5439): [36mrequest completed[39m
    [35mreq[39m: {
      "id": 46,
      "method": "GET",
      "url": "/api/productos/6"
    }
    [35mres[39m: {
      "statusCode": 200
    }
    [35mresponseTime[39m: 55
[05:52:53.708] [32mINFO[39m (5439): [36mrequest completed[39m
    [35mreq[39m: {
      "id": 51,
      "method": "GET",
      "url": "/api/reportes/inventario"
    }
    [35mres[39m: {
      "statusCode": 200
    }
    [35mresponseTime[39m: 18
[05:52:53.740] [32mINFO[39m (5439): [36mrequest completed[39m
    [35mreq[39m: {
      "id": 52,
      "method": "GET",
      "url": "/api/inventario/existencias/agrupadas"
    }
    [35mres[39m: {
      "statusCode": 200
    }
    [35mresponseTime[39m: 4
[05:52:53.748] [32mINFO[39m (5439): [36mrequest completed[39m
    [35mreq[39m: {
      "id": 53,
      "method": "GET",
      "url": "/api/dashboard"
    }
    [35mres[39m: {
      "statusCode": 200
    }
    [35mresponseTime[39m: 7
[05:52:53.756] [32mINFO[39m (5439): [36mrequest completed[39m
    [35mreq[39m: {
      "id": 54,
      "method": "GET",
      "url": "/api/dashboard"
    }
    [35mres[39m: {
      "statusCode": 200
    }
    [35mresponseTime[39m: 7
[05:52:53.764] [32mINFO[39m (5439): [36mrequest completed[39m
    [35mreq[39m: {
      "id": 55,
      "method": "GET",
      "url": "/api/productos"
    }
    [35mres[39m: {
      "statusCode": 200
    }
    [35mresponseTime[39m: 7
[05:52:53.778] [32mINFO[39m (5439): [36mrequest completed[39m
    [35mreq[39m: {
      "id": 56,
      "method": "GET",
      "url": "/api/productos/1"
    }
    [35mres[39m: {
      "statusCode": 200
    }
    [35mresponseTime[39m: 13
[05:52:53.783] [32mINFO[39m (5439): [36mrequest completed[39m
    [35mreq[39m: {
      "id": 57,
      "method": "GET",
      "url": "/api/productos/2"
    }
    [35mres[39m: {
      "statusCode": 200
    }
    [35mresponseTime[39m: 17
[05:52:53.786] [32mINFO[39m (5439): [36mrequest completed[39m
    [35mreq[39m: {
      "id": 64,
      "method": "GET",
      "url": "/api/productos/9"
    }
    [35mres[39m: {
      "statusCode": 200
    }
    [35mresponseTime[39m: 20
[05:52:53.789] [32mINFO[39m (5439): [36mrequest completed[39m
    [35mreq[39m: {
      "id": 63,
      "method": "GET",
      "url": "/api/productos/8"
    }
    [35mres[39m: {
      "statusCode": 200
    }
    [35mresponseTime[39m: 23
[05:52:53.793] [32mINFO[39m (5439): [36mrequest completed[39m
    [35mreq[39m: {
      "id": 62,
      "method": "GET",
      "url": "/api/productos/7"
    }
    [35mres[39m: {
      "statusCode": 200
    }
    [35mresponseTime[39m: 27
[05:52:53.794] [32mINFO[39m (5439): [36mrequest completed[39m
    [35mreq[39m: {
      "id": 59,
      "method": "GET",
      "url": "/api/productos/4"
    }
    [35mres[39m: {
      "statusCode": 200
    }
    [35mresponseTime[39m: 28
[05:52:53.798] [32mINFO[39m (5439): [36mrequest completed[39m
    [35mreq[39m: {
      "id": 65,
      "method": "GET",
      "url": "/api/productos/10"
    }
    [35mres[39m: {
      "statusCode": 200
    }
    [35mresponseTime[39m: 32
[05:52:53.801] [32mINFO[39m (5439): [36mrequest completed[39m
    [35mreq[39m: {
      "id": 60,
      "method": "GET",
      "url": "/api/productos/5"
    }
    [35mres[39m: {
      "statusCode": 200
    }
    [35mresponseTime[39m: 35
[05:52:53.802] [32mINFO[39m (5439): [36mrequest completed[39m
    [35mreq[39m: {
      "id": 58,
      "method": "GET",
      "url": "/api/productos/3"
    }
    [35mres[39m: {
      "statusCode": 200
    }
    [35mresponseTime[39m: 36
[05:52:53.804] [32mINFO[39m (5439): [36mrequest completed[39m
    [35mreq[39m: {
      "id": 61,
      "method": "GET",
      "url": "/api/productos/6"
    }
    [35mres[39m: {
      "statusCode": 200
    }
    [35mresponseTime[39m: 38
[05:52:53.821] [32mINFO[39m (5439): [36mrequest completed[39m
    [35mreq[39m: {
      "id": 66,
      "method": "GET",
      "url": "/api/reportes/inventario"
    }
    [35mres[39m: {
      "statusCode": 200
    }
    [35mresponseTime[39m: 16
[05:52:53.832] [32mINFO[39m (5439): [36mrequest completed[39m
    [35mreq[39m: {
      "id": 67,
      "method": "GET",
      "url": "/api/inventario/existencias/agrupadas"
    }
    [35mres[39m: {
      "statusCode": 200
    }
    [35mresponseTime[39m: 7
[05:52:53.840] [32mINFO[39m (5439): [36mrequest completed[39m
    [35mreq[39m: {
      "id": 68,
      "method": "GET",
      "url": "/api/dashboard"
    }
    [35mres[39m: {
      "statusCode": 200
    }
    [35mresponseTime[39m: 7
[05:52:53.848] [32mINFO[39m (5439): [36mrequest completed[39m
    [35mreq[39m: {
      "id": 69,
      "method": "GET",
      "url": "/api/dashboard"
    }
    [35mres[39m: {
      "statusCode": 200
    }
    [35mresponseTime[39m: 7
[05:52:53.856] [32mINFO[39m (5439): [36mrequest completed[39m
    [35mreq[39m: {
      "id": 70,
      "method": "GET",
      "url": "/api/productos"
    }
    [35mres[39m: {
      "statusCode": 200
    }
    [35mresponseTime[39m: 7
[05:52:53.868] [32mINFO[39m (5439): [36mrequest completed[39m
    [35mreq[39m: {
      "id": 71,
      "method": "GET",
      "url": "/api/productos/1"
    }
    [35mres[39m: {
      "statusCode": 200
    }
    [35mresponseTime[39m: 11
[05:52:53.871] [32mINFO[39m (5439): [36mrequest completed[39m
    [35mreq[39m: {
      "id": 72,
      "method": "GET",
      "url": "/api/productos/2"
    }
    [35mres[39m: {
      "statusCode": 200
    }
    [35mresponseTime[39m: 14
[05:52:53.874] [32mINFO[39m (5439): [36mrequest completed[39m
    [35mreq[39m: {
      "id": 80,
      "method": "GET",
      "url": "/api/productos/10"
    }
    [35mres[39m: {
      "statusCode": 200
    }
    [35mresponseTime[39m: 16
[05:52:53.876] [32mINFO[39m (5439): [36mrequest completed[39m
    [35mreq[39m: {
      "id": 79,
      "method": "GET",
      "url": "/api/productos/9"
    }
    [35mres[39m: {
      "statusCode": 200
    }
    [35mresponseTime[39m: 18
[05:52:53.880] [32mINFO[39m (5439): [36mrequest completed[39m
    [35mreq[39m: {
      "id": 74,
      "method": "GET",
      "url": "/api/productos/4"
    }
    [35mres[39m: {
      "statusCode": 200
    }
    [35mresponseTime[39m: 23
[05:52:53.886] [32mINFO[39m (5439): [36mrequest completed[39m
    [35mreq[39m: {
      "id": 78,
      "method": "GET",
      "url": "/api/productos/8"
    }
    [35mres[39m: {
      "statusCode": 200
    }
    [35mresponseTime[39m: 28
[05:52:53.886] [32mINFO[39m (5439): [36mrequest completed[39m
    [35mreq[39m: {
      "id": 77,
      "method": "GET",
      "url": "/api/productos/7"
    }
    [35mres[39m: {
      "statusCode": 200
    }
    [35mresponseTime[39m: 28
[05:52:53.890] [32mINFO[39m (5439): [36mrequest completed[39m
    [35mreq[39m: {
      "id": 73,
      "method": "GET",
      "url": "/api/productos/3"
    }
    [35mres[39m: {
      "statusCode": 200
    }
    [35mresponseTime[39m: 33
[05:52:53.893] [32mINFO[39m (5439): [36mrequest completed[39m
    [35mreq[39m: {
      "id": 76,
      "method": "GET",
      "url": "/api/productos/6"
    }
    [35mres[39m: {
      "statusCode": 200
    }
    [35mresponseTime[39m: 36
[05:52:53.897] [32mINFO[39m (5439): [36mrequest completed[39m
    [35mreq[39m: {
      "id": 75,
      "method": "GET",
      "url": "/api/productos/5"
    }
    [35mres[39m: {
      "statusCode": 200
    }
    [35mresponseTime[39m: 40
[05:52:53.919] [32mINFO[39m (5439): [36mrequest completed[39m
    [35mreq[39m: {
      "id": 81,
      "method": "GET",
      "url": "/api/reportes/inventario"
    }
    [35mres[39m: {
      "statusCode": 200
    }
    [35mresponseTime[39m: 21
[05:52:53.929] [32mINFO[39m (5439): [36mrequest completed[39m
    [35mreq[39m: {
      "id": 82,
      "method": "GET",
      "url": "/api/inventario/existencias/agrupadas"
    }
    [35mres[39m: {
      "statusCode": 200
    }
    [35mresponseTime[39m: 5
[05:52:53.938] [32mINFO[39m (5439): [36mrequest completed[39m
    [35mreq[39m: {
      "id": 83,
      "method": "GET",
      "url": "/api/dashboard"
    }
    [35mres[39m: {
      "statusCode": 200
    }
    [35mresponseTime[39m: 8
[05:52:53.945] [32mINFO[39m (5439): [36mrequest completed[39m
    [35mreq[39m: {
      "id": 84,
      "method": "GET",
      "url": "/api/dashboard"
    }
    [35mres[39m: {
      "statusCode": 200
    }
    [35mresponseTime[39m: 6
[05:52:53.953] [32mINFO[39m (5439): [36mrequest completed[39m
    [35mreq[39m: {
      "id": 85,
      "method": "GET",
      "url": "/api/productos"
    }
    [35mres[39m: {
      "statusCode": 200
    }
    [35mresponseTime[39m: 7
[05:52:53.968] [32mINFO[39m (5439): [36mrequest completed[39m
    [35mreq[39m: {
      "id": 86,
      "method": "GET",
      "url": "/api/productos/1"
    }
    [35mres[39m: {
      "statusCode": 200
    }
    [35mresponseTime[39m: 13
[05:52:53.971] [32mINFO[39m (5439): [36mrequest completed[39m
    [35mreq[39m: {
      "id": 87,
      "method": "GET",
      "url": "/api/productos/2"
    }
    [35mres[39m: {
      "statusCode": 200
    }
    [35mresponseTime[39m: 15
[05:52:53.975] [32mINFO[39m (5439): [36mrequest completed[39m
    [35mreq[39m: {
      "id": 94,
      "method": "GET",
      "url": "/api/productos/9"
    }
    [35mres[39m: {
      "statusCode": 200
    }
    [35mresponseTime[39m: 19
[05:52:53.977] [32mINFO[39m (5439): [36mrequest completed[39m
    [35mreq[39m: {
      "id": 90,
      "method": "GET",
      "url": "/api/productos/5"
    }
    [35mres[39m: {
      "statusCode": 200
    }
    [35mresponseTime[39m: 21
[05:52:53.984] [32mINFO[39m (5439): [36mrequest completed[39m
    [35mreq[39m: {
      "id": 88,
      "method": "GET",
      "url": "/api/productos/3"
    }
    [35mres[39m: {
      "statusCode": 200
    }
    [35mresponseTime[39m: 28
[05:52:53.986] [32mINFO[39m (5439): [36mrequest completed[39m
    [35mreq[39m: {
      "id": 92,
      "method": "GET",
      "url": "/api/productos/7"
    }
    [35mres[39m: {
      "statusCode": 200
    }
    [35mresponseTime[39m: 30
[05:52:53.990] [32mINFO[39m (5439): [36mrequest completed[39m
    [35mreq[39m: {
      "id": 89,
      "method": "GET",
      "url": "/api/productos/4"
    }
    [35mres[39m: {
      "statusCode": 200
    }
    [35mresponseTime[39m: 34
[05:52:53.994] [32mINFO[39m (5439): [36mrequest completed[39m
    [35mreq[39m: {
      "id": 91,
      "method": "GET",
      "url": "/api/productos/6"
    }
    [35mres[39m: {
      "statusCode": 200
    }
    [35mresponseTime[39m: 37
[05:52:53.995] [32mINFO[39m (5439): [36mrequest completed[39m
    [35mreq[39m: {
      "id": 95,
      "method": "GET",
      "url": "/api/productos/10"
    }
    [35mres[39m: {
      "statusCode": 200
    }
    [35mresponseTime[39m: 39
[05:52:53.996] [32mINFO[39m (5439): [36mrequest completed[39m
    [35mreq[39m: {
      "id": 93,
      "method": "GET",
      "url": "/api/productos/8"
    }
    [35mres[39m: {
      "statusCode": 200
    }
    [35mresponseTime[39m: 40
[05:52:54.009] [32mINFO[39m (5439): [36mrequest completed[39m
    [35mreq[39m: {
      "id": 96,
      "method": "GET",
      "url": "/api/reportes/inventario"
    }
    [35mres[39m: {
      "statusCode": 200
    }
    [35mresponseTime[39m: 13
[05:52:54.028] [32mINFO[39m (5439): [36mrequest completed[39m
    [35mreq[39m: {
      "id": 97,
      "method": "GET",
      "url": "/api/inventario/existencias/agrupadas"
    }
    [35mres[39m: {
      "statusCode": 200
    }
    [35mresponseTime[39m: 8
[05:52:54.036] [32mINFO[39m (5439): [36mrequest completed[39m
    [35mreq[39m: {
      "id": 98,
      "method": "GET",
      "url": "/api/dashboard"
    }
    [35mres[39m: {
      "statusCode": 200
    }
    [35mresponseTime[39m: 7
[05:52:54.047] [32mINFO[39m (5439): [36mrequest completed[39m
    [35mreq[39m: {
      "id": 99,
      "method": "GET",
      "url": "/api/dashboard"
    }
    [35mres[39m: {
      "statusCode": 200
    }
    [35mresponseTime[39m: 10
[05:52:54.055] [32mINFO[39m (5439): [36mrequest completed[39m
    [35mreq[39m: {
      "id": 100,
      "method": "GET",
      "url": "/api/productos"
    }
    [35mres[39m: {
      "statusCode": 200
    }
    [35mresponseTime[39m: 8
[05:52:54.073] [32mINFO[39m (5439): [36mrequest completed[39m
    [35mreq[39m: {
      "id": 101,
      "method": "GET",
      "url": "/api/productos/1"
    }
    [35mres[39m: {
      "statusCode": 200
    }
    [35mresponseTime[39m: 16
[05:52:54.082] [32mINFO[39m (5439): [36mrequest completed[39m
    [35mreq[39m: {
      "id": 102,
      "method": "GET",
      "url": "/api/productos/2"
    }
    [35mres[39m: {
      "statusCode": 200
    }
    [35mresponseTime[39m: 25
[05:52:54.085] [32mINFO[39m (5439): [36mrequest completed[39m
    [35mreq[39m: {
      "id": 109,
      "method": "GET",
      "url": "/api/productos/9"
    }
    [35mres[39m: {
      "statusCode": 200
    }
    [35mresponseTime[39m: 27
[05:52:54.090] [32mINFO[39m (5439): [36mrequest completed[39m
    [35mreq[39m: {
      "id": 107,
      "method": "GET",
      "url": "/api/productos/7"
    }
    [35mres[39m: {
      "statusCode": 200
    }
    [35mresponseTime[39m: 32
[05:52:54.092] [32mINFO[39m (5439): [36mrequest completed[39m
    [35mreq[39m: {
      "id": 108,
      "method": "GET",
      "url": "/api/productos/8"
    }
    [35mres[39m: {
      "statusCode": 200
    }
    [35mresponseTime[39m: 34
[05:52:54.097] [32mINFO[39m (5439): [36mrequest completed[39m
    [35mreq[39m: {
      "id": 106,
      "method": "GET",
      "url": "/api/productos/6"
    }
    [35mres[39m: {
      "statusCode": 200
    }
    [35mresponseTime[39m: 39
[05:52:54.101] [32mINFO[39m (5439): [36mrequest completed[39m
    [35mreq[39m: {
      "id": 110,
      "method": "GET",
      "url": "/api/productos/10"
    }
    [35mres[39m: {
      "statusCode": 200
    }
    [35mresponseTime[39m: 43
[05:52:54.103] [32mINFO[39m (5439): [36mrequest completed[39m
    [35mreq[39m: {
      "id": 103,
      "method": "GET",
      "url": "/api/productos/3"
    }
    [35mres[39m: {
      "statusCode": 200
    }
    [35mresponseTime[39m: 46
[05:52:54.104] [32mINFO[39m (5439): [36mrequest completed[39m
    [35mreq[39m: {
      "id": 104,
      "method": "GET",
      "url": "/api/productos/4"
    }
    [35mres[39m: {
      "statusCode": 200
    }
    [35mresponseTime[39m: 47
[05:52:54.105] [32mINFO[39m (5439): [36mrequest completed[39m
    [35mreq[39m: {
      "id": 105,
      "method": "GET",
      "url": "/api/productos/5"
    }
    [35mres[39m: {
      "statusCode": 200
    }
    [35mresponseTime[39m: 48
[05:52:54.124] [32mINFO[39m (5439): [36mrequest completed[39m
    [35mreq[39m: {
      "id": 111,
      "method": "GET",
      "url": "/api/reportes/inventario"
    }
    [35mres[39m: {
      "statusCode": 200
    }
    [35mresponseTime[39m: 18
[05:52:54.146] [32mINFO[39m (5439): [36mrequest completed[39m
    [35mreq[39m: {
      "id": 112,
      "method": "GET",
      "url": "/api/inventario/existencias/agrupadas"
    }
    [35mres[39m: {
      "statusCode": 200
    }
    [35mresponseTime[39m: 5
[05:52:54.153] [32mINFO[39m (5439): [36mrequest completed[39m
    [35mreq[39m: {
      "id": 113,
      "method": "GET",
      "url": "/api/dashboard"
    }
    [35mres[39m: {
      "statusCode": 200
    }
    [35mresponseTime[39m: 6
[05:52:54.159] [32mINFO[39m (5439): [36mrequest completed[39m
    [35mreq[39m: {
      "id": 114,
      "method": "GET",
      "url": "/api/dashboard"
    }
    [35mres[39m: {
      "statusCode": 200
    }
    [35mresponseTime[39m: 6
[05:52:54.169] [32mINFO[39m (5439): [36mrequest completed[39m
    [35mreq[39m: {
      "id": 115,
      "method": "GET",
      "url": "/api/productos"
    }
    [35mres[39m: {
      "statusCode": 200
    }
    [35mresponseTime[39m: 9
[05:52:54.184] [32mINFO[39m (5439): [36mrequest completed[39m
    [35mreq[39m: {
      "id": 116,
      "method": "GET",
      "url": "/api/productos/1"
    }
    [35mres[39m: {
      "statusCode": 200
    }
    [35mresponseTime[39m: 13
[05:52:54.186] [32mINFO[39m (5439): [36mrequest completed[39m
    [35mreq[39m: {
      "id": 117,
      "method": "GET",
      "url": "/api/productos/2"
    }
    [35mres[39m: {
      "statusCode": 200
    }
    [35mresponseTime[39m: 15
[05:52:54.189] [32mINFO[39m (5439): [36mrequest completed[39m
    [35mreq[39m: {
      "id": 125,
      "method": "GET",
      "url": "/api/productos/10"
    }
    [35mres[39m: {
      "statusCode": 200
    }
    [35mresponseTime[39m: 17
[05:52:54.192] [32mINFO[39m (5439): [36mrequest completed[39m
    [35mreq[39m: {
      "id": 123,
      "method": "GET",
      "url": "/api/productos/8"
    }
    [35mres[39m: {
      "statusCode": 200
    }
    [35mresponseTime[39m: 20
[05:52:54.195] [32mINFO[39m (5439): [36mrequest completed[39m
    [35mreq[39m: {
      "id": 121,
      "method": "GET",
      "url": "/api/productos/6"
    }
    [35mres[39m: {
      "statusCode": 200
    }
    [35mresponseTime[39m: 24
[05:52:54.198] [32mINFO[39m (5439): [36mrequest completed[39m
    [35mreq[39m: {
      "id": 122,
      "method": "GET",
      "url": "/api/productos/7"
    }
    [35mres[39m: {
      "statusCode": 200
    }
    [35mresponseTime[39m: 26
[05:52:54.199] [32mINFO[39m (5439): [36mrequest completed[39m
    [35mreq[39m: {
      "id": 120,
      "method": "GET",
      "url": "/api/productos/5"
    }
    [35mres[39m: {
      "statusCode": 200
    }
    [35mresponseTime[39m: 28
[05:52:54.203] [32mINFO[39m (5439): [36mrequest completed[39m
    [35mreq[39m: {
      "id": 118,
      "method": "GET",
      "url": "/api/productos/3"
    }
    [35mres[39m: {
      "statusCode": 200
    }
    [35mresponseTime[39m: 32
[05:52:54.205] [32mINFO[39m (5439): [36mrequest completed[39m
    [35mreq[39m: {
      "id": 124,
      "method": "GET",
      "url": "/api/productos/9"
    }
    [35mres[39m: {
      "statusCode": 200
    }
    [35mresponseTime[39m: 33
[05:52:54.208] [32mINFO[39m (5439): [36mrequest completed[39m
    [35mreq[39m: {
      "id": 119,
      "method": "GET",
      "url": "/api/productos/4"
    }
    [35mres[39m: {
      "statusCode": 200
    }
    [35mresponseTime[39m: 37
[05:52:54.221] [32mINFO[39m (5439): [36mrequest completed[39m
    [35mreq[39m: {
      "id": 126,
      "method": "GET",
      "url": "/api/reportes/inventario"
    }
    [35mres[39m: {
      "statusCode": 200
    }
    [35mresponseTime[39m: 12
[05:52:54.231] [32mINFO[39m (5439): [36mrequest completed[39m
    [35mreq[39m: {
      "id": 127,
      "method": "GET",
      "url": "/api/inventario/existencias/agrupadas"
    }
    [35mres[39m: {
      "statusCode": 200
    }
    [35mresponseTime[39m: 7
[05:52:54.240] [32mINFO[39m (5439): [36mrequest completed[39m
    [35mreq[39m: {
      "id": 128,
      "method": "GET",
      "url": "/api/dashboard"
    }
    [35mres[39m: {
      "statusCode": 200
    }
    [35mresponseTime[39m: 8
[05:52:54.248] [32mINFO[39m (5439): [36mrequest completed[39m
    [35mreq[39m: {
      "id": 129,
      "method": "GET",
      "url": "/api/dashboard"
    }
    [35mres[39m: {
      "statusCode": 200
    }
    [35mresponseTime[39m: 7
[05:52:54.256] [32mINFO[39m (5439): [36mrequest completed[39m
    [35mreq[39m: {
      "id": 130,
      "method": "GET",
      "url": "/api/productos"
    }
    [35mres[39m: {
      "statusCode": 200
    }
    [35mresponseTime[39m: 8
[05:52:54.270] [32mINFO[39m (5439): [36mrequest completed[39m
    [35mreq[39m: {
      "id": 131,
      "method": "GET",
      "url": "/api/productos/1"
    }
    [35mres[39m: {
      "statusCode": 200
    }
    [35mresponseTime[39m: 12
[05:52:54.273] [32mINFO[39m (5439): [36mrequest completed[39m
    [35mreq[39m: {
      "id": 132,
      "method": "GET",
      "url": "/api/productos/2"
    }
    [35mres[39m: {
      "statusCode": 200
    }
    [35mresponseTime[39m: 15
[05:52:54.278] [32mINFO[39m (5439): [36mrequest completed[39m
    [35mreq[39m: {
      "id": 140,
      "method": "GET",
      "url": "/api/productos/10"
    }
    [35mres[39m: {
      "statusCode": 200
    }
    [35mresponseTime[39m: 19
[05:52:54.283] [32mINFO[39m (5439): [36mrequest completed[39m
    [35mreq[39m: {
      "id": 139,
      "method": "GET",
      "url": "/api/productos/9"
    }
    [35mres[39m: {
      "statusCode": 200
    }
    [35mresponseTime[39m: 24
[05:52:54.285] [32mINFO[39m (5439): [36mrequest completed[39m
    [35mreq[39m: {
      "id": 133,
      "method": "GET",
      "url": "/api/productos/3"
    }
    [35mres[39m: {
      "statusCode": 200
    }
    [35mresponseTime[39m: 27
[05:52:54.289] [32mINFO[39m (5439): [36mrequest completed[39m
    [35mreq[39m: {
      "id": 134,
      "method": "GET",
      "url": "/api/productos/4"
    }
    [35mres[39m: {
      "statusCode": 200
    }
    [35mresponseTime[39m: 31
[05:52:54.291] [32mINFO[39m (5439): [36mrequest completed[39m
    [35mreq[39m: {
      "id": 138,
      "method": "GET",
      "url": "/api/productos/8"
    }
    [35mres[39m: {
      "statusCode": 200
    }
    [35mresponseTime[39m: 32
[05:52:54.294] [32mINFO[39m (5439): [36mrequest completed[39m
    [35mreq[39m: {
      "id": 137,
      "method": "GET",
      "url": "/api/productos/7"
    }
    [35mres[39m: {
      "statusCode": 200
    }
    [35mresponseTime[39m: 35
[05:52:54.303] [32mINFO[39m (5439): [36mrequest completed[39m
    [35mreq[39m: {
      "id": 135,
      "method": "GET",
      "url": "/api/productos/5"
    }
    [35mres[39m: {
      "statusCode": 200
    }
    [35mresponseTime[39m: 45
[05:52:54.305] [32mINFO[39m (5439): [36mrequest completed[39m
    [35mreq[39m: {
      "id": 136,
      "method": "GET",
      "url": "/api/productos/6"
    }
    [35mres[39m: {
      "statusCode": 200
    }
    [35mresponseTime[39m: 47
[05:52:54.323] [32mINFO[39m (5439): [36mrequest completed[39m
    [35mreq[39m: {
      "id": 141,
      "method": "GET",
      "url": "/api/reportes/inventario"
    }
    [35mres[39m: {
      "statusCode": 200
    }
    [35mresponseTime[39m: 17
✔ Part 1 Block 5: six HTTP views share inventory truth and scope (4031.422241ms)
ℹ tests 1
ℹ suites 0
ℹ pass 1
ℹ fail 0
ℹ cancelled 0
ℹ skipped 0
ℹ todo 0
ℹ duration_ms 4371.233695
