[07:53:56.636] [32mINFO[39m (7233): [36mrequest completed[39m
    [35mreq[39m: {
      "id": 1,
      "method": "GET",
      "url": "/api/proveedores/1/compras"
    }
    [35mres[39m: {
      "statusCode": 200
    }
    [35mresponseTime[39m: 29
✔ compras y reportes respetan PROPIA y las compras usan fecha de recepción (2512.547589ms)
[07:53:56.659] [32mINFO[39m (7233): [36mrequest completed[39m
    [35mreq[39m: {
      "id": 2,
      "method": "GET",
      "url": "/api/proveedores/1/compras/1"
    }
    [35mres[39m: {
      "statusCode": 200
    }
    [35mresponseTime[39m: 14
[07:53:56.670] [32mINFO[39m (7233): [36mrequest completed[39m
    [35mreq[39m: {
      "id": 3,
      "method": "GET",
      "url": "/api/proveedores/1/compras/2"
    }
    [35mres[39m: {
      "statusCode": 404
    }
    [35mresponseTime[39m: 9
[07:53:56.702] [32mINFO[39m (7233): [36mrequest completed[39m
    [35mreq[39m: {
      "id": 4,
      "method": "GET",
      "url": "/api/reportes/catalogos"
    }
    [35mres[39m: {
      "statusCode": 200
    }
    [35mresponseTime[39m: 30
ℹ tests 1
ℹ suites 0
ℹ pass 1
ℹ fail 0
ℹ cancelled 0
ℹ skipped 0
ℹ todo 0
ℹ duration_ms 2719.487273
