[07:54:44.114] [32mINFO[39m (7846): [36mrequest completed[39m
    [35mreq[39m: {
      "id": 1,
      "method": "POST",
      "url": "/api/auth/login"
    }
    [35mres[39m: {
      "statusCode": 200
    }
    [35mresponseTime[39m: 51
[07:54:44.142] [32mINFO[39m (7846): [36mrequest completed[39m
    [35mreq[39m: {
      "id": 2,
      "method": "GET",
      "url": "/api/caja/tiendas/10/ventas/global"
    }
    [35mres[39m: {
      "statusCode": 200
    }
    [35mresponseTime[39m: 21
[07:54:44.161] [32mINFO[39m (7846): [36mrequest completed[39m
    [35mreq[39m: {
      "id": 3,
      "method": "GET",
      "url": "/api/caja/tiendas/10/ventas"
    }
    [35mres[39m: {
      "statusCode": 200
    }
    [35mresponseTime[39m: 17
[07:54:44.176] [32mINFO[39m (7846): [36mrequest completed[39m
    [35mreq[39m: {
      "id": 4,
      "method": "GET",
      "url": "/api/caja/tiendas/10/ventas"
    }
    [35mres[39m: {
      "statusCode": 200
    }
    [35mresponseTime[39m: 12
[07:54:44.191] [32mINFO[39m (7846): [36mrequest completed[39m
    [35mreq[39m: {
      "id": 5,
      "method": "GET",
      "url": "/api/caja/tiendas/10/ventas/global"
    }
    [35mres[39m: {
      "statusCode": 200
    }
    [35mresponseTime[39m: 14
[07:54:44.224] [32mINFO[39m (7846): [36mrequest completed[39m
    [35mreq[39m: {
      "id": 6,
      "method": "POST",
      "url": "/api/auth/login"
    }
    [35mres[39m: {
      "statusCode": 200
    }
    [35mresponseTime[39m: 31
[07:54:44.236] [32mINFO[39m (7846): [36mrequest completed[39m
    [35mreq[39m: {
      "id": 7,
      "method": "GET",
      "url": "/api/caja/tiendas/11/ventas/global"
    }
    [35mres[39m: {
      "statusCode": 403
    }
    [35mresponseTime[39m: 11
[07:54:44.266] [32mINFO[39m (7846): [36mrequest completed[39m
    [35mreq[39m: {
      "id": 8,
      "method": "POST",
      "url": "/api/auth/login"
    }
    [35mres[39m: {
      "statusCode": 200
    }
    [35mresponseTime[39m: 28
[07:54:44.278] [32mINFO[39m (7846): [36mrequest completed[39m
    [35mreq[39m: {
      "id": 9,
      "method": "GET",
      "url": "/api/caja/tiendas/10/ventas/global"
    }
    [35mres[39m: {
      "statusCode": 403
    }
    [35mresponseTime[39m: 11
✔ store sales global reports isolated sold-line hierarchy and enforces scope (2565.874638ms)
ℹ tests 1
ℹ suites 0
ℹ pass 1
ℹ fail 0
ℹ cancelled 0
ℹ skipped 0
ℹ todo 0
ℹ duration_ms 2845.440149
