[07:55:04.924] [32mINFO[39m (8178): [36mrequest completed[39m
    [35mreq[39m: {
      "id": 1,
      "method": "POST",
      "url": "/api/locations/10/pisos"
    }
    [35mres[39m: {
      "statusCode": 403
    }
    [35mresponseTime[39m: 26
[07:55:04.951] [32mINFO[39m (8178): [36mrequest completed[39m
    [35mreq[39m: {
      "id": 2,
      "method": "POST",
      "url": "/api/locations/10/pisos"
    }
    [35mres[39m: {
      "statusCode": 201
    }
    [35mresponseTime[39m: 20
[07:55:04.963] [32mINFO[39m (8178): [36mrequest completed[39m
    [35mreq[39m: {
      "id": 3,
      "method": "POST",
      "url": "/api/locations/10/pisos"
    }
    [35mres[39m: {
      "statusCode": 201
    }
    [35mresponseTime[39m: 10
[07:55:04.980] [32mINFO[39m (8178): [36mrequest completed[39m
    [35mreq[39m: {
      "id": 4,
      "method": "POST",
      "url": "/api/locations/10/pisos"
    }
    [35mres[39m: {
      "statusCode": 201
    }
    [35mresponseTime[39m: 15
[07:55:04.995] [32mINFO[39m (8178): [36mrequest completed[39m
    [35mreq[39m: {
      "id": 5,
      "method": "POST",
      "url": "/api/locations/12/pisos"
    }
    [35mres[39m: {
      "statusCode": 201
    }
    [35mresponseTime[39m: 13
[07:55:05.009] [32mINFO[39m (8178): [36mrequest completed[39m
    [35mreq[39m: {
      "id": 6,
      "method": "PATCH",
      "url": "/api/locations/10/pisos/1"
    }
    [35mres[39m: {
      "statusCode": 403
    }
    [35mresponseTime[39m: 7
[07:55:05.021] [32mINFO[39m (8178): [36mrequest completed[39m
    [35mreq[39m: {
      "id": 7,
      "method": "PATCH",
      "url": "/api/locations/10/pisos/2"
    }
    [35mres[39m: {
      "statusCode": 200
    }
    [35mresponseTime[39m: 10
[07:55:05.034] [32mINFO[39m (8178): [36mrequest completed[39m
    [35mreq[39m: {
      "id": 8,
      "method": "PATCH",
      "url": "/api/locations/10/pisos/3"
    }
    [35mres[39m: {
      "statusCode": 200
    }
    [35mresponseTime[39m: 11
[07:55:05.043] [32mINFO[39m (8178): [36mrequest completed[39m
    [35mreq[39m: {
      "id": 9,
      "method": "GET",
      "url": "/api/locations/10/pisos"
    }
    [35mres[39m: {
      "statusCode": 200
    }
    [35mresponseTime[39m: 7
▶ Task 58: pisos funcionan de extremo a extremo sin contaminar el kardex
  ✔ CRUD/listado usa sesión real, ADMIN administra y no ADMIN es rechazado (180.464795ms)
[07:55:05.056] [32mINFO[39m (8178): [36mrequest completed[39m
    [35mreq[39m: {
      "id": 10,
      "method": "GET",
      "url": "/api/locations/10/pisos"
    }
    [35mres[39m: {
      "statusCode": 200
    }
    [35mresponseTime[39m: 9
[07:55:05.073] [32mINFO[39m (8178): [36mrequest completed[39m
    [35mreq[39m: {
      "id": 11,
      "method": "POST",
      "url": "/api/inventario/entradas"
    }
    [35mres[39m: {
      "statusCode": 400
    }
    [35mresponseTime[39m: 13
[07:55:05.083] [32mINFO[39m (8178): [36mrequest completed[39m
    [35mreq[39m: {
      "id": 12,
      "method": "POST",
      "url": "/api/inventario/entradas"
    }
    [35mres[39m: {
      "statusCode": 400
    }
    [35mresponseTime[39m: 8
[07:55:05.092] [32mINFO[39m (8178): [36mrequest completed[39m
    [35mreq[39m: {
      "id": 13,
      "method": "POST",
      "url": "/api/inventario/entradas"
    }
    [35mres[39m: {
      "statusCode": 400
    }
    [35mresponseTime[39m: 7
[07:55:05.121] [32mINFO[39m (8178): [36mrequest completed[39m
    [35mreq[39m: {
      "id": 14,
      "method": "POST",
      "url": "/api/inventario/entradas"
    }
    [35mres[39m: {
      "statusCode": 201
    }
    [35mresponseTime[39m: 27
  ✔ entrada exige piso sólo si el sitio lo tiene y valida pertenencia/actividad (91.290509ms)
[07:55:05.149] [32mINFO[39m (8178): [36mrequest completed[39m
    [35mreq[39m: {
      "id": 15,
      "method": "POST",
      "url": "/api/inventario/entradas"
    }
    [35mres[39m: {
      "statusCode": 201
    }
    [35mresponseTime[39m: 26
[07:55:05.168] [32mINFO[39m (8178): [36mrequest completed[39m
    [35mreq[39m: {
      "id": 16,
      "method": "PATCH",
      "url": "/api/inventario/rollos/2/piso"
    }
    [35mres[39m: {
      "statusCode": 200
    }
    [35mresponseTime[39m: 16
  ✔ cambio y filtro por piso son físicos: Bitácora sí, movimientos/existencias no (29.500012ms)
[07:55:05.179] [32mINFO[39m (8178): [36mrequest completed[39m
    [35mreq[39m: {
      "id": 17,
      "method": "GET",
      "url": "/api/inventario/rollos"
    }
    [35mres[39m: {
      "statusCode": 200
    }
    [35mresponseTime[39m: 9
[07:55:05.233] [32mINFO[39m (8178): [36mrequest completed[39m
    [35mreq[39m: {
      "id": 18,
      "method": "POST",
      "url": "/api/salidas/1/recibir"
    }
    [35mres[39m: {
      "statusCode": 403
    }
    [35mresponseTime[39m: 7
  ✔ tránsito limpia piso y recepción exige/asigna el piso destino (83.158669ms)
  ✔ auditoría reporta MAL_ACOMODADO, confirma sólo piso y deja carreras manuales (137.247179ms)
✔ Task 58: pisos funcionan de extremo a extremo sin contaminar el kardex (2878.465225ms)
ℹ tests 6
ℹ suites 0
ℹ pass 6
ℹ fail 0
ℹ cancelled 0
ℹ skipped 0
ℹ todo 0
ℹ duration_ms 3094.055036
