TAP version 13
# Subtest: E7-ATTRIBUTION-REAL-DOCUMENTS-AND-LEGENDS
not ok 1 - E7-ATTRIBUTION-REAL-DOCUMENTS-AND-LEGENDS
  ---
  duration_ms: 165.016102
  type: 'test'
  location: '/tmp/e7-native-CAuw6p/E7-ATTRIBUTION-REAL-DOCUMENTS-AND-LEGENDS-red/test.mjs:258974:1'
  failureType: 'testCodeFailure'
  error: |-
    The input did not match the regular expression /El resumen global de crédito considera todos los sitios\./. Input:
    
    '\n' +
      'Alcance: GLOBAL; sitios: Global\n' +
      'Generado en: 2026-02-01T12:00:00.000Z\n' +
      'Cobranza total con puente histórico: 145.00\n' +
      'Recepción física atestada: 150.00\n' +
      'Aplicaciones netas a notas: 135.00 (no segundo ingreso)\n' +
      'Retenido pendiente del alcance al generar: 15.00 (no favor ni deuda pagada)'
    
  code: 'ERR_ASSERTION'
  name: 'AssertionError'
  expected:
  actual: |-
    
    Alcance: GLOBAL; sitios: Global
    Generado en: 2026-02-01T12:00:00.000Z
    Cobranza total con puente histórico: 145.00
    Recepción física atestada: 150.00
    Aplicaciones netas a notas: 135.00 (no segundo ingreso)
    Retenido pendiente del alcance al generar: 15.00 (no favor ni deuda pagada)
  operator: 'match'
  stack: |-
    TestContext.<anonymous> (file:///tmp/e7-native-CAuw6p/E7-ATTRIBUTION-REAL-DOCUMENTS-AND-LEGENDS-red/test.mjs:258984:45)
    async Test.run (node:internal/test_runner/test:1113:7)
    async startSubtestAfterBootstrap (node:internal/test_runner/harness:358:3)
  ...
1..1
# tests 1
# suites 0
# pass 0
# fail 1
# cancelled 0
# skipped 0
# todo 0
# duration_ms 694.976093

