TAP version 13
Encountered two children with the same key, `[7,"ADMIN",null,3,"bbbbbbbbbbbbbbbbbbbbbbbbbbbbbbbbbbbbbbbbbbbbbbbbbbbbbbbbbbbbbbbb",["FISCAL_LEER"]]`. Keys should be unique so that components maintain their identity across updates. Non-unique keys may cause children to be duplicated and/or omitted — the behavior is unsupported and could change in a future version.
# Subtest: E11-RECOVERY-POST-REPLAY-EXACT
not ok 1 - E11-RECOVERY-POST-REPLAY-EXACT
  ---
  duration_ms: 275.101708
  type: 'test'
  location: '/tmp/e11-node-4nCvXd/E11-RECOVERY-POST-REPLAY-EXACT-red/artifacts/mariana-textil/case.test.cjs:71984:27'
  failureType: 'testCodeFailure'
  error: |-
    E11-RECOVERY-POST-REPLAY-EXACT
    + actual - expected
    
      {
        identidadVersion: 'bbbbbbbbbbbbbbbbbbbbbbbbbbbbbbbbbbbbbbbbbbbbbbbbbbbbbbbbbbbbbbbb',
        motivo: 'Evidencia documental revisada',
        revisionEsperada: 'cccccccccccccccccccccccccccccccccccccccccccccccccccccccccccccccc',
    +   uuid: '1f678eb0-25bc-4d4f-818d-e4fcde858b02'
    -   uuid: 'adf34ee1-822d-4327-979c-0f6860deab1c'
      }
    
  code: 'ERR_ASSERTION'
  name: 'AssertionError'
  expected:
    uuid: 'adf34ee1-822d-4327-979c-0f6860deab1c'
    revisionEsperada: 'cccccccccccccccccccccccccccccccccccccccccccccccccccccccccccccccc'
    identidadVersion: 'bbbbbbbbbbbbbbbbbbbbbbbbbbbbbbbbbbbbbbbbbbbbbbbbbbbbbbbbbbbbbbbb'
    motivo: 'Evidencia documental revisada'
  actual:
    uuid: '1f678eb0-25bc-4d4f-818d-e4fcde858b02'
    revisionEsperada: 'cccccccccccccccccccccccccccccccccccccccccccccccccccccccccccccccc'
    identidadVersion: 'bbbbbbbbbbbbbbbbbbbbbbbbbbbbbbbbbbbbbbbbbbbbbbbbbbbbbbbbbbbbbbbb'
    motivo: 'Evidencia documental revisada'
  operator: 'deepStrictEqual'
  stack: |-
    TestContext.<anonymous> (/tmp/e11-node-4nCvXd/E11-RECOVERY-POST-REPLAY-EXACT-red/artifacts/mariana-textil/case.test.cjs:71991:25)
    async Test.run (node:internal/test_runner/test:1113:7)
    async startSubtestAfterBootstrap (node:internal/test_runner/harness:358:3)
  ...
1..1
# tests 1
# suites 0
# pass 0
# fail 1
# cancelled 0
# skipped 0
# todo 0
# duration_ms 2511.144043
