TAP version 13
Encountered two children with the same key, `[7,"ADMIN",null,3,"bbbbbbbbbbbbbbbbbbbbbbbbbbbbbbbbbbbbbbbbbbbbbbbbbbbbbbbbbbbbbbbb",["FISCAL_LEER"]]`. Keys should be unique so that components maintain their identity across updates. Non-unique keys may cause children to be duplicated and/or omitted — the behavior is unsupported and could change in a future version.
# Subtest: E11-RECOVERY-POST-CAS-TERMINAL
not ok 1 - E11-RECOVERY-POST-CAS-TERMINAL
  ---
  duration_ms: 242.130435
  type: 'test'
  location: '/tmp/e11-node-4nCvXd/E11-RECOVERY-POST-CAS-TERMINAL-red/artifacts/mariana-textil/case.test.cjs:72016:27'
  failureType: 'testCodeFailure'
  error: |-
    E11-RECOVERY-POST-CAS-TERMINAL
    
    false !== true
    
  code: 'ERR_ASSERTION'
  name: 'AssertionError'
  expected: true
  actual: false
  operator: 'strictEqual'
  stack: |-
    check (/tmp/e11-node-4nCvXd/E11-RECOVERY-POST-CAS-TERMINAL-red/artifacts/mariana-textil/case.test.cjs:70734:46)
    TestContext.<anonymous> (/tmp/e11-node-4nCvXd/E11-RECOVERY-POST-CAS-TERMINAL-red/artifacts/mariana-textil/case.test.cjs:72023:3)
    async Test.run (node:internal/test_runner/test:1113:7)
    async startSubtestAfterBootstrap (node:internal/test_runner/harness:358:3)
  ...
1..1
# tests 1
# suites 0
# pass 0
# fail 1
# cancelled 0
# skipped 0
# todo 0
# duration_ms 2540.293844
