TAP version 13
Encountered two children with the same key, `[7,"ADMIN",null,3,"permissions-v3",["PERFILES_ADMINISTRAR"]]`. Keys should be unique so that components maintain their identity across updates. Non-unique keys may cause children to be duplicated and/or omitted — the behavior is unsupported and could change in a future version.
# Subtest: E11-HISTORY-PAGE
not ok 1 - E11-HISTORY-PAGE
  ---
  duration_ms: 299.579373
  type: 'test'
  location: '/tmp/e11-node-4nCvXd/E11-HISTORY-PAGE-red/artifacts/mariana-textil/case.test.cjs:71519:27'
  failureType: 'testCodeFailure'
  error: |-
    E11-HISTORY-PAGE
    
    false !== true
    
  code: 'ERR_ASSERTION'
  name: 'AssertionError'
  expected: true
  actual: false
  operator: 'strictEqual'
  stack: |-
    check (/tmp/e11-node-4nCvXd/E11-HISTORY-PAGE-red/artifacts/mariana-textil/case.test.cjs:70738:46)
    paginate (/tmp/e11-node-4nCvXd/E11-HISTORY-PAGE-red/artifacts/mariana-textil/case.test.cjs:71489:3)
    async TestContext.<anonymous> (/tmp/e11-node-4nCvXd/E11-HISTORY-PAGE-red/artifacts/mariana-textil/case.test.cjs:71524:3)
    async Test.run (node:internal/test_runner/test:1113:7)
    async startSubtestAfterBootstrap (node:internal/test_runner/harness:358:3)
  ...
1..1
# tests 1
# suites 0
# pass 0
# fail 1
# cancelled 0
# skipped 0
# todo 0
# duration_ms 2652.232163
