[05:51:27.967] [32mINFO[39m (4005): [36mrequest completed[39m
    [35mreq[39m: {
      "id": 1,
      "method": "POST",
      "url": "/api/auth/login"
    }
    [35mres[39m: {
      "statusCode": 200
    }
    [35mresponseTime[39m: 56
[05:51:28.073] [32mINFO[39m (4005): [36mrequest completed[39m
    [35mreq[39m: {
      "id": 2,
      "method": "GET",
      "url": "/api/inventario/rollos"
    }
    [35mres[39m: {
      "statusCode": 200
    }
    [35mresponseTime[39m: 95
[05:51:28.093] [32mINFO[39m (4005): [36mrequest completed[39m
    [35mreq[39m: {
      "id": 3,
      "method": "GET",
      "url": "/api/proveedores"
    }
    [35mres[39m: {
      "statusCode": 403
    }
    [35mresponseTime[39m: 12
[05:51:28.128] [32mINFO[39m (4005): [36mrequest completed[39m
    [35mreq[39m: {
      "id": 4,
      "method": "POST",
      "url": "/api/auth/login"
    }
    [35mres[39m: {
      "statusCode": 200
    }
    [35mresponseTime[39m: 31
[05:51:28.150] [32mINFO[39m (4005): [36mrequest completed[39m
    [35mreq[39m: {
      "id": 5,
      "method": "GET",
      "url": "/api/caja/tickets"
    }
    [35mres[39m: {
      "statusCode": 200
    }
    [35mresponseTime[39m: 19
[05:51:28.160] [32mINFO[39m (4005): [36mrequest completed[39m
    [35mreq[39m: {
      "id": 6,
      "method": "GET",
      "url": "/api/inventario/rollos"
    }
    [35mres[39m: {
      "statusCode": 403
    }
    [35mresponseTime[39m: 8
[05:51:28.193] [32mINFO[39m (4005): [36mrequest completed[39m
    [35mreq[39m: {
      "id": 7,
      "method": "POST",
      "url": "/api/auth/login"
    }
    [35mres[39m: {
      "statusCode": 200
    }
    [35mresponseTime[39m: 30
[05:51:28.207] [32mINFO[39m (4005): [36mrequest completed[39m
    [35mreq[39m: {
      "id": 8,
      "method": "GET",
      "url": "/api/proveedores"
    }
    [35mres[39m: {
      "statusCode": 200
    }
    [35mresponseTime[39m: 13
[05:51:28.218] [32mINFO[39m (4005): [36mrequest completed[39m
    [35mreq[39m: {
      "id": 9,
      "method": "GET",
      "url": "/api/proveedores/resumen"
    }
    [35mres[39m: {
      "statusCode": 403
    }
    [35mresponseTime[39m: 9
[05:51:28.252] [32mINFO[39m (4005): [36mrequest completed[39m
    [35mreq[39m: {
      "id": 10,
      "method": "POST",
      "url": "/api/auth/login"
    }
    [35mres[39m: {
      "statusCode": 200
    }
    [35mresponseTime[39m: 30
[05:51:28.266] [32mINFO[39m (4005): [36mrequest completed[39m
    [35mreq[39m: {
      "id": 11,
      "method": "GET",
      "url": "/api/inventario/rollos"
    }
    [35mres[39m: {
      "statusCode": 200
    }
    [35mresponseTime[39m: 12
[05:51:28.276] [32mINFO[39m (4005): [36mrequest completed[39m
    [35mreq[39m: {
      "id": 12,
      "method": "GET",
      "url": "/api/proveedores"
    }
    [35mres[39m: {
      "statusCode": 403
    }
    [35mresponseTime[39m: 8
[05:51:28.308] [32mINFO[39m (4005): [36mrequest completed[39m
    [35mreq[39m: {
      "id": 13,
      "method": "POST",
      "url": "/api/auth/login"
    }
    [35mres[39m: {
      "statusCode": 200
    }
    [35mresponseTime[39m: 30
[05:51:28.318] [32mINFO[39m (4005): [36mrequest completed[39m
    [35mreq[39m: {
      "id": 14,
      "method": "GET",
      "url": "/api/users"
    }
    [35mres[39m: {
      "statusCode": 200
    }
    [35mresponseTime[39m: 8
[05:51:28.326] [32mINFO[39m (4005): [36mrequest completed[39m
    [35mreq[39m: {
      "id": 15,
      "method": "POST",
      "url": "/api/pos/validar-precio"
    }
    [35mres[39m: {
      "statusCode": 403
    }
    [35mresponseTime[39m: 7
[05:51:28.350] [32mINFO[39m (4005): [36mrequest completed[39m
    [35mreq[39m: {
      "id": 16,
      "method": "GET",
      "url": "/api/precios"
    }
    [35mres[39m: {
      "statusCode": 200
    }
    [35mresponseTime[39m: 23
[05:51:28.362] [32mINFO[39m (4005): [36mrequest completed[39m
    [35mreq[39m: {
      "id": 17,
      "method": "POST",
      "url": "/api/precios/1/cambiar"
    }
    [35mres[39m: {
      "statusCode": 400
    }
    [35mresponseTime[39m: 11
[05:51:28.376] [32mINFO[39m (4005): [36mrequest completed[39m
    [35mreq[39m: {
      "id": 18,
      "method": "POST",
      "url": "/api/locations"
    }
    [35mres[39m: {
      "statusCode": 201
    }
    [35mresponseTime[39m: 13
[05:51:28.392] [32mINFO[39m (4005): [36mrequest completed[39m
    [35mreq[39m: {
      "id": 19,
      "method": "PATCH",
      "url": "/api/locations/10"
    }
    [35mres[39m: {
      "statusCode": 200
    }
    [35mresponseTime[39m: 12
[05:51:28.420] [32mINFO[39m (4005): [36mrequest completed[39m
    [35mreq[39m: {
      "id": 20,
      "method": "POST",
      "url": "/api/auth/login"
    }
    [35mres[39m: {
      "statusCode": 200
    }
    [35mresponseTime[39m: 26
[05:51:28.430] [32mINFO[39m (4005): [36mrequest completed[39m
    [35mreq[39m: {
      "id": 21,
      "method": "GET",
      "url": "/api/proveedores/resumen"
    }
    [35mres[39m: {
      "statusCode": 200
    }
    [35mresponseTime[39m: 9
[05:51:28.437] [32mINFO[39m (4005): [36mrequest completed[39m
    [35mreq[39m: {
      "id": 22,
      "method": "GET",
      "url": "/api/users"
    }
    [35mres[39m: {
      "statusCode": 403
    }
    [35mresponseTime[39m: 6
[05:51:28.448] [32mINFO[39m (4005): [36mrequest completed[39m
    [35mreq[39m: {
      "id": 23,
      "method": "GET",
      "url": "/api/precios"
    }
    [35mres[39m: {
      "statusCode": 200
    }
    [35mresponseTime[39m: 10
┌─────────┬──────────────┬───────┬──────────────────────────────────────────┬───────────────┬────────────────────────────┬──────────────┬────────────┐
│ (index) │ role         │ login │ allowed                                  │ allowedStatus │ denied                     │ deniedStatus │ money      │
├─────────┼──────────────┼───────┼──────────────────────────────────────────┼───────────────┼────────────────────────────┼──────────────┼────────────┤
│ 0       │ 'TERMINAL'   │ 200   │ 'GET /inventario/rollos?serie=953579786' │ 200           │ 'GET /proveedores'         │ 403          │ 'redacted' │
│ 1       │ 'CAJA'       │ 200   │ 'GET /caja/tickets'                      │ 200           │ 'GET /inventario/rollos'   │ 403          │ 'entitled' │
│ 2       │ 'SUPERVISOR' │ 200   │ 'GET /proveedores'                       │ 200           │ 'GET /proveedores/resumen' │ 403          │ 'redacted' │
│ 3       │ 'BODEGA'     │ 200   │ 'GET /inventario/rollos?serie=953579786' │ 200           │ 'GET /proveedores'         │ 403          │ 'redacted' │
│ 4       │ 'SISTEMAS'   │ 200   │ 'GET /users'                             │ 200           │ 'POST /pos/validar-precio' │ 403          │ 'entitled' │
│ 5       │ 'CONTADOR'   │ 200   │ 'GET /proveedores/resumen'               │ 200           │ 'GET /users'               │ 403          │ 'entitled' │
└─────────┴──────────────┴───────┴──────────────────────────────────────────┴───────────────┴────────────────────────────┴──────────────┴────────────┘
[05:51:28.457] [32mINFO[39m (4005): [36mrequest completed[39m
    [35mreq[39m: {
      "id": 24,
      "method": "POST",
      "url": "/api/precios/1/cambiar"
    }
    [35mres[39m: {
      "statusCode": 403
    }
    [35mresponseTime[39m: 8
✔ Task 54 Block 6: configurable roles have real HTTP access boundaries (746.813125ms)
ℹ tests 1
ℹ suites 0
ℹ pass 1
ℹ fail 0
ℹ cancelled 0
ℹ skipped 0
ℹ todo 0
ℹ duration_ms 3662.203883
