[05:51:53.934] [32mINFO[39m (4644): [36mrequest completed[39m
    [35mreq[39m: {
      "id": 1,
      "method": "POST",
      "url": "/api/auth/login"
    }
    [35mres[39m: {
      "statusCode": 200
    }
    [35mresponseTime[39m: 47
[05:51:53.973] [32mINFO[39m (4644): [36mrequest completed[39m
    [35mreq[39m: {
      "id": 2,
      "method": "POST",
      "url": "/api/auth/login"
    }
    [35mres[39m: {
      "statusCode": 200
    }
    [35mresponseTime[39m: 30
[05:51:54.002] [32mINFO[39m (4644): [36mrequest completed[39m
    [35mreq[39m: {
      "id": 3,
      "method": "POST",
      "url": "/api/auth/login"
    }
    [35mres[39m: {
      "statusCode": 200
    }
    [35mresponseTime[39m: 27
[05:51:54.032] [32mINFO[39m (4644): [36mrequest completed[39m
    [35mreq[39m: {
      "id": 4,
      "method": "POST",
      "url": "/api/auth/login"
    }
    [35mres[39m: {
      "statusCode": 200
    }
    [35mresponseTime[39m: 28
  ✓ S-01: All four roles login → 200 + permisos array present
[05:51:54.061] [32mINFO[39m (4644): [36mrequest completed[39m
    [35mreq[39m: {
      "id": 5,
      "method": "POST",
      "url": "/api/auth/login"
    }
    [35mres[39m: {
      "statusCode": 200
    }
    [35mresponseTime[39m: 27
[05:51:54.093] [32mINFO[39m (4644): [36mrequest completed[39m
    [35mreq[39m: {
      "id": 6,
      "method": "POST",
      "url": "/api/auth/login"
    }
    [35mres[39m: {
      "statusCode": 200
    }
    [35mresponseTime[39m: 30
[05:51:54.104] [32mINFO[39m (4644): [36mrequest completed[39m
    [35mreq[39m: {
      "id": 7,
      "method": "GET",
      "url": "/api/auth/me"
    }
    [35mres[39m: {
      "statusCode": 200
    }
    [35mresponseTime[39m: 6
  ✓ S-01A: session lasts eight idle hours, stops at sixteen, and logout invalidates it
[05:51:54.114] [32mINFO[39m (4644): [36mrequest completed[39m
    [35mreq[39m: {
      "id": 8,
      "method": "POST",
      "url": "/api/auth/logout"
    }
    [35mres[39m: {
      "statusCode": 204
    }
    [35mresponseTime[39m: 9
[05:51:54.117] [32mINFO[39m (4644): [36mrequest completed[39m
    [35mreq[39m: {
      "id": 9,
      "method": "GET",
      "url": "/api/auth/me"
    }
    [35mres[39m: {
      "statusCode": 401
    }
    [35mresponseTime[39m: 1
  ✓ S-02: ADMIN /auth/me effective matrix — all modules have full access
[05:51:54.144] [32mINFO[39m (4644): [36mrequest completed[39m
    [35mreq[39m: {
      "id": 10,
      "method": "POST",
      "url": "/api/auth/login"
    }
    [35mres[39m: {
      "statusCode": 200
    }
    [35mresponseTime[39m: 24
[05:51:54.149] [32mINFO[39m (4644): [36mrequest completed[39m
    [35mreq[39m: {
      "id": 11,
      "method": "GET",
      "url": "/api/auth/me"
    }
    [35mres[39m: {
      "statusCode": 200
    }
    [35mresponseTime[39m: 4
[05:51:54.176] [32mINFO[39m (4644): [36mrequest completed[39m
    [35mreq[39m: {
      "id": 12,
      "method": "POST",
      "url": "/api/auth/login"
    }
    [35mres[39m: {
      "statusCode": 200
    }
    [35mresponseTime[39m: 25
[05:51:54.183] [32mINFO[39m (4644): [36mrequest completed[39m
    [35mreq[39m: {
      "id": 13,
      "method": "GET",
      "url": "/api/auth/me"
    }
    [35mres[39m: {
      "statusCode": 200
    }
    [35mresponseTime[39m: 6
  ✗ S-03: CAJA /auth/me effective matrix — cobros OK, POS/proveedores denied
    Error:
AssertionError [ERR_ASSERTION]: CAJA must not see inventory

true !== false

    at <anonymous> (/home/runner/workspace/artifacts/api-server/src/security-api.test.ts:570:10)
    at process.processTicksAndRejections (node:internal/process/task_queues:103:5)
    at async test (/home/runner/workspace/artifacts/api-server/src/security-api.test.ts:131:5)
    at async <anonymous> (/home/runner/workspace/artifacts/api-server/src/security-api.test.ts:552:1)
PostgreSQL diagnostics:
  SQLSTATE: ERR_ASSERTION
  message: CAJA must not see inventory

true !== false

[05:51:54.217] [32mINFO[39m (4644): [36mrequest completed[39m
    [35mreq[39m: {
      "id": 14,
      "method": "POST",
      "url": "/api/auth/login"
    }
    [35mres[39m: {
      "statusCode": 200
    }
    [35mresponseTime[39m: 27
[05:51:54.228] [32mINFO[39m (4644): [36mrequest completed[39m
    [35mreq[39m: {
      "id": 15,
      "method": "GET",
      "url": "/api/caja/tickets"
    }
    [35mres[39m: {
      "statusCode": 200
    }
    [35mresponseTime[39m: 10
[05:51:54.241] [32mINFO[39m (4644): [36mrequest completed[39m
    [35mreq[39m: {
      "id": 16,
      "method": "GET",
      "url": "/api/caja/tickets"
    }
    [35mres[39m: {
      "statusCode": 200
    }
    [35mresponseTime[39m: 13
  ✓ S-03A: Caja ticket list is location-scoped and denied to BODEGA
[05:51:54.267] [32mINFO[39m (4644): [36mrequest completed[39m
    [35mreq[39m: {
      "id": 17,
      "method": "POST",
      "url": "/api/auth/login"
    }
    [35mres[39m: {
      "statusCode": 200
    }
    [35mresponseTime[39m: 25
[05:51:54.274] [32mINFO[39m (4644): [36mrequest completed[39m
    [35mreq[39m: {
      "id": 18,
      "method": "GET",
      "url": "/api/caja/tickets"
    }
    [35mres[39m: {
      "statusCode": 403
    }
    [35mresponseTime[39m: 6
  ✗ S-03AA: Store sales requires an explicit override for CAJA and remains scoped
    Error:
AssertionError [ERR_ASSERTION]: {"ubicacionId":1,"nombreUbicacion":"Mariana","items":[],"total":0,"page":1,"pageSize":1}

200 !== 403

    at <anonymous> (/home/runner/workspace/artifacts/api-server/src/security-api.test.ts:623:10)
    at process.processTicksAndRejections (node:internal/process/task_queues:103:5)
    at async test (/home/runner/workspace/artifacts/api-server/src/security-api.test.ts:131:5)
    at async <anonymous> (/home/runner/workspace/artifacts/api-server/src/security-api.test.ts:613:1)
PostgreSQL diagnostics:
  SQLSTATE: ERR_ASSERTION
  message: {"ubicacionId":1,"nombreUbicacion":"Mariana","items":[],"total":0,"page":1,"pageSize":1}

200 !== 403

[05:51:54.321] [32mINFO[39m (4644): [36mrequest completed[39m
    [35mreq[39m: {
      "id": 19,
      "method": "POST",
      "url": "/api/auth/login"
    }
    [35mres[39m: {
      "statusCode": 200
    }
    [35mresponseTime[39m: 26
[05:51:54.343] [32mINFO[39m (4644): [36mrequest completed[39m
    [35mreq[39m: {
      "id": 20,
      "method": "GET",
      "url": "/api/caja/tiendas/1/ventas"
    }
    [35mres[39m: {
      "statusCode": 200
    }
    [35mresponseTime[39m: 21
[05:51:54.376] [32mINFO[39m (4644): [36mrequest completed[39m
    [35mreq[39m: {
      "id": 21,
      "method": "POST",
      "url": "/api/auth/login"
    }
    [35mres[39m: {
      "statusCode": 200
    }
    [35mresponseTime[39m: 31
[05:51:54.392] [32mINFO[39m (4644): [36mrequest completed[39m
    [35mreq[39m: {
      "id": 22,
      "method": "GET",
      "url": "/api/inventario/rollos"
    }
    [35mres[39m: {
      "statusCode": 200
    }
    [35mresponseTime[39m: 14
[05:51:54.404] [32mINFO[39m (4644): [36mrequest completed[39m
    [35mreq[39m: {
      "id": 23,
      "method": "GET",
      "url": "/api/inventario/rollos/1"
    }
    [35mres[39m: {
      "statusCode": 200
    }
    [35mresponseTime[39m: 11
[05:51:54.413] [32mINFO[39m (4644): [36mrequest completed[39m
    [35mreq[39m: {
      "id": 24,
      "method": "GET",
      "url": "/api/inventario/existencias"
    }
    [35mres[39m: {
      "statusCode": 200
    }
    [35mresponseTime[39m: 8
[05:51:54.427] [32mINFO[39m (4644): [36mrequest completed[39m
    [35mreq[39m: {
      "id": 25,
      "method": "GET",
      "url": "/api/productos"
    }
    [35mres[39m: {
      "statusCode": 200
    }
    [35mresponseTime[39m: 13
[05:51:54.439] [32mINFO[39m (4644): [36mrequest completed[39m
    [35mreq[39m: {
      "id": 26,
      "method": "GET",
      "url": "/api/productos/1"
    }
    [35mres[39m: {
      "statusCode": 200
    }
    [35mresponseTime[39m: 11
[05:51:54.445] [32mINFO[39m (4644): [36mrequest completed[39m
    [35mreq[39m: {
      "id": 27,
      "method": "GET",
      "url": "/api/inventario/entradas"
    }
    [35mres[39m: {
      "statusCode": 403
    }
    [35mresponseTime[39m: 5
[05:51:54.452] [32mINFO[39m (4644): [36mrequest completed[39m
    [35mreq[39m: {
      "id": 28,
      "method": "GET",
      "url": "/api/inventario/kardex"
    }
    [35mres[39m: {
      "statusCode": 403
    }
    [35mresponseTime[39m: 6
[05:51:54.462] [32mINFO[39m (4644): [36mrequest completed[39m
    [35mreq[39m: {
      "id": 29,
      "method": "GET",
      "url": "/api/dashboard"
    }
    [35mres[39m: {
      "statusCode": 200
    }
    [35mresponseTime[39m: 9
  ✓ S-03B: TERMINAL API responses omit costs, margins and profits
[05:51:54.472] [32mINFO[39m (4644): [36mrequest completed[39m
    [35mreq[39m: {
      "id": 30,
      "method": "GET",
      "url": "/api/tickets"
    }
    [35mres[39m: {
      "statusCode": 200
    }
    [35mresponseTime[39m: 9
[05:51:54.499] [32mINFO[39m (4644): [36mrequest completed[39m
    [35mreq[39m: {
      "id": 31,
      "method": "POST",
      "url": "/api/auth/login"
    }
    [35mres[39m: {
      "statusCode": 200
    }
    [35mresponseTime[39m: 26
[05:51:54.523] [32mINFO[39m (4644): [36mrequest completed[39m
    [35mreq[39m: {
      "id": 32,
      "method": "POST",
      "url": "/api/pos/validar-precio"
    }
    [35mres[39m: {
      "statusCode": 404
    }
    [35mresponseTime[39m: 6
[05:51:54.534] [32mINFO[39m (4644): [36mrequest completed[39m
    [35mreq[39m: {
      "id": 33,
      "method": "POST",
      "url": "/api/tickets"
    }
    [35mres[39m: {
      "statusCode": 404
    }
    [35mresponseTime[39m: 10
[05:51:54.542] [32mINFO[39m (4644): [36mrequest completed[39m
    [35mreq[39m: {
      "id": 34,
      "method": "POST",
      "url": "/api/pos/validar-precio"
    }
    [35mres[39m: {
      "statusCode": 200
    }
    [35mresponseTime[39m: 7
[05:51:54.558] [32mINFO[39m (4644): [36mrequest completed[39m
    [35mreq[39m: {
      "id": 35,
      "method": "POST",
      "url": "/api/tickets"
    }
    [35mres[39m: {
      "statusCode": 400
    }
    [35mresponseTime[39m: 15
  ✓ S-03C: POS price rejection is JSON, visible and contains no cost
[05:51:54.566] [33mWARN[39m (4644): [36mInvalid API request[39m
    [35mreq[39m: {
      "id": 36,
      "method": "POST",
      "url": "/api/pos/validar-precio"
    }
    [35missues[39m: [
      {
        "code": "too_small",
        "path": "precioUnitario"
      }
    ]
[05:51:54.566] [32mINFO[39m (4644): [36mrequest completed[39m
    [35mreq[39m: {
      "id": 36,
      "method": "POST",
      "url": "/api/pos/validar-precio"
    }
    [35mres[39m: {
      "statusCode": 400
    }
    [35mresponseTime[39m: 7
[05:51:54.611] [32mINFO[39m (4644): [36mrequest completed[39m
    [35mreq[39m: {
      "id": 37,
      "method": "POST",
      "url": "/api/auth/login"
    }
    [35mres[39m: {
      "statusCode": 200
    }
    [35mresponseTime[39m: 25
[05:51:54.623] [32mINFO[39m (4644): [36mrequest completed[39m
    [35mreq[39m: {
      "id": 38,
      "method": "POST",
      "url": "/api/pos/validar-precio"
    }
    [35mres[39m: {
      "statusCode": 200
    }
    [35mresponseTime[39m: 10
[05:51:54.633] [32mINFO[39m (4644): [36mrequest completed[39m
    [35mreq[39m: {
      "id": 39,
      "method": "POST",
      "url": "/api/tickets"
    }
    [35mres[39m: {
      "statusCode": 400
    }
    [35mresponseTime[39m: 10
  ✓ S-03D: legacy zero-cost roll is blocked by advance and definitive POS validation
[05:51:54.664] [32mINFO[39m (4644): [36mrequest completed[39m
    [35mreq[39m: {
      "id": 40,
      "method": "POST",
      "url": "/api/auth/login"
    }
    [35mres[39m: {
      "statusCode": 200
    }
    [35mresponseTime[39m: 24
  ✓ S-03E: entrada without costoUnitario is rejected without creating a roll
[05:51:54.670] [32mINFO[39m (4644): [36mrequest completed[39m
    [35mreq[39m: {
      "id": 41,
      "method": "POST",
      "url": "/api/inventario/entradas"
    }
    [35mres[39m: {
      "statusCode": 400
    }
    [35mresponseTime[39m: 5
[05:51:54.698] [32mINFO[39m (4644): [36mrequest completed[39m
    [35mreq[39m: {
      "id": 42,
      "method": "POST",
      "url": "/api/auth/login"
    }
    [35mres[39m: {
      "statusCode": 200
    }
    [35mresponseTime[39m: 26
[05:51:54.708] [32mINFO[39m (4644): [36mrequest completed[39m
    [35mreq[39m: {
      "id": 43,
      "method": "GET",
      "url": "/api/inventario/rollos"
    }
    [35mres[39m: {
      "statusCode": 200
    }
    [35mresponseTime[39m: 9
  ✓ S-04: BODEGA — POST /inventario/rollos/:id/vender → 403
[05:51:54.715] [32mINFO[39m (4644): [36mrequest completed[39m
    [35mreq[39m: {
      "id": 44,
      "method": "POST",
      "url": "/api/inventario/rollos/1/vender"
    }
    [35mres[39m: {
      "statusCode": 403
    }
    [35mresponseTime[39m: 6
[05:51:54.742] [32mINFO[39m (4644): [36mrequest completed[39m
    [35mreq[39m: {
      "id": 45,
      "method": "POST",
      "url": "/api/auth/login"
    }
    [35mres[39m: {
      "statusCode": 200
    }
    [35mresponseTime[39m: 26
  ✓ S-05: BODEGA GET /clientes → 403
[05:51:54.753] [32mINFO[39m (4644): [36mrequest completed[39m
    [35mreq[39m: {
      "id": 46,
      "method": "GET",
      "url": "/api/clientes"
    }
    [35mres[39m: {
      "statusCode": 403
    }
    [35mresponseTime[39m: 10
[05:51:54.779] [32mINFO[39m (4644): [36mrequest completed[39m
    [35mreq[39m: {
      "id": 47,
      "method": "POST",
      "url": "/api/auth/login"
    }
    [35mres[39m: {
      "statusCode": 200
    }
    [35mresponseTime[39m: 25
  ✓ S-05A: BODEGA POST /clientes → 403
[05:51:54.791] [32mINFO[39m (4644): [36mrequest completed[39m
    [35mreq[39m: {
      "id": 48,
      "method": "POST",
      "url": "/api/clientes"
    }
    [35mres[39m: {
      "statusCode": 403
    }
    [35mresponseTime[39m: 11
[05:51:54.816] [32mINFO[39m (4644): [36mrequest completed[39m
    [35mreq[39m: {
      "id": 49,
      "method": "POST",
      "url": "/api/auth/login"
    }
    [35mres[39m: {
      "statusCode": 200
    }
    [35mresponseTime[39m: 24
[05:51:54.837] [32mINFO[39m (4644): [36mrequest completed[39m
    [35mreq[39m: {
      "id": 51,
      "method": "POST",
      "url": "/api/clientes"
    }
    [35mres[39m: {
      "statusCode": 409
    }
    [35mresponseTime[39m: 18
[05:51:54.838] [32mINFO[39m (4644): [36mrequest completed[39m
    [35mreq[39m: {
      "id": 50,
      "method": "POST",
      "url": "/api/clientes"
    }
    [35mres[39m: {
      "statusCode": 201
    }
    [35mresponseTime[39m: 20
  ✓ S-05B: concurrent normalized client creates → 201 + structured 409
  ✓ S-06: CAJA direct inventory sale is denied; ticketing is mandatory
[05:51:54.887] [32mINFO[39m (4644): [36mrequest completed[39m
    [35mreq[39m: {
      "id": 52,
      "method": "POST",
      "url": "/api/auth/login"
    }
    [35mres[39m: {
      "statusCode": 200
    }
    [35mresponseTime[39m: 23
[05:51:54.895] [32mINFO[39m (4644): [36mrequest completed[39m
    [35mreq[39m: {
      "id": 53,
      "method": "POST",
      "url": "/api/inventario/rollos/4/vender"
    }
    [35mres[39m: {
      "statusCode": 403
    }
    [35mresponseTime[39m: 6
[05:51:54.921] [32mINFO[39m (4644): [36mrequest completed[39m
    [35mreq[39m: {
      "id": 54,
      "method": "POST",
      "url": "/api/auth/login"
    }
    [35mres[39m: {
      "statusCode": 200
    }
    [35mresponseTime[39m: 25
  ✓ S-07: CAJA GET /proveedores → 403
[05:51:54.928] [32mINFO[39m (4644): [36mrequest completed[39m
    [35mreq[39m: {
      "id": 55,
      "method": "GET",
      "url": "/api/proveedores"
    }
    [35mres[39m: {
      "statusCode": 403
    }
    [35mresponseTime[39m: 6
[05:51:54.954] [32mINFO[39m (4644): [36mrequest completed[39m
    [35mreq[39m: {
      "id": 56,
      "method": "POST",
      "url": "/api/auth/login"
    }
    [35mres[39m: {
      "statusCode": 200
    }
    [35mresponseTime[39m: 25
  ✓ S-08: SUPERVISOR GET /proveedores → 200, no financial JSON keys
[05:51:54.964] [32mINFO[39m (4644): [36mrequest completed[39m
    [35mreq[39m: {
      "id": 57,
      "method": "GET",
      "url": "/api/proveedores"
    }
    [35mres[39m: {
      "statusCode": 200
    }
    [35mresponseTime[39m: 10
[05:51:54.990] [32mINFO[39m (4644): [36mrequest completed[39m
    [35mreq[39m: {
      "id": 58,
      "method": "POST",
      "url": "/api/auth/login"
    }
    [35mres[39m: {
      "statusCode": 200
    }
    [35mresponseTime[39m: 25
[05:51:55.000] [32mINFO[39m (4644): [36mrequest completed[39m
    [35mreq[39m: {
      "id": 59,
      "method": "GET",
      "url": "/api/productos"
    }
    [35mres[39m: {
      "statusCode": 200
    }
    [35mresponseTime[39m: 9
[05:51:55.012] [32mINFO[39m (4644): [36mrequest completed[39m
    [35mreq[39m: {
      "id": 60,
      "method": "GET",
      "url": "/api/productos/1"
    }
    [35mres[39m: {
      "statusCode": 200
    }
    [35mresponseTime[39m: 11
[05:51:55.020] [32mINFO[39m (4644): [36mrequest completed[39m
    [35mreq[39m: {
      "id": 61,
      "method": "GET",
      "url": "/api/inventario/rollos"
    }
    [35mres[39m: {
      "statusCode": 200
    }
    [35mresponseTime[39m: 7
[05:51:55.028] [32mINFO[39m (4644): [36mrequest completed[39m
    [35mreq[39m: {
      "id": 62,
      "method": "GET",
      "url": "/api/inventario/rollos/1"
    }
    [35mres[39m: {
      "statusCode": 200
    }
    [35mresponseTime[39m: 7
[05:51:55.037] [32mINFO[39m (4644): [36mrequest completed[39m
    [35mreq[39m: {
      "id": 63,
      "method": "GET",
      "url": "/api/inventario/entradas"
    }
    [35mres[39m: {
      "statusCode": 200
    }
    [35mresponseTime[39m: 8
[05:51:55.044] [32mINFO[39m (4644): [36mrequest completed[39m
    [35mreq[39m: {
      "id": 64,
      "method": "GET",
      "url": "/api/inventario/existencias"
    }
    [35mres[39m: {
      "statusCode": 200
    }
    [35mresponseTime[39m: 6
[05:51:55.052] [32mINFO[39m (4644): [36mrequest completed[39m
    [35mreq[39m: {
      "id": 65,
      "method": "GET",
      "url": "/api/dashboard"
    }
    [35mres[39m: {
      "statusCode": 200
    }
    [35mresponseTime[39m: 7
[05:51:55.075] [32mINFO[39m (4644): [36mrequest completed[39m
    [35mreq[39m: {
      "id": 66,
      "method": "GET",
      "url": "/api/reportes/inventario"
    }
    [35mres[39m: {
      "statusCode": 200
    }
    [35mresponseTime[39m: 22
  ✓ S-08A: SUPERVISOR operational JSON is recursively redacted
[05:51:55.101] [32mINFO[39m (4644): [36mrequest completed[39m
    [35mreq[39m: {
      "id": 67,
      "method": "POST",
      "url": "/api/auth/login"
    }
    [35mres[39m: {
      "statusCode": 200
    }
    [35mresponseTime[39m: 23
[05:51:55.117] [32mINFO[39m (4644): [36mrequest completed[39m
    [35mreq[39m: {
      "id": 68,
      "method": "POST",
      "url": "/api/clientes"
    }
    [35mres[39m: {
      "statusCode": 201
    }
    [35mresponseTime[39m: 15
[05:51:55.134] [32mINFO[39m (4644): [36mrequest completed[39m
    [35mreq[39m: {
      "id": 69,
      "method": "PATCH",
      "url": "/api/clientes/10"
    }
    [35mres[39m: {
      "statusCode": 200
    }
    [35mresponseTime[39m: 16
[05:51:55.141] [32mINFO[39m (4644): [36mrequest completed[39m
    [35mreq[39m: {
      "id": 70,
      "method": "POST",
      "url": "/api/clientes/10/baja"
    }
    [35mres[39m: {
      "statusCode": 403
    }
    [35mresponseTime[39m: 6
[05:51:55.152] [32mINFO[39m (4644): [36mrequest completed[39m
    [35mreq[39m: {
      "id": 71,
      "method": "POST",
      "url": "/api/proveedores"
    }
    [35mres[39m: {
      "statusCode": 201
    }
    [35mresponseTime[39m: 11
  ✓ S-08AA: SUPERVISOR creates and edits clients/providers without sensitive data
[05:51:55.165] [32mINFO[39m (4644): [36mrequest completed[39m
    [35mreq[39m: {
      "id": 72,
      "method": "PATCH",
      "url": "/api/proveedores/1"
    }
    [35mres[39m: {
      "statusCode": 200
    }
    [35mresponseTime[39m: 12
[05:51:55.213] [32mINFO[39m (4644): [36mrequest completed[39m
    [35mreq[39m: {
      "id": 73,
      "method": "POST",
      "url": "/api/auth/login"
    }
    [35mres[39m: {
      "statusCode": 200
    }
    [35mresponseTime[39m: 30
[05:51:55.220] [32mINFO[39m (4644): [36mrequest completed[39m
    [35mreq[39m: {
      "id": 74,
      "method": "GET",
      "url": "/api/auth/me"
    }
    [35mres[39m: {
      "statusCode": 200
    }
    [35mresponseTime[39m: 7
  ✓ S-08AB: SUPERVISOR role-matrix grants flow into the effective matrix
  ✓ S-08B: SUPERVISOR creates a pending-cost entry at any real location
[05:51:55.395] [32mINFO[39m (4644): [36mrequest completed[39m
    [35mreq[39m: {
      "id": 75,
      "method": "POST",
      "url": "/api/auth/login"
    }
    [35mres[39m: {
      "statusCode": 200
    }
    [35mresponseTime[39m: 25
[05:51:55.421] [32mINFO[39m (4644): [36mrequest completed[39m
    [35mreq[39m: {
      "id": 76,
      "method": "POST",
      "url": "/api/inventario/entradas"
    }
    [35mres[39m: {
      "statusCode": 201
    }
    [35mresponseTime[39m: 26
[05:51:55.448] [32mINFO[39m (4644): [36mrequest completed[39m
    [35mreq[39m: {
      "id": 77,
      "method": "POST",
      "url": "/api/auth/login"
    }
    [35mres[39m: {
      "statusCode": 200
    }
    [35mresponseTime[39m: 25
[05:51:55.535] [32mINFO[39m (4644): [36mrequest completed[39m
    [35mreq[39m: {
      "id": 78,
      "method": "GET",
      "url": "/api/reportes/inventario/export.xlsx"
    }
    [35mres[39m: {
      "statusCode": 200
    }
    [35mresponseTime[39m: 86
  ✓ S-08C: SUPERVISOR XLSX/PDF exports contain no financial fields or sentinel
[05:51:55.758] [32mINFO[39m (4644): [36mrequest completed[39m
    [35mreq[39m: {
      "id": 79,
      "method": "GET",
      "url": "/api/reportes/inventario/export.pdf"
    }
    [35mres[39m: {
      "statusCode": 200
    }
    [35mresponseTime[39m: 173
[05:51:55.789] [32mINFO[39m (4644): [36mrequest completed[39m
    [35mreq[39m: {
      "id": 80,
      "method": "POST",
      "url": "/api/auth/login"
    }
    [35mres[39m: {
      "statusCode": 200
    }
    [35mresponseTime[39m: 29
[05:51:55.798] [32mINFO[39m (4644): [36mrequest completed[39m
    [35mreq[39m: {
      "id": 81,
      "method": "GET",
      "url": "/api/inventario/entradas/catalogos"
    }
    [35mres[39m: {
      "statusCode": 200
    }
    [35mresponseTime[39m: 8
[05:51:55.805] [32mINFO[39m (4644): [36mrequest completed[39m
    [35mreq[39m: {
      "id": 82,
      "method": "GET",
      "url": "/api/productos"
    }
    [35mres[39m: {
      "statusCode": 403
    }
    [35mresponseTime[39m: 7
  ✓ S-09: BODEGA entry catalogs → 200; /productos and /proveedores → 403
[05:51:55.822] [32mINFO[39m (4644): [36mrequest completed[39m
    [35mreq[39m: {
      "id": 83,
      "method": "GET",
      "url": "/api/proveedores"
    }
    [35mres[39m: {
      "statusCode": 403
    }
    [35mresponseTime[39m: 17
[05:51:55.848] [32mINFO[39m (4644): [36mrequest completed[39m
    [35mreq[39m: {
      "id": 84,
      "method": "POST",
      "url": "/api/auth/login"
    }
    [35mres[39m: {
      "statusCode": 200
    }
    [35mresponseTime[39m: 25
[05:51:55.856] [32mINFO[39m (4644): [36mrequest completed[39m
    [35mreq[39m: {
      "id": 85,
      "method": "GET",
      "url": "/api/salidas/ubicaciones"
    }
    [35mres[39m: {
      "statusCode": 200
    }
    [35mresponseTime[39m: 7
[05:51:55.864] [32mINFO[39m (4644): [36mrequest completed[39m
    [35mreq[39m: {
      "id": 86,
      "method": "GET",
      "url": "/api/locations"
    }
    [35mres[39m: {
      "statusCode": 403
    }
    [35mresponseTime[39m: 7
(node:4644) DeprecationWarning: Calling client.query() when the client is already executing a query is deprecated and will be removed in pg@9.0. Use async/await or an external async flow control mechanism instead.
(Use `node --trace-deprecation ...` to show where the warning was created)
[05:51:55.921] [32mINFO[39m (4644): [36mrequest completed[39m
    [35mreq[39m: {
      "id": 87,
      "method": "POST",
      "url": "/api/salidas/borrador/rollos"
    }
    [35mres[39m: {
      "statusCode": 200
    }
    [35mresponseTime[39m: 35
[05:51:55.946] [32mINFO[39m (4644): [36mrequest completed[39m
    [35mreq[39m: {
      "id": 88,
      "method": "POST",
      "url": "/api/auth/login"
    }
    [35mres[39m: {
      "statusCode": 200
    }
    [35mresponseTime[39m: 23
[05:51:55.955] [32mINFO[39m (4644): [36mrequest completed[39m
    [35mreq[39m: {
      "id": 89,
      "method": "DELETE",
      "url": "/api/salidas/1/rollos/6"
    }
    [35mres[39m: {
      "statusCode": 403
    }
    [35mresponseTime[39m: 8
[05:51:55.965] [32mINFO[39m (4644): [36mrequest completed[39m
    [35mreq[39m: {
      "id": 90,
      "method": "POST",
      "url": "/api/salidas/1/enviar"
    }
    [35mres[39m: {
      "statusCode": 403
    }
    [35mresponseTime[39m: 10
[05:51:55.974] [32mINFO[39m (4644): [36mrequest completed[39m
    [35mreq[39m: {
      "id": 91,
      "method": "GET",
      "url": "/api/salidas/1/documento"
    }
    [35mres[39m: {
      "statusCode": 409
    }
    [35mresponseTime[39m: 8
  ✓ S-09A: BODEGA stages, owns, and sends a null-cost roll in one final action
[05:51:55.998] [32mINFO[39m (4644): [36mrequest completed[39m
    [35mreq[39m: {
      "id": 92,
      "method": "POST",
      "url": "/api/salidas/1/enviar"
    }
    [35mres[39m: {
      "statusCode": 200
    }
    [35mresponseTime[39m: 23
[05:51:56.026] [32mINFO[39m (4644): [36mrequest completed[39m
    [35mreq[39m: {
      "id": 93,
      "method": "POST",
      "url": "/api/auth/login"
    }
    [35mres[39m: {
      "statusCode": 200
    }
    [35mresponseTime[39m: 25
[05:51:56.050] [32mINFO[39m (4644): [36mrequest completed[39m
    [35mreq[39m: {
      "id": 94,
      "method": "POST",
      "url": "/api/auth/login"
    }
    [35mres[39m: {
      "statusCode": 200
    }
    [35mresponseTime[39m: 23
[05:51:56.084] [32mINFO[39m (4644): [36mrequest completed[39m
    [35mreq[39m: {
      "id": 95,
      "method": "POST",
      "url": "/api/salidas/borrador/rollos"
    }
    [35mres[39m: {
      "statusCode": 200
    }
    [35mresponseTime[39m: 19
[05:51:56.112] [32mINFO[39m (4644): [36mrequest completed[39m
    [35mreq[39m: {
      "id": 96,
      "method": "POST",
      "url": "/api/salidas/2/enviar"
    }
    [35mres[39m: {
      "statusCode": 200
    }
    [35mresponseTime[39m: 27
[05:51:56.146] [32mINFO[39m (4644): [36mrequest completed[39m
    [35mreq[39m: {
      "id": 97,
      "method": "POST",
      "url": "/api/salidas/borrador/rollos"
    }
    [35mres[39m: {
      "statusCode": 200
    }
    [35mresponseTime[39m: 18
[05:51:56.177] [32mINFO[39m (4644): [36mrequest completed[39m
    [35mreq[39m: {
      "id": 98,
      "method": "POST",
      "url": "/api/salidas/3/enviar"
    }
    [35mres[39m: {
      "statusCode": 200
    }
    [35mresponseTime[39m: 30
[05:51:56.201] [32mINFO[39m (4644): [36mrequest completed[39m
    [35mreq[39m: {
      "id": 99,
      "method": "POST",
      "url": "/api/auth/login"
    }
    [35mres[39m: {
      "statusCode": 200
    }
    [35mresponseTime[39m: 24
[05:51:56.214] [32mINFO[39m (4644): [36mrequest completed[39m
    [35mreq[39m: {
      "id": 100,
      "method": "GET",
      "url": "/api/salidas"
    }
    [35mres[39m: {
      "statusCode": 200
    }
    [35mresponseTime[39m: 12
[05:51:56.233] [32mINFO[39m (4644): [36mrequest completed[39m
    [35mreq[39m: {
      "id": 101,
      "method": "GET",
      "url": "/api/salidas/3"
    }
    [35mres[39m: {
      "statusCode": 200
    }
    [35mresponseTime[39m: 18
[05:51:56.242] [32mINFO[39m (4644): [36mrequest completed[39m
    [35mreq[39m: {
      "id": 102,
      "method": "GET",
      "url": "/api/salidas/2"
    }
    [35mres[39m: {
      "statusCode": 403
    }
    [35mresponseTime[39m: 8
[05:51:56.250] [32mINFO[39m (4644): [36mrequest completed[39m
    [35mreq[39m: {
      "id": 103,
      "method": "POST",
      "url": "/api/salidas/borrador/rollos"
    }
    [35mres[39m: {
      "statusCode": 403
    }
    [35mresponseTime[39m: 7
  ✓ S-09B: CAJA only lists and opens outputs received at its assigned store
[05:51:56.262] [32mINFO[39m (4644): [36mrequest completed[39m
    [35mreq[39m: {
      "id": 104,
      "method": "POST",
      "url": "/api/salidas/3/cancelar"
    }
    [35mres[39m: {
      "statusCode": 403
    }
    [35mresponseTime[39m: 11
[05:51:56.288] [32mINFO[39m (4644): [36mrequest completed[39m
    [35mreq[39m: {
      "id": 105,
      "method": "POST",
      "url": "/api/auth/login"
    }
    [35mres[39m: {
      "statusCode": 200
    }
    [35mresponseTime[39m: 25
[05:51:56.294] [32mINFO[39m (4644): [36mrequest completed[39m
    [35mreq[39m: {
      "id": 106,
      "method": "GET",
      "url": "/api/proveedores/resumen"
    }
    [35mres[39m: {
      "statusCode": 403
    }
    [35mresponseTime[39m: 6
[05:51:56.301] [32mINFO[39m (4644): [36mrequest completed[39m
    [35mreq[39m: {
      "id": 107,
      "method": "GET",
      "url": "/api/proveedores/analitica-global"
    }
    [35mres[39m: {
      "statusCode": 403
    }
    [35mresponseTime[39m: 6
[05:51:56.309] [32mINFO[39m (4644): [36mrequest completed[39m
    [35mreq[39m: {
      "id": 108,
      "method": "GET",
      "url": "/api/proveedores/1/compras"
    }
    [35mres[39m: {
      "statusCode": 403
    }
    [35mresponseTime[39m: 7
[05:51:56.315] [32mINFO[39m (4644): [36mrequest completed[39m
    [35mreq[39m: {
      "id": 109,
      "method": "GET",
      "url": "/api/proveedores/1/pagos"
    }
    [35mres[39m: {
      "statusCode": 403
    }
    [35mresponseTime[39m: 5
[05:51:56.322] [32mINFO[39m (4644): [36mrequest completed[39m
    [35mreq[39m: {
      "id": 110,
      "method": "POST",
      "url": "/api/proveedores/1/pagos"
    }
    [35mres[39m: {
      "statusCode": 403
    }
    [35mresponseTime[39m: 6
[05:51:56.329] [32mINFO[39m (4644): [36mrequest completed[39m
    [35mreq[39m: {
      "id": 111,
      "method": "GET",
      "url": "/api/proveedores/1/estado-cuenta"
    }
    [35mres[39m: {
      "statusCode": 403
    }
    [35mresponseTime[39m: 6
[05:51:56.341] [32mINFO[39m (4644): [36mrequest completed[39m
    [35mreq[39m: {
      "id": 112,
      "method": "GET",
      "url": "/api/clientes/resumen"
    }
    [35mres[39m: {
      "statusCode": 403
    }
    [35mresponseTime[39m: 11
[05:51:56.351] [32mINFO[39m (4644): [36mrequest completed[39m
    [35mreq[39m: {
      "id": 113,
      "method": "GET",
      "url": "/api/clientes/cartera"
    }
    [35mres[39m: {
      "statusCode": 403
    }
    [35mresponseTime[39m: 10
[05:51:56.365] [32mINFO[39m (4644): [36mrequest completed[39m
    [35mreq[39m: {
      "id": 114,
      "method": "GET",
      "url": "/api/clientes/analitica"
    }
    [35mres[39m: {
      "statusCode": 403
    }
    [35mresponseTime[39m: 13
[05:51:56.375] [32mINFO[39m (4644): [36mrequest completed[39m
    [35mreq[39m: {
      "id": 115,
      "method": "GET",
      "url": "/api/clientes/1/credito"
    }
    [35mres[39m: {
      "statusCode": 403
    }
    [35mresponseTime[39m: 10
[05:51:56.389] [32mINFO[39m (4644): [36mrequest completed[39m
    [35mreq[39m: {
      "id": 116,
      "method": "GET",
      "url": "/api/clientes/1/precios"
    }
    [35mres[39m: {
      "statusCode": 403
    }
    [35mresponseTime[39m: 13
[05:51:56.401] [32mINFO[39m (4644): [36mrequest completed[39m
    [35mreq[39m: {
      "id": 117,
      "method": "GET",
      "url": "/api/clientes/1/estado-cuenta"
    }
    [35mres[39m: {
      "statusCode": 403
    }
    [35mresponseTime[39m: 11
[05:51:56.412] [32mINFO[39m (4644): [36mrequest completed[39m
    [35mreq[39m: {
      "id": 118,
      "method": "GET",
      "url": "/api/clientes/1/pagos"
    }
    [35mres[39m: {
      "statusCode": 403
    }
    [35mresponseTime[39m: 11
[05:51:56.422] [32mINFO[39m (4644): [36mrequest completed[39m
    [35mreq[39m: {
      "id": 119,
      "method": "POST",
      "url": "/api/clientes/1/pagos"
    }
    [35mres[39m: {
      "statusCode": 403
    }
    [35mresponseTime[39m: 9
[05:51:56.429] [32mINFO[39m (4644): [36mrequest completed[39m
    [35mreq[39m: {
      "id": 120,
      "method": "GET",
      "url": "/api/pos/buscar"
    }
    [35mres[39m: {
      "statusCode": 403
    }
    [35mresponseTime[39m: 7
  ✗ S-10: SUPERVISOR GET /proveedores/resumen → 403 (proveedores_finanzas.ver denied by matrix)
    Error:
AssertionError [ERR_ASSERTION]: GET /tickets/1 must be 403, got 404: {"error":"Ticket no encontrado."}

404 !== 403

    at <anonymous> (/home/runner/workspace/artifacts/api-server/src/security-api.test.ts:1687:12)
    at process.processTicksAndRejections (node:internal/process/task_queues:103:5)
    at async test (/home/runner/workspace/artifacts/api-server/src/security-api.test.ts:131:5)
    at async <anonymous> (/home/runner/workspace/artifacts/api-server/src/security-api.test.ts:1646:1)
PostgreSQL diagnostics:
  SQLSTATE: ERR_ASSERTION
  message: GET /tickets/1 must be 403, got 404: {"error":"Ticket no encontrado."}

404 !== 403

[05:51:56.437] [32mINFO[39m (4644): [36mrequest completed[39m
    [35mreq[39m: {
      "id": 121,
      "method": "GET",
      "url": "/api/tickets/1"
    }
    [35mres[39m: {
      "statusCode": 404
    }
    [35mresponseTime[39m: 7
[05:51:56.465] [32mINFO[39m (4644): [36mrequest completed[39m
    [35mreq[39m: {
      "id": 122,
      "method": "POST",
      "url": "/api/auth/login"
    }
    [35mres[39m: {
      "statusCode": 200
    }
    [35mresponseTime[39m: 26
[05:51:56.474] [32mINFO[39m (4644): [36mrequest completed[39m
    [35mreq[39m: {
      "id": 123,
      "method": "GET",
      "url": "/api/auth/me"
    }
    [35mres[39m: {
      "statusCode": 200
    }
    [35mresponseTime[39m: 8
  ✓ S-10A: SUPERVISOR matrix denies store-sales without resumen_caja grant
[05:51:56.486] [32mINFO[39m (4644): [36mrequest completed[39m
    [35mreq[39m: {
      "id": 124,
      "method": "GET",
      "url": "/api/caja/tiendas/1/ventas"
    }
    [35mres[39m: {
      "statusCode": 403
    }
    [35mresponseTime[39m: 11
[05:51:56.511] [32mINFO[39m (4644): [36mrequest completed[39m
    [35mreq[39m: {
      "id": 125,
      "method": "POST",
      "url": "/api/auth/login"
    }
    [35mres[39m: {
      "statusCode": 200
    }
    [35mresponseTime[39m: 23
[05:51:56.525] [32mINFO[39m (4644): [36mrequest completed[39m
    [35mreq[39m: {
      "id": 126,
      "method": "PUT",
      "url": "/api/permisos/usuarios/5/proveedores_finanzas"
    }
    [35mres[39m: {
      "statusCode": 200
    }
    [35mresponseTime[39m: 13
[05:51:56.554] [32mINFO[39m (4644): [36mrequest completed[39m
    [35mreq[39m: {
      "id": 127,
      "method": "POST",
      "url": "/api/auth/login"
    }
    [35mres[39m: {
      "statusCode": 200
    }
    [35mresponseTime[39m: 28
[05:51:56.563] [32mINFO[39m (4644): [36mrequest completed[39m
    [35mreq[39m: {
      "id": 128,
      "method": "GET",
      "url": "/api/proveedores/resumen"
    }
    [35mres[39m: {
      "statusCode": 200
    }
    [35mresponseTime[39m: 8
  ✓ S-11: SUPERVISOR finance override is honored by the matrix
[05:51:56.570] [32mINFO[39m (4644): [36mrequest completed[39m
    [35mreq[39m: {
      "id": 129,
      "method": "GET",
      "url": "/api/auth/me"
    }
    [35mres[39m: {
      "statusCode": 200
    }
    [35mresponseTime[39m: 6
[05:51:56.593] [32mINFO[39m (4644): [36mrequest completed[39m
    [35mreq[39m: {
      "id": 130,
      "method": "POST",
      "url": "/api/auth/login"
    }
    [35mres[39m: {
      "statusCode": 200
    }
    [35mresponseTime[39m: 22
[05:51:56.604] [32mINFO[39m (4644): [36mrequest completed[39m
    [35mreq[39m: {
      "id": 131,
      "method": "PUT",
      "url": "/api/permisos/usuarios/5/proveedores_finanzas"
    }
    [35mres[39m: {
      "statusCode": 200
    }
    [35mresponseTime[39m: 10
[05:51:56.629] [32mINFO[39m (4644): [36mrequest completed[39m
    [35mreq[39m: {
      "id": 132,
      "method": "POST",
      "url": "/api/auth/login"
    }
    [35mres[39m: {
      "statusCode": 200
    }
    [35mresponseTime[39m: 24
[05:51:56.636] [32mINFO[39m (4644): [36mrequest completed[39m
    [35mreq[39m: {
      "id": 133,
      "method": "GET",
      "url": "/api/proveedores/resumen"
    }
    [35mres[39m: {
      "statusCode": 403
    }
    [35mresponseTime[39m: 6
[05:51:56.644] [32mINFO[39m (4644): [36mrequest completed[39m
    [35mreq[39m: {
      "id": 134,
      "method": "GET",
      "url": "/api/auth/me"
    }
    [35mres[39m: {
      "statusCode": 200
    }
    [35mresponseTime[39m: 7
[05:51:56.657] [32mINFO[39m (4644): [36mrequest completed[39m
    [35mreq[39m: {
      "id": 135,
      "method": "DELETE",
      "url": "/api/permisos/usuarios/5/proveedores_finanzas"
    }
    [35mres[39m: {
      "statusCode": 204
    }
    [35mresponseTime[39m: 12
  ✓ S-12: false override denies and DELETE restores the matrix role default
[05:51:56.682] [32mINFO[39m (4644): [36mrequest completed[39m
    [35mreq[39m: {
      "id": 136,
      "method": "POST",
      "url": "/api/auth/login"
    }
    [35mres[39m: {
      "statusCode": 200
    }
    [35mresponseTime[39m: 25
[05:51:56.689] [32mINFO[39m (4644): [36mrequest completed[39m
    [35mreq[39m: {
      "id": 137,
      "method": "GET",
      "url": "/api/proveedores/resumen"
    }
    [35mres[39m: {
      "statusCode": 403
    }
    [35mresponseTime[39m: 6
[05:51:56.714] [32mINFO[39m (4644): [36mrequest completed[39m
    [35mreq[39m: {
      "id": 138,
      "method": "POST",
      "url": "/api/auth/login"
    }
    [35mres[39m: {
      "statusCode": 200
    }
    [35mresponseTime[39m: 24
[05:51:56.728] [32mINFO[39m (4644): [36mrequest completed[39m
    [35mreq[39m: {
      "id": 139,
      "method": "GET",
      "url": "/api/clientes"
    }
    [35mres[39m: {
      "statusCode": 403
    }
    [35mresponseTime[39m: 13
[05:51:56.753] [32mINFO[39m (4644): [36mrequest completed[39m
    [35mreq[39m: {
      "id": 140,
      "method": "POST",
      "url": "/api/auth/login"
    }
    [35mres[39m: {
      "statusCode": 200
    }
    [35mresponseTime[39m: 24
[05:51:56.765] [32mINFO[39m (4644): [36mrequest completed[39m
    [35mreq[39m: {
      "id": 141,
      "method": "PUT",
      "url": "/api/permisos/usuarios/6/clientes"
    }
    [35mres[39m: {
      "statusCode": 200
    }
    [35mresponseTime[39m: 11
[05:51:56.789] [32mINFO[39m (4644): [36mrequest completed[39m
    [35mreq[39m: {
      "id": 142,
      "method": "POST",
      "url": "/api/auth/login"
    }
    [35mres[39m: {
      "statusCode": 200
    }
    [35mresponseTime[39m: 23
  ✓ S-13: Override true beats role false: BODEGA clientes 403 → override → 200
[05:51:56.802] [32mINFO[39m (4644): [36mrequest completed[39m
    [35mreq[39m: {
      "id": 143,
      "method": "GET",
      "url": "/api/clientes"
    }
    [35mres[39m: {
      "statusCode": 200
    }
    [35mresponseTime[39m: 12
[05:51:56.827] [32mINFO[39m (4644): [36mrequest completed[39m
    [35mreq[39m: {
      "id": 144,
      "method": "POST",
      "url": "/api/auth/login"
    }
    [35mres[39m: {
      "statusCode": 200
    }
    [35mresponseTime[39m: 24
[05:51:56.846] [32mINFO[39m (4644): [36mrequest completed[39m
    [35mreq[39m: {
      "id": 145,
      "method": "DELETE",
      "url": "/api/permisos/usuarios/6/clientes"
    }
    [35mres[39m: {
      "statusCode": 204
    }
    [35mresponseTime[39m: 18
  ✓ S-14: DELETE override → BODEGA clientes reverts to role 403
[05:51:56.871] [32mINFO[39m (4644): [36mrequest completed[39m
    [35mreq[39m: {
      "id": 146,
      "method": "POST",
      "url": "/api/auth/login"
    }
    [35mres[39m: {
      "statusCode": 200
    }
    [35mresponseTime[39m: 24
[05:51:56.882] [32mINFO[39m (4644): [36mrequest completed[39m
    [35mreq[39m: {
      "id": 147,
      "method": "GET",
      "url": "/api/clientes"
    }
    [35mres[39m: {
      "statusCode": 403
    }
    [35mresponseTime[39m: 10
[05:51:56.905] [32mINFO[39m (4644): [36mrequest completed[39m
    [35mreq[39m: {
      "id": 148,
      "method": "POST",
      "url": "/api/auth/login"
    }
    [35mres[39m: {
      "statusCode": 200
    }
    [35mresponseTime[39m: 22
[05:51:56.912] [32mINFO[39m (4644): [36mrequest completed[39m
    [35mreq[39m: {
      "id": 149,
      "method": "GET",
      "url": "/api/permisos/preview/6"
    }
    [35mres[39m: {
      "statusCode": 200
    }
    [35mresponseTime[39m: 6
[05:51:56.924] [32mINFO[39m (4644): [36mrequest completed[39m
    [35mreq[39m: {
      "id": 150,
      "method": "GET",
      "url": "/api/permisos/preview/6"
    }
    [35mres[39m: {
      "statusCode": 200
    }
    [35mresponseTime[39m: 6
  ✓ S-15: Deny-by-default — BODEGA inventario allowed; remove denies; restore allows
[05:51:56.939] [32mINFO[39m (4644): [36mrequest completed[39m
    [35mreq[39m: {
      "id": 151,
      "method": "GET",
      "url": "/api/permisos/preview/6"
    }
    [35mres[39m: {
      "statusCode": 200
    }
    [35mresponseTime[39m: 6
[05:51:56.964] [32mINFO[39m (4644): [36mrequest completed[39m
    [35mreq[39m: {
      "id": 152,
      "method": "POST",
      "url": "/api/auth/login"
    }
    [35mres[39m: {
      "statusCode": 200
    }
    [35mresponseTime[39m: 24
[05:51:56.973] [32mINFO[39m (4644): [36mrequest completed[39m
    [35mreq[39m: {
      "id": 153,
      "method": "PUT",
      "url": "/api/permisos/roles/ADMIN/usuarios"
    }
    [35mres[39m: {
      "statusCode": 403
    }
    [35mresponseTime[39m: 9
[05:51:56.981] [32mINFO[39m (4644): [36mrequest completed[39m
    [35mreq[39m: {
      "id": 154,
      "method": "GET",
      "url": "/api/users"
    }
    [35mres[39m: {
      "statusCode": 200
    }
    [35mresponseTime[39m: 7
  ✓ S-16: PUT /permisos/roles/ADMIN/usuarios with puedeVer=false → 403
[05:51:56.987] [32mINFO[39m (4644): [36mrequest completed[39m
    [35mreq[39m: {
      "id": 155,
      "method": "GET",
      "url": "/api/auth/me"
    }
    [35mres[39m: {
      "statusCode": 200
    }
    [35mresponseTime[39m: 6
[05:51:57.013] [32mINFO[39m (4644): [36mrequest completed[39m
    [35mreq[39m: {
      "id": 156,
      "method": "POST",
      "url": "/api/auth/login"
    }
    [35mres[39m: {
      "statusCode": 200
    }
    [35mresponseTime[39m: 25
[05:51:57.028] [32mINFO[39m (4644): [36mrequest completed[39m
    [35mreq[39m: {
      "id": 157,
      "method": "PUT",
      "url": "/api/permisos/roles/ADMIN/permisos"
    }
    [35mres[39m: {
      "statusCode": 403
    }
    [35mresponseTime[39m: 15
  ✓ S-17: PUT /permisos/roles/ADMIN/permisos with puedeCrear=false → 403
[05:51:57.038] [32mINFO[39m (4644): [36mrequest completed[39m
    [35mreq[39m: {
      "id": 158,
      "method": "GET",
      "url": "/api/permisos/roles"
    }
    [35mres[39m: {
      "statusCode": 200
    }
    [35mresponseTime[39m: 5
[05:51:57.043] [32mINFO[39m (4644): [36mrequest completed[39m
    [35mreq[39m: {
      "id": 159,
      "method": "GET",
      "url": "/api/auth/me"
    }
    [35mres[39m: {
      "statusCode": 200
    }
    [35mresponseTime[39m: 4
[05:51:57.073] [32mINFO[39m (4644): [36mrequest completed[39m
    [35mreq[39m: {
      "id": 160,
      "method": "POST",
      "url": "/api/auth/login"
    }
    [35mres[39m: {
      "statusCode": 200
    }
    [35mresponseTime[39m: 26
  ✓ S-18: Self-override modification → 403 (cannot modify own permissions)
[05:51:57.082] [32mINFO[39m (4644): [36mrequest completed[39m
    [35mreq[39m: {
      "id": 161,
      "method": "PUT",
      "url": "/api/permisos/usuarios/2/dashboard"
    }
    [35mres[39m: {
      "statusCode": 403
    }
    [35mresponseTime[39m: 8
[05:51:57.111] [32mINFO[39m (4644): [36mrequest completed[39m
    [35mreq[39m: {
      "id": 162,
      "method": "POST",
      "url": "/api/auth/login"
    }
    [35mres[39m: {
      "statusCode": 200
    }
    [35mresponseTime[39m: 28
  ✓ S-19: Last active ADMIN — deactivate → 409 (must keep at least one)
[05:51:57.126] [32mINFO[39m (4644): [36mrequest completed[39m
    [35mreq[39m: {
      "id": 163,
      "method": "PATCH",
      "url": "/api/users/2"
    }
    [35mres[39m: {
      "statusCode": 409
    }
    [35mresponseTime[39m: 11
  ✓ S-20: BODEGA PROPIA — GET /inventario/rollos?ubicacionId=other → forced to own
[05:51:57.156] [32mINFO[39m (4644): [36mrequest completed[39m
    [35mreq[39m: {
      "id": 164,
      "method": "POST",
      "url": "/api/auth/login"
    }
    [35mres[39m: {
      "statusCode": 200
    }
    [35mresponseTime[39m: 26
[05:51:57.165] [32mINFO[39m (4644): [36mrequest completed[39m
    [35mreq[39m: {
      "id": 165,
      "method": "GET",
      "url": "/api/inventario/rollos"
    }
    [35mres[39m: {
      "statusCode": 200
    }
    [35mresponseTime[39m: 8
  ✓ S-21: BODEGA PROPIA — GET /inventario/existencias?ubicacionId=other → forced to own
[05:51:57.190] [32mINFO[39m (4644): [36mrequest completed[39m
    [35mreq[39m: {
      "id": 166,
      "method": "POST",
      "url": "/api/auth/login"
    }
    [35mres[39m: {
      "statusCode": 200
    }
    [35mresponseTime[39m: 24
[05:51:57.197] [32mINFO[39m (4644): [36mrequest completed[39m
    [35mreq[39m: {
      "id": 167,
      "method": "GET",
      "url": "/api/inventario/existencias"
    }
    [35mres[39m: {
      "statusCode": 200
    }
    [35mresponseTime[39m: 6
  ✓ S-22: BODEGA PROPIA — GET /inventario/kardex → ignores other ubicacionId param
[05:51:57.230] [32mINFO[39m (4644): [36mrequest completed[39m
    [35mreq[39m: {
      "id": 168,
      "method": "POST",
      "url": "/api/auth/login"
    }
    [35mres[39m: {
      "statusCode": 200
    }
    [35mresponseTime[39m: 32
[05:51:57.246] [32mINFO[39m (4644): [36mrequest completed[39m
    [35mreq[39m: {
      "id": 169,
      "method": "GET",
      "url": "/api/inventario/kardex"
    }
    [35mres[39m: {
      "statusCode": 200
    }
    [35mresponseTime[39m: 15
[05:51:57.271] [32mINFO[39m (4644): [36mrequest completed[39m
    [35mreq[39m: {
      "id": 170,
      "method": "POST",
      "url": "/api/auth/login"
    }
    [35mres[39m: {
      "statusCode": 200
    }
    [35mresponseTime[39m: 24
[05:51:57.278] [32mINFO[39m (4644): [36mrequest completed[39m
    [35mreq[39m: {
      "id": 171,
      "method": "GET",
      "url": "/api/inventario/rollos"
    }
    [35mres[39m: {
      "statusCode": 200
    }
    [35mresponseTime[39m: 6
  ✓ S-23: BODEGA alcanceConsulta=TODAS — GET /inventario/rollos?ubicacionId=other → honors filter
[05:51:57.295] [32mINFO[39m (4644): [36mrequest completed[39m
    [35mreq[39m: {
      "id": 172,
      "method": "GET",
      "url": "/api/inventario/rollos"
    }
    [35mres[39m: {
      "statusCode": 200
    }
    [35mresponseTime[39m: 16
[05:51:57.320] [32mINFO[39m (4644): [36mrequest completed[39m
    [35mreq[39m: {
      "id": 173,
      "method": "POST",
      "url": "/api/auth/login"
    }
    [35mres[39m: {
      "statusCode": 200
    }
    [35mresponseTime[39m: 24
[05:51:57.327] [32mINFO[39m (4644): [36mrequest completed[39m
    [35mreq[39m: {
      "id": 174,
      "method": "GET",
      "url": "/api/inventario/ubicaciones"
    }
    [35mres[39m: {
      "statusCode": 200
    }
    [35mresponseTime[39m: 6
[05:51:57.352] [32mINFO[39m (4644): [36mrequest completed[39m
    [35mreq[39m: {
      "id": 175,
      "method": "POST",
      "url": "/api/auth/login"
    }
    [35mres[39m: {
      "statusCode": 200
    }
    [35mresponseTime[39m: 24
[05:51:57.357] [32mINFO[39m (4644): [36mrequest completed[39m
    [35mreq[39m: {
      "id": 176,
      "method": "GET",
      "url": "/api/locations"
    }
    [35mres[39m: {
      "statusCode": 403
    }
    [35mresponseTime[39m: 4
[05:51:57.365] [32mINFO[39m (4644): [36mrequest completed[39m
    [35mreq[39m: {
      "id": 177,
      "method": "GET",
      "url": "/api/inventario/ubicaciones"
    }
    [35mres[39m: {
      "statusCode": 200
    }
    [35mresponseTime[39m: 7
[05:51:57.372] [32mINFO[39m (4644): [36mrequest completed[39m
    [35mreq[39m: {
      "id": 178,
      "method": "GET",
      "url": "/api/inventario/rollos"
    }
    [35mres[39m: {
      "statusCode": 200
    }
    [35mresponseTime[39m: 7
[05:51:57.415] [32mINFO[39m (4644): [36mrequest completed[39m
    [35mreq[39m: {
      "id": 179,
      "method": "GET",
      "url": "/api/inventario/rollos/10"
    }
    [35mres[39m: {
      "statusCode": 404
    }
    [35mresponseTime[39m: 12
[05:51:57.422] [32mINFO[39m (4644): [36mrequest completed[39m
    [35mreq[39m: {
      "id": 180,
      "method": "POST",
      "url": "/api/inventario/rollos/1/ajustar"
    }
    [35mres[39m: {
      "statusCode": 403
    }
    [35mresponseTime[39m: 6
  ✓ S-23A: operational locations allow TODAS selection; grouped inventory still enforces PROPIA
[05:51:57.446] [32mINFO[39m (4644): [36mrequest completed[39m
    [35mreq[39m: {
      "id": 181,
      "method": "POST",
      "url": "/api/auth/login"
    }
    [35mres[39m: {
      "statusCode": 200
    }
    [35mresponseTime[39m: 24
[05:51:57.453] [32mINFO[39m (4644): [36mrequest completed[39m
    [35mreq[39m: {
      "id": 182,
      "method": "GET",
      "url": "/api/inventario/existencias/agrupadas"
    }
    [35mres[39m: {
      "statusCode": 200
    }
    [35mresponseTime[39m: 6
[05:51:57.493] [32mINFO[39m (4644): [36mrequest completed[39m
    [35mreq[39m: {
      "id": 183,
      "method": "POST",
      "url": "/api/auth/login"
    }
    [35mres[39m: {
      "statusCode": 200
    }
    [35mresponseTime[39m: 25
[05:51:57.500] [32mINFO[39m (4644): [36mrequest completed[39m
    [35mreq[39m: {
      "id": 184,
      "method": "POST",
      "url": "/api/salidas/mostrador"
    }
    [35mres[39m: {
      "statusCode": 403
    }
    [35mresponseTime[39m: 6
[05:51:57.524] [32mINFO[39m (4644): [36mrequest completed[39m
    [35mreq[39m: {
      "id": 185,
      "method": "POST",
      "url": "/api/auth/login"
    }
    [35mres[39m: {
      "statusCode": 200
    }
    [35mresponseTime[39m: 23
  ✓ S-24: Non-ADMIN mutation on other-location → 403; ADMIN same → succeeds
[05:51:57.554] [32mINFO[39m (4644): [36mrequest completed[39m
    [35mreq[39m: {
      "id": 186,
      "method": "POST",
      "url": "/api/salidas/mostrador"
    }
    [35mres[39m: {
      "statusCode": 201
    }
    [35mresponseTime[39m: 28
[05:51:57.584] [32mINFO[39m (4644): [36mrequest completed[39m
    [35mreq[39m: {
      "id": 187,
      "method": "POST",
      "url": "/api/auth/login"
    }
    [35mres[39m: {
      "statusCode": 200
    }
    [35mresponseTime[39m: 29
[05:51:57.610] [32mINFO[39m (4644): [36mrequest completed[39m
    [35mreq[39m: {
      "id": 188,
      "method": "POST",
      "url": "/api/clientes"
    }
    [35mres[39m: {
      "statusCode": 201
    }
    [35mresponseTime[39m: 25
  ✓ S-25: GET /clientes/:id — no limiteCredito / saldoCredito in response
[05:51:57.622] [32mINFO[39m (4644): [36mrequest completed[39m
    [35mreq[39m: {
      "id": 189,
      "method": "GET",
      "url": "/api/clientes/11"
    }
    [35mres[39m: {
      "statusCode": 200
    }
    [35mresponseTime[39m: 11
[05:51:57.654] [32mINFO[39m (4644): [36mrequest completed[39m
    [35mreq[39m: {
      "id": 190,
      "method": "POST",
      "url": "/api/auth/login"
    }
    [35mres[39m: {
      "statusCode": 200
    }
    [35mresponseTime[39m: 30
[05:51:57.679] [32mINFO[39m (4644): [36mrequest completed[39m
    [35mreq[39m: {
      "id": 191,
      "method": "POST",
      "url": "/api/auth/login"
    }
    [35mres[39m: {
      "statusCode": 200
    }
    [35mresponseTime[39m: 24
[05:51:57.703] [32mINFO[39m (4644): [36mrequest completed[39m
    [35mreq[39m: {
      "id": 192,
      "method": "POST",
      "url": "/api/auth/login"
    }
    [35mres[39m: {
      "statusCode": 200
    }
    [35mresponseTime[39m: 23
  ✗ S-26: clientes_credito / clientes_precios / clientes_finanzas independently gated
    Error:
AssertionError [ERR_ASSERTION]: CAJA must not access credito: {"clienteId":11,"limiteCredito":"0.00","saldoActual":"0.00","saldoAFavor":"0.00","creditoDisponible":"0.00","puedeComprarCredito":false,"diasCredito":0,"utilizacion":"0.00","totalVencido":"0.00","primerVencimiento":null,"primeraCompra":null,"ultimaActividad":null,"antiguedad":[]}

200 !== 403

    at <anonymous> (/home/runner/workspace/artifacts/api-server/src/security-api.test.ts:2376:10)
    at process.processTicksAndRejections (node:internal/process/task_queues:103:5)
    at async test (/home/runner/workspace/artifacts/api-server/src/security-api.test.ts:131:5)
    at async <anonymous> (/home/runner/workspace/artifacts/api-server/src/security-api.test.ts:2360:1)
PostgreSQL diagnostics:
  SQLSTATE: ERR_ASSERTION
  message: CAJA must not access credito: {"clienteId":11,"limiteCredito":"0.00","saldoActual":"0.00","saldoAFavor":"0.00","creditoDisponible":"0.00","puedeComprarCredito":false,"diasCredito":0,"utilizacion":"0.00","totalVencido":"0.00","primerVencimiento":null,"primeraCompra":null,"ultimaActividad":null,"antiguedad":[]}

200 !== 403

[05:51:57.720] [32mINFO[39m (4644): [36mrequest completed[39m
    [35mreq[39m: {
      "id": 193,
      "method": "GET",
      "url": "/api/clientes/11/credito"
    }
    [35mres[39m: {
      "statusCode": 200
    }
    [35mresponseTime[39m: 16
[05:51:57.745] [32mINFO[39m (4644): [36mrequest completed[39m
    [35mreq[39m: {
      "id": 194,
      "method": "POST",
      "url": "/api/auth/login"
    }
    [35mres[39m: {
      "statusCode": 200
    }
    [35mresponseTime[39m: 23
[05:51:57.788] [32mINFO[39m (4644): [36mrequest completed[39m
    [35mreq[39m: {
      "id": 195,
      "method": "POST",
      "url": "/api/salidas/mostrador"
    }
    [35mres[39m: {
      "statusCode": 201
    }
    [35mresponseTime[39m: 27
[05:51:57.799] [32mINFO[39m (4644): [36mrequest completed[39m
    [35mreq[39m: {
      "id": 196,
      "method": "POST",
      "url": "/api/inventario/rollos/12/revertir"
    }
    [35mres[39m: {
      "statusCode": 400
    }
    [35mresponseTime[39m: 9
[05:51:57.808] [32mINFO[39m (4644): [36mrequest completed[39m
    [35mreq[39m: {
      "id": 197,
      "method": "GET",
      "url": "/api/inventario/rollos/12"
    }
    [35mres[39m: {
      "statusCode": 200
    }
    [35mresponseTime[39m: 9
[05:51:57.831] [32mINFO[39m (4644): [36mrequest completed[39m
    [35mreq[39m: {
      "id": 198,
      "method": "GET",
      "url": "/api/inventario/rollos/13"
    }
    [35mres[39m: {
      "statusCode": 200
    }
    [35mresponseTime[39m: 6
[05:51:57.850] [32mINFO[39m (4644): [36mrequest completed[39m
    [35mreq[39m: {
      "id": 199,
      "method": "POST",
      "url": "/api/inventario/rollos/13/vender"
    }
    [35mres[39m: {
      "statusCode": 200
    }
    [35mresponseTime[39m: 18
[05:51:57.871] [32mINFO[39m (4644): [36mrequest completed[39m
    [35mreq[39m: {
      "id": 200,
      "method": "POST",
      "url": "/api/inventario/rollos/13/revertir"
    }
    [35mres[39m: {
      "statusCode": 200
    }
    [35mresponseTime[39m: 18
[05:51:57.895] [32mINFO[39m (4644): [36mrequest completed[39m
    [35mreq[39m: {
      "id": 201,
      "method": "GET",
      "url": "/api/inventario/rollos/14"
    }
    [35mres[39m: {
      "statusCode": 200
    }
    [35mresponseTime[39m: 7
[05:51:57.919] [32mINFO[39m (4644): [36mrequest completed[39m
    [35mreq[39m: {
      "id": 202,
      "method": "POST",
      "url": "/api/inventario/rollos/14/ajustar"
    }
    [35mres[39m: {
      "statusCode": 200
    }
    [35mresponseTime[39m: 23
[05:51:57.944] [32mINFO[39m (4644): [36mrequest completed[39m
    [35mreq[39m: {
      "id": 203,
      "method": "POST",
      "url": "/api/inventario/rollos/14/revertir"
    }
    [35mres[39m: {
      "statusCode": 200
    }
    [35mresponseTime[39m: 24
  ✓ S-27: SALIDA_MOSTRADOR reversal fails (MOSTRADOR stays); VENTA+BAJA revert + cache reconcile
[05:51:58.005] [32mINFO[39m (4644): [36mrequest completed[39m
    [35mreq[39m: {
      "id": 204,
      "method": "GET",
      "url": "/api/inventario/kardex"
    }
    [35mres[39m: {
      "statusCode": 200
    }
    [35mresponseTime[39m: 58
[05:51:58.041] [32mINFO[39m (4644): [36mrequest completed[39m
    [35mreq[39m: {
      "id": 205,
      "method": "POST",
      "url": "/api/auth/login"
    }
    [35mres[39m: {
      "statusCode": 200
    }
    [35mresponseTime[39m: 30
[05:51:58.058] [32mINFO[39m (4644): [36mrequest completed[39m
    [35mreq[39m: {
      "id": 206,
      "method": "POST",
      "url": "/api/users"
    }
    [35mres[39m: {
      "statusCode": 403
    }
    [35mresponseTime[39m: 15
[05:51:58.073] [32mINFO[39m (4644): [36mrequest completed[39m
    [35mreq[39m: {
      "id": 207,
      "method": "PATCH",
      "url": "/api/users/6"
    }
    [35mres[39m: {
      "statusCode": 403
    }
    [35mresponseTime[39m: 14
[05:51:58.086] [32mINFO[39m (4644): [36mrequest completed[39m
    [35mreq[39m: {
      "id": 208,
      "method": "PATCH",
      "url": "/api/users/8"
    }
    [35mres[39m: {
      "statusCode": 403
    }
    [35mresponseTime[39m: 12
[05:51:58.102] [32mINFO[39m (4644): [36mrequest completed[39m
    [35mreq[39m: {
      "id": 209,
      "method": "PATCH",
      "url": "/api/users/2"
    }
    [35mres[39m: {
      "statusCode": 403
    }
    [35mresponseTime[39m: 15
  ✓ S-28: Non-ADMIN with usuarios permissions cannot escalate to ADMIN
[05:51:58.154] [32mINFO[39m (4644): [36mrequest completed[39m
    [35mreq[39m: {
      "id": 210,
      "method": "POST",
      "url": "/api/auth/login"
    }
    [35mres[39m: {
      "statusCode": 200
    }
    [35mresponseTime[39m: 24
[05:51:58.168] [32mINFO[39m (4644): [36mrequest completed[39m
    [35mreq[39m: {
      "id": 211,
      "method": "PATCH",
      "url": "/api/users/10"
    }
    [35mres[39m: {
      "statusCode": 200
    }
    [35mresponseTime[39m: 10
[05:51:58.173] [32mINFO[39m (4644): [36mrequest completed[39m
    [35mreq[39m: {
      "id": 212,
      "method": "GET",
      "url": "/api/permisos/usuarios/10"
    }
    [35mres[39m: {
      "statusCode": 403
    }
    [35mresponseTime[39m: 4
[05:51:58.180] [32mINFO[39m (4644): [36mrequest completed[39m
    [35mreq[39m: {
      "id": 213,
      "method": "PUT",
      "url": "/api/permisos/usuarios/10/dashboard"
    }
    [35mres[39m: {
      "statusCode": 403
    }
    [35mresponseTime[39m: 6
  ✓ S-29: promotion to ADMIN removes overrides and ADMIN override routes → 403
[05:51:58.188] [32mINFO[39m (4644): [36mrequest completed[39m
    [35mreq[39m: {
      "id": 214,
      "method": "DELETE",
      "url": "/api/permisos/usuarios/10/dashboard"
    }
    [35mres[39m: {
      "statusCode": 403
    }
    [35mresponseTime[39m: 7
[05:51:58.244] [32mINFO[39m (4644): [36mrequest completed[39m
    [35mreq[39m: {
      "id": 215,
      "method": "POST",
      "url": "/api/auth/login"
    }
    [35mres[39m: {
      "statusCode": 200
    }
    [35mresponseTime[39m: 26
[05:51:58.249] [32mINFO[39m (4644): [36mrequest completed[39m
    [35mreq[39m: {
      "id": 216,
      "method": "POST",
      "url": "/api/sesiones-caja/abrir"
    }
    [35mres[39m: {
      "statusCode": 403
    }
    [35mresponseTime[39m: 5
[05:51:58.298] [32mINFO[39m (4644): [36mrequest completed[39m
    [35mreq[39m: {
      "id": 217,
      "method": "POST",
      "url": "/api/auth/login"
    }
    [35mres[39m: {
      "statusCode": 200
    }
    [35mresponseTime[39m: 26
[05:51:58.323] [32mINFO[39m (4644): [36mrequest completed[39m
    [35mreq[39m: {
      "id": 218,
      "method": "POST",
      "url": "/api/auth/login"
    }
    [35mres[39m: {
      "statusCode": 200
    }
    [35mresponseTime[39m: 24
[05:51:58.337] [32mINFO[39m (4644): [36mrequest completed[39m
    [35mreq[39m: {
      "id": 219,
      "method": "POST",
      "url": "/api/sesiones-caja/abrir"
    }
    [35mres[39m: {
      "statusCode": 201
    }
    [35mresponseTime[39m: 13
[05:51:58.355] [32mINFO[39m (4644): [36mrequest completed[39m
    [35mreq[39m: {
      "id": 220,
      "method": "GET",
      "url": "/api/sesiones-caja/1/corte"
    }
    [35mres[39m: {
      "statusCode": 200
    }
    [35mresponseTime[39m: 17
[05:51:58.379] [32mINFO[39m (4644): [36mrequest completed[39m
    [35mreq[39m: {
      "id": 221,
      "method": "POST",
      "url": "/api/sesiones-caja/1/cerrar"
    }
    [35mres[39m: {
      "statusCode": 200
    }
    [35mresponseTime[39m: 23
[05:51:58.394] [32mINFO[39m (4644): [36mrequest completed[39m
    [35mreq[39m: {
      "id": 222,
      "method": "GET",
      "url": "/api/sesiones-caja/1/corte"
    }
    [35mres[39m: {
      "statusCode": 200
    }
    [35mresponseTime[39m: 12
[05:51:58.404] [32mINFO[39m (4644): [36mrequest completed[39m
    [35mreq[39m: {
      "id": 223,
      "method": "POST",
      "url": "/api/sesiones-caja/abrir"
    }
    [35mres[39m: {
      "statusCode": 201
    }
    [35mresponseTime[39m: 9
[05:51:58.409] [32mINFO[39m (4644): [36mrequest completed[39m
    [35mreq[39m: {
      "id": 224,
      "method": "GET",
      "url": "/api/sesiones-caja"
    }
    [35mres[39m: {
      "statusCode": 403
    }
    [35mresponseTime[39m: 4
[05:51:58.416] [32mINFO[39m (4644): [36mrequest completed[39m
    [35mreq[39m: {
      "id": 225,
      "method": "GET",
      "url": "/api/sesiones-caja"
    }
    [35mres[39m: {
      "statusCode": 200
    }
    [35mresponseTime[39m: 7
[05:51:58.429] [32mINFO[39m (4644): [36mrequest completed[39m
    [35mreq[39m: {
      "id": 226,
      "method": "GET",
      "url": "/api/sesiones-caja/1/corte"
    }
    [35mres[39m: {
      "statusCode": 200
    }
    [35mresponseTime[39m: 12
  ✓ S-30: explicit CAJA CORTES override authorizes cash management while location rules remain enforced
[05:51:58.441] [32mINFO[39m (4644): [36mrequest completed[39m
    [35mreq[39m: {
      "id": 227,
      "method": "GET",
      "url": "/api/sesiones-caja/2/corte"
    }
    [35mres[39m: {
      "statusCode": 200
    }
    [35mresponseTime[39m: 12
[05:51:58.482] [32mINFO[39m (4644): [36mrequest completed[39m
    [35mreq[39m: {
      "id": 228,
      "method": "POST",
      "url": "/api/auth/login"
    }
    [35mres[39m: {
      "statusCode": 200
    }
    [35mresponseTime[39m: 24
[05:51:58.486] [32mINFO[39m (4644): [36mrequest completed[39m
    [35mreq[39m: {
      "id": 230,
      "method": "POST",
      "url": "/api/auth/login"
    }
    [35mres[39m: {
      "statusCode": 200
    }
    [35mresponseTime[39m: 27
[05:51:58.486] [32mINFO[39m (4644): [36mrequest completed[39m
    [35mreq[39m: {
      "id": 229,
      "method": "POST",
      "url": "/api/auth/login"
    }
    [35mres[39m: {
      "statusCode": 200
    }
    [35mresponseTime[39m: 28
[05:51:58.493] [32mINFO[39m (4644): [36mrequest completed[39m
    [35mreq[39m: {
      "id": 231,
      "method": "POST",
      "url": "/api/inventario/salidas-extraordinarias"
    }
    [35mres[39m: {
      "statusCode": 403
    }
    [35mresponseTime[39m: 6
[05:51:58.499] [32mINFO[39m (4644): [36mrequest completed[39m
    [35mreq[39m: {
      "id": 232,
      "method": "GET",
      "url": "/api/inventario/salidas-extraordinarias"
    }
    [35mres[39m: {
      "statusCode": 403
    }
    [35mresponseTime[39m: 6
[05:51:58.505] [32mINFO[39m (4644): [36mrequest completed[39m
    [35mreq[39m: {
      "id": 233,
      "method": "POST",
      "url": "/api/inventario/salidas-extraordinarias"
    }
    [35mres[39m: {
      "statusCode": 403
    }
    [35mresponseTime[39m: 6
[05:51:58.511] [32mINFO[39m (4644): [36mrequest completed[39m
    [35mreq[39m: {
      "id": 234,
      "method": "GET",
      "url": "/api/inventario/salidas-extraordinarias"
    }
    [35mres[39m: {
      "statusCode": 403
    }
    [35mresponseTime[39m: 6
[05:51:58.530] [32mINFO[39m (4644): [36mrequest completed[39m
    [35mreq[39m: {
      "id": 235,
      "method": "POST",
      "url": "/api/inventario/salidas-extraordinarias"
    }
    [35mres[39m: {
      "statusCode": 201
    }
    [35mresponseTime[39m: 18
[05:51:58.537] [32mINFO[39m (4644): [36mrequest completed[39m
    [35mreq[39m: {
      "id": 236,
      "method": "GET",
      "url": "/api/inventario/salidas-extraordinarias"
    }
    [35mres[39m: {
      "statusCode": 200
    }
    [35mresponseTime[39m: 6
[05:51:58.544] [32mINFO[39m (4644): [36mrequest completed[39m
    [35mreq[39m: {
      "id": 237,
      "method": "POST",
      "url": "/api/inventario/salidas-extraordinarias/28/revertir"
    }
    [35mres[39m: {
      "statusCode": 400
    }
    [35mresponseTime[39m: 6
[05:51:58.551] [32mINFO[39m (4644): [36mrequest completed[39m
    [35mreq[39m: {
      "id": 238,
      "method": "POST",
      "url": "/api/inventario/rollos/15/revertir"
    }
    [35mres[39m: {
      "statusCode": 400
    }
    [35mresponseTime[39m: 6
[05:51:58.559] [32mINFO[39m (4644): [36mrequest completed[39m
    [35mreq[39m: {
      "id": 239,
      "method": "POST",
      "url": "/api/inventario/salidas-extraordinarias/28/revertir"
    }
    [35mres[39m: {
      "statusCode": 403
    }
    [35mresponseTime[39m: 7
[05:51:58.564] [32mINFO[39m (4644): [36mrequest completed[39m
    [35mreq[39m: {
      "id": 240,
      "method": "POST",
      "url": "/api/inventario/salidas-extraordinarias/28/revertir"
    }
    [35mres[39m: {
      "statusCode": 403
    }
    [35mresponseTime[39m: 5
[05:51:58.581] [32mINFO[39m (4644): [36mrequest completed[39m
    [35mreq[39m: {
      "id": 241,
      "method": "POST",
      "url": "/api/inventario/salidas-extraordinarias/28/revertir"
    }
    [35mres[39m: {
      "statusCode": 200
    }
    [35mresponseTime[39m: 16
  ✓ S-30A: extraordinary exits require direct ADMIN despite full salidas overrides

Security API tests: 45/49 passed, 4 FAILED

Failed scenarios:
  • S-03: CAJA /auth/me effective matrix — cobros OK, POS/proveedores denied: Error:
AssertionError [ERR_ASSERTION]: CAJA must not see inventory

true !== false

    at <anonymous> (/home/runner/workspace/artifacts/api-server/src/security-api.test.ts:570:10)
    at process.processTicksAndRejections (node:internal/process/task_queues:103:5)
    at async test (/home/runner/workspace/artifacts/api-server/src/security-api.test.ts:131:5)
    at async <anonymous> (/home/runner/workspace/artifacts/api-server/src/security-api.test.ts:552:1)
PostgreSQL diagnostics:
  SQLSTATE: ERR_ASSERTION
  message: CAJA must not see inventory

true !== false

  • S-03AA: Store sales requires an explicit override for CAJA and remains scoped: Error:
AssertionError [ERR_ASSERTION]: {"ubicacionId":1,"nombreUbicacion":"Mariana","items":[],"total":0,"page":1,"pageSize":1}

200 !== 403

    at <anonymous> (/home/runner/workspace/artifacts/api-server/src/security-api.test.ts:623:10)
    at process.processTicksAndRejections (node:internal/process/task_queues:103:5)
    at async test (/home/runner/workspace/artifacts/api-server/src/security-api.test.ts:131:5)
    at async <anonymous> (/home/runner/workspace/artifacts/api-server/src/security-api.test.ts:613:1)
PostgreSQL diagnostics:
  SQLSTATE: ERR_ASSERTION
  message: {"ubicacionId":1,"nombreUbicacion":"Mariana","items":[],"total":0,"page":1,"pageSize":1}

200 !== 403

  • S-10: SUPERVISOR GET /proveedores/resumen → 403 (proveedores_finanzas.ver denied by matrix): Error:
AssertionError [ERR_ASSERTION]: GET /tickets/1 must be 403, got 404: {"error":"Ticket no encontrado."}

404 !== 403

    at <anonymous> (/home/runner/workspace/artifacts/api-server/src/security-api.test.ts:1687:12)
    at process.processTicksAndRejections (node:internal/process/task_queues:103:5)
    at async test (/home/runner/workspace/artifacts/api-server/src/security-api.test.ts:131:5)
    at async <anonymous> (/home/runner/workspace/artifacts/api-server/src/security-api.test.ts:1646:1)
PostgreSQL diagnostics:
  SQLSTATE: ERR_ASSERTION
  message: GET /tickets/1 must be 403, got 404: {"error":"Ticket no encontrado."}

404 !== 403

  • S-26: clientes_credito / clientes_precios / clientes_finanzas independently gated: Error:
AssertionError [ERR_ASSERTION]: CAJA must not access credito: {"clienteId":11,"limiteCredito":"0.00","saldoActual":"0.00","saldoAFavor":"0.00","creditoDisponible":"0.00","puedeComprarCredito":false,"diasCredito":0,"utilizacion":"0.00","totalVencido":"0.00","primerVencimiento":null,"primeraCompra":null,"ultimaActividad":null,"antiguedad":[]}

200 !== 403

    at <anonymous> (/home/runner/workspace/artifacts/api-server/src/security-api.test.ts:2376:10)
    at process.processTicksAndRejections (node:internal/process/task_queues:103:5)
    at async test (/home/runner/workspace/artifacts/api-server/src/security-api.test.ts:131:5)
    at async <anonymous> (/home/runner/workspace/artifacts/api-server/src/security-api.test.ts:2360:1)
PostgreSQL diagnostics:
  SQLSTATE: ERR_ASSERTION
  message: CAJA must not access credito: {"clienteId":11,"limiteCredito":"0.00","saldoActual":"0.00","saldoAFavor":"0.00","creditoDisponible":"0.00","puedeComprarCredito":false,"diasCredito":0,"utilizacion":"0.00","totalVencido":"0.00","primerVencimiento":null,"primeraCompra":null,"ultimaActividad":null,"antiguedad":[]}

200 !== 403

[05:51:58.593] [32mINFO[39m (4644): [36mrequest completed[39m
    [35mreq[39m: {
      "id": 242,
      "method": "POST",
      "url": "/api/inventario/salidas-extraordinarias/28/revertir"
    }
    [35mres[39m: {
      "statusCode": 200
    }
    [35mresponseTime[39m: 11
✖ /home/runner/workspace/artifacts/api-server/src/security-api.test.ts (7831.540379ms)
ℹ tests 1
ℹ suites 0
ℹ pass 0
ℹ fail 1
ℹ cancelled 0
ℹ skipped 0
ℹ todo 0
ℹ duration_ms 7840.27093

✖ failing tests:

test at artifacts/api-server/src/security-api.test.ts:1:1
✖ /home/runner/workspace/artifacts/api-server/src/security-api.test.ts (7831.540379ms)
  'test failed'
