TAP version 13
# Subtest: E7-GROUP1-LINKS
not ok 1 - E7-GROUP1-LINKS
  ---
  duration_ms: 348.171533
  type: 'test'
  location: '/tmp/e7-native-UqxLR6/E7-GROUP1-LINKS-red/artifacts/mariana-textil/case.test.cjs:71637:27'
  failureType: 'testCodeFailure'
  error: |-
    E7-GROUP1-LINKS
    
    false !== true
    
  code: 'ERR_ASSERTION'
  name: 'AssertionError'
  expected: true
  actual: false
  operator: 'strictEqual'
  stack: |-
    check (/tmp/e7-native-UqxLR6/E7-GROUP1-LINKS-red/artifacts/mariana-textil/case.test.cjs:71523:46)
    TestContext.<anonymous> (/tmp/e7-native-UqxLR6/E7-GROUP1-LINKS-red/artifacts/mariana-textil/case.test.cjs:71642:5)
    async Test.run (node:internal/test_runner/test:1113:7)
    async startSubtestAfterBootstrap (node:internal/test_runner/harness:358:3)
  ...
1..1
# tests 1
# suites 0
# pass 0
# fail 1
# cancelled 0
# skipped 0
# todo 0
# duration_ms 2322.415134
