TAP version 13
# Subtest: E7-RANGE
not ok 1 - E7-RANGE
  ---
  duration_ms: 332.915133
  type: 'test'
  location: '/tmp/e7-native-UqxLR6/E7-RANGE-green/artifacts/mariana-textil/case.test.cjs:71687:27'
  failureType: 'testCodeFailure'
  error: |-
    E7-RANGE
    
    false !== true
    
  code: 'ERR_ASSERTION'
  name: 'AssertionError'
  expected: true
  actual: false
  operator: 'strictEqual'
  stack: |-
    check (/tmp/e7-native-UqxLR6/E7-RANGE-green/artifacts/mariana-textil/case.test.cjs:71523:46)
    TestContext.<anonymous> (/tmp/e7-native-UqxLR6/E7-RANGE-green/artifacts/mariana-textil/case.test.cjs:71692:3)
    async Test.run (node:internal/test_runner/test:1113:7)
    async startSubtestAfterBootstrap (node:internal/test_runner/harness:358:3)
  ...
1..1
# tests 1
# suites 0
# pass 0
# fail 1
# cancelled 0
# skipped 0
# todo 0
# duration_ms 2433.94967
