TAP version 13
# Subtest: E7-HISTORIC-51-53-UNLOCATED-GLOBAL-ONLY
not ok 1 - E7-HISTORIC-51-53-UNLOCATED-GLOBAL-ONLY
  ---
  duration_ms: 70.167861
  type: 'test'
  location: '/tmp/e7-native-DUVg70/E7-HISTORIC-51-53-UNLOCATED-GLOBAL-ONLY-red/test.mjs:258931:1'
  failureType: 'testCodeFailure'
  error: |-
    Expected values to be strictly deep-equal:
    + actual - expected
    ... Skipped lines
    
      [
        [
          'ledger:51',
          null
        ],
    ...
          'ledger:53',
    +     9
    -     null
        ]
      ]
    
  code: 'ERR_ASSERTION'
  name: 'AssertionError'
  expected:
    0:
      0: 'ledger:51'
      1: ~
    1:
      0: 'ledger:52'
      1: ~
    2:
      0: 'ledger:53'
      1: ~
  actual:
    0:
      0: 'ledger:51'
      1: ~
    1:
      0: 'ledger:52'
      1: ~
    2:
      0: 'ledger:53'
      1: 9
  operator: 'deepStrictEqual'
  stack: |-
    TestContext.<anonymous> (file:///tmp/e7-native-DUVg70/E7-HISTORIC-51-53-UNLOCATED-GLOBAL-ONLY-red/test.mjs:258934:11)
    async Test.run (node:internal/test_runner/test:1113:7)
    async startSubtestAfterBootstrap (node:internal/test_runner/harness:358:3)
  ...
1..1
# tests 1
# suites 0
# pass 0
# fail 1
# cancelled 0
# skipped 0
# todo 0
# duration_ms 414.943765

