TAP version 13
# Subtest: E7-OFF-NO-READS
not ok 1 - E7-OFF-NO-READS
  ---
  duration_ms: 94.507812
  type: 'test'
  location: '/tmp/e7-native-DUVg70/E7-OFF-NO-READS-red/test.mjs:258811:1'
  failureType: 'testCodeFailure'
  error: 'Missing expected rejection.'
  code: 'ERR_ASSERTION'
  name: 'AssertionError'
  expected: [Function (anonymous)]
  operator: 'rejects'
  stack: |-
    async TestContext.<anonymous> (file:///tmp/e7-native-DUVg70/E7-OFF-NO-READS-red/test.mjs:258818:3)
    async Test.run (node:internal/test_runner/test:1113:7)
    async startSubtestAfterBootstrap (node:internal/test_runner/harness:358:3)
  ...
1..1
# tests 1
# suites 0
# pass 0
# fail 1
# cancelled 0
# skipped 0
# todo 0
# duration_ms 577.374905

