TAP version 13
# Subtest: E7-RECEIPT-APPLICATION-NOT-DOUBLE-INCOME
not ok 1 - E7-RECEIPT-APPLICATION-NOT-DOUBLE-INCOME
  ---
  duration_ms: 84.065378
  type: 'test'
  location: '/tmp/e7-native-DUVg70/E7-RECEIPT-APPLICATION-NOT-DOUBLE-INCOME-red/test.mjs:258908:1'
  failureType: 'testCodeFailure'
  error: |-
    Expected values to be strictly deep-equal:
    + actual - expected
    
      [
    +   '280.00',
    -   '145.00',
        '150.00',
        '135.00'
      ]
    
  code: 'ERR_ASSERTION'
  name: 'AssertionError'
  expected:
    0: '145.00'
    1: '150.00'
    2: '135.00'
  actual:
    0: '280.00'
    1: '150.00'
    2: '135.00'
  operator: 'deepStrictEqual'
  stack: |-
    TestContext.<anonymous> (file:///tmp/e7-native-DUVg70/E7-RECEIPT-APPLICATION-NOT-DOUBLE-INCOME-red/test.mjs:258912:11)
    async Test.run (node:internal/test_runner/test:1113:7)
    async startSubtestAfterBootstrap (node:internal/test_runner/harness:358:3)
  ...
1..1
# tests 1
# suites 0
# pass 0
# fail 1
# cancelled 0
# skipped 0
# todo 0
# duration_ms 511.898768

