TAP version 13
# Subtest: E7-SESSION-MUST-BE-CURRENT
not ok 1 - E7-SESSION-MUST-BE-CURRENT
  ---
  duration_ms: 3.217725
  type: 'test'
  location: '/tmp/e7-native-DUVg70/E7-SESSION-MUST-BE-CURRENT-red/test.mjs:258832:1'
  failureType: 'testCodeFailure'
  error: |-
    The validation function is expected to return "true". Received false
    
    Caught error:
    
    TypeError: Cannot read properties of undefined (reading 'rol')
  code: 'ERR_ASSERTION'
  name: 'AssertionError'
  expected: [Function (anonymous)]
  actual:
  error: "Cannot read properties of undefined (reading 'rol')"
  name: 'TypeError'
  stack: |-
    authorize (file:///tmp/e7-native-DUVg70/E7-SESSION-MUST-BE-CURRENT-red/test.mjs:235521:14)
    async read (file:///tmp/e7-native-DUVg70/E7-SESSION-MUST-BE-CURRENT-red/test.mjs:235555:18)
    async waitForActual (node:assert:646:5)
    async strict.rejects (node:assert:769:25)
    async TestContext.<anonymous> (file:///tmp/e7-native-DUVg70/E7-SESSION-MUST-BE-CURRENT-red/test.mjs:258834:3)
    async Test.run (node:internal/test_runner/test:1113:7)
    async startSubtestAfterBootstrap (node:internal/test_runner/harness:358:3)
  operator: 'rejects'
  stack: |-
    async TestContext.<anonymous> (file:///tmp/e7-native-DUVg70/E7-SESSION-MUST-BE-CURRENT-red/test.mjs:258834:3)
    async Test.run (node:internal/test_runner/test:1113:7)
    async startSubtestAfterBootstrap (node:internal/test_runner/harness:358:3)
  ...
1..1
# tests 1
# suites 0
# pass 0
# fail 1
# cancelled 0
# skipped 0
# todo 0
# duration_ms 312.005567

