[06:12:18.114] [32mINFO[39m (10909): [36mrequest completed[39m
    [35mreq[39m: {
      "id": 1,
      "method": "GET",
      "url": "/api/precios"
    }
    [35mres[39m: {
      "statusCode": 403
    }
    [35mresponseTime[39m: 21
[06:12:18.140] [32mINFO[39m (10909): [36mrequest completed[39m
    [35mreq[39m: {
      "id": 2,
      "method": "GET",
      "url": "/api/precios/1"
    }
    [35mres[39m: {
      "statusCode": 403
    }
    [35mresponseTime[39m: 11
[06:12:18.172] [32mINFO[39m (10909): [36mrequest completed[39m
    [35mreq[39m: {
      "id": 3,
      "method": "POST",
      "url": "/api/precios/1/cambiar"
    }
    [35mres[39m: {
      "statusCode": 403
    }
    [35mresponseTime[39m: 25
[06:12:18.182] [32mINFO[39m (10909): [36mrequest completed[39m
    [35mreq[39m: {
      "id": 4,
      "method": "PATCH",
      "url": "/api/precios/1/venta-por-metro"
    }
    [35mres[39m: {
      "statusCode": 403
    }
    [35mresponseTime[39m: 8
[06:12:18.211] [32mINFO[39m (10909): [36mrequest completed[39m
    [35mreq[39m: {
      "id": 5,
      "method": "GET",
      "url": "/api/precios"
    }
    [35mres[39m: {
      "statusCode": 200
    }
    [35mresponseTime[39m: 25
[06:12:18.223] [32mINFO[39m (10909): [36mrequest completed[39m
    [35mreq[39m: {
      "id": 6,
      "method": "GET",
      "url": "/api/precios"
    }
    [35mres[39m: {
      "statusCode": 200
    }
    [35mresponseTime[39m: 11
[06:12:18.241] [32mINFO[39m (10909): [36mrequest completed[39m
    [35mreq[39m: {
      "id": 7,
      "method": "PATCH",
      "url": "/api/precios/1/venta-por-metro"
    }
    [35mres[39m: {
      "statusCode": 200
    }
    [35mresponseTime[39m: 16
[06:12:18.252] [32mINFO[39m (10909): [36mrequest completed[39m
    [35mreq[39m: {
      "id": 8,
      "method": "PATCH",
      "url": "/api/precios/2/venta-por-metro"
    }
    [35mres[39m: {
      "statusCode": 400
    }
    [35mresponseTime[39m: 9
[06:12:18.270] [32mINFO[39m (10909): [36mrequest completed[39m
    [35mreq[39m: {
      "id": 9,
      "method": "GET",
      "url": "/api/precios"
    }
    [35mres[39m: {
      "statusCode": 200
    }
    [35mresponseTime[39m: 15
[06:12:18.292] [32mINFO[39m (10909): [36mrequest completed[39m
    [35mreq[39m: {
      "id": 10,
      "method": "POST",
      "url": "/api/precios/3/cambiar"
    }
    [35mres[39m: {
      "statusCode": 200
    }
    [35mresponseTime[39m: 20
[06:12:18.310] [32mINFO[39m (10909): [36mrequest completed[39m
    [35mreq[39m: {
      "id": 11,
      "method": "POST",
      "url": "/api/precios/1/cambiar"
    }
    [35mres[39m: {
      "statusCode": 200
    }
    [35mresponseTime[39m: 14
[06:12:18.324] [32mINFO[39m (10909): [36mrequest completed[39m
    [35mreq[39m: {
      "id": 12,
      "method": "POST",
      "url": "/api/precios/1/cambiar"
    }
    [35mres[39m: {
      "statusCode": 200
    }
    [35mresponseTime[39m: 13
[06:12:18.340] [32mINFO[39m (10909): [36mrequest completed[39m
    [35mreq[39m: {
      "id": 13,
      "method": "POST",
      "url": "/api/precios/1/cambiar"
    }
    [35mres[39m: {
      "statusCode": 200
    }
    [35mresponseTime[39m: 15
[06:12:18.355] [32mINFO[39m (10909): [36mrequest completed[39m
    [35mreq[39m: {
      "id": 14,
      "method": "POST",
      "url": "/api/precios/1/cambiar"
    }
    [35mres[39m: {
      "statusCode": 200
    }
    [35mresponseTime[39m: 14
[06:12:18.362] [32mINFO[39m (10909): [36mrequest completed[39m
    [35mreq[39m: {
      "id": 15,
      "method": "POST",
      "url": "/api/precios/1/cambiar"
    }
    [35mres[39m: {
      "statusCode": 400
    }
    [35mresponseTime[39m: 6
[06:12:18.369] [32mINFO[39m (10909): [36mrequest completed[39m
    [35mreq[39m: {
      "id": 16,
      "method": "PATCH",
      "url": "/api/productos/1"
    }
    [35mres[39m: {
      "statusCode": 400
    }
    [35mresponseTime[39m: 6
[06:12:18.378] [32mINFO[39m (10909): [36mrequest completed[39m
    [35mreq[39m: {
      "id": 17,
      "method": "GET",
      "url": "/api/precios/1"
    }
    [35mres[39m: {
      "statusCode": 200
    }
    [35mresponseTime[39m: 8
✔ precios is ADMIN-only and changes only catalog price/history (2067.737163ms)
ℹ tests 1
ℹ suites 0
ℹ pass 1
ℹ fail 0
ℹ cancelled 0
ℹ skipped 0
ℹ todo 0
ℹ duration_ms 3177.126819
