[06:12:31.831] [32mINFO[39m (11146): [36mrequest completed[39m
    [35mreq[39m: {
      "id": 1,
      "method": "GET",
      "url": "/api/productos"
    }
    [35mres[39m: {
      "statusCode": 200
    }
    [35mresponseTime[39m: 33
[06:12:31.873] [32mINFO[39m (11146): [36mrequest completed[39m
    [35mreq[39m: {
      "id": 2,
      "method": "PATCH",
      "url": "/api/productos/1"
    }
    [35mres[39m: {
      "statusCode": 400
    }
    [35mresponseTime[39m: 28
[06:12:31.902] [32mINFO[39m (11146): [36mrequest completed[39m
    [35mreq[39m: {
      "id": 3,
      "method": "PATCH",
      "url": "/api/productos/2"
    }
    [35mres[39m: {
      "statusCode": 200
    }
    [35mresponseTime[39m: 26
[06:12:31.913] [32mINFO[39m (11146): [36mrequest completed[39m
    [35mreq[39m: {
      "id": 4,
      "method": "PATCH",
      "url": "/api/productos/1"
    }
    [35mres[39m: {
      "statusCode": 403
    }
    [35mresponseTime[39m: 9
[06:12:31.927] [32mINFO[39m (11146): [36mrequest completed[39m
    [35mreq[39m: {
      "id": 5,
      "method": "PATCH",
      "url": "/api/productos/1"
    }
    [35mres[39m: {
      "statusCode": 200
    }
    [35mresponseTime[39m: 12
[06:12:31.939] [32mINFO[39m (11146): [36mrequest completed[39m
    [35mreq[39m: {
      "id": 6,
      "method": "PATCH",
      "url": "/api/productos/1"
    }
    [35mres[39m: {
      "statusCode": 200
    }
    [35mresponseTime[39m: 10
[06:12:31.949] [32mINFO[39m (11146): [36mrequest completed[39m
    [35mreq[39m: {
      "id": 7,
      "method": "GET",
      "url": "/api/productos"
    }
    [35mres[39m: {
      "statusCode": 200
    }
    [35mresponseTime[39m: 8
[06:12:31.956] [32mINFO[39m (11146): [36mrequest completed[39m
    [35mreq[39m: {
      "id": 8,
      "method": "GET",
      "url": "/api/productos"
    }
    [35mres[39m: {
      "statusCode": 200
    }
    [35mresponseTime[39m: 6
[06:12:31.969] [32mINFO[39m (11146): [36mrequest completed[39m
    [35mreq[39m: {
      "id": 9,
      "method": "GET",
      "url": "/api/productos/1"
    }
    [35mres[39m: {
      "statusCode": 200
    }
    [35mresponseTime[39m: 11
[06:12:31.984] [32mINFO[39m (11146): [36mrequest completed[39m
    [35mreq[39m: {
      "id": 10,
      "method": "GET",
      "url": "/api/productos"
    }
    [35mres[39m: {
      "statusCode": 200
    }
    [35mresponseTime[39m: 14
[06:12:31.995] [32mINFO[39m (11146): [36mrequest completed[39m
    [35mreq[39m: {
      "id": 11,
      "method": "GET",
      "url": "/api/productos/1"
    }
    [35mres[39m: {
      "statusCode": 200
    }
    [35mresponseTime[39m: 10
[06:12:32.008] [32mINFO[39m (11146): [36mrequest completed[39m
    [35mreq[39m: {
      "id": 12,
      "method": "GET",
      "url": "/api/productos"
    }
    [35mres[39m: {
      "statusCode": 200
    }
    [35mresponseTime[39m: 12
✔ Block 2 products use scoped existencias cache and redact TERMINAL finances (2364.394551ms)
[06:12:32.018] [32mINFO[39m (11146): [36mrequest completed[39m
    [35mreq[39m: {
      "id": 13,
      "method": "GET",
      "url": "/api/productos/1"
    }
    [35mres[39m: {
      "statusCode": 200
    }
    [35mresponseTime[39m: 9
ℹ tests 1
ℹ suites 0
ℹ pass 1
ℹ fail 0
ℹ cancelled 0
ℹ skipped 0
ℹ todo 0
ℹ duration_ms 3490.4519
