TAP version 13
# Subtest: E9-AUTH-ONCE
not ok 1 - E9-AUTH-ONCE
  ---
  duration_ms: 8.4151
  type: 'test'
  location: '/tmp/e9-native-NNIztF/E9-AUTH-ONCE/test.mjs:7905:1'
  failureType: 'testCodeFailure'
  error: 'Missing expected rejection.'
  code: 'ERR_ASSERTION'
  name: 'AssertionError'
  expected: [Function (anonymous)]
  operator: 'rejects'
  stack: |-
    async TestContext.<anonymous> (file:///tmp/e9-native-NNIztF/E9-AUTH-ONCE/test.mjs:7907:3)
    async Test.run (node:internal/test_runner/test:1113:7)
    async startSubtestAfterBootstrap (node:internal/test_runner/harness:358:3)
  ...
1..1
# tests 1
# suites 0
# pass 0
# fail 1
# cancelled 0
# skipped 0
# todo 0
# duration_ms 56.797192

