TAP version 13
# Subtest: E9-AUDIT-PRIVACY
not ok 1 - E9-AUDIT-PRIVACY
  ---
  duration_ms: 7.838771
  type: 'test'
  location: '/tmp/e9-native-NNIztF/E9-AUDIT-PRIVACY/test.mjs:8002:1'
  failureType: 'testCodeFailure'
  error: |-
    The input did not match the regular expression /'FONDO'/. Input:
    
    'INSERT INTO auditoria (usuario_id,modulo,accion,entidad,entidad_id,datos_despues,ip)\n' +
      "        VALUES ($1,'CAJA',$2,'e9_entregas',$3,\n" +
      '          $4::jsonb,$5)'
    
  code: 'ERR_ASSERTION'
  name: 'AssertionError'
  expected:
  actual: |-
    INSERT INTO auditoria (usuario_id,modulo,accion,entidad,entidad_id,datos_despues,ip)
            VALUES ($1,'CAJA',$2,'e9_entregas',$3,
              $4::jsonb,$5)
  operator: 'match'
  stack: |-
    TestContext.<anonymous> (file:///tmp/e9-native-NNIztF/E9-AUDIT-PRIVACY/test.mjs:8006:10)
    async Test.run (node:internal/test_runner/test:1113:7)
    async startSubtestAfterBootstrap (node:internal/test_runner/harness:358:3)
  ...
1..1
# tests 1
# suites 0
# pass 0
# fail 1
# cancelled 0
# skipped 0
# todo 0
# duration_ms 59.145292

