TAP version 13
# Subtest: E9-COUNT-DEFICIT
not ok 1 - E9-COUNT-DEFICIT
  ---
  duration_ms: 5.520239
  type: 'test'
  location: '/tmp/e9-native-NNIztF/E9-COUNT-DEFICIT/test.mjs:7856:1'
  failureType: 'testCodeFailure'
  error: |-
    Expected values to be strictly equal:
    + actual - expected
    
    + undefined
    - 'ABIERTA'
    
  code: 'ERR_ASSERTION'
  name: 'AssertionError'
  expected: 'ABIERTA'
  operator: 'strictEqual'
  stack: |-
    TestContext.<anonymous> (file:///tmp/e9-native-NNIztF/E9-COUNT-DEFICIT/test.mjs:7859:10)
    async Test.run (node:internal/test_runner/test:1113:7)
    async startSubtestAfterBootstrap (node:internal/test_runner/harness:358:3)
  ...
1..1
# tests 1
# suites 0
# pass 0
# fail 1
# cancelled 0
# skipped 0
# todo 0
# duration_ms 52.431261

