TAP version 13
# Subtest: E9-CONCURRENT-SEND-MODEL
not ok 1 - E9-CONCURRENT-SEND-MODEL
  ---
  duration_ms: 5.545994
  type: 'test'
  location: '/tmp/e9-native-NNIztF/E9-CONCURRENT-SEND-MODEL/test.mjs:7845:1'
  failureType: 'testCodeFailure'
  error: |-
    Expected values to be strictly equal:
    
    2 !== 1
    
  code: 'ERR_ASSERTION'
  name: 'AssertionError'
  expected: 1
  actual: 2
  operator: 'strictEqual'
  stack: |-
    TestContext.<anonymous> (file:///tmp/e9-native-NNIztF/E9-CONCURRENT-SEND-MODEL/test.mjs:7848:10)
    async Test.run (node:internal/test_runner/test:1113:7)
    async startSubtestAfterBootstrap (node:internal/test_runner/harness:358:3)
  ...
1..1
# tests 1
# suites 0
# pass 0
# fail 1
# cancelled 0
# skipped 0
# todo 0
# duration_ms 53.282384

