TAP version 13
# Subtest: E9-CUT-MISMATCH
not ok 1 - E9-CUT-MISMATCH
  ---
  duration_ms: 2.808713
  type: 'test'
  location: '/tmp/e9-native-NNIztF/E9-CUT-MISMATCH/test.mjs:7772:1'
  failureType: 'testCodeFailure'
  error: 'Missing expected exception.'
  code: 'ERR_ASSERTION'
  name: 'AssertionError'
  expected:
  operator: 'throws'
  stack: |-
    TestContext.<anonymous> (file:///tmp/e9-native-NNIztF/E9-CUT-MISMATCH/test.mjs:7773:10)
    Test.runInAsyncScope (node:async_hooks:214:14)
    Test.run (node:internal/test_runner/test:1106:25)
    Test.start (node:internal/test_runner/test:1003:17)
    startSubtestAfterBootstrap (node:internal/test_runner/harness:358:17)
  ...
1..1
# tests 1
# suites 0
# pass 0
# fail 1
# cancelled 0
# skipped 0
# todo 0
# duration_ms 57.843689

