TAP version 13
# Subtest: E9-CUT-PHYSICAL-NOT-SALES
not ok 1 - E9-CUT-PHYSICAL-NOT-SALES
  ---
  duration_ms: 2.569781
  type: 'test'
  location: '/tmp/e9-native-NNIztF/E9-CUT-PHYSICAL-NOT-SALES/test.mjs:7782:1'
  failureType: 'testCodeFailure'
  error: |-
    Expected values to be strictly equal:
    
    '3.00' !== '10.00'
    
  code: 'ERR_ASSERTION'
  name: 'AssertionError'
  expected: '10.00'
  actual: '3.00'
  operator: 'strictEqual'
  stack: |-
    TestContext.<anonymous> (file:///tmp/e9-native-NNIztF/E9-CUT-PHYSICAL-NOT-SALES/test.mjs:7788:10)
    Test.runInAsyncScope (node:async_hooks:214:14)
    Test.run (node:internal/test_runner/test:1106:25)
    Test.start (node:internal/test_runner/test:1003:17)
    startSubtestAfterBootstrap (node:internal/test_runner/harness:358:17)
  ...
1..1
# tests 1
# suites 0
# pass 0
# fail 1
# cancelled 0
# skipped 0
# todo 0
# duration_ms 55.640806

