TAP version 13
# Subtest: E9-CUT-ORIGINAL-PERIOD
not ok 1 - E9-CUT-ORIGINAL-PERIOD
  ---
  duration_ms: 2.3685
  type: 'test'
  location: '/tmp/e9-native-NNIztF/E9-CUT-ORIGINAL-PERIOD/test.mjs:7790:1'
  failureType: 'testCodeFailure'
  error: |-
    Expected "actual" to be strictly unequal to:
    
    'e9:v1:ff71fea98e2f2af32e03b2f8d4dfa1c04d1f5af3c2398fc3cb330fb935196995'
  code: 'ERR_ASSERTION'
  name: 'AssertionError'
  expected: 'e9:v1:ff71fea98e2f2af32e03b2f8d4dfa1c04d1f5af3c2398fc3cb330fb935196995'
  actual: 'e9:v1:ff71fea98e2f2af32e03b2f8d4dfa1c04d1f5af3c2398fc3cb330fb935196995'
  operator: 'notStrictEqual'
  stack: |-
    TestContext.<anonymous> (file:///tmp/e9-native-NNIztF/E9-CUT-ORIGINAL-PERIOD/test.mjs:7792:10)
    Test.runInAsyncScope (node:async_hooks:214:14)
    Test.run (node:internal/test_runner/test:1106:25)
    Test.start (node:internal/test_runner/test:1003:17)
    startSubtestAfterBootstrap (node:internal/test_runner/harness:358:17)
  ...
1..1
# tests 1
# suites 0
# pass 0
# fail 1
# cancelled 0
# skipped 0
# todo 0
# duration_ms 49.962053

