TAP version 13
# Subtest: E9-CUT-FULL-HASH
not ok 1 - E9-CUT-FULL-HASH
  ---
  duration_ms: 2.427832
  type: 'test'
  location: '/tmp/e9-native-NNIztF/E9-CUT-FULL-HASH/test.mjs:7775:1'
  failureType: 'testCodeFailure'
  error: |-
    Expected "actual" to be strictly unequal to:
    
    'e9:v1:e26c2367d706f979210fe2028411feac7a30b011c1d03d608157cec0c22fdd13'
  code: 'ERR_ASSERTION'
  name: 'AssertionError'
  expected: 'e9:v1:e26c2367d706f979210fe2028411feac7a30b011c1d03d608157cec0c22fdd13'
  actual: 'e9:v1:e26c2367d706f979210fe2028411feac7a30b011c1d03d608157cec0c22fdd13'
  operator: 'notStrictEqual'
  stack: |-
    TestContext.<anonymous> (file:///tmp/e9-native-NNIztF/E9-CUT-FULL-HASH/test.mjs:7778:10)
    Test.runInAsyncScope (node:async_hooks:214:14)
    Test.run (node:internal/test_runner/test:1106:25)
    Test.start (node:internal/test_runner/test:1003:17)
    startSubtestAfterBootstrap (node:internal/test_runner/harness:358:17)
  ...
1..1
# tests 1
# suites 0
# pass 0
# fail 1
# cancelled 0
# skipped 0
# todo 0
# duration_ms 52.238559

