TAP version 13
# Subtest: E9-DECIMAL
not ok 1 - E9-DECIMAL
  ---
  duration_ms: 3.207345
  type: 'test'
  location: '/tmp/e9-native-NNIztF/E9-DECIMAL/test.mjs:7794:1'
  failureType: 'testCodeFailure'
  error: |-
    Expected values to be strictly equal:
    
    '0.10' !== '0.01'
    
  code: 'ERR_ASSERTION'
  name: 'AssertionError'
  expected: '0.01'
  actual: '0.10'
  operator: 'strictEqual'
  stack: |-
    TestContext.<anonymous> (file:///tmp/e9-native-NNIztF/E9-DECIMAL/test.mjs:7795:10)
    Test.runInAsyncScope (node:async_hooks:214:14)
    Test.run (node:internal/test_runner/test:1106:25)
    Test.start (node:internal/test_runner/test:1003:17)
    startSubtestAfterBootstrap (node:internal/test_runner/harness:358:17)
  ...
1..1
# tests 1
# suites 0
# pass 0
# fail 1
# cancelled 0
# skipped 0
# todo 0
# duration_ms 57.707645

