TAP version 13
# Subtest: E9-FUND-ACTUAL-AMOUNT
not ok 1 - E9-FUND-ACTUAL-AMOUNT
  ---
  duration_ms: 8.052769
  type: 'test'
  location: '/tmp/e9-native-NNIztF/E9-FUND-ACTUAL-AMOUNT/test.mjs:8031:1'
  failureType: 'testCodeFailure'
  error: |-
    Expected values to be strictly equal:
    
    '900' !== '800'
    
  code: 'ERR_ASSERTION'
  name: 'AssertionError'
  expected: '800'
  actual: '900'
  operator: 'strictEqual'
  stack: |-
    TestContext.<anonymous> (file:///tmp/e9-native-NNIztF/E9-FUND-ACTUAL-AMOUNT/test.mjs:8034:10)
    async Test.run (node:internal/test_runner/test:1113:7)
    async startSubtestAfterBootstrap (node:internal/test_runner/harness:358:3)
  ...
1..1
# tests 1
# suites 0
# pass 0
# fail 1
# cancelled 0
# skipped 0
# todo 0
# duration_ms 53.182003

