TAP version 13
# Subtest: E9-FUND-ORIGIN
not ok 1 - E9-FUND-ORIGIN
  ---
  duration_ms: 3.110481
  type: 'test'
  location: '/tmp/e9-native-NNIztF/E9-FUND-ORIGIN/test.mjs:7997:1'
  failureType: 'testCodeFailure'
  error: |-
    Expected values to be strictly equal:
    + actual - expected
    
    + '/caja/cortes?sesionId=8'
    - '/caja/cortes?sesionId=7'
                             ^
    
  code: 'ERR_ASSERTION'
  name: 'AssertionError'
  expected: '/caja/cortes?sesionId=7'
  actual: '/caja/cortes?sesionId=8'
  operator: 'strictEqual'
  stack: |-
    TestContext.<anonymous> (file:///tmp/e9-native-NNIztF/E9-FUND-ORIGIN/test.mjs:7999:10)
    async Test.run (node:internal/test_runner/test:1113:7)
    async startSubtestAfterBootstrap (node:internal/test_runner/harness:358:3)
  ...
1..1
# tests 1
# suites 0
# pass 0
# fail 1
# cancelled 0
# skipped 0
# todo 0
# duration_ms 54.317825

