TAP version 13
# Subtest: E9-NO-SECOND-CASH-WITHDRAWAL
not ok 1 - E9-NO-SECOND-CASH-WITHDRAWAL
  ---
  duration_ms: 6.40461
  type: 'test'
  location: '/tmp/e9-native-NNIztF/E9-NO-SECOND-CASH-WITHDRAWAL/test.mjs:8037:1'
  failureType: 'testCodeFailure'
  error: |-
    Expected values to be strictly equal:
    
    true !== false
    
  code: 'ERR_ASSERTION'
  name: 'AssertionError'
  expected: false
  actual: true
  operator: 'strictEqual'
  stack: |-
    TestContext.<anonymous> (file:///tmp/e9-native-NNIztF/E9-NO-SECOND-CASH-WITHDRAWAL/test.mjs:8040:10)
    async Test.run (node:internal/test_runner/test:1113:7)
    async startSubtestAfterBootstrap (node:internal/test_runner/harness:358:3)
  ...
1..1
# tests 1
# suites 0
# pass 0
# fail 1
# cancelled 0
# skipped 0
# todo 0
# duration_ms 63.75442

