TAP version 13
# Subtest: E9-OFF-HTTP-OPTIONS
not ok 1 - E9-OFF-HTTP-OPTIONS
  ---
  duration_ms: 2.556507
  type: 'test'
  location: '/tmp/e9-native-NNIztF/E9-OFF-HTTP-OPTIONS/test.mjs:7704:1'
  failureType: 'testCodeFailure'
  error: |-
    Expected values to be strictly equal:
    
    1 !== 0
    
  code: 'ERR_ASSERTION'
  name: 'AssertionError'
  expected: 0
  actual: 1
  operator: 'strictEqual'
  stack: |-
    TestContext.<anonymous> (file:///tmp/e9-native-NNIztF/E9-OFF-HTTP-OPTIONS/test.mjs:7712:10)
    Test.runInAsyncScope (node:async_hooks:214:14)
    Test.run (node:internal/test_runner/test:1106:25)
    Test.start (node:internal/test_runner/test:1003:17)
    startSubtestAfterBootstrap (node:internal/test_runner/harness:358:17)
  ...
1..1
# tests 1
# suites 0
# pass 0
# fail 1
# cancelled 0
# skipped 0
# todo 0
# duration_ms 57.283441

