TAP version 13
# Subtest: E9-OFF-INVERSE-READ
not ok 1 - E9-OFF-INVERSE-READ
  ---
  duration_ms: 2.172126
  type: 'test'
  location: '/tmp/e9-native-NNIztF/E9-OFF-INVERSE-READ/test.mjs:7755:1'
  failureType: 'testCodeFailure'
  error: |-
    Expected values to be strictly equal:
    
    1 !== 0
    
  code: 'ERR_ASSERTION'
  name: 'AssertionError'
  expected: 0
  actual: 1
  operator: 'strictEqual'
  stack: |-
    TestContext.<anonymous> (file:///tmp/e9-native-NNIztF/E9-OFF-INVERSE-READ/test.mjs:7761:10)
    async Test.run (node:internal/test_runner/test:1113:7)
    async startSubtestAfterBootstrap (node:internal/test_runner/harness:358:3)
  ...
1..1
# tests 1
# suites 0
# pass 0
# fail 1
# cancelled 0
# skipped 0
# todo 0
# duration_ms 49.88878

