TAP version 13
# Subtest: E9-RECEIPT-LOCK-REQUEST
not ok 1 - E9-RECEIPT-LOCK-REQUEST
  ---
  duration_ms: 3.018671
  type: 'test'
  location: '/tmp/e9-native-NNIztF/E9-RECEIPT-LOCK-REQUEST/test.mjs:7974:1'
  failureType: 'testCodeFailure'
  error: |-
    The input did not match the regular expression /FOR UPDATE/. Input:
    
    'SELECT revision,detail FROM e9_entregas WHERE id=$1::uuid'
    
  code: 'ERR_ASSERTION'
  name: 'AssertionError'
  expected:
  actual: 'SELECT revision,detail FROM e9_entregas WHERE id=$1::uuid'
  operator: 'match'
  stack: |-
    TestContext.<anonymous> (file:///tmp/e9-native-NNIztF/E9-RECEIPT-LOCK-REQUEST/test.mjs:7977:10)
    async Test.run (node:internal/test_runner/test:1113:7)
    async startSubtestAfterBootstrap (node:internal/test_runner/harness:358:3)
  ...
1..1
# tests 1
# suites 0
# pass 0
# fail 1
# cancelled 0
# skipped 0
# todo 0
# duration_ms 67.276994

