TAP version 13
# Subtest: E9-SEND-ROLE
not ok 1 - E9-SEND-ROLE
  ---
  duration_ms: 5.152386
  type: 'test'
  location: '/tmp/e9-native-NNIztF/E9-SEND-ROLE/test.mjs:7811:1'
  failureType: 'testCodeFailure'
  error: 'Missing expected rejection.'
  code: 'ERR_ASSERTION'
  name: 'AssertionError'
  expected: [Function (anonymous)]
  operator: 'rejects'
  stack: |-
    async TestContext.<anonymous> (file:///tmp/e9-native-NNIztF/E9-SEND-ROLE/test.mjs:7812:3)
    async Test.run (node:internal/test_runner/test:1113:7)
    async startSubtestAfterBootstrap (node:internal/test_runner/harness:358:3)
  ...
1..1
# tests 1
# suites 0
# pass 0
# fail 1
# cancelled 0
# skipped 0
# todo 0
# duration_ms 59.528822

