[04:14:06.992] [32mINFO[39m (6453): [36mrequest completed[39m
    [35mreq[39m: {
      "id": 1,
      "method": "GET",
      "url": "/api/admin/alertas"
    }
    [35mres[39m: {
      "statusCode": 403
    }
    [35mresponseTime[39m: 18
[04:14:07.035] [32mINFO[39m (6453): [36mrequest completed[39m
    [35mreq[39m: {
      "id": 2,
      "method": "GET",
      "url": "/api/admin/alertas"
    }
    [35mres[39m: {
      "statusCode": 200
    }
    [35mresponseTime[39m: 36
✔ GET /admin/alertas is live, FIFO-based, ordered, and ADMIN-only (5396.018909ms)
[04:14:07.067] [32mINFO[39m (6453): [36mrequest completed[39m
    [35mreq[39m: {
      "id": 3,
      "method": "GET",
      "url": "/api/admin/alertas"
    }
    [35mres[39m: {
      "statusCode": 200
    }
    [35mresponseTime[39m: 18
ℹ tests 1
ℹ suites 0
ℹ pass 1
ℹ fail 0
ℹ cancelled 0
ℹ skipped 0
ℹ todo 0
ℹ duration_ms 5711.13731
