[04:14:19.882] [32mINFO[39m (6607): [36mrequest completed[39m
    [35mreq[39m: {
      "id": 1,
      "method": "POST",
      "url": "/api/users"
    }
    [35mres[39m: {
      "statusCode": 403
    }
    [35mresponseTime[39m: 48
[04:14:19.906] [32mINFO[39m (6607): [36mrequest completed[39m
    [35mreq[39m: {
      "id": 2,
      "method": "PATCH",
      "url": "/api/users/4"
    }
    [35mres[39m: {
      "statusCode": 403
    }
    [35mresponseTime[39m: 16
[04:14:19.922] [32mINFO[39m (6607): [36mrequest completed[39m
    [35mreq[39m: {
      "id": 3,
      "method": "PATCH",
      "url": "/api/users/3"
    }
    [35mres[39m: {
      "statusCode": 403
    }
    [35mresponseTime[39m: 14
[04:14:19.940] [32mINFO[39m (6607): [36mrequest completed[39m
    [35mreq[39m: {
      "id": 4,
      "method": "PATCH",
      "url": "/api/users/3"
    }
    [35mres[39m: {
      "statusCode": 403
    }
    [35mresponseTime[39m: 15
[04:14:19.958] [32mINFO[39m (6607): [36mrequest completed[39m
    [35mreq[39m: {
      "id": 5,
      "method": "PATCH",
      "url": "/api/users/3"
    }
    [35mres[39m: {
      "statusCode": 403
    }
    [35mresponseTime[39m: 16
[04:14:19.973] [32mINFO[39m (6607): [36mrequest completed[39m
    [35mreq[39m: {
      "id": 6,
      "method": "PATCH",
      "url": "/api/users/3"
    }
    [35mres[39m: {
      "statusCode": 403
    }
    [35mresponseTime[39m: 14
[04:14:19.989] [32mINFO[39m (6607): [36mrequest completed[39m
    [35mreq[39m: {
      "id": 7,
      "method": "PUT",
      "url": "/api/permisos/roles/ADMIN/dashboard"
    }
    [35mres[39m: {
      "statusCode": 403
    }
    [35mresponseTime[39m: 13
[04:14:20.005] [32mINFO[39m (6607): [36mrequest completed[39m
    [35mreq[39m: {
      "id": 8,
      "method": "PUT",
      "url": "/api/permisos/roles/SISTEMAS/pos"
    }
    [35mres[39m: {
      "statusCode": 403
    }
    [35mresponseTime[39m: 14
[04:14:20.023] [32mINFO[39m (6607): [36mrequest completed[39m
    [35mreq[39m: {
      "id": 9,
      "method": "PUT",
      "url": "/api/permisos/usuarios/5/pos"
    }
    [35mres[39m: {
      "statusCode": 403
    }
    [35mresponseTime[39m: 15
[04:14:20.039] [32mINFO[39m (6607): [36mrequest completed[39m
    [35mreq[39m: {
      "id": 10,
      "method": "PATCH",
      "url": "/api/users/5"
    }
    [35mres[39m: {
      "statusCode": 403
    }
    [35mresponseTime[39m: 13
[04:14:20.055] [32mINFO[39m (6607): [36mrequest completed[39m
    [35mreq[39m: {
      "id": 11,
      "method": "PATCH",
      "url": "/api/users/3"
    }
    [35mres[39m: {
      "statusCode": 200
    }
    [35mresponseTime[39m: 15
[04:14:20.069] [32mINFO[39m (6607): [36mrequest completed[39m
    [35mreq[39m: {
      "id": 12,
      "method": "PATCH",
      "url": "/api/users/2"
    }
    [35mres[39m: {
      "statusCode": 409
    }
    [35mresponseTime[39m: 12
[04:14:20.082] [32mINFO[39m (6607): [36mrequest completed[39m
    [35mreq[39m: {
      "id": 13,
      "method": "PATCH",
      "url": "/api/users/2"
    }
    [35mres[39m: {
      "statusCode": 403
    }
    [35mresponseTime[39m: 11
[04:14:20.096] [32mINFO[39m (6607): [36mrequest completed[39m
    [35mreq[39m: {
      "id": 14,
      "method": "PUT",
      "url": "/api/permisos/usuarios/2/dashboard"
    }
    [35mres[39m: {
      "statusCode": 403
    }
    [35mresponseTime[39m: 11
[04:14:20.107] [32mINFO[39m (6607): [36mrequest completed[39m
    [35mreq[39m: {
      "id": 15,
      "method": "PUT",
      "url": "/api/permisos/roles/ADMIN/dashboard"
    }
    [35mres[39m: {
      "statusCode": 403
    }
    [35mresponseTime[39m: 9
[04:14:20.389] [32mINFO[39m (6607): [36mrequest completed[39m
    [35mreq[39m: {
      "id": 16,
      "method": "POST",
      "url": "/api/users"
    }
    [35mres[39m: {
      "statusCode": 201
    }
    [35mresponseTime[39m: 276
[04:14:20.669] [32mINFO[39m (6607): [36mrequest completed[39m
    [35mreq[39m: {
      "id": 17,
      "method": "POST",
      "url": "/api/users"
    }
    [35mres[39m: {
      "statusCode": 201
    }
    [35mresponseTime[39m: 276
[04:14:20.964] [32mINFO[39m (6607): [36mrequest completed[39m
    [35mreq[39m: {
      "id": 18,
      "method": "POST",
      "url": "/api/users"
    }
    [35mres[39m: {
      "statusCode": 201
    }
    [35mresponseTime[39m: 294
[04:14:21.239] [32mINFO[39m (6607): [36mrequest completed[39m
    [35mreq[39m: {
      "id": 19,
      "method": "POST",
      "url": "/api/users"
    }
    [35mres[39m: {
      "statusCode": 201
    }
    [35mresponseTime[39m: 273
[04:14:21.520] [32mINFO[39m (6607): [36mrequest completed[39m
    [35mreq[39m: {
      "id": 20,
      "method": "POST",
      "url": "/api/users"
    }
    [35mres[39m: {
      "statusCode": 201
    }
    [35mresponseTime[39m: 280
[04:14:21.801] [32mINFO[39m (6607): [36mrequest completed[39m
    [35mreq[39m: {
      "id": 21,
      "method": "POST",
      "url": "/api/users"
    }
    [35mres[39m: {
      "statusCode": 201
    }
    [35mresponseTime[39m: 280
[04:14:22.087] [32mINFO[39m (6607): [36mrequest completed[39m
    [35mreq[39m: {
      "id": 22,
      "method": "POST",
      "url": "/api/users"
    }
    [35mres[39m: {
      "statusCode": 201
    }
    [35mresponseTime[39m: 283
[04:14:22.100] [32mINFO[39m (6607): [36mrequest completed[39m
    [35mreq[39m: {
      "id": 23,
      "method": "PUT",
      "url": "/api/permisos/roles/CAJA/dashboard"
    }
    [35mres[39m: {
      "statusCode": 409
    }
    [35mresponseTime[39m: 11
[04:14:22.118] [32mINFO[39m (6607): [36mrequest completed[39m
    [35mreq[39m: {
      "id": 24,
      "method": "PUT",
      "url": "/api/permisos/usuarios/4/dashboard"
    }
    [35mres[39m: {
      "statusCode": 200
    }
    [35mresponseTime[39m: 12
✔ ADMIN invariants: rechazos auditados, transaccionales y sin cambios parciales (4985.788897ms)
ℹ tests 1
ℹ suites 0
ℹ pass 1
ℹ fail 0
ℹ cancelled 0
ℹ skipped 0
ℹ todo 0
ℹ duration_ms 5298.485635
