process exit=1
MUTANT label: FAIL expected AssertionError (missing exact Contado cobrado label)
MUTANT title: FAIL expected AssertionError (missing exact Cobranza del periodo label)
MUTANT one-cent component: FAIL expected AssertionError (rendered numeric leaves differ)
MUTANT one-cent total: FAIL expected AssertionError (rendered numeric leaves differ)
✖ E6 mounted labels preserve every numeric component, total and filter at the cent; isolated mutants fail (995.77624ms)
ℹ tests 1
ℹ suites 0
ℹ pass 0
ℹ fail 1
ℹ cancelled 0
ℹ skipped 0
ℹ todo 0
ℹ duration_ms 3136.532706

✖ failing tests:

test at src/pages/caja/cuentas-destino-labels.observable.test.ts:1:7500
✖ E6 mounted labels preserve every numeric component, total and filter at the cent; isolated mutants fail (995.77624ms)
  AssertionError [ERR_ASSERTION]: Expected values to be strictly deep-equal:
  + actual - expected
  
    [
      'Últimos 6 meses',
  +   '$875.10',
  -   '$875.09',
      '$850.01',
      '$25.17',
      '-$0.09',
      '14 jun–14 jun',
      '$775.04',
  
      at TestContext.<anonymous> (/home/runner/workspace/artifacts/mariana-textil/src/pages/caja/cuentas-destino-labels.observable.test.ts:195:12)
      at async Test.run (node:internal/test_runner/test:1113:7)
      at async startSubtestAfterBootstrap (node:internal/test_runner/harness:358:3) {
    generatedMessage: true,
    code: 'ERR_ASSERTION',
    actual: [Array],
    expected: [Array],
    operator: 'deepStrictEqual',
    diff: 'simple'
  }

SOURCE-IN-MEMORY MUTATION destino-total-cent
