process exit=1
TIEMPO REAL MUTANT title: FAIL expected AssertionError
TIEMPO REAL MUTANT component-label: FAIL expected AssertionError
TIEMPO REAL MUTANT aria-label: FAIL expected AssertionError
TIEMPO REAL RESTORED PASS accessible loading label
TIEMPO REAL MUTANT component-cent: FAIL expected AssertionError
TIEMPO REAL MUTANT total-cent: FAIL expected AssertionError
✖ E6 Tiempo real mounted presentation retains every component and total; isolated label/cent mutants fail (1242.257298ms)
ℹ tests 1
ℹ suites 0
ℹ pass 0
ℹ fail 1
ℹ cancelled 0
ℹ skipped 0
ℹ todo 0
ℹ duration_ms 3598.645778

✖ failing tests:

test at src/pages/caja/cuentas-destino-labels.observable.test.ts:1:10214
✖ E6 Tiempo real mounted presentation retains every component and total; isolated label/cent mutants fail (1242.257298ms)
  AssertionError [ERR_ASSERTION]: both the dashboard card and collection component need exact Contado cobrado
  
  1 !== 2
  
      at checkLabels (/home/runner/workspace/artifacts/mariana-textil/src/pages/caja/cuentas-destino-labels.observable.test.ts:214:12)
      at TestContext.<anonymous> (/home/runner/workspace/artifacts/mariana-textil/src/pages/caja/cuentas-destino-labels.observable.test.ts:249:5)
      at async Test.run (node:internal/test_runner/test:1113:7)
      at async startSubtestAfterBootstrap (node:internal/test_runner/harness:358:3) {
    generatedMessage: false,
    code: 'ERR_ASSERTION',
    actual: 1,
    expected: 2,
    operator: 'strictEqual',
    diff: 'simple'
  }

SOURCE-IN-MEMORY MUTATION realtime-label
