[07:49:33.296] [32mINFO[39m (4275): [36mrequest completed[39m
    [35mreq[39m: {
      "id": 1,
      "method": "GET",
      "url": "/api/admin/alertas"
    }
    [35mres[39m: {
      "statusCode": 403
    }
    [35mresponseTime[39m: 19
[07:49:33.338] [32mINFO[39m (4275): [36mrequest completed[39m
    [35mreq[39m: {
      "id": 2,
      "method": "GET",
      "url": "/api/admin/alertas"
    }
    [35mres[39m: {
      "statusCode": 200
    }
    [35mresponseTime[39m: 35
[07:49:33.366] [32mINFO[39m (4275): [36mrequest completed[39m
    [35mreq[39m: {
      "id": 3,
      "method": "GET",
      "url": "/api/admin/alertas"
    }
    [35mres[39m: {
      "statusCode": 200
    }
    [35mresponseTime[39m: 15
✔ GET /admin/alertas is live, FIFO-based, ordered, and ADMIN-only (2658.382266ms)
ℹ tests 1
ℹ suites 0
ℹ pass 1
ℹ fail 0
ℹ cancelled 0
ℹ skipped 0
ℹ todo 0
ℹ duration_ms 2859.820637
