[07:49:45.773] [32mINFO[39m (4424): [36mrequest completed[39m
    [35mreq[39m: {
      "id": 1,
      "method": "POST",
      "url": "/api/users"
    }
    [35mres[39m: {
      "statusCode": 403
    }
    [35mresponseTime[39m: 38
[07:49:45.799] [32mINFO[39m (4424): [36mrequest completed[39m
    [35mreq[39m: {
      "id": 2,
      "method": "PATCH",
      "url": "/api/users/4"
    }
    [35mres[39m: {
      "statusCode": 403
    }
    [35mresponseTime[39m: 18
[07:49:45.816] [32mINFO[39m (4424): [36mrequest completed[39m
    [35mreq[39m: {
      "id": 3,
      "method": "PATCH",
      "url": "/api/users/3"
    }
    [35mres[39m: {
      "statusCode": 403
    }
    [35mresponseTime[39m: 14
[07:49:45.833] [32mINFO[39m (4424): [36mrequest completed[39m
    [35mreq[39m: {
      "id": 4,
      "method": "PATCH",
      "url": "/api/users/3"
    }
    [35mres[39m: {
      "statusCode": 403
    }
    [35mresponseTime[39m: 14
[07:49:45.850] [32mINFO[39m (4424): [36mrequest completed[39m
    [35mreq[39m: {
      "id": 5,
      "method": "PATCH",
      "url": "/api/users/3"
    }
    [35mres[39m: {
      "statusCode": 403
    }
    [35mresponseTime[39m: 16
[07:49:45.865] [32mINFO[39m (4424): [36mrequest completed[39m
    [35mreq[39m: {
      "id": 6,
      "method": "PATCH",
      "url": "/api/users/3"
    }
    [35mres[39m: {
      "statusCode": 403
    }
    [35mresponseTime[39m: 13
[07:49:45.884] [32mINFO[39m (4424): [36mrequest completed[39m
    [35mreq[39m: {
      "id": 7,
      "method": "PUT",
      "url": "/api/permisos/roles/ADMIN/dashboard"
    }
    [35mres[39m: {
      "statusCode": 403
    }
    [35mresponseTime[39m: 16
[07:49:45.899] [32mINFO[39m (4424): [36mrequest completed[39m
    [35mreq[39m: {
      "id": 8,
      "method": "PUT",
      "url": "/api/permisos/roles/SISTEMAS/pos"
    }
    [35mres[39m: {
      "statusCode": 403
    }
    [35mresponseTime[39m: 13
[07:49:45.914] [32mINFO[39m (4424): [36mrequest completed[39m
    [35mreq[39m: {
      "id": 9,
      "method": "PUT",
      "url": "/api/permisos/usuarios/5/pos"
    }
    [35mres[39m: {
      "statusCode": 403
    }
    [35mresponseTime[39m: 13
[07:49:45.929] [32mINFO[39m (4424): [36mrequest completed[39m
    [35mreq[39m: {
      "id": 10,
      "method": "PATCH",
      "url": "/api/users/5"
    }
    [35mres[39m: {
      "statusCode": 403
    }
    [35mresponseTime[39m: 12
[07:49:45.946] [32mINFO[39m (4424): [36mrequest completed[39m
    [35mreq[39m: {
      "id": 11,
      "method": "PATCH",
      "url": "/api/users/3"
    }
    [35mres[39m: {
      "statusCode": 200
    }
    [35mresponseTime[39m: 16
[07:49:45.957] [32mINFO[39m (4424): [36mrequest completed[39m
    [35mreq[39m: {
      "id": 12,
      "method": "PATCH",
      "url": "/api/users/2"
    }
    [35mres[39m: {
      "statusCode": 409
    }
    [35mresponseTime[39m: 9
[07:49:45.970] [32mINFO[39m (4424): [36mrequest completed[39m
    [35mreq[39m: {
      "id": 13,
      "method": "PATCH",
      "url": "/api/users/2"
    }
    [35mres[39m: {
      "statusCode": 403
    }
    [35mresponseTime[39m: 11
[07:49:45.981] [32mINFO[39m (4424): [36mrequest completed[39m
    [35mreq[39m: {
      "id": 14,
      "method": "PUT",
      "url": "/api/permisos/usuarios/2/dashboard"
    }
    [35mres[39m: {
      "statusCode": 403
    }
    [35mresponseTime[39m: 9
[07:49:45.991] [32mINFO[39m (4424): [36mrequest completed[39m
    [35mreq[39m: {
      "id": 15,
      "method": "PUT",
      "url": "/api/permisos/roles/ADMIN/dashboard"
    }
    [35mres[39m: {
      "statusCode": 403
    }
    [35mresponseTime[39m: 9
[07:49:46.281] [32mINFO[39m (4424): [36mrequest completed[39m
    [35mreq[39m: {
      "id": 16,
      "method": "POST",
      "url": "/api/users"
    }
    [35mres[39m: {
      "statusCode": 201
    }
    [35mresponseTime[39m: 285
[07:49:46.570] [32mINFO[39m (4424): [36mrequest completed[39m
    [35mreq[39m: {
      "id": 17,
      "method": "POST",
      "url": "/api/users"
    }
    [35mres[39m: {
      "statusCode": 201
    }
    [35mresponseTime[39m: 284
[07:49:46.854] [32mINFO[39m (4424): [36mrequest completed[39m
    [35mreq[39m: {
      "id": 18,
      "method": "POST",
      "url": "/api/users"
    }
    [35mres[39m: {
      "statusCode": 201
    }
    [35mresponseTime[39m: 282
[07:49:47.133] [32mINFO[39m (4424): [36mrequest completed[39m
    [35mreq[39m: {
      "id": 19,
      "method": "POST",
      "url": "/api/users"
    }
    [35mres[39m: {
      "statusCode": 201
    }
    [35mresponseTime[39m: 278
[07:49:47.408] [32mINFO[39m (4424): [36mrequest completed[39m
    [35mreq[39m: {
      "id": 20,
      "method": "POST",
      "url": "/api/users"
    }
    [35mres[39m: {
      "statusCode": 201
    }
    [35mresponseTime[39m: 274
[07:49:47.682] [32mINFO[39m (4424): [36mrequest completed[39m
    [35mreq[39m: {
      "id": 21,
      "method": "POST",
      "url": "/api/users"
    }
    [35mres[39m: {
      "statusCode": 201
    }
    [35mresponseTime[39m: 272
✔ ADMIN invariants: rechazos auditados, transaccionales y sin cambios parciales (4662.048634ms)
[07:49:47.958] [32mINFO[39m (4424): [36mrequest completed[39m
    [35mreq[39m: {
      "id": 22,
      "method": "POST",
      "url": "/api/users"
    }
    [35mres[39m: {
      "statusCode": 201
    }
    [35mresponseTime[39m: 274
[07:49:47.972] [32mINFO[39m (4424): [36mrequest completed[39m
    [35mreq[39m: {
      "id": 23,
      "method": "PUT",
      "url": "/api/permisos/roles/CAJA/dashboard"
    }
    [35mres[39m: {
      "statusCode": 409
    }
    [35mresponseTime[39m: 12
[07:49:47.990] [32mINFO[39m (4424): [36mrequest completed[39m
    [35mreq[39m: {
      "id": 24,
      "method": "PUT",
      "url": "/api/permisos/usuarios/4/dashboard"
    }
    [35mres[39m: {
      "statusCode": 200
    }
    [35mresponseTime[39m: 13
ℹ tests 1
ℹ suites 0
ℹ pass 1
ℹ fail 0
ℹ cancelled 0
ℹ skipped 0
ℹ todo 0
ℹ duration_ms 5068.071748
