✔ auditoría: snapshots de roles, filtros, acceso por permiso e inmutabilidad (2815.179509ms)
[07:50:10.235] [32mINFO[39m (4740): [36mrequest completed[39m
    [35mreq[39m: {
      "id": 1,
      "method": "GET",
      "url": "/api/auditoria"
    }
    [35mres[39m: {
      "statusCode": 200
    }
    [35mresponseTime[39m: 33
[07:50:10.256] [32mINFO[39m (4740): [36mrequest completed[39m
    [35mreq[39m: {
      "id": 2,
      "method": "GET",
      "url": "/api/auditoria"
    }
    [35mres[39m: {
      "statusCode": 403
    }
    [35mresponseTime[39m: 15
[07:50:10.269] [32mINFO[39m (4740): [36mrequest completed[39m
    [35mreq[39m: {
      "id": 3,
      "method": "GET",
      "url": "/api/auditoria"
    }
    [35mres[39m: {
      "statusCode": 200
    }
    [35mresponseTime[39m: 12
[07:50:10.279] [32mINFO[39m (4740): [36mrequest completed[39m
    [35mreq[39m: {
      "id": 4,
      "method": "GET",
      "url": "/api/auditoria/4"
    }
    [35mres[39m: {
      "statusCode": 200
    }
    [35mresponseTime[39m: 9
[07:50:10.315] [32mINFO[39m (4740): [36mrequest completed[39m
    [35mreq[39m: {
      "id": 5,
      "method": "GET",
      "url": "/api/auditoria/export.xlsx"
    }
    [35mres[39m: {
      "statusCode": 200
    }
    [35mresponseTime[39m: 35
[07:50:10.323] [32mINFO[39m (4740): [36mrequest completed[39m
    [35mreq[39m: {
      "id": 6,
      "method": "GET",
      "url": "/api/auditoria"
    }
    [35mres[39m: {
      "statusCode": 403
    }
    [35mresponseTime[39m: 7
[07:50:10.331] [32mINFO[39m (4740): [36mrequest completed[39m
    [35mreq[39m: {
      "id": 7,
      "method": "GET",
      "url": "/api/auditoria/5"
    }
    [35mres[39m: {
      "statusCode": 403
    }
    [35mresponseTime[39m: 7
[07:50:10.339] [32mINFO[39m (4740): [36mrequest completed[39m
    [35mreq[39m: {
      "id": 8,
      "method": "GET",
      "url": "/api/auditoria/export.xlsx"
    }
    [35mres[39m: {
      "statusCode": 403
    }
    [35mresponseTime[39m: 7
[07:50:10.347] [32mINFO[39m (4740): [36mrequest completed[39m
    [35mreq[39m: {
      "id": 9,
      "method": "POST",
      "url": "/api/auditoria"
    }
    [35mres[39m: {
      "statusCode": 404
    }
    [35mresponseTime[39m: 7
[07:50:10.353] [32mINFO[39m (4740): [36mrequest completed[39m
    [35mreq[39m: {
      "id": 10,
      "method": "PATCH",
      "url": "/api/auditoria"
    }
    [35mres[39m: {
      "statusCode": 404
    }
    [35mresponseTime[39m: 5
[07:50:10.359] [32mINFO[39m (4740): [36mrequest completed[39m
    [35mreq[39m: {
      "id": 11,
      "method": "DELETE",
      "url": "/api/auditoria"
    }
    [35mres[39m: {
      "statusCode": 404
    }
    [35mresponseTime[39m: 5
ℹ tests 1
ℹ suites 0
ℹ pass 1
ℹ fail 0
ℹ cancelled 0
ℹ skipped 0
ℹ todo 0
ℹ duration_ms 3098.844524
