[07:50:22.610] [32mINFO[39m (4920): [36mrequest completed[39m
    [35mreq[39m: {
      "id": 1,
      "method": "POST",
      "url": "/api/auth/login"
    }
    [35mres[39m: {
      "statusCode": 200
    }
    [35mresponseTime[39m: 50
[07:50:22.653] [32mINFO[39m (4920): [36mrequest completed[39m
    [35mreq[39m: {
      "id": 2,
      "method": "POST",
      "url": "/api/auth/login"
    }
    [35mres[39m: {
      "statusCode": 200
    }
    [35mresponseTime[39m: 36
✔ migración conserva dirección y helper usa entrega/fallback (348.429406ms)
[07:50:22.723] [32mINFO[39m (4920): [36mrequest completed[39m
    [35mreq[39m: {
      "id": 3,
      "method": "POST",
      "url": "/api/clientes"
    }
    [35mres[39m: {
      "statusCode": 201
    }
    [35mresponseTime[39m: 22
✔ API acepta y expone alias temporal direccion (51.369842ms)
[07:50:22.750] [32mINFO[39m (4920): [36mrequest completed[39m
    [35mreq[39m: {
      "id": 4,
      "method": "PATCH",
      "url": "/api/clientes/9"
    }
    [35mres[39m: {
      "statusCode": 200
    }
    [35mresponseTime[39m: 19
✔ ensure siembra seis clientes y GET clientes aplica español/sistema (71.7016ms)
[07:50:22.820] [32mINFO[39m (4920): [36mrequest completed[39m
    [35mreq[39m: {
      "id": 5,
      "method": "GET",
      "url": "/api/clientes"
    }
    [35mres[39m: {
      "statusCode": 200
    }
    [35mresponseTime[39m: 13
[07:50:22.841] [32mINFO[39m (4920): [36mrequest completed[39m
    [35mreq[39m: {
      "id": 6,
      "method": "POST",
      "url": "/api/clientes/12/baja"
    }
    [35mres[39m: {
      "statusCode": 200
    }
    [35mresponseTime[39m: 15
[07:50:22.868] [32mINFO[39m (4920): [36mrequest completed[39m
    [35mreq[39m: {
      "id": 7,
      "method": "POST",
      "url": "/api/clientes/13/baja"
    }
    [35mres[39m: {
      "statusCode": 200
    }
    [35mresponseTime[39m: 16
✔ baja: elimina sin historial, desactiva historial saldo cero y bloquea saldo vigente (66.664802ms)
[07:50:22.888] [32mINFO[39m (4920): [36mrequest completed[39m
    [35mreq[39m: {
      "id": 8,
      "method": "POST",
      "url": "/api/clientes/14/baja"
    }
    [35mres[39m: {
      "statusCode": 409
    }
    [35mresponseTime[39m: 9
[07:50:22.931] [32mINFO[39m (4920): [36mrequest completed[39m
    [35mreq[39m: {
      "id": 9,
      "method": "GET",
      "url": "/api/clientes/15"
    }
    [35mres[39m: {
      "statusCode": 200
    }
    [35mresponseTime[39m: 19
[07:50:22.948] [32mINFO[39m (4920): [36mrequest completed[39m
    [35mreq[39m: {
      "id": 10,
      "method": "GET",
      "url": "/api/clientes/15/estado-cuenta"
    }
    [35mres[39m: {
      "statusCode": 200
    }
    [35mresponseTime[39m: 35
[07:50:22.951] [32mINFO[39m (4920): [36mrequest completed[39m
    [35mreq[39m: {
      "id": 11,
      "method": "GET",
      "url": "/api/clientes/15/credito"
    }
    [35mres[39m: {
      "statusCode": 200
    }
    [35mresponseTime[39m: 37
[07:50:22.957] [32mINFO[39m (4920): [36mrequest completed[39m
    [35mreq[39m: {
      "id": 12,
      "method": "GET",
      "url": "/api/clientes"
    }
    [35mres[39m: {
      "statusCode": 200
    }
    [35mresponseTime[39m: 40
[07:50:22.961] [32mINFO[39m (4920): [36mrequest completed[39m
    [35mreq[39m: {
      "id": 13,
      "method": "GET",
      "url": "/api/clientes/resumen"
    }
    [35mres[39m: {
      "statusCode": 200
    }
    [35mresponseTime[39m: 43
[07:50:22.962] [32mINFO[39m (4920): [36mrequest completed[39m
    [35mreq[39m: {
      "id": 14,
      "method": "POST",
      "url": "/api/clientes/15/baja"
    }
    [35mres[39m: {
      "statusCode": 409
    }
    [35mresponseTime[39m: 41
✔ resúmenes y baja usan aging ante reverso de ticket y ABONO revertido (75.297289ms)
✔ crearTicket y baja se serializan con el mismo lock de cliente (275.101952ms)
✔ baja vencida requiere ADMIN activo/motivo y conserva historial como incobrable; reactivar no revierte (102.903007ms)
✔ Venta a Público permanece protegido (7.539301ms)
✔ INE: ADMIN, MIME/tamaño, slots/reemplazo, privacidad y auditoría (120.768683ms)
[07:50:23.230] [32mINFO[39m (4920): [36mrequest completed[39m
    [35mreq[39m: {
      "id": 15,
      "method": "POST",
      "url": "/api/tickets"
    }
    [35mres[39m: {
      "statusCode": 201
    }
    [35mresponseTime[39m: 247
[07:50:23.239] [32mINFO[39m (4920): [36mrequest completed[39m
    [35mreq[39m: {
      "id": 16,
      "method": "POST",
      "url": "/api/clientes/16/baja"
    }
    [35mres[39m: {
      "statusCode": 200
    }
    [35mresponseTime[39m: 155
[07:50:23.259] [32mINFO[39m (4920): [36mrequest completed[39m
    [35mreq[39m: {
      "id": 17,
      "method": "POST",
      "url": "/api/clientes/17/baja"
    }
    [35mres[39m: {
      "statusCode": 401
    }
    [35mresponseTime[39m: 8
[07:50:23.265] [32mINFO[39m (4920): [36mrequest completed[39m
    [35mreq[39m: {
      "id": 18,
      "method": "POST",
      "url": "/api/clientes/17/baja"
    }
    [35mres[39m: {
      "statusCode": 400
    }
    [35mresponseTime[39m: 5
[07:50:23.320] [32mINFO[39m (4920): [36mrequest completed[39m
    [35mreq[39m: {
      "id": 19,
      "method": "POST",
      "url": "/api/clientes/17/baja"
    }
    [35mres[39m: {
      "statusCode": 200
    }
    [35mresponseTime[39m: 53
[07:50:23.335] [32mINFO[39m (4920): [36mrequest completed[39m
    [35mreq[39m: {
      "id": 20,
      "method": "POST",
      "url": "/api/clientes/17/reactivar"
    }
    [35mres[39m: {
      "statusCode": 200
    }
    [35mresponseTime[39m: 10
[07:50:23.342] [32mINFO[39m (4920): [36mrequest completed[39m
    [35mreq[39m: {
      "id": 21,
      "method": "GET",
      "url": "/api/clientes/incobrables"
    }
    [35mres[39m: {
      "statusCode": 200
    }
    [35mresponseTime[39m: 5
[07:50:23.350] [32mINFO[39m (4920): [36mrequest completed[39m
    [35mreq[39m: {
      "id": 22,
      "method": "POST",
      "url": "/api/clientes/1/baja"
    }
    [35mres[39m: {
      "statusCode": 409
    }
    [35mresponseTime[39m: 6
[07:50:23.363] [32mINFO[39m (4920): [36mrequest completed[39m
    [35mreq[39m: {
      "id": 23,
      "method": "POST",
      "url": "/api/clientes/18/documentos/FRENTE"
    }
    [35mres[39m: {
      "statusCode": 415
    }
    [35mresponseTime[39m: 9
[07:50:23.383] [32mINFO[39m (4920): [36mrequest completed[39m
    [35mreq[39m: {
      "id": 24,
      "method": "POST",
      "url": "/api/clientes/18/documentos/FRENTE"
    }
    [35mres[39m: {
      "statusCode": 413
    }
    [35mresponseTime[39m: 13
[07:50:23.398] [32mINFO[39m (4920): [36mrequest completed[39m
    [35mreq[39m: {
      "id": 25,
      "method": "POST",
      "url": "/api/clientes/18/documentos/FRENTE"
    }
    [35mres[39m: {
      "statusCode": 201
    }
    [35mresponseTime[39m: 14
[07:50:23.412] [32mINFO[39m (4920): [36mrequest completed[39m
    [35mreq[39m: {
      "id": 26,
      "method": "POST",
      "url": "/api/clientes/18/documentos/REVERSO"
    }
    [35mres[39m: {
      "statusCode": 201
    }
    [35mresponseTime[39m: 12
[07:50:23.429] [32mINFO[39m (4920): [36mrequest completed[39m
    [35mreq[39m: {
      "id": 27,
      "method": "POST",
      "url": "/api/clientes/18/documentos/FRENTE"
    }
    [35mres[39m: {
      "statusCode": 201
    }
    [35mresponseTime[39m: 16
[07:50:23.440] [32mINFO[39m (4920): [36mrequest completed[39m
    [35mreq[39m: {
      "id": 28,
      "method": "GET",
      "url": "/api/clientes/18/documentos"
    }
    [35mres[39m: {
      "statusCode": 200
    }
    [35mresponseTime[39m: 10
[07:50:23.449] [32mINFO[39m (4920): [36mrequest completed[39m
    [35mreq[39m: {
      "id": 29,
      "method": "GET",
      "url": "/api/cliente-documentos/ab4a04a3-dc69-4e28-b603-78ed897e5d26/ver"
    }
    [35mres[39m: {
      "statusCode": 403
    }
    [35mresponseTime[39m: 8
[07:50:23.459] [32mINFO[39m (4920): [36mrequest completed[39m
    [35mreq[39m: {
      "id": 30,
      "method": "GET",
      "url": "/api/cliente-documentos/ab4a04a3-dc69-4e28-b603-78ed897e5d26/ver"
    }
    [35mres[39m: {
      "statusCode": 200
    }
    [35mresponseTime[39m: 9
[07:50:23.470] [32mINFO[39m (4920): [36mrequest completed[39m
    [35mreq[39m: {
      "id": 31,
      "method": "GET",
      "url": "/api/cliente-documentos/ab4a04a3-dc69-4e28-b603-78ed897e5d26/descargar"
    }
    [35mres[39m: {
      "statusCode": 200
    }
    [35mresponseTime[39m: 10
ℹ tests 9
ℹ suites 0
ℹ pass 9
ℹ fail 0
ℹ cancelled 0
ℹ skipped 0
ℹ todo 0
ℹ duration_ms 3794.831424
