▶ isolated live contenedores HTTP and transaction matrix
  ✔ database identity before every mutation (1.205202ms)
  ✔ database identity after HTTP harness start (0.586818ms)
[07:50:34.968] [32mINFO[39m (5108): [36mrequest completed[39m
    [35mreq[39m: {
      "id": 1,
      "method": "GET",
      "url": "/api/contenedores"
    }
    [35mres[39m: {
      "statusCode": 403
    }
    [35mresponseTime[39m: 25
[07:50:34.986] [32mINFO[39m (5108): [36mrequest completed[39m
    [35mreq[39m: {
      "id": 2,
      "method": "GET",
      "url": "/api/contenedores"
    }
    [35mres[39m: {
      "statusCode": 403
    }
    [35mresponseTime[39m: 10
[07:50:34.996] [32mINFO[39m (5108): [36mrequest completed[39m
    [35mreq[39m: {
      "id": 3,
      "method": "GET",
      "url": "/api/contenedores"
    }
    [35mres[39m: {
      "statusCode": 403
    }
    [35mresponseTime[39m: 8
[07:50:35.005] [32mINFO[39m (5108): [36mrequest completed[39m
    [35mreq[39m: {
      "id": 4,
      "method": "GET",
      "url": "/api/contenedores/catalogos"
    }
    [35mres[39m: {
      "statusCode": 403
    }
    [35mresponseTime[39m: 8
  ✔ role permission matrix is enforced by live endpoints (93.879248ms)
[07:50:35.024] [32mINFO[39m (5108): [36mrequest completed[39m
    [35mreq[39m: {
      "id": 5,
      "method": "GET",
      "url": "/api/contenedores/catalogos"
    }
    [35mres[39m: {
      "statusCode": 200
    }
    [35mresponseTime[39m: 18
[07:50:35.067] [32mINFO[39m (5108): [36mrequest completed[39m
    [35mreq[39m: {
      "id": 6,
      "method": "POST",
      "url": "/api/contenedores"
    }
    [35mres[39m: {
      "statusCode": 201
    }
    [35mresponseTime[39m: 31
[07:50:35.082] [32mINFO[39m (5108): [36mrequest completed[39m
    [35mreq[39m: {
      "id": 7,
      "method": "POST",
      "url": "/api/contenedores"
    }
    [35mres[39m: {
      "statusCode": 201
    }
    [35mresponseTime[39m: 13
[07:50:35.103] [32mINFO[39m (5108): [36mrequest completed[39m
    [35mreq[39m: {
      "id": 8,
      "method": "PATCH",
      "url": "/api/contenedores/1"
    }
    [35mres[39m: {
      "statusCode": 200
    }
    [35mresponseTime[39m: 19
[07:50:35.114] [32mINFO[39m (5108): [36mrequest completed[39m
    [35mreq[39m: {
      "id": 9,
      "method": "GET",
      "url": "/api/contenedores"
    }
    [35mres[39m: {
      "statusCode": 200
    }
    [35mresponseTime[39m: 9
[07:50:35.122] [32mINFO[39m (5108): [36mrequest completed[39m
    [35mreq[39m: {
      "id": 10,
      "method": "GET",
      "url": "/api/contenedores/1"
    }
    [35mres[39m: {
      "statusCode": 200
    }
    [35mresponseTime[39m: 6
[07:50:35.137] [32mINFO[39m (5108): [36mrequest completed[39m
    [35mreq[39m: {
      "id": 11,
      "method": "POST",
      "url": "/api/contenedores/1/cancelar"
    }
    [35mres[39m: {
      "statusCode": 200
    }
    [35mresponseTime[39m: 13
[07:50:35.147] [32mINFO[39m (5108): [36mrequest completed[39m
    [35mreq[39m: {
      "id": 12,
      "method": "PATCH",
      "url": "/api/contenedores/1"
    }
    [35mres[39m: {
      "statusCode": 409
    }
    [35mresponseTime[39m: 8
  ✔ ADMIN create/list/detail/update/cancel lifecycle and folio sequence (123.377356ms)
[07:50:35.158] [32mINFO[39m (5108): [36mrequest completed[39m
    [35mreq[39m: {
      "id": 13,
      "method": "POST",
      "url": "/api/contenedores"
    }
    [35mres[39m: {
      "statusCode": 400
    }
    [35mresponseTime[39m: 8
[07:50:35.166] [32mINFO[39m (5108): [36mrequest completed[39m
    [35mreq[39m: {
      "id": 14,
      "method": "POST",
      "url": "/api/contenedores"
    }
    [35mres[39m: {
      "statusCode": 400
    }
    [35mresponseTime[39m: 7
  ✔ line duplicate and quantity validation are rejected (17.841561ms)
[07:50:35.185] [32mINFO[39m (5108): [36mrequest completed[39m
    [35mreq[39m: {
      "id": 15,
      "method": "POST",
      "url": "/api/contenedores"
    }
    [35mres[39m: {
      "statusCode": 201
    }
    [35mresponseTime[39m: 17
[07:50:35.204] [32mINFO[39m (5108): [36mrequest completed[39m
    [35mreq[39m: {
      "id": 16,
      "method": "PATCH",
      "url": "/api/contenedores/3"
    }
    [35mres[39m: {
      "statusCode": 200
    }
    [35mresponseTime[39m: 17
[07:50:35.212] [32mINFO[39m (5108): [36mrequest completed[39m
    [35mreq[39m: {
      "id": 17,
      "method": "POST",
      "url": "/api/contenedores/3/cancelar"
    }
    [35mres[39m: {
      "statusCode": 403
    }
    [35mresponseTime[39m: 7
  ✔ SUPERVISOR creates and edits but cannot cancel (45.448041ms)
[07:50:35.228] [32mINFO[39m (5108): [36mrequest completed[39m
    [35mreq[39m: {
      "id": 18,
      "method": "POST",
      "url": "/api/contenedores"
    }
    [35mres[39m: {
      "statusCode": 201
    }
    [35mresponseTime[39m: 14
[07:50:35.240] [32mINFO[39m (5108): [36mrequest completed[39m
    [35mreq[39m: {
      "id": 19,
      "method": "GET",
      "url": "/api/contenedores"
    }
    [35mres[39m: {
      "statusCode": 200
    }
    [35mresponseTime[39m: 11
[07:50:35.250] [32mINFO[39m (5108): [36mrequest completed[39m
    [35mreq[39m: {
      "id": 20,
      "method": "GET",
      "url": "/api/contenedores/4"
    }
    [35mres[39m: {
      "statusCode": 404
    }
    [35mresponseTime[39m: 9
[07:50:35.259] [32mINFO[39m (5108): [36mrequest completed[39m
    [35mreq[39m: {
      "id": 21,
      "method": "GET",
      "url": "/api/contenedores/resumen"
    }
    [35mres[39m: {
      "statusCode": 403
    }
    [35mresponseTime[39m: 8
  ✔ BODEGA sees only its assigned site and unassigned BODEGA is fail-closed (47.543778ms)
[07:50:35.276] [32mINFO[39m (5108): [36mrequest completed[39m
    [35mreq[39m: {
      "id": 22,
      "method": "POST",
      "url": "/api/contenedores"
    }
    [35mres[39m: {
      "statusCode": 201
    }
    [35mresponseTime[39m: 14
[07:50:35.330] [32mINFO[39m (5108): [36mrequest completed[39m
    [35mreq[39m: {
      "id": 23,
      "method": "POST",
      "url": "/api/inventario/entradas"
    }
    [35mres[39m: {
      "statusCode": 201
    }
    [35mresponseTime[39m: 51
[07:50:35.337] [32mINFO[39m (5108): [36mrequest completed[39m
    [35mreq[39m: {
      "id": 24,
      "method": "POST",
      "url": "/api/inventario/entradas"
    }
    [35mres[39m: {
      "statusCode": 201
    }
    [35mresponseTime[39m: 57
[07:50:35.351] [32mINFO[39m (5108): [36mrequest completed[39m
    [35mreq[39m: {
      "id": 25,
      "method": "GET",
      "url": "/api/contenedores/5"
    }
    [35mres[39m: {
      "statusCode": 200
    }
    [35mresponseTime[39m: 12
[07:50:35.362] [32mINFO[39m (5108): [36mrequest completed[39m
    [35mreq[39m: {
      "id": 26,
      "method": "POST",
      "url": "/api/inventario/entradas"
    }
    [35mres[39m: {
      "statusCode": 400
    }
    [35mresponseTime[39m: 10
  ✔ linked entrada is idempotent, receives container, and creates inventory once (115.347847ms)
[07:50:35.376] [32mINFO[39m (5108): [36mrequest completed[39m
    [35mreq[39m: {
      "id": 27,
      "method": "PATCH",
      "url": "/api/contenedores/5"
    }
    [35mres[39m: {
      "statusCode": 409
    }
    [35mresponseTime[39m: 13
[07:50:35.391] [32mINFO[39m (5108): [36mrequest completed[39m
    [35mreq[39m: {
      "id": 28,
      "method": "POST",
      "url": "/api/contenedores"
    }
    [35mres[39m: {
      "statusCode": 201
    }
    [35mresponseTime[39m: 14
[07:50:35.421] [32mINFO[39m (5108): [36mrequest completed[39m
    [35mreq[39m: {
      "id": 29,
      "method": "POST",
      "url": "/api/inventario/entradas"
    }
    [35mres[39m: {
      "statusCode": 201
    }
    [35mresponseTime[39m: 29
  ✔ pending costs stay null and summary units/differences are complete (69.481257ms)
[07:50:35.445] [32mINFO[39m (5108): [36mrequest completed[39m
    [35mreq[39m: {
      "id": 30,
      "method": "GET",
      "url": "/api/contenedores/resumen"
    }
    [35mres[39m: {
      "statusCode": 200
    }
    [35mresponseTime[39m: 23
[07:50:35.461] [32mINFO[39m (5108): [36mrequest completed[39m
    [35mreq[39m: {
      "id": 31,
      "method": "GET",
      "url": "/api/contenedores/5"
    }
    [35mres[39m: {
      "statusCode": 200
    }
    [35mresponseTime[39m: 14
[07:50:35.481] [32mINFO[39m (5108): [36mrequest completed[39m
    [35mreq[39m: {
      "id": 32,
      "method": "GET",
      "url": "/api/contenedores/5"
    }
    [35mres[39m: {
      "statusCode": 200
    }
    [35mresponseTime[39m: 19
[07:50:35.490] [32mINFO[39m (5108): [36mrequest completed[39m
    [35mreq[39m: {
      "id": 33,
      "method": "GET",
      "url": "/api/contenedores"
    }
    [35mres[39m: {
      "statusCode": 200
    }
    [35mresponseTime[39m: 7
[07:50:35.499] [32mINFO[39m (5108): [36mrequest completed[39m
    [35mreq[39m: {
      "id": 34,
      "method": "GET",
      "url": "/api/contenedores"
    }
    [35mres[39m: {
      "statusCode": 200
    }
    [35mresponseTime[39m: 8
  ✔ ADMIN economics exist and non-admin JSON economics are recursively absent (67.406093ms)
[07:50:35.513] [32mINFO[39m (5108): [36mrequest completed[39m
    [35mreq[39m: {
      "id": 35,
      "method": "GET",
      "url": "/api/contenedores/resumen"
    }
    [35mres[39m: {
      "statusCode": 200
    }
    [35mresponseTime[39m: 13
[07:50:35.570] [32mINFO[39m (5108): [36mrequest completed[39m
    [35mreq[39m: {
      "id": 36,
      "method": "GET",
      "url": "/api/contenedores/export.xlsx"
    }
    [35mres[39m: {
      "statusCode": 200
    }
    [35mresponseTime[39m: 55
  ✔ XLSX and PDF exports are complete, typed, nonempty, and non-admin-redacted (126.309307ms)
✔ isolated live contenedores HTTP and transaction matrix (3106.884522ms)
[07:50:35.639] [32mINFO[39m (5108): [36mrequest completed[39m
    [35mreq[39m: {
      "id": 37,
      "method": "GET",
      "url": "/api/contenedores/export.pdf"
    }
    [35mres[39m: {
      "statusCode": 200
    }
    [35mresponseTime[39m: 26
ℹ tests 12
ℹ suites 0
ℹ pass 12
ℹ fail 0
ℹ cancelled 0
ℹ skipped 0
ℹ todo 0
ℹ duration_ms 3355.043527
