[07:50:48.033] [32mINFO[39m (5267): [36mrequest completed[39m
    [35mreq[39m: {
      "id": 1,
      "method": "GET",
      "url": "/api/admin/cuadre-fiscal"
    }
    [35mres[39m: {
      "statusCode": 200
    }
    [35mresponseTime[39m: 35
[07:50:48.056] [32mINFO[39m (5267): [36mrequest completed[39m
    [35mreq[39m: {
      "id": 2,
      "method": "GET",
      "url": "/api/admin/cuadre-fiscal"
    }
    [35mres[39m: {
      "statusCode": 200
    }
    [35mresponseTime[39m: 15
[07:50:48.093] [32mINFO[39m (5267): [36mrequest completed[39m
    [35mreq[39m: {
      "id": 3,
      "method": "POST",
      "url": "/api/admin/cuadre-fiscal/confirmaciones"
    }
    [35mres[39m: {
      "statusCode": 201
    }
    [35mresponseTime[39m: 30
[07:50:48.109] [32mINFO[39m (5267): [36mrequest completed[39m
    [35mreq[39m: {
      "id": 4,
      "method": "GET",
      "url": "/api/admin/cuadre-fiscal"
    }
    [35mres[39m: {
      "statusCode": 200
    }
    [35mresponseTime[39m: 10
[07:50:48.129] [32mINFO[39m (5267): [36mrequest completed[39m
    [35mreq[39m: {
      "id": 5,
      "method": "GET",
      "url": "/api/admin/cuadre-fiscal"
    }
    [35mres[39m: {
      "statusCode": 200
    }
    [35mresponseTime[39m: 11
[07:50:48.149] [32mINFO[39m (5267): [36mrequest completed[39m
    [35mreq[39m: {
      "id": 6,
      "method": "POST",
      "url": "/api/admin/cuadre-fiscal/diferencias"
    }
    [35mres[39m: {
      "statusCode": 201
    }
    [35mresponseTime[39m: 17
[07:50:48.157] [32mINFO[39m (5267): [36mrequest completed[39m
    [35mreq[39m: {
      "id": 7,
      "method": "POST",
      "url": "/api/admin/cuadre-fiscal/diferencias/2/resolver"
    }
    [35mres[39m: {
      "statusCode": 403
    }
    [35mresponseTime[39m: 5
[07:50:48.167] [32mINFO[39m (5267): [36mrequest completed[39m
    [35mreq[39m: {
      "id": 8,
      "method": "POST",
      "url": "/api/admin/cuadre-fiscal/diferencias/2/resolver"
    }
    [35mres[39m: {
      "statusCode": 200
    }
    [35mresponseTime[39m: 8
✔ cuadre fiscal freezes fiscal figures and preserves its approval workflow (2739.96068ms)
ℹ tests 1
ℹ suites 0
ℹ pass 1
ℹ fail 0
ℹ cancelled 0
ℹ skipped 0
ℹ todo 0
ℹ duration_ms 2935.886491
