[07:51:00.328] [32mINFO[39m (5414): [36mrequest completed[39m
    [35mreq[39m: {
      "id": 1,
      "method": "POST",
      "url": "/api/auth/login"
    }
    [35mres[39m: {
      "statusCode": 200
    }
    [35mresponseTime[39m: 48
[07:51:00.366] [32mINFO[39m (5414): [36mrequest completed[39m
    [35mreq[39m: {
      "id": 2,
      "method": "POST",
      "url": "/api/auth/login"
    }
    [35mres[39m: {
      "statusCode": 200
    }
    [35mresponseTime[39m: 29
[07:51:00.397] [32mINFO[39m (5414): [36mrequest completed[39m
    [35mreq[39m: {
      "id": 3,
      "method": "POST",
      "url": "/api/auth/login"
    }
    [35mres[39m: {
      "statusCode": 200
    }
    [35mresponseTime[39m: 29
[07:51:00.428] [32mINFO[39m (5414): [36mrequest completed[39m
    [35mreq[39m: {
      "id": 4,
      "method": "POST",
      "url": "/api/auth/login"
    }
    [35mres[39m: {
      "statusCode": 200
    }
    [35mresponseTime[39m: 28
[07:51:00.456] [32mINFO[39m (5414): [36mrequest completed[39m
    [35mreq[39m: {
      "id": 5,
      "method": "POST",
      "url": "/api/auth/login"
    }
    [35mres[39m: {
      "statusCode": 200
    }
    [35mresponseTime[39m: 26
[07:51:00.484] [32mINFO[39m (5414): [36mrequest completed[39m
    [35mreq[39m: {
      "id": 6,
      "method": "POST",
      "url": "/api/auth/login"
    }
    [35mres[39m: {
      "statusCode": 200
    }
    [35mresponseTime[39m: 26
[07:51:00.513] [32mINFO[39m (5414): [36mrequest completed[39m
    [35mreq[39m: {
      "id": 7,
      "method": "POST",
      "url": "/api/auth/login"
    }
    [35mres[39m: {
      "statusCode": 200
    }
    [35mresponseTime[39m: 28
[07:51:00.528] [32mINFO[39m (5414): [36mrequest completed[39m
    [35mreq[39m: {
      "id": 8,
      "method": "GET",
      "url": "/api/inventario/ubicaciones"
    }
    [35mres[39m: {
      "statusCode": 403
    }
    [35mresponseTime[39m: 14
[07:51:00.545] [32mINFO[39m (5414): [36mrequest completed[39m
    [35mreq[39m: {
      "id": 9,
      "method": "GET",
      "url": "/api/equipos/ubicaciones"
    }
    [35mres[39m: {
      "statusCode": 200
    }
    [35mresponseTime[39m: 15
[07:51:00.566] [32mINFO[39m (5414): [36mrequest completed[39m
    [35mreq[39m: {
      "id": 10,
      "method": "POST",
      "url": "/api/equipos"
    }
    [35mres[39m: {
      "statusCode": 201
    }
    [35mresponseTime[39m: 19
[07:51:00.576] [32mINFO[39m (5414): [36mrequest completed[39m
    [35mreq[39m: {
      "id": 11,
      "method": "POST",
      "url": "/api/equipos"
    }
    [35mres[39m: {
      "statusCode": 403
    }
    [35mresponseTime[39m: 8
[07:51:00.596] [32mINFO[39m (5414): [36mrequest completed[39m
    [35mreq[39m: {
      "id": 12,
      "method": "POST",
      "url": "/api/equipos"
    }
    [35mres[39m: {
      "statusCode": 201
    }
    [35mresponseTime[39m: 19
[07:51:00.614] [32mINFO[39m (5414): [36mrequest completed[39m
    [35mreq[39m: {
      "id": 13,
      "method": "POST",
      "url": "/api/equipos"
    }
    [35mres[39m: {
      "statusCode": 201
    }
    [35mresponseTime[39m: 14
[07:51:00.621] [32mINFO[39m (5414): [36mrequest completed[39m
    [35mreq[39m: {
      "id": 14,
      "method": "GET",
      "url": "/api/equipos"
    }
    [35mres[39m: {
      "statusCode": 403
    }
    [35mresponseTime[39m: 6
[07:51:00.629] [32mINFO[39m (5414): [36mrequest completed[39m
    [35mreq[39m: {
      "id": 15,
      "method": "GET",
      "url": "/api/equipos"
    }
    [35mres[39m: {
      "statusCode": 403
    }
    [35mresponseTime[39m: 7
[07:51:00.638] [32mINFO[39m (5414): [36mrequest completed[39m
    [35mreq[39m: {
      "id": 16,
      "method": "PATCH",
      "url": "/api/equipos/2/checklist/ETIQUETA_REAL"
    }
    [35mres[39m: {
      "statusCode": 403
    }
    [35mresponseTime[39m: 8
[07:51:00.646] [32mINFO[39m (5414): [36mrequest completed[39m
    [35mreq[39m: {
      "id": 17,
      "method": "PATCH",
      "url": "/api/equipos/1/checklist/TICKET_REAL"
    }
    [35mres[39m: {
      "statusCode": 403
    }
    [35mresponseTime[39m: 6
[07:51:00.653] [32mINFO[39m (5414): [36mrequest completed[39m
    [35mreq[39m: {
      "id": 18,
      "method": "PATCH",
      "url": "/api/equipos/1/checklist/TICKET_REAL"
    }
    [35mres[39m: {
      "statusCode": 400
    }
    [35mresponseTime[39m: 6
[07:51:00.672] [32mINFO[39m (5414): [36mrequest completed[39m
    [35mreq[39m: {
      "id": 19,
      "method": "PATCH",
      "url": "/api/equipos/1/checklist/TICKET_REAL"
    }
    [35mres[39m: {
      "statusCode": 200
    }
    [35mresponseTime[39m: 18
[07:51:00.686] [32mINFO[39m (5414): [36mrequest completed[39m
    [35mreq[39m: {
      "id": 20,
      "method": "PATCH",
      "url": "/api/equipos/1/checklist/PAPEL_80MM"
    }
    [35mres[39m: {
      "statusCode": 200
    }
    [35mresponseTime[39m: 13
✔ equipment scope, derived active state, attribution and edit denial (690.480524ms)
[07:51:00.704] [32mINFO[39m (5414): [36mrequest completed[39m
    [35mreq[39m: {
      "id": 21,
      "method": "PATCH",
      "url": "/api/equipos/1/checklist/PAPEL_80MM"
    }
    [35mres[39m: {
      "statusCode": 200
    }
    [35mresponseTime[39m: 17
ℹ tests 1
ℹ suites 0
ℹ pass 1
ℹ fail 0
ℹ cancelled 0
ℹ skipped 0
ℹ todo 0
ℹ duration_ms 3172.018407
