[07:51:51.552] [32mINFO[39m (6008): [36mrequest completed[39m
    [35mreq[39m: {
      "id": 1,
      "method": "GET",
      "url": "/api/notificaciones"
    }
    [35mres[39m: {
      "statusCode": 200
    }
    [35mresponseTime[39m: 25
[07:51:51.590] [32mINFO[39m (6008): [36mrequest completed[39m
    [35mreq[39m: {
      "id": 2,
      "method": "GET",
      "url": "/api/notificaciones"
    }
    [35mres[39m: {
      "statusCode": 200
    }
    [35mresponseTime[39m: 29
[07:51:51.604] [32mINFO[39m (6008): [36mrequest completed[39m
    [35mreq[39m: {
      "id": 3,
      "method": "POST",
      "url": "/api/notificaciones/credito/1/leer"
    }
    [35mres[39m: {
      "statusCode": 200
    }
    [35mresponseTime[39m: 12
[07:51:51.615] [32mINFO[39m (6008): [36mrequest completed[39m
    [35mreq[39m: {
      "id": 4,
      "method": "GET",
      "url": "/api/notificaciones"
    }
    [35mres[39m: {
      "statusCode": 200
    }
    [35mresponseTime[39m: 10
✔ notification endpoints preserve calendar dates, authorization, and persistence (204.557067ms)
ℹ tests 1
ℹ suites 0
ℹ pass 1
ℹ fail 0
ℹ cancelled 0
ℹ skipped 0
ℹ todo 0
ℹ duration_ms 2688.491081
