[07:52:12.769] [32mINFO[39m (6394): [36mrequest completed[39m
    [35mreq[39m: {
      "id": 1,
      "method": "GET",
      "url": "/api/tickets/1"
    }
    [35mres[39m: {
      "statusCode": 200
    }
    [35mresponseTime[39m: 54
▶ CONTADOR y SISTEMAS leen tickets globalmente pero no operan fuera de ubicación
  ✔ CONTADOR tiene lectura global inmutable (94.676015ms)
[07:52:12.795] [32mINFO[39m (6394): [36mrequest completed[39m
    [35mreq[39m: {
      "id": 2,
      "method": "GET",
      "url": "/api/tickets/1/documento-impresion"
    }
    [35mres[39m: {
      "statusCode": 200
    }
    [35mresponseTime[39m: 18
[07:52:12.823] [32mINFO[39m (6394): [36mrequest completed[39m
    [35mreq[39m: {
      "id": 3,
      "method": "POST",
      "url": "/api/tickets/1/cobrar"
    }
    [35mres[39m: {
      "statusCode": 403
    }
    [35mresponseTime[39m: 17
[07:52:12.860] [32mINFO[39m (6394): [36mrequest completed[39m
    [35mreq[39m: {
      "id": 4,
      "method": "POST",
      "url": "/api/tickets/1/cancelar"
    }
    [35mres[39m: {
      "statusCode": 403
    }
    [35mresponseTime[39m: 35
[07:52:12.873] [32mINFO[39m (6394): [36mrequest completed[39m
    [35mreq[39m: {
      "id": 5,
      "method": "POST",
      "url": "/api/sesiones-caja/1/cerrar"
    }
    [35mres[39m: {
      "statusCode": 403
    }
    [35mresponseTime[39m: 10
  ✔ CONTADOR no opera fuera de ubicación aunque tenga permisos (88.585726ms)
[07:52:12.885] [32mINFO[39m (6394): [36mrequest completed[39m
    [35mreq[39m: {
      "id": 6,
      "method": "POST",
      "url": "/api/sesiones-caja/1/salidas-dinero"
    }
    [35mres[39m: {
      "statusCode": 403
    }
    [35mresponseTime[39m: 10
[07:52:12.903] [32mINFO[39m (6394): [36mrequest completed[39m
    [35mreq[39m: {
      "id": 7,
      "method": "GET",
      "url": "/api/tickets/1"
    }
    [35mres[39m: {
      "statusCode": 200
    }
    [35mresponseTime[39m: 16
  ✔ SISTEMAS tiene lectura global inmutable (33.532838ms)
[07:52:12.919] [32mINFO[39m (6394): [36mrequest completed[39m
    [35mreq[39m: {
      "id": 8,
      "method": "GET",
      "url": "/api/tickets/1/documento-impresion"
    }
    [35mres[39m: {
      "statusCode": 200
    }
    [35mresponseTime[39m: 15
[07:52:12.929] [32mINFO[39m (6394): [36mrequest completed[39m
    [35mreq[39m: {
      "id": 9,
      "method": "POST",
      "url": "/api/tickets/1/cobrar"
    }
    [35mres[39m: {
      "statusCode": 403
    }
    [35mresponseTime[39m: 7
  ✔ SISTEMAS no opera fuera de ubicación aunque tenga permisos (62.749584ms)
[07:52:12.962] [32mINFO[39m (6394): [36mrequest completed[39m
    [35mreq[39m: {
      "id": 10,
      "method": "POST",
      "url": "/api/tickets/1/cancelar"
    }
    [35mres[39m: {
      "statusCode": 403
    }
    [35mresponseTime[39m: 30
[07:52:12.972] [32mINFO[39m (6394): [36mrequest completed[39m
    [35mreq[39m: {
      "id": 11,
      "method": "POST",
      "url": "/api/sesiones-caja/1/cerrar"
    }
    [35mres[39m: {
      "statusCode": 403
    }
    [35mresponseTime[39m: 8
[07:52:12.982] [32mINFO[39m (6394): [36mrequest completed[39m
    [35mreq[39m: {
      "id": 12,
      "method": "POST",
      "url": "/api/sesiones-caja/1/salidas-dinero"
    }
    [35mres[39m: {
      "statusCode": 403
    }
    [35mresponseTime[39m: 9
✔ CONTADOR y SISTEMAS leen tickets globalmente pero no operan fuera de ubicación (1955.052908ms)
ℹ tests 5
ℹ suites 0
ℹ pass 5
ℹ fail 0
ℹ cancelled 0
ℹ skipped 0
ℹ todo 0
ℹ duration_ms 2898.717126
