TAP version 13
# Subtest: E9-AUTH-POSITIVE
not ok 1 - E9-AUTH-POSITIVE
  ---
  duration_ms: 306.065948
  type: 'test'
  location: '/tmp/e9-node-XRWsOx/E9-AUTH-POSITIVE-red/artifacts/mariana-textil/case.test.cjs:15193:27'
  failureType: 'testCodeFailure'
  error: |-
    E9-AUTH-POSITIVE
    + actual - expected
    
    + '22222222-2222-4222-8222-222222222222'
    - '33333333-3333-4333-8333-333333333333'
    
  code: 'ERR_ASSERTION'
  name: 'AssertionError'
  expected: '33333333-3333-4333-8333-333333333333'
  actual: '22222222-2222-4222-8222-222222222222'
  operator: 'strictEqual'
  stack: |-
    TestContext.<anonymous> (/tmp/e9-node-XRWsOx/E9-AUTH-POSITIVE-red/artifacts/mariana-textil/case.test.cjs:15196:25)
    async Test.run (node:internal/test_runner/test:1113:7)
    async startSubtestAfterBootstrap (node:internal/test_runner/harness:358:3)
  ...
1..1
# tests 1
# suites 0
# pass 0
# fail 1
# cancelled 0
# skipped 0
# todo 0
# duration_ms 1987.888352
