TAP version 13
# Subtest: E9-AUTH-RETRY
not ok 1 - E9-AUTH-RETRY
  ---
  duration_ms: 257.6585
  type: 'test'
  location: '/tmp/e9-node-XRWsOx/E9-AUTH-RETRY-red/artifacts/mariana-textil/case.test.cjs:15223:27'
  failureType: 'testCodeFailure'
  error: |-
    E9-AUTH-RETRY
    + actual - expected
    
    + 'f0ab1fb9-656d-4021-a5de-0e346e87172f'
    - '7850aa8f-5dad-4396-9d78-cdc50131040a'
    
  code: 'ERR_ASSERTION'
  name: 'AssertionError'
  expected: '7850aa8f-5dad-4396-9d78-cdc50131040a'
  actual: 'f0ab1fb9-656d-4021-a5de-0e346e87172f'
  operator: 'strictEqual'
  stack: |-
    retryAction (/tmp/e9-node-XRWsOx/E9-AUTH-RETRY-red/artifacts/mariana-textil/case.test.cjs:14971:25)
    async TestContext.<anonymous> (/tmp/e9-node-XRWsOx/E9-AUTH-RETRY-red/artifacts/mariana-textil/case.test.cjs:15224:3)
    async Test.run (node:internal/test_runner/test:1113:7)
    async startSubtestAfterBootstrap (node:internal/test_runner/harness:358:3)
  ...
1..1
# tests 1
# suites 0
# pass 0
# fail 1
# cancelled 0
# skipped 0
# todo 0
# duration_ms 1791.000705
