TAP version 13
# Subtest: E9-COUNT-DECIMAL
not ok 1 - E9-COUNT-DECIMAL
  ---
  duration_ms: 329.768918
  type: 'test'
  location: '/tmp/e9-node-XRWsOx/E9-COUNT-DECIMAL-red/artifacts/mariana-textil/case.test.cjs:15162:27'
  failureType: 'testCodeFailure'
  error: |-
    E9-COUNT-DECIMAL
    
    '0001.20' !== '1.20'
    
  code: 'ERR_ASSERTION'
  name: 'AssertionError'
  expected: '1.20'
  actual: '0001.20'
  operator: 'strictEqual'
  stack: |-
    TestContext.<anonymous> (/tmp/e9-node-XRWsOx/E9-COUNT-DECIMAL-red/artifacts/mariana-textil/case.test.cjs:15166:25)
    async Test.run (node:internal/test_runner/test:1113:7)
    async startSubtestAfterBootstrap (node:internal/test_runner/harness:358:3)
  ...
1..1
# tests 1
# suites 0
# pass 0
# fail 1
# cancelled 0
# skipped 0
# todo 0
# duration_ms 2002.805632
