TAP version 13
# Subtest: E9-COUNT-CONTENT
not ok 1 - E9-COUNT-CONTENT
  ---
  duration_ms: 248.474358
  type: 'test'
  location: '/tmp/e9-node-XRWsOx/E9-COUNT-CONTENT-red/artifacts/mariana-textil/case.test.cjs:15229:27'
  failureType: 'testCodeFailure'
  error: 'E9-COUNT-CONTENT'
  code: 'ERR_ASSERTION'
  name: 'AssertionError'
  expected: 'c7a3d79b-e6b3-4bfd-a1c9-053129ed8617'
  actual: 'c7a3d79b-e6b3-4bfd-a1c9-053129ed8617'
  operator: 'notStrictEqual'
  stack: |-
    changedAction (/tmp/e9-node-XRWsOx/E9-COUNT-CONTENT-red/artifacts/mariana-textil/case.test.cjs:14981:25)
    async TestContext.<anonymous> (/tmp/e9-node-XRWsOx/E9-COUNT-CONTENT-red/artifacts/mariana-textil/case.test.cjs:15230:3)
    async Test.run (node:internal/test_runner/test:1113:7)
    async startSubtestAfterBootstrap (node:internal/test_runner/harness:358:3)
  ...
1..1
# tests 1
# suites 0
# pass 0
# fail 1
# cancelled 0
# skipped 0
# todo 0
# duration_ms 1836.899238
