TAP version 13
# Subtest: E9-DETAIL-EXACT-NAVIGATION
not ok 1 - E9-DETAIL-EXACT-NAVIGATION
  ---
  duration_ms: 229.216798
  type: 'test'
  location: '/tmp/e9-node-XRWsOx/E9-DETAIL-EXACT-NAVIGATION-red/artifacts/mariana-textil/case.test.cjs:15291:27'
  failureType: 'testCodeFailure'
  error: |-
    E9-DETAIL-EXACT-NAVIGATION
    + actual - expected
    
    + '/caja/cortes'
    - '/caja/cortes?sesionId=123'
                   ^
    
  code: 'ERR_ASSERTION'
  name: 'AssertionError'
  expected: '/caja/cortes?sesionId=123'
  actual: '/caja/cortes'
  operator: 'strictEqual'
  stack: |-
    TestContext.<anonymous> (/tmp/e9-node-XRWsOx/E9-DETAIL-EXACT-NAVIGATION-red/artifacts/mariana-textil/case.test.cjs:15294:25)
    async Test.run (node:internal/test_runner/test:1113:7)
    async startSubtestAfterBootstrap (node:internal/test_runner/harness:358:3)
  ...
1..1
# tests 1
# suites 0
# pass 0
# fail 1
# cancelled 0
# skipped 0
# todo 0
# duration_ms 1772.469035
