TAP version 13
# Subtest: E9-DETAIL-CAPABILITY
not ok 1 - E9-DETAIL-CAPABILITY
  ---
  duration_ms: 207.45685
  type: 'test'
  location: '/tmp/e9-node-XRWsOx/E9-DETAIL-CAPABILITY-red/artifacts/mariana-textil/case.test.cjs:15139:27'
  failureType: 'testCodeFailure'
  error: |-
    E9-DETAIL-CAPABILITY
    
    false !== true
    
  code: 'ERR_ASSERTION'
  name: 'AssertionError'
  expected: true
  actual: false
  operator: 'strictEqual'
  stack: |-
    TestContext.<anonymous> (/tmp/e9-node-XRWsOx/E9-DETAIL-CAPABILITY-red/artifacts/mariana-textil/case.test.cjs:15142:25)
    async Test.run (node:internal/test_runner/test:1113:7)
    async startSubtestAfterBootstrap (node:internal/test_runner/harness:358:3)
  ...
1..1
# tests 1
# suites 0
# pass 0
# fail 1
# cancelled 0
# skipped 0
# todo 0
# duration_ms 2100.143351
