TAP version 13
# Subtest: E9-DETAIL-RESPONSE-SCOPE
not ok 1 - E9-DETAIL-RESPONSE-SCOPE
  ---
  duration_ms: 285.988255
  type: 'test'
  location: '/tmp/e9-node-XRWsOx/E9-DETAIL-RESPONSE-SCOPE-red/artifacts/mariana-textil/case.test.cjs:15285:27'
  failureType: 'testCodeFailure'
  error: |-
    E9-DETAIL-RESPONSE-SCOPE
    
    true !== false
    
  code: 'ERR_ASSERTION'
  name: 'AssertionError'
  expected: false
  actual: true
  operator: 'strictEqual'
  stack: |-
    TestContext.<anonymous> (/tmp/e9-node-XRWsOx/E9-DETAIL-RESPONSE-SCOPE-red/artifacts/mariana-textil/case.test.cjs:15289:25)
    async Test.run (node:internal/test_runner/test:1113:7)
    async startSubtestAfterBootstrap (node:internal/test_runner/harness:358:3)
  ...
1..1
# tests 1
# suites 0
# pass 0
# fail 1
# cancelled 0
# skipped 0
# todo 0
# duration_ms 1812.267878
