TAP version 13
# Subtest: E9-LIST-PAGINATION
not ok 1 - E9-LIST-PAGINATION
  ---
  duration_ms: 192.662115
  type: 'test'
  location: '/tmp/e9-node-XRWsOx/E9-LIST-PAGINATION-red/artifacts/mariana-textil/case.test.cjs:15113:27'
  failureType: 'testCodeFailure'
  error: |-
    E9-LIST-PAGINATION
    + actual - expected
    
    + undefined
    - 'opaque-page-two'
    
  code: 'ERR_ASSERTION'
  name: 'AssertionError'
  expected: 'opaque-page-two'
  operator: 'strictEqual'
  stack: |-
    TestContext.<anonymous> (/tmp/e9-node-XRWsOx/E9-LIST-PAGINATION-red/artifacts/mariana-textil/case.test.cjs:15117:25)
    async Test.run (node:internal/test_runner/test:1113:7)
    async startSubtestAfterBootstrap (node:internal/test_runner/harness:358:3)
  ...
1..1
# tests 1
# suites 0
# pass 0
# fail 1
# cancelled 0
# skipped 0
# todo 0
# duration_ms 1920.725051
