TAP version 13
# Subtest: E9-OFF-LIST
not ok 1 - E9-OFF-LIST
  ---
  duration_ms: 188.497929
  type: 'test'
  location: '/tmp/e9-node-XRWsOx/E9-OFF-LIST-red/artifacts/mariana-textil/case.test.cjs:14989:27'
  failureType: 'testCodeFailure'
  error: |-
    E9-OFF-LIST
    
    3 !== 0
    
  code: 'ERR_ASSERTION'
  name: 'AssertionError'
  expected: 0
  actual: 3
  operator: 'strictEqual'
  stack: |-
    TestContext.<anonymous> (/tmp/e9-node-XRWsOx/E9-OFF-LIST-red/artifacts/mariana-textil/case.test.cjs:14992:25)
    Test.runInAsyncScope (node:async_hooks:214:14)
    Test.run (node:internal/test_runner/test:1106:25)
    async startSubtestAfterBootstrap (node:internal/test_runner/harness:358:3)
  ...
1..1
# tests 1
# suites 0
# pass 0
# fail 1
# cancelled 0
# skipped 0
# todo 0
# duration_ms 1666.050368
