TAP version 13
# Subtest: E9-OFF-SEND
not ok 1 - E9-OFF-SEND
  ---
  duration_ms: 46.560703
  type: 'test'
  location: '/tmp/e9-node-XRWsOx/E9-OFF-SEND-red/artifacts/mariana-textil/case.test.cjs:14983:27'
  failureType: 'testCodeFailure'
  error: |-
    E9-OFF-SEND
    
    3 !== 0
    
  code: 'ERR_ASSERTION'
  name: 'AssertionError'
  expected: 0
  actual: 3
  operator: 'strictEqual'
  stack: |-
    TestContext.<anonymous> (/tmp/e9-node-XRWsOx/E9-OFF-SEND-red/artifacts/mariana-textil/case.test.cjs:14986:25)
    Test.runInAsyncScope (node:async_hooks:214:14)
    Test.run (node:internal/test_runner/test:1106:25)
    async startSubtestAfterBootstrap (node:internal/test_runner/harness:358:3)
  ...
1..1
# tests 1
# suites 0
# pass 0
# fail 1
# cancelled 0
# skipped 0
# todo 0
# duration_ms 1655.613526
