TAP version 13
# Subtest: E9-SEND-REFRESH-CAPABILITY
not ok 1 - E9-SEND-REFRESH-CAPABILITY
  ---
  duration_ms: 175.821106
  type: 'test'
  location: '/tmp/e9-node-XRWsOx/E9-SEND-REFRESH-CAPABILITY-red/artifacts/mariana-textil/case.test.cjs:15361:27'
  failureType: 'testCodeFailure'
  error: |-
    E9-SEND-REFRESH-CAPABILITY
    
    1 !== 0
    
  code: 'ERR_ASSERTION'
  name: 'AssertionError'
  expected: 0
  actual: 1
  operator: 'strictEqual'
  stack: |-
    TestContext.<anonymous> (/tmp/e9-node-XRWsOx/E9-SEND-REFRESH-CAPABILITY-red/artifacts/mariana-textil/case.test.cjs:15365:25)
    async Test.run (node:internal/test_runner/test:1113:7)
    async startSubtestAfterBootstrap (node:internal/test_runner/harness:358:3)
  ...
1..1
# tests 1
# suites 0
# pass 0
# fail 1
# cancelled 0
# skipped 0
# todo 0
# duration_ms 1728.83477
