TAP version 13
# Subtest: E9-SEND-CLOSED
not ok 1 - E9-SEND-CLOSED
  ---
  duration_ms: 39.826367
  type: 'test'
  location: '/tmp/e9-node-XRWsOx/E9-SEND-CLOSED-red/artifacts/mariana-textil/case.test.cjs:15027:27'
  failureType: 'testCodeFailure'
  error: |-
    E9-SEND-CLOSED
    
    false !== true
    
  code: 'ERR_ASSERTION'
  name: 'AssertionError'
  expected: true
  actual: false
  operator: 'strictEqual'
  stack: |-
    TestContext.<anonymous> (/tmp/e9-node-XRWsOx/E9-SEND-CLOSED-red/artifacts/mariana-textil/case.test.cjs:15030:25)
    Test.runInAsyncScope (node:async_hooks:214:14)
    Test.run (node:internal/test_runner/test:1106:25)
    async startSubtestAfterBootstrap (node:internal/test_runner/harness:358:3)
  ...
1..1
# tests 1
# suites 0
# pass 0
# fail 1
# cancelled 0
# skipped 0
# todo 0
# duration_ms 1742.324194
