TAP version 13
# Subtest: E9-SEND-DOUBLE
not ok 1 - E9-SEND-DOUBLE
  ---
  duration_ms: 174.532473
  type: 'test'
  location: '/tmp/e9-node-XRWsOx/E9-SEND-DOUBLE-red/artifacts/mariana-textil/case.test.cjs:15098:27'
  failureType: 'testCodeFailure'
  error: |-
    E9-SEND-DOUBLE
    
    2 !== 1
    
  code: 'ERR_ASSERTION'
  name: 'AssertionError'
  expected: 1
  actual: 2
  operator: 'strictEqual'
  stack: |-
    TestContext.<anonymous> (/tmp/e9-node-XRWsOx/E9-SEND-DOUBLE-red/artifacts/mariana-textil/case.test.cjs:15101:25)
    async Test.run (node:internal/test_runner/test:1113:7)
    async startSubtestAfterBootstrap (node:internal/test_runner/harness:358:3)
  ...
1..1
# tests 1
# suites 0
# pass 0
# fail 1
# cancelled 0
# skipped 0
# todo 0
# duration_ms 1893.274169
