TAP version 13
# Subtest: E9-SEND-RESPONSE-VERSION
not ok 1 - E9-SEND-RESPONSE-VERSION
  ---
  duration_ms: 254.704553
  type: 'test'
  location: '/tmp/e9-node-XRWsOx/E9-SEND-RESPONSE-VERSION-red/artifacts/mariana-textil/case.test.cjs:15073:27'
  failureType: 'testCodeFailure'
  error: |-
    E9-SEND-RESPONSE-VERSION
    
    true !== false
    
  code: 'ERR_ASSERTION'
  name: 'AssertionError'
  expected: false
  actual: true
  operator: 'strictEqual'
  stack: |-
    TestContext.<anonymous> (/tmp/e9-node-XRWsOx/E9-SEND-RESPONSE-VERSION-red/artifacts/mariana-textil/case.test.cjs:15077:25)
    async Test.run (node:internal/test_runner/test:1113:7)
    async startSubtestAfterBootstrap (node:internal/test_runner/harness:358:3)
  ...
1..1
# tests 1
# suites 0
# pass 0
# fail 1
# cancelled 0
# skipped 0
# todo 0
# duration_ms 1949.292114
