TAP version 13
# Subtest: E5-CASH-RETAINED-WITHOUT-APPLICATION
not ok 1 - E5-CASH-RETAINED-WITHOUT-APPLICATION
  ---
  duration_ms: 3.080555
  type: 'test'
  location: '/tmp/e5-native-Wrtwpd/E5-CASH-RETAINED-WITHOUT-APPLICATION/test.mjs:22332:1'
  failureType: 'testCodeFailure'
  error: |-
    Expected values to be strictly equal:
    
    '0.00' !== '10.00'
    
  code: 'ERR_ASSERTION'
  name: 'AssertionError'
  expected: '10.00'
  actual: '0.00'
  operator: 'strictEqual'
  stack: |-
    TestContext.<anonymous> (file:///tmp/e5-native-Wrtwpd/E5-CASH-RETAINED-WITHOUT-APPLICATION/test.mjs:22359:11)
    Test.runInAsyncScope (node:async_hooks:214:14)
    Test.run (node:internal/test_runner/test:1106:25)
    Test.start (node:internal/test_runner/test:1003:17)
    startSubtestAfterBootstrap (node:internal/test_runner/harness:358:17)
  ...
1..1
# tests 1
# suites 0
# pass 0
# fail 1
# cancelled 0
# skipped 0
# todo 0
# duration_ms 96.209216

