TAP version 13
# Subtest: E5-LOAD-FOR-UPDATE
not ok 1 - E5-LOAD-FOR-UPDATE
  ---
  duration_ms: 2.33351
  type: 'test'
  location: '/tmp/e5-native-Wrtwpd/E5-LOAD-FOR-UPDATE/test.mjs:22386:1'
  failureType: 'testCodeFailure'
  error: 'La identidad o alcance del actor cambió.'
  code: 'E5_FORBIDDEN'
  stack: |-
    liveActor (file:///tmp/e5-native-Wrtwpd/E5-LOAD-FOR-UPDATE/test.mjs:9204:11)
    async Object.load (file:///tmp/e5-native-Wrtwpd/E5-LOAD-FOR-UPDATE/test.mjs:9278:7)
    async TestContext.<anonymous> (file:///tmp/e5-native-Wrtwpd/E5-LOAD-FOR-UPDATE/test.mjs:22388:3)
    async Test.run (node:internal/test_runner/test:1113:7)
    async startSubtestAfterBootstrap (node:internal/test_runner/harness:358:3)
  ...
1..1
# tests 1
# suites 0
# pass 0
# fail 1
# cancelled 0
# skipped 0
# todo 0
# duration_ms 83.333457

