TAP version 13
# Subtest: E7-DOWNLOAD-LATE-REVOCATION
not ok 1 - E7-DOWNLOAD-LATE-REVOCATION
  ---
  duration_ms: 351.659064
  type: 'test'
  location: '/tmp/e7-native-DcObxs/E7-DOWNLOAD-LATE-REVOCATION-red/artifacts/mariana-textil/case.test.cjs:71782:27'
  failureType: 'testCodeFailure'
  error: |-
    E7-DOWNLOAD-LATE-REVOCATION
    
    false !== true
    
  code: 'ERR_ASSERTION'
  name: 'AssertionError'
  expected: true
  actual: false
  operator: 'strictEqual'
  stack: |-
    check (/tmp/e7-native-DcObxs/E7-DOWNLOAD-LATE-REVOCATION-red/artifacts/mariana-textil/case.test.cjs:71523:46)
    TestContext.<anonymous> (/tmp/e7-native-DcObxs/E7-DOWNLOAD-LATE-REVOCATION-red/artifacts/mariana-textil/case.test.cjs:71806:5)
    async Test.run (node:internal/test_runner/test:1113:7)
    async startSubtestAfterBootstrap (node:internal/test_runner/harness:358:3)
  ...
1..1
# tests 1
# suites 0
# pass 0
# fail 1
# cancelled 0
# skipped 0
# todo 0
# duration_ms 2492.468691
