TAP version 13
# Subtest: E7-LEGENDS
not ok 1 - E7-LEGENDS
  ---
  duration_ms: 341.045295
  type: 'test'
  location: '/tmp/e7-native-DcObxs/E7-LEGENDS-red/artifacts/mariana-textil/case.test.cjs:71748:27'
  failureType: 'testCodeFailure'
  error: |-
    E7-LEGENDS
    
    false !== true
    
  code: 'ERR_ASSERTION'
  name: 'AssertionError'
  expected: true
  actual: false
  operator: 'strictEqual'
  stack: |-
    check (/tmp/e7-native-DcObxs/E7-LEGENDS-red/artifacts/mariana-textil/case.test.cjs:71523:46)
    TestContext.<anonymous> (/tmp/e7-native-DcObxs/E7-LEGENDS-red/artifacts/mariana-textil/case.test.cjs:71756:6)
    async Test.run (node:internal/test_runner/test:1113:7)
    async startSubtestAfterBootstrap (node:internal/test_runner/harness:358:3)
  ...
1..1
# tests 1
# suites 0
# pass 0
# fail 1
# cancelled 0
# skipped 0
# todo 0
# duration_ms 2440.714057
