TAP version 13
# Subtest: E5-ADMIN-APPLY-NOW
not ok 1 - E5-ADMIN-APPLY-NOW
  ---
  duration_ms: 14.055273
  type: 'test'
  location: '/tmp/e5-native-C8aNRU/E5-ADMIN-APPLY-NOW/test.mjs:22069:1'
  failureType: 'testCodeFailure'
  error: |-
    Expected values to be strictly equal:
    + actual - expected
    
    + 'PENDIENTE'
    - 'PARCIAL'
    
  code: 'ERR_ASSERTION'
  name: 'AssertionError'
  expected: 'PARCIAL'
  actual: 'PENDIENTE'
  operator: 'strictEqual'
  stack: |-
    TestContext.<anonymous> (file:///tmp/e5-native-C8aNRU/E5-ADMIN-APPLY-NOW/test.mjs:22071:11)
    async Test.run (node:internal/test_runner/test:1113:7)
    async startSubtestAfterBootstrap (node:internal/test_runner/harness:358:3)
  ...
1..1
# tests 1
# suites 0
# pass 0
# fail 1
# cancelled 0
# skipped 0
# todo 0
# duration_ms 112.400408

