TAP version 13
# Subtest: E5-ALERT-THREE-DAYS
not ok 1 - E5-ALERT-THREE-DAYS
  ---
  duration_ms: 14.232967
  type: 'test'
  location: '/tmp/e5-native-C8aNRU/E5-ALERT-THREE-DAYS/test.mjs:22268:1'
  failureType: 'testCodeFailure'
  error: |-
    Expected values to be strictly equal:
    
    false !== true
    
  code: 'ERR_ASSERTION'
  name: 'AssertionError'
  expected: true
  actual: false
  operator: 'strictEqual'
  stack: |-
    TestContext.<anonymous> (file:///tmp/e5-native-C8aNRU/E5-ALERT-THREE-DAYS/test.mjs:22276:11)
    async Test.run (node:internal/test_runner/test:1113:7)
    async startSubtestAfterBootstrap (node:internal/test_runner/harness:358:3)
  ...
1..1
# tests 1
# suites 0
# pass 0
# fail 1
# cancelled 0
# skipped 0
# todo 0
# duration_ms 98.892837

