TAP version 13
# Subtest: E5-ADMIN-AUTHORIZE-NOW-CAPABILITY
not ok 1 - E5-ADMIN-AUTHORIZE-NOW-CAPABILITY
  ---
  duration_ms: 2.551077
  type: 'test'
  location: '/tmp/e5-native-C8aNRU/E5-ADMIN-AUTHORIZE-NOW-CAPABILITY/test.mjs:22089:1'
  failureType: 'testCodeFailure'
  error: |-
    Expected values to be strictly equal:
    
    false !== true
    
  code: 'ERR_ASSERTION'
  name: 'AssertionError'
  expected: true
  actual: false
  operator: 'strictEqual'
  stack: |-
    TestContext.<anonymous> (file:///tmp/e5-native-C8aNRU/E5-ADMIN-AUTHORIZE-NOW-CAPABILITY/test.mjs:22090:11)
    Test.runInAsyncScope (node:async_hooks:214:14)
    Test.run (node:internal/test_runner/test:1106:25)
    Test.start (node:internal/test_runner/test:1003:17)
    startSubtestAfterBootstrap (node:internal/test_runner/harness:358:17)
  ...
1..1
# tests 1
# suites 0
# pass 0
# fail 1
# cancelled 0
# skipped 0
# todo 0
# duration_ms 85.899814

