TAP version 13
# Subtest: E5-DEPENDENCY-ERROR-SANITIZED
not ok 1 - E5-DEPENDENCY-ERROR-SANITIZED
  ---
  duration_ms: 2.492719
  type: 'test'
  location: '/tmp/e5-native-C8aNRU/E5-DEPENDENCY-ERROR-SANITIZED/test.mjs:22301:1'
  failureType: 'testCodeFailure'
  error: |-
    Expected values to be strictly equal:
    + actual - expected
    
    + 'E5_STATE_CONFLICT'
    - 'E5_DEPENDENCY_DISABLED'
          ^
    
  code: 'ERR_ASSERTION'
  name: 'AssertionError'
  expected: 'E5_DEPENDENCY_DISABLED'
  actual: 'E5_STATE_CONFLICT'
  operator: 'strictEqual'
  stack: |-
    TestContext.<anonymous> (file:///tmp/e5-native-C8aNRU/E5-DEPENDENCY-ERROR-SANITIZED/test.mjs:22307:11)
    Test.runInAsyncScope (node:async_hooks:214:14)
    Test.run (node:internal/test_runner/test:1106:25)
    Test.start (node:internal/test_runner/test:1003:17)
    startSubtestAfterBootstrap (node:internal/test_runner/harness:358:17)
  ...
1..1
# tests 1
# suites 0
# pass 0
# fail 1
# cancelled 0
# skipped 0
# todo 0
# duration_ms 102.16475

