TAP version 13
# Subtest: E5-FUND-GUARD-OFF-NO-QUERY
not ok 1 - E5-FUND-GUARD-OFF-NO-QUERY
  ---
  duration_ms: 2.355782
  type: 'test'
  location: '/tmp/e5-native-C8aNRU/E5-FUND-GUARD-OFF-NO-QUERY/test.mjs:22310:1'
  failureType: 'testCodeFailure'
  error: |-
    Got unwanted rejection.
    Actual message: "Una devolución E5 no admite un inverso independiente."
  code: 'ERR_ASSERTION'
  name: 'AssertionError'
  actual:
    status: 409
  error: 'Una devolución E5 no admite un inverso independiente.'
  code: 'E5_DEVOLUCION_INMUTABLE'
  stack: |-
    assertE5NoIndependentInverse (file:///tmp/e5-native-C8aNRU/E5-FUND-GUARD-OFF-NO-QUERY/test.mjs:9543:11)
    async waitForActual (node:assert:646:5)
    async strict.doesNotReject (node:assert:789:33)
    async TestContext.<anonymous> (file:///tmp/e5-native-C8aNRU/E5-FUND-GUARD-OFF-NO-QUERY/test.mjs:22312:3)
    async Test.run (node:internal/test_runner/test:1113:7)
    async startSubtestAfterBootstrap (node:internal/test_runner/harness:358:3)
  operator: 'doesNotReject'
  stack: |-
    async TestContext.<anonymous> (file:///tmp/e5-native-C8aNRU/E5-FUND-GUARD-OFF-NO-QUERY/test.mjs:22312:3)
    async Test.run (node:internal/test_runner/test:1113:7)
    async startSubtestAfterBootstrap (node:internal/test_runner/harness:358:3)
  ...
1..1
# tests 1
# suites 0
# pass 0
# fail 1
# cancelled 0
# skipped 0
# todo 0
# duration_ms 88.257433

