TAP version 13
# Subtest: E5-PARTIAL-RESOLVES-PROPOSAL
not ok 1 - E5-PARTIAL-RESOLVES-PROPOSAL
  ---
  duration_ms: 18.38834
  type: 'test'
  location: '/tmp/e5-native-C8aNRU/E5-PARTIAL-RESOLVES-PROPOSAL/test.mjs:22120:1'
  failureType: 'testCodeFailure'
  error: |-
    Expected values to be strictly equal:
    + actual - expected
    
    + '50d5aa4c-b4bc-4d4e-a646-c0c7618aaefb'
    - undefined
    
  code: 'ERR_ASSERTION'
  name: 'AssertionError'
  actual: '50d5aa4c-b4bc-4d4e-a646-c0c7618aaefb'
  operator: 'strictEqual'
  stack: |-
    TestContext.<anonymous> (file:///tmp/e5-native-C8aNRU/E5-PARTIAL-RESOLVES-PROPOSAL/test.mjs:22131:11)
    async Test.run (node:internal/test_runner/test:1113:7)
    async startSubtestAfterBootstrap (node:internal/test_runner/harness:358:3)
  ...
1..1
# tests 1
# suites 0
# pass 0
# fail 1
# cancelled 0
# skipped 0
# todo 0
# duration_ms 106.827789

