TAP version 13
# Subtest: E5-PAID-TARGET-FREEZES
not ok 1 - E5-PAID-TARGET-FREEZES
  ---
  duration_ms: 18.763124
  type: 'test'
  location: '/tmp/e5-native-C8aNRU/E5-PAID-TARGET-FREEZES/test.mjs:22135:1'
  failureType: 'testCodeFailure'
  error: 'Missing expected rejection.'
  code: 'ERR_ASSERTION'
  name: 'AssertionError'
  expected: [Function (anonymous)]
  operator: 'rejects'
  stack: |-
    async TestContext.<anonymous> (file:///tmp/e5-native-C8aNRU/E5-PAID-TARGET-FREEZES/test.mjs:22150:3)
    async Test.run (node:internal/test_runner/test:1113:7)
    async startSubtestAfterBootstrap (node:internal/test_runner/harness:358:3)
  ...
1..1
# tests 1
# suites 0
# pass 0
# fail 1
# cancelled 0
# skipped 0
# todo 0
# duration_ms 127.78961

