TAP version 13
# Subtest: E5-RECEPTION-PAID-CHARGE-OMITTED
not ok 1 - E5-RECEPTION-PAID-CHARGE-OMITTED
  ---
  duration_ms: 20.328155
  type: 'test'
  location: '/tmp/e5-native-C8aNRU/E5-RECEPTION-PAID-CHARGE-OMITTED/test.mjs:22295:1'
  failureType: 'testCodeFailure'
  error: |-
    Expected values to be strictly deep-equal:
    + actual - expected
    
      [
    +   100,
        101
      ]
    
  code: 'ERR_ASSERTION'
  name: 'AssertionError'
  expected:
    0: 101
  actual:
    0: 100
    1: 101
  operator: 'deepStrictEqual'
  stack: |-
    TestContext.<anonymous> (file:///tmp/e5-native-C8aNRU/E5-RECEPTION-PAID-CHARGE-OMITTED/test.mjs:22299:11)
    async Test.run (node:internal/test_runner/test:1113:7)
    async startSubtestAfterBootstrap (node:internal/test_runner/harness:358:3)
  ...
1..1
# tests 1
# suites 0
# pass 0
# fail 1
# cancelled 0
# skipped 0
# todo 0
# duration_ms 112.066896

