TAP version 13
# Subtest: E5-REJECT-KEEPS-MONEY
not ok 1 - E5-REJECT-KEEPS-MONEY
  ---
  duration_ms: 15.454094
  type: 'test'
  location: '/tmp/e5-native-C8aNRU/E5-REJECT-KEEPS-MONEY/test.mjs:22163:1'
  failureType: 'testCodeFailure'
  error: |-
    Expected values to be strictly equal:
    
    '0.00' !== '10.00'
    
  code: 'ERR_ASSERTION'
  name: 'AssertionError'
  expected: '10.00'
  actual: '0.00'
  operator: 'strictEqual'
  stack: |-
    TestContext.<anonymous> (file:///tmp/e5-native-C8aNRU/E5-REJECT-KEEPS-MONEY/test.mjs:22172:11)
    async Test.run (node:internal/test_runner/test:1113:7)
    async startSubtestAfterBootstrap (node:internal/test_runner/harness:358:3)
  ...
1..1
# tests 1
# suites 0
# pass 0
# fail 1
# cancelled 0
# skipped 0
# todo 0
# duration_ms 108.882047

