TAP version 13
# Subtest: E5-REFUND-PRIVACY
not ok 1 - E5-REFUND-PRIVACY
  ---
  duration_ms: 15.020039
  type: 'test'
  location: '/tmp/e5-native-C8aNRU/E5-REFUND-PRIVACY/test.mjs:22276:1'
  failureType: 'testCodeFailure'
  error: |-
    Expected values to be strictly equal:
    + actual - expected
    
    + {
    +   tipo: 'FONDO',
    +   ubicacionId: 2
    + }
    - undefined
    
  code: 'ERR_ASSERTION'
  name: 'AssertionError'
  actual:
    tipo: 'FONDO'
    ubicacionId: 2
  operator: 'strictEqual'
  stack: |-
    TestContext.<anonymous> (file:///tmp/e5-native-C8aNRU/E5-REFUND-PRIVACY/test.mjs:22289:11)
    async Test.run (node:internal/test_runner/test:1113:7)
    async startSubtestAfterBootstrap (node:internal/test_runner/harness:358:3)
  ...
1..1
# tests 1
# suites 0
# pass 0
# fail 1
# cancelled 0
# skipped 0
# todo 0
# duration_ms 109.424974

