TAP version 13
# Subtest: E5-TWO-DATES-AND-DOC-IMMUTABLE
not ok 1 - E5-TWO-DATES-AND-DOC-IMMUTABLE
  ---
  duration_ms: 19.71641
  type: 'test'
  location: '/tmp/e5-native-C8aNRU/E5-TWO-DATES-AND-DOC-IMMUTABLE/test.mjs:22251:1'
  failureType: 'testCodeFailure'
  error: |-
    Expected values to be strictly equal:
    + actual - expected
    
    + '2020-01-01T00:00:00.000Z'
    - '2026-09-22T22:47:51.366Z'
          ^
    
  code: 'ERR_ASSERTION'
  name: 'AssertionError'
  expected: '2026-09-22T22:47:51.366Z'
  actual: '2020-01-01T00:00:00.000Z'
  operator: 'strictEqual'
  stack: |-
    TestContext.<anonymous> (file:///tmp/e5-native-C8aNRU/E5-TWO-DATES-AND-DOC-IMMUTABLE/test.mjs:22265:11)
    async Test.run (node:internal/test_runner/test:1113:7)
    async startSubtestAfterBootstrap (node:internal/test_runner/harness:358:3)
  ...
1..1
# tests 1
# suites 0
# pass 0
# fail 1
# cancelled 0
# skipped 0
# todo 0
# duration_ms 135.049808

