TAP version 13
# Subtest: E11-RECOVERY-SECOND-ADMIN
not ok 1 - E11-RECOVERY-SECOND-ADMIN
  ---
  duration_ms: 272.964974
  type: 'test'
  location: '/tmp/e11-node-e8xk89/E11-RECOVERY-SECOND-ADMIN-red/artifacts/mariana-textil/case.test.cjs:72078:27'
  failureType: 'testCodeFailure'
  error: |-
    E11-RECOVERY-SECOND-ADMIN
    
    false !== true
    
  code: 'ERR_ASSERTION'
  name: 'AssertionError'
  expected: true
  actual: false
  operator: 'strictEqual'
  stack: |-
    check (/tmp/e11-node-e8xk89/E11-RECOVERY-SECOND-ADMIN-red/artifacts/mariana-textil/case.test.cjs:70741:46)
    TestContext.<anonymous> (/tmp/e11-node-e8xk89/E11-RECOVERY-SECOND-ADMIN-red/artifacts/mariana-textil/case.test.cjs:72089:3)
    async Test.run (node:internal/test_runner/test:1113:7)
    async startSubtestAfterBootstrap (node:internal/test_runner/harness:358:3)
  ...
1..1
# tests 1
# suites 0
# pass 0
# fail 1
# cancelled 0
# skipped 0
# todo 0
# duration_ms 3100.245121
