✔ GET /admin/alertas is live, FIFO-based, ordered, and ADMIN-only (5042.656164ms)
[05:40:02.159] [32mINFO[39m (1107): [36mrequest completed[39m
    [35mreq[39m: {
      "id": 1,
      "method": "GET",
      "url": "/api/admin/alertas"
    }
    [35mres[39m: {
      "statusCode": 403
    }
    [35mresponseTime[39m: 28
[05:40:02.232] [32mINFO[39m (1107): [36mrequest completed[39m
    [35mreq[39m: {
      "id": 2,
      "method": "GET",
      "url": "/api/admin/alertas"
    }
    [35mres[39m: {
      "statusCode": 200
    }
    [35mresponseTime[39m: 65
[05:40:02.274] [32mINFO[39m (1107): [36mrequest completed[39m
    [35mreq[39m: {
      "id": 3,
      "method": "GET",
      "url": "/api/admin/alertas"
    }
    [35mres[39m: {
      "statusCode": 200
    }
    [35mresponseTime[39m: 18
ℹ tests 1
ℹ suites 0
ℹ pass 1
ℹ fail 0
ℹ cancelled 0
ℹ skipped 0
ℹ todo 0
ℹ duration_ms 6771.204202
