TAP version 13
# Subtest: E11-RECOVERY-NORMALIZES-ORIGINAL-UUID
not ok 1 - E11-RECOVERY-NORMALIZES-ORIGINAL-UUID
  ---
  duration_ms: 8.254183
  type: 'test'
  location: '/tmp/e11-native-tLELqD/E11-RECOVERY-NORMALIZES-ORIGINAL-UUID-red/test.mjs:38482:1'
  failureType: 'testCodeFailure'
  error: |-
    Expected values to be strictly equal:
    + actual - expected
    
    + 'AAAAAAAA-0000-4000-8000-000000000002'
    - 'aaaaaaaa-0000-4000-8000-000000000002'
    
  code: 'ERR_ASSERTION'
  name: 'AssertionError'
  expected: 'aaaaaaaa-0000-4000-8000-000000000002'
  actual: 'AAAAAAAA-0000-4000-8000-000000000002'
  operator: 'strictEqual'
  stack: |-
    TestContext.<anonymous> (file:///tmp/e11-native-tLELqD/E11-RECOVERY-NORMALIZES-ORIGINAL-UUID-red/test.mjs:38490:11)
    async Test.run (node:internal/test_runner/test:1113:7)
    async startSubtestAfterBootstrap (node:internal/test_runner/harness:358:3)
  ...
1..1
# tests 1
# suites 0
# pass 0
# fail 1
# cancelled 0
# skipped 0
# todo 0
# duration_ms 97.092342

