TAP version 13
# Subtest: E11-RECOVERY-RESOLVE-REJECTS-STALE-ADMIN-VERSION
not ok 1 - E11-RECOVERY-RESOLVE-REJECTS-STALE-ADMIN-VERSION
  ---
  duration_ms: 9.157916
  type: 'test'
  location: '/tmp/e11-native-tLELqD/E11-RECOVERY-RESOLVE-REJECTS-STALE-ADMIN-VERSION-red/test.mjs:38561:1'
  failureType: 'testCodeFailure'
  error: 'Missing expected rejection.'
  code: 'ERR_ASSERTION'
  name: 'AssertionError'
  expected: [Function (anonymous)]
  operator: 'rejects'
  stack: |-
    async TestContext.<anonymous> (file:///tmp/e11-native-tLELqD/E11-RECOVERY-RESOLVE-REJECTS-STALE-ADMIN-VERSION-red/test.mjs:38570:3)
    async Test.run (node:internal/test_runner/test:1113:7)
    async startSubtestAfterBootstrap (node:internal/test_runner/harness:358:3)
  ...
1..1
# tests 1
# suites 0
# pass 0
# fail 1
# cancelled 0
# skipped 0
# todo 0
# duration_ms 94.111001

