TAP version 13
# Subtest: E11-ERROR-BODY-IS-PRIVATE
not ok 1 - E11-ERROR-BODY-IS-PRIVATE
  ---
  duration_ms: 4.798609
  type: 'test'
  location: '/tmp/e11-native-tLELqD/E11-ERROR-BODY-IS-PRIVATE-red/test.mjs:38990:1'
  failureType: 'testCodeFailure'
  error: |-
    Expected values to be strictly deep-equal:
    + actual - expected
    
      [
        'code',
        'message',
    +   'private',
        'requestId',
    +   'status'
      ]
    
  code: 'ERR_ASSERTION'
  name: 'AssertionError'
  expected:
    0: 'code'
    1: 'message'
    2: 'requestId'
  actual:
    0: 'code'
    1: 'message'
    2: 'private'
    3: 'requestId'
    4: 'status'
  operator: 'deepStrictEqual'
  stack: |-
    TestContext.<anonymous> (file:///tmp/e11-native-tLELqD/E11-ERROR-BODY-IS-PRIVATE-red/test.mjs:38993:11)
    Test.runInAsyncScope (node:async_hooks:214:14)
    Test.run (node:internal/test_runner/test:1106:25)
    Test.start (node:internal/test_runner/test:1003:17)
    startSubtestAfterBootstrap (node:internal/test_runner/harness:358:17)
  ...
1..1
# tests 1
# suites 0
# pass 0
# fail 1
# cancelled 0
# skipped 0
# todo 0
# duration_ms 86.890985

