TAP version 13
# Subtest: E11-RECOVERY-RESOLUTION-REPLAY-IDEMPOTENT
not ok 1 - E11-RECOVERY-RESOLUTION-REPLAY-IDEMPOTENT
  ---
  duration_ms: 12.753754
  type: 'test'
  location: '/tmp/e11-native-tLELqD/E11-RECOVERY-RESOLUTION-REPLAY-IDEMPOTENT-red/test.mjs:38593:1'
  failureType: 'testCodeFailure'
  error: |-
    Got unwanted rejection.
    Actual message: "Consulta nuevamente la intención exacta."
  code: 'ERR_ASSERTION'
  name: 'AssertionError'
  actual:
    status: 409
  error: 'Consulta nuevamente la intención exacta.'
  code: 'REVISION_OBSOLETA'
  stack: |-
    e11Resolve (file:///tmp/e11-native-tLELqD/E11-RECOVERY-RESOLUTION-REPLAY-IDEMPOTENT-red/test.mjs:37758:11)
    async Object.transaction (file:///tmp/e11-native-tLELqD/E11-RECOVERY-RESOLUTION-REPLAY-IDEMPOTENT-red/test.mjs:38052:20)
    async file:///tmp/e11-native-tLELqD/E11-RECOVERY-RESOLUTION-REPLAY-IDEMPOTENT-red/test.mjs:38611:14
    async waitForActual (node:assert:646:5)
    async strict.doesNotReject (node:assert:789:33)
    async TestContext.<anonymous> (file:///tmp/e11-native-tLELqD/E11-RECOVERY-RESOLUTION-REPLAY-IDEMPOTENT-red/test.mjs:38610:3)
    async Test.run (node:internal/test_runner/test:1113:7)
    async startSubtestAfterBootstrap (node:internal/test_runner/harness:358:3)
  operator: 'doesNotReject'
  stack: |-
    async TestContext.<anonymous> (file:///tmp/e11-native-tLELqD/E11-RECOVERY-RESOLUTION-REPLAY-IDEMPOTENT-red/test.mjs:38610:3)
    async Test.run (node:internal/test_runner/test:1113:7)
    async startSubtestAfterBootstrap (node:internal/test_runner/harness:358:3)
  ...
1..1
# tests 1
# suites 0
# pass 0
# fail 1
# cancelled 0
# skipped 0
# todo 0
# duration_ms 115.61185

