TAP version 13
# Subtest: E11-LEGACY-BOUNDARY-AUTHENTICATES-THEN-DENIES
not ok 1 - E11-LEGACY-BOUNDARY-AUTHENTICATES-THEN-DENIES
  ---
  duration_ms: 3.288741
  type: 'test'
  location: '/tmp/e11-native-tLELqD/E11-LEGACY-BOUNDARY-AUTHENTICATES-THEN-DENIES-red/test.mjs:38950:1'
  failureType: 'testCodeFailure'
  error: |-
    Expected values to be strictly equal:
    
    0 !== 403
    
  code: 'ERR_ASSERTION'
  name: 'AssertionError'
  expected: 403
  actual: 0
  operator: 'strictEqual'
  stack: |-
    TestContext.<anonymous> (file:///tmp/e11-native-tLELqD/E11-LEGACY-BOUNDARY-AUTHENTICATES-THEN-DENIES-red/test.mjs:38968:11)
    async Test.run (node:internal/test_runner/test:1113:7)
    async startSubtestAfterBootstrap (node:internal/test_runner/harness:358:3)
  ...
1..1
# tests 1
# suites 0
# pass 0
# fail 1
# cancelled 0
# skipped 0
# todo 0
# duration_ms 85.259334

