TAP version 13
# Subtest: E11-NO-CUADRA-REPLAY-NO-DOUBLE-NOTIFICATION
not ok 1 - E11-NO-CUADRA-REPLAY-NO-DOUBLE-NOTIFICATION
  ---
  duration_ms: 15.192332
  type: 'test'
  location: '/tmp/e11-native-tLELqD/E11-NO-CUADRA-REPLAY-NO-DOUBLE-NOTIFICATION-red/test.mjs:38817:1'
  failureType: 'testCodeFailure'
  error: |-
    Got unwanted rejection.
    Actual message: "La revisión ya tiene decisión."
  code: 'ERR_ASSERTION'
  name: 'AssertionError'
  actual:
    status: 409
  error: 'La revisión ya tiene decisión.'
  code: 'ESTADO_INVALIDO'
  stack: |-
    file:///tmp/e11-native-tLELqD/E11-NO-CUADRA-REPLAY-NO-DOUBLE-NOTIFICATION-red/test.mjs:37586:43
    async e11Runtime.transaction.isolationLevel (file:///tmp/e11-native-tLELqD/E11-NO-CUADRA-REPLAY-NO-DOUBLE-NOTIFICATION-red/test.mjs:37787:21)
    async Object.transaction (file:///tmp/e11-native-tLELqD/E11-NO-CUADRA-REPLAY-NO-DOUBLE-NOTIFICATION-red/test.mjs:37982:22)
    async e11Execute (file:///tmp/e11-native-tLELqD/E11-NO-CUADRA-REPLAY-NO-DOUBLE-NOTIFICATION-red/test.mjs:37783:14)
    async waitForActual (node:assert:646:5)
    async strict.doesNotReject (node:assert:789:33)
    async TestContext.<anonymous> (file:///tmp/e11-native-tLELqD/E11-NO-CUADRA-REPLAY-NO-DOUBLE-NOTIFICATION-red/test.mjs:38841:3)
    async Test.run (node:internal/test_runner/test:1113:7)
    async startSubtestAfterBootstrap (node:internal/test_runner/harness:358:3)
  operator: 'doesNotReject'
  stack: |-
    async TestContext.<anonymous> (file:///tmp/e11-native-tLELqD/E11-NO-CUADRA-REPLAY-NO-DOUBLE-NOTIFICATION-red/test.mjs:38841:3)
    async Test.run (node:internal/test_runner/test:1113:7)
    async startSubtestAfterBootstrap (node:internal/test_runner/harness:358:3)
  ...
1..1
# tests 1
# suites 0
# pass 0
# fail 1
# cancelled 0
# skipped 0
# todo 0
# duration_ms 111.039785

