TAP version 13
# Subtest: E11-RECOVERY-POSTCOMMIT-PRIVATE-NONRECURSIVE
not ok 1 - E11-RECOVERY-POSTCOMMIT-PRIVATE-NONRECURSIVE
  ---
  duration_ms: 12.110721
  type: 'test'
  location: '/tmp/e11-native-tLELqD/E11-RECOVERY-POSTCOMMIT-PRIVATE-NONRECURSIVE-red/test.mjs:38650:1'
  failureType: 'testCodeFailure'
  error: |-
    Expected values to be strictly deep-equal:
    + actual - expected
    
      [
        'code',
        'message',
        'requestId',
    +   'status',
        'uuid'
      ]
    
  code: 'ERR_ASSERTION'
  name: 'AssertionError'
  expected:
    0: 'code'
    1: 'message'
    2: 'requestId'
    3: 'uuid'
  actual:
    0: 'code'
    1: 'message'
    2: 'requestId'
    3: 'status'
    4: 'uuid'
  operator: 'deepStrictEqual'
  stack: |-
    TestContext.<anonymous> (file:///tmp/e11-native-tLELqD/E11-RECOVERY-POSTCOMMIT-PRIVATE-NONRECURSIVE-red/test.mjs:38681:11)
    async Test.run (node:internal/test_runner/test:1113:7)
    async startSubtestAfterBootstrap (node:internal/test_runner/harness:358:3)
  ...
1..1
# tests 1
# suites 0
# pass 0
# fail 1
# cancelled 0
# skipped 0
# todo 0
# duration_ms 93.226712

