TAP version 13
# Subtest: E11-RECOVERY-TARGET-REJECTS-RECURSIVE-QUARANTINE
not ok 1 - E11-RECOVERY-TARGET-REJECTS-RECURSIVE-QUARANTINE
  ---
  duration_ms: 3.424527
  type: 'test'
  location: '/tmp/e11-native-tLELqD/E11-RECOVERY-TARGET-REJECTS-RECURSIVE-QUARANTINE-red/test.mjs:38685:1'
  failureType: 'testCodeFailure'
  error: |-
    Expected values to be strictly equal:
    
    true !== false
    
  code: 'ERR_ASSERTION'
  name: 'AssertionError'
  expected: false
  actual: true
  operator: 'strictEqual'
  stack: |-
    TestContext.<anonymous> (file:///tmp/e11-native-tLELqD/E11-RECOVERY-TARGET-REJECTS-RECURSIVE-QUARANTINE-red/test.mjs:38686:11)
    Test.runInAsyncScope (node:async_hooks:214:14)
    Test.run (node:internal/test_runner/test:1106:25)
    Test.start (node:internal/test_runner/test:1003:17)
    startSubtestAfterBootstrap (node:internal/test_runner/harness:358:17)
  ...
1..1
# tests 1
# suites 0
# pass 0
# fail 1
# cancelled 0
# skipped 0
# todo 0
# duration_ms 97.262867

