TAP version 13
# Subtest: E11-RECOVERY-QUERY-PENDING-NOT-404
not ok 1 - E11-RECOVERY-QUERY-PENDING-NOT-404
  ---
  duration_ms: 9.042643
  type: 'test'
  location: '/tmp/e11-native-tLELqD/E11-RECOVERY-QUERY-PENDING-NOT-404-red/test.mjs:38471:1'
  failureType: 'testCodeFailure'
  error: |-
    Expected values to be strictly deep-equal:
    + actual - expected
    
      [
    +   'CONFIRMADA',
    -   'PENDIENTE',
        null,
        null
      ]
    
  code: 'ERR_ASSERTION'
  name: 'AssertionError'
  expected:
    0: 'PENDIENTE'
    1: ~
    2: ~
  actual:
    0: 'CONFIRMADA'
    1: ~
    2: ~
  operator: 'deepStrictEqual'
  stack: |-
    TestContext.<anonymous> (file:///tmp/e11-native-tLELqD/E11-RECOVERY-QUERY-PENDING-NOT-404-red/test.mjs:38479:11)
    async Test.run (node:internal/test_runner/test:1113:7)
    async startSubtestAfterBootstrap (node:internal/test_runner/harness:358:3)
  ...
1..1
# tests 1
# suites 0
# pass 0
# fail 1
# cancelled 0
# skipped 0
# todo 0
# duration_ms 106.931811

