artifacts/api-server/dist-e3-20260922/assets/fonts/DEJAVU-LICENSE.txt: OK
artifacts/api-server/dist-e3-20260922/assets/fonts/DejaVuSans.ttf: OK
artifacts/api-server/dist-e3-20260922/index.mjs: OK
artifacts/api-server/dist-e3-20260922/index.mjs.map: OK
artifacts/api-server/dist-e3-20260922/pino-file.mjs: OK
artifacts/api-server/dist-e3-20260922/pino-file.mjs.map: OK
artifacts/api-server/dist-e3-20260922/pino-pretty.mjs: OK
artifacts/api-server/dist-e3-20260922/pino-pretty.mjs.map: OK
artifacts/api-server/dist-e3-20260922/pino-worker.mjs: OK
artifacts/api-server/dist-e3-20260922/pino-worker.mjs.map: OK
artifacts/api-server/dist-e3-20260922/thread-stream-worker.mjs: OK
artifacts/api-server/dist-e3-20260922/thread-stream-worker.mjs.map: OK
artifacts/mariana-textil/dist-e3-20260922/assets/index-CJ5sQYvB.js: OK
artifacts/mariana-textil/dist-e3-20260922/assets/index-LMNaREMN.js: OK
artifacts/mariana-textil/dist-e3-20260922/assets/index-NA0ZC8zw.css: OK
artifacts/mariana-textil/dist-e3-20260922/assets/mariana-textil-logo-FFOiXRd3.png: OK
artifacts/mariana-textil/dist-e3-20260922/assets/mariana-textil-logo-monochrome-_7AVoW2A.png: OK
artifacts/mariana-textil/dist-e3-20260922/favicon.png: OK
artifacts/mariana-textil/dist-e3-20260922/index.html: OK
artifacts/mariana-textil/dist-e3-20260922/robots.txt: OK
artifacts/mariana-textil/dist-e3-20260922/sounds/alerta.ogg: OK
artifacts/mariana-textil/dist-e3-20260922/sounds/aviso.ogg: OK
artifacts/mariana-textil/dist-e3-20260922/sounds/solicitud.ogg: OK
reports/e3-paquete-liberacion-preparado-20260922/api-start-audit-record.mjs: OK
reports/e3-paquete-liberacion-preparado-20260922/release-catalog.sql: OK
reports/e3-paquete-liberacion-preparado-20260922/release-expected.json: OK
reports/e3-paquete-liberacion-preparado-20260922/release-preflight.mjs: OK
reports/e3-paquete-liberacion-preparado-20260922/sql/01-install-prepared.sql: OK
reports/e3-paquete-liberacion-preparado-20260922/sql/02-revert-before-first-receipt-only.sql: OK
reports/e3-paquete-liberacion-preparado-20260922/sql/03-prepare-ordinary-cash-gate-retirement.BLOCKED-NO-APLICAR.sql: OK
reports/e3-paquete-liberacion-preparado-20260922/sql/04-restore-cash-gate.BLOCKED-NO-APLICAR.sql: OK
