TAP version 13
# Subtest: E11-OFF-SECURITY-NO-SQL
not ok 1 - E11-OFF-SECURITY-NO-SQL
  ---
  duration_ms: 3.336856
  type: 'test'
  location: '/tmp/e11-native-T53MUK/E11-OFF-SECURITY-NO-SQL-red/test.mjs:37950:1'
  failureType: 'testCodeFailure'
  error: |-
    Expected values to be strictly equal:
    
    1 !== 0
    
  code: 'ERR_ASSERTION'
  name: 'AssertionError'
  expected: 0
  actual: 1
  operator: 'strictEqual'
  stack: |-
    TestContext.<anonymous> (file:///tmp/e11-native-T53MUK/E11-OFF-SECURITY-NO-SQL-red/test.mjs:37953:11)
    async Test.run (node:internal/test_runner/test:1113:7)
    async startSubtestAfterBootstrap (node:internal/test_runner/harness:358:3)
  ...
1..1
# tests 1
# suites 0
# pass 0
# fail 1
# cancelled 0
# skipped 0
# todo 0
# duration_ms 92.072894

