TAP version 13
# Subtest: E11-MONEY-EXACT-CENTS
not ok 1 - E11-MONEY-EXACT-CENTS
  ---
  duration_ms: 2.438466
  type: 'test'
  location: '/tmp/e11-native-T53MUK/E11-MONEY-EXACT-CENTS-red/test.mjs:37967:1'
  failureType: 'testCodeFailure'
  error: |-
    Expected values to be strictly equal:
    + actual - expected
    
    + 123450n
    - 12345n
           ^
    
  code: 'ERR_ASSERTION'
  name: 'AssertionError'
  expected: 12345n
  actual: 123450n
  operator: 'strictEqual'
  stack: |-
    TestContext.<anonymous> (file:///tmp/e11-native-T53MUK/E11-MONEY-EXACT-CENTS-red/test.mjs:37968:11)
    Test.runInAsyncScope (node:async_hooks:214:14)
    Test.run (node:internal/test_runner/test:1106:25)
    Test.start (node:internal/test_runner/test:1003:17)
    startSubtestAfterBootstrap (node:internal/test_runner/harness:358:17)
  ...
1..1
# tests 1
# suites 0
# pass 0
# fail 1
# cancelled 0
# skipped 0
# todo 0
# duration_ms 82.202223

