TAP version 13
# Subtest: E11-CALENDAR-DAY-OPTIONAL
not ok 1 - E11-CALENDAR-DAY-OPTIONAL
  ---
  duration_ms: 3.68461
  type: 'test'
  location: '/tmp/e11-native-T53MUK/E11-CALENDAR-DAY-OPTIONAL-red/test.mjs:37974:1'
  failureType: 'testCodeFailure'
  error: |-
    Expected values to be strictly deep-equal:
    + actual - expected
    
      [
        '2026-01-03',
    +   true
    -   false
      ]
    
  code: 'ERR_ASSERTION'
  name: 'AssertionError'
  expected:
    0: '2026-01-03'
    1: false
  actual:
    0: '2026-01-03'
    1: true
  operator: 'deepStrictEqual'
  stack: |-
    TestContext.<anonymous> (file:///tmp/e11-native-T53MUK/E11-CALENDAR-DAY-OPTIONAL-red/test.mjs:37976:11)
    Test.runInAsyncScope (node:async_hooks:214:14)
    Test.run (node:internal/test_runner/test:1106:25)
    Test.start (node:internal/test_runner/test:1003:17)
    startSubtestAfterBootstrap (node:internal/test_runner/harness:358:17)
  ...
1..1
# tests 1
# suites 0
# pass 0
# fail 1
# cancelled 0
# skipped 0
# todo 0
# duration_ms 85.562466

