TAP version 13
# Subtest: E5-ADMIN-ALERT-SERVER-AGE
not ok 1 - E5-ADMIN-ALERT-SERVER-AGE
  ---
  duration_ms: 58.728332
  type: 'test'
  location: '/tmp/e5-node-nYROpa/E5-ADMIN-ALERT-SERVER-AGE-red/artifacts/mariana-textil/case.test.cjs:69305:27'
  failureType: 'testCodeFailure'
  error: |-
    E5-ADMIN-ALERT-SERVER-AGE
    
    false !== true
    
  code: 'ERR_ASSERTION'
  name: 'AssertionError'
  expected: true
  actual: false
  operator: 'strictEqual'
  stack: |-
    TestContext.<anonymous> (/tmp/e5-node-nYROpa/E5-ADMIN-ALERT-SERVER-AGE-red/artifacts/mariana-textil/case.test.cjs:69308:25)
    Test.runInAsyncScope (node:async_hooks:214:14)
    Test.run (node:internal/test_runner/test:1106:25)
    async startSubtestAfterBootstrap (node:internal/test_runner/harness:358:3)
  ...
1..1
# tests 1
# suites 0
# pass 0
# fail 1
# cancelled 0
# skipped 0
# todo 0
# duration_ms 2446.145251
