TAP version 13
# Subtest: E5-DEFINITIVE-ERROR
not ok 1 - E5-DEFINITIVE-ERROR
  ---
  duration_ms: 289.888823
  type: 'test'
  location: '/tmp/e5-node-nYROpa/E5-DEFINITIVE-ERROR-red/artifacts/mariana-textil/case.test.cjs:69255:27'
  failureType: 'testCodeFailure'
  error: |-
    E5-DEFINITIVE-ERROR
    
    1 !== 0
    
  code: 'ERR_ASSERTION'
  name: 'AssertionError'
  expected: 0
  actual: 1
  operator: 'strictEqual'
  stack: |-
    TestContext.<anonymous> (/tmp/e5-node-nYROpa/E5-DEFINITIVE-ERROR-red/artifacts/mariana-textil/case.test.cjs:69258:25)
    async Test.run (node:internal/test_runner/test:1113:7)
    async startSubtestAfterBootstrap (node:internal/test_runner/harness:358:3)
  ...
1..1
# tests 1
# suites 0
# pass 0
# fail 1
# cancelled 0
# skipped 0
# todo 0
# duration_ms 2874.89476
