TAP version 13
# Subtest: E5-DOCUMENT-TWO-COPIES
not ok 1 - E5-DOCUMENT-TWO-COPIES
  ---
  duration_ms: 90.214083
  type: 'test'
  location: '/tmp/e5-node-nYROpa/E5-DOCUMENT-TWO-COPIES-red/artifacts/mariana-textil/case.test.cjs:69476:27'
  failureType: 'testCodeFailure'
  error: |-
    E5-DOCUMENT-TWO-COPIES
    
    1 !== 2
    
  code: 'ERR_ASSERTION'
  name: 'AssertionError'
  expected: 2
  actual: 1
  operator: 'strictEqual'
  stack: |-
    TestContext.<anonymous> (/tmp/e5-node-nYROpa/E5-DOCUMENT-TWO-COPIES-red/artifacts/mariana-textil/case.test.cjs:69478:25)
    async Test.run (node:internal/test_runner/test:1113:7)
    async startSubtestAfterBootstrap (node:internal/test_runner/harness:358:3)
  ...
1..1
# tests 1
# suites 0
# pass 0
# fail 1
# cancelled 0
# skipped 0
# todo 0
# duration_ms 2782.352928
