TAP version 13
# Subtest: E5-DETAIL-IDENTITY
not ok 1 - E5-DETAIL-IDENTITY
  ---
  duration_ms: 140.639494
  type: 'test'
  location: '/tmp/e5-node-nYROpa/E5-DETAIL-IDENTITY-red/artifacts/mariana-textil/case.test.cjs:69148:27'
  failureType: 'testCodeFailure'
  error: |-
    E5-DETAIL-IDENTITY
    
    true !== false
    
  code: 'ERR_ASSERTION'
  name: 'AssertionError'
  expected: false
  actual: true
  operator: 'strictEqual'
  stack: |-
    TestContext.<anonymous> (/tmp/e5-node-nYROpa/E5-DETAIL-IDENTITY-red/artifacts/mariana-textil/case.test.cjs:69151:25)
    Test.runInAsyncScope (node:async_hooks:214:14)
    Test.run (node:internal/test_runner/test:1106:25)
    async startSubtestAfterBootstrap (node:internal/test_runner/harness:358:3)
  ...
1..1
# tests 1
# suites 0
# pass 0
# fail 1
# cancelled 0
# skipped 0
# todo 0
# duration_ms 2879.122415
