TAP version 13
# Subtest: E5-DOCUMENT-FAVOR-SNAPSHOT
not ok 1 - E5-DOCUMENT-FAVOR-SNAPSHOT
  ---
  duration_ms: 100.83759
  type: 'test'
  location: '/tmp/e5-node-nYROpa/E5-DOCUMENT-FAVOR-SNAPSHOT-red/artifacts/mariana-textil/case.test.cjs:69606:27'
  failureType: 'testCodeFailure'
  error: 'E5-DOCUMENT-FAVOR-SNAPSHOT'
  code: 'ERR_ASSERTION'
  name: 'AssertionError'
  expected:
  actual: 'Mariana Textil · Constancia de aplicación — SIN OTRO COBROCopia Cliente · Página 1 / 1CA-E5-001$170.30Recibo vinculado: RC-E5-001Cliente: Cliente E5 fixture · Sitio: Tienda E5 fixtureRecibió: Operador E5 fixture · Autorizó: Operador E5 fixtureRecepción: 22/9/2026, 6:00:00 a.m. · Emisión: 26/9/2026, 6:00:00 a.m.Aplicación: 26/9/2026, 6:00:00 a.m.Medio: EFECTIVO · Cuenta: CAJA_FISICAConstancia de aplicación con favor expresamente autorizadoEvidencia: Petición y recepción documentadas fixtureReferencia: ACTA-E5-101Nota (snapshot)Saldo en evidenciaImporte asignadoN-101 · cargo 901$0.00$100.10N-102 · cargo 902$0.00$50.20Total recibido original: $200.30 · Pendiente al emitir: $30.00Favor autorizado generado en esta constancia: $0.00Documento inmutable. No recalculado con saldos actuales. Reimprimir no recibe ni aplica dinero.Firma de quien entrega / clienteFirma de quien recibe / autorizaMariana Textil · Constancia de aplicación — SIN OTRO COBROCopia Tienda · Página 1 / 1CA-E5-001$170.30Recibo vinculado: RC-E5-001Cliente: Cliente E5 fixture · Sitio: Tienda E5 fixtureRecibió: Operador E5 fixture · Autorizó: Operador E5 fixtureRecepción: 22/9/2026, 6:00:00 a.m. · Emisión: 26/9/2026, 6:00:00 a.m.Aplicación: 26/9/2026, 6:00:00 a.m.Medio: EFECTIVO · Cuenta: CAJA_FISICAConstancia de aplicación con favor expresamente autorizadoEvidencia: Petición y recepción documentadas fixtureReferencia: ACTA-E5-101Nota (snapshot)Saldo en evidenciaImporte asignadoN-101 · cargo 901$0.00$100.10N-102 · cargo 902$0.00$50.20Total recibido original: $200.30 · Pendiente al emitir: $30.00Favor autorizado generado en esta constancia: $0.00Documento inmutable. No recalculado con saldos actuales. Reimprimir no recibe ni aplica dinero.Firma de quien entrega / clienteFirma de quien recibe / autoriza'
  operator: 'match'
  stack: |-
    TestContext.<anonymous> (/tmp/e5-node-nYROpa/E5-DOCUMENT-FAVOR-SNAPSHOT-red/artifacts/mariana-textil/case.test.cjs:69610:25)
    async Test.run (node:internal/test_runner/test:1113:7)
    async startSubtestAfterBootstrap (node:internal/test_runner/harness:358:3)
  ...
1..1
# tests 1
# suites 0
# pass 0
# fail 1
# cancelled 0
# skipped 0
# todo 0
# duration_ms 3142.682932
