TAP version 13
# Subtest: E5-FAVOR-AUTHORIZE-ONLY
not ok 1 - E5-FAVOR-AUTHORIZE-ONLY
  ---
  duration_ms: 233.394566
  type: 'test'
  location: '/tmp/e5-node-nYROpa/E5-FAVOR-AUTHORIZE-ONLY-red/artifacts/mariana-textil/case.test.cjs:69578:27'
  failureType: 'testCodeFailure'
  error: |-
    E5-FAVOR-AUTHORIZE-ONLY
    + actual - expected
    
    + undefined
    - '20.00'
    
  code: 'ERR_ASSERTION'
  name: 'AssertionError'
  expected: '20.00'
  operator: 'strictEqual'
  stack: |-
    TestContext.<anonymous> (/tmp/e5-node-nYROpa/E5-FAVOR-AUTHORIZE-ONLY-red/artifacts/mariana-textil/case.test.cjs:69586:25)
    async Test.run (node:internal/test_runner/test:1113:7)
    async startSubtestAfterBootstrap (node:internal/test_runner/harness:358:3)
  ...
1..1
# tests 1
# suites 0
# pass 0
# fail 1
# cancelled 0
# skipped 0
# todo 0
# duration_ms 3011.808524
