TAP version 13
# Subtest: E5-FAVOR-RETAINED-LIMIT
not ok 1 - E5-FAVOR-RETAINED-LIMIT
  ---
  duration_ms: 205.87182
  type: 'test'
  location: '/tmp/e5-node-nYROpa/E5-FAVOR-RETAINED-LIMIT-red/artifacts/mariana-textil/case.test.cjs:69598:27'
  failureType: 'testCodeFailure'
  error: |-
    E5-FAVOR-RETAINED-LIMIT
    
    true !== false
    
  code: 'ERR_ASSERTION'
  name: 'AssertionError'
  expected: false
  actual: true
  operator: 'strictEqual'
  stack: |-
    TestContext.<anonymous> (/tmp/e5-node-nYROpa/E5-FAVOR-RETAINED-LIMIT-red/artifacts/mariana-textil/case.test.cjs:69604:25)
    async Test.run (node:internal/test_runner/test:1113:7)
    async startSubtestAfterBootstrap (node:internal/test_runner/harness:358:3)
  ...
1..1
# tests 1
# suites 0
# pass 0
# fail 1
# cancelled 0
# skipped 0
# todo 0
# duration_ms 2710.091841
