TAP version 13
# Subtest: E5-INVALIDATIONS
not ok 1 - E5-INVALIDATIONS
  ---
  duration_ms: 268.677497
  type: 'test'
  location: '/tmp/e5-node-nYROpa/E5-INVALIDATIONS-red/artifacts/mariana-textil/case.test.cjs:69266:27'
  failureType: 'testCodeFailure'
  error: |-
    E5-INVALIDATIONS
    + actual - expected
    
      [
        true,
    +   false,
    +   false,
    +   false,
    +   false,
    +   false,
    +   false,
    +   false,
    +   false,
    +   false
    -   true,
    -   true,
    -   true,
    -   true,
    -   true,
    -   true,
    -   true,
    -   true,
    -   true
      ]
    
  code: 'ERR_ASSERTION'
  name: 'AssertionError'
  expected:
    0: true
    1: true
    2: true
    3: true
    4: true
    5: true
    6: true
    7: true
    8: true
    9: true
  actual:
    0: true
    1: false
    2: false
    3: false
    4: false
    5: false
    6: false
    7: false
    8: false
    9: false
  operator: 'deepStrictEqual'
  stack: |-
    TestContext.<anonymous> (/tmp/e5-node-nYROpa/E5-INVALIDATIONS-red/artifacts/mariana-textil/case.test.cjs:69283:25)
    async Test.run (node:internal/test_runner/test:1113:7)
    async startSubtestAfterBootstrap (node:internal/test_runner/harness:358:3)
  ...
1..1
# tests 1
# suites 0
# pass 0
# fail 1
# cancelled 0
# skipped 0
# todo 0
# duration_ms 2572.300132
