TAP version 13
# Subtest: E5-INITIAL-LAST-ACTOR-RECHECK
not ok 1 - E5-INITIAL-LAST-ACTOR-RECHECK
  ---
  duration_ms: 312.743146
  type: 'test'
  location: '/tmp/e5-node-nYROpa/E5-INITIAL-LAST-ACTOR-RECHECK-red/artifacts/mariana-textil/case.test.cjs:69537:27'
  failureType: 'testCodeFailure'
  error: |-
    E5-INITIAL-LAST-ACTOR-RECHECK
    
    1 !== 0
    
  code: 'ERR_ASSERTION'
  name: 'AssertionError'
  expected: 0
  actual: 1
  operator: 'strictEqual'
  stack: |-
    TestContext.<anonymous> (/tmp/e5-node-nYROpa/E5-INITIAL-LAST-ACTOR-RECHECK-red/artifacts/mariana-textil/case.test.cjs:69543:25)
    async Test.run (node:internal/test_runner/test:1113:7)
    async startSubtestAfterBootstrap (node:internal/test_runner/harness:358:3)
  ...
1..1
# tests 1
# suites 0
# pass 0
# fail 1
# cancelled 0
# skipped 0
# todo 0
# duration_ms 2876.498824
