TAP version 13
# Subtest: E5-INITIAL-GET-CONTEXT-IDENTITY
not ok 1 - E5-INITIAL-GET-CONTEXT-IDENTITY
  ---
  duration_ms: 298.44995
  type: 'test'
  location: '/tmp/e5-node-nYROpa/E5-INITIAL-GET-CONTEXT-IDENTITY-red/artifacts/mariana-textil/case.test.cjs:69521:27'
  failureType: 'testCodeFailure'
  error: |-
    E5-INITIAL-GET-CONTEXT-IDENTITY
    
    1 !== 0
    
  code: 'ERR_ASSERTION'
  name: 'AssertionError'
  expected: 0
  actual: 1
  operator: 'strictEqual'
  stack: |-
    TestContext.<anonymous> (/tmp/e5-node-nYROpa/E5-INITIAL-GET-CONTEXT-IDENTITY-red/artifacts/mariana-textil/case.test.cjs:69526:25)
    async Test.run (node:internal/test_runner/test:1113:7)
    async startSubtestAfterBootstrap (node:internal/test_runner/harness:358:3)
  ...
1..1
# tests 1
# suites 0
# pass 0
# fail 1
# cancelled 0
# skipped 0
# todo 0
# duration_ms 3624.9241
