TAP version 13
# Subtest: E5-NONADMIN-EXACT-MULTICHARGE
not ok 1 - E5-NONADMIN-EXACT-MULTICHARGE
  ---
  duration_ms: 257.1447
  type: 'test'
  location: '/tmp/e5-node-nYROpa/E5-NONADMIN-EXACT-MULTICHARGE-red/artifacts/mariana-textil/case.test.cjs:69427:27'
  failureType: 'testCodeFailure'
  error: |-
    E5-NONADMIN-EXACT-MULTICHARGE
    
    '150.30' !== '175.30'
    
  code: 'ERR_ASSERTION'
  name: 'AssertionError'
  expected: '175.30'
  actual: '150.30'
  operator: 'strictEqual'
  stack: |-
    TestContext.<anonymous> (/tmp/e5-node-nYROpa/E5-NONADMIN-EXACT-MULTICHARGE-red/artifacts/mariana-textil/case.test.cjs:69432:25)
    async Test.run (node:internal/test_runner/test:1113:7)
    async startSubtestAfterBootstrap (node:internal/test_runner/harness:358:3)
  ...
1..1
# tests 1
# suites 0
# pass 0
# fail 1
# cancelled 0
# skipped 0
# todo 0
# duration_ms 2826.783165
