TAP version 13
# Subtest: E5-RECOVERY-STORAGE-FAILURE
not ok 1 - E5-RECOVERY-STORAGE-FAILURE
  ---
  duration_ms: 333.347874
  type: 'test'
  location: '/tmp/e5-node-nYROpa/E5-RECOVERY-STORAGE-FAILURE-red/artifacts/mariana-textil/case.test.cjs:69545:27'
  failureType: 'testCodeFailure'
  error: |-
    E5-RECOVERY-STORAGE-FAILURE
    
    false !== true
    
  code: 'ERR_ASSERTION'
  name: 'AssertionError'
  expected: true
  actual: false
  operator: 'strictEqual'
  stack: |-
    TestContext.<anonymous> (/tmp/e5-node-nYROpa/E5-RECOVERY-STORAGE-FAILURE-red/artifacts/mariana-textil/case.test.cjs:69552:25)
    async Test.run (node:internal/test_runner/test:1113:7)
    async startSubtestAfterBootstrap (node:internal/test_runner/harness:358:3)
  ...
1..1
# tests 1
# suites 0
# pass 0
# fail 1
# cancelled 0
# skipped 0
# todo 0
# duration_ms 3396.862451
