TAP version 13
# Subtest: E5-RETRY-CAPABILITY
not ok 1 - E5-RETRY-CAPABILITY
  ---
  duration_ms: 394.964141
  type: 'test'
  location: '/tmp/e5-node-nYROpa/E5-RETRY-CAPABILITY-red/artifacts/mariana-textil/case.test.cjs:69222:27'
  failureType: 'testCodeFailure'
  error: |-
    E5-RETRY-CAPABILITY
    
    2 !== 1
    
  code: 'ERR_ASSERTION'
  name: 'AssertionError'
  expected: 1
  actual: 2
  operator: 'strictEqual'
  stack: |-
    TestContext.<anonymous> (/tmp/e5-node-nYROpa/E5-RETRY-CAPABILITY-red/artifacts/mariana-textil/case.test.cjs:69226:25)
    async Test.run (node:internal/test_runner/test:1113:7)
    async startSubtestAfterBootstrap (node:internal/test_runner/harness:358:3)
  ...
1..1
# tests 1
# suites 0
# pass 0
# fail 1
# cancelled 0
# skipped 0
# todo 0
# duration_ms 3448.034903
