TAP version 13
# Subtest: E5-RESPONSE-IDENTITY
not ok 1 - E5-RESPONSE-IDENTITY
  ---
  duration_ms: 305.509994
  type: 'test'
  location: '/tmp/e5-node-nYROpa/E5-RESPONSE-IDENTITY-red/artifacts/mariana-textil/case.test.cjs:69202:27'
  failureType: 'testCodeFailure'
  error: |-
    E5-RESPONSE-IDENTITY
    
    0 !== 1
    
  code: 'ERR_ASSERTION'
  name: 'AssertionError'
  expected: 1
  actual: 0
  operator: 'strictEqual'
  stack: |-
    TestContext.<anonymous> (/tmp/e5-node-nYROpa/E5-RESPONSE-IDENTITY-red/artifacts/mariana-textil/case.test.cjs:69205:25)
    async Test.run (node:internal/test_runner/test:1113:7)
    async startSubtestAfterBootstrap (node:internal/test_runner/harness:358:3)
  ...
1..1
# tests 1
# suites 0
# pass 0
# fail 1
# cancelled 0
# skipped 0
# todo 0
# duration_ms 3388.913168
