TAP version 13
# Subtest: E5-ROUTE-DETAIL-PERMISSION
not ok 1 - E5-ROUTE-DETAIL-PERMISSION
  ---
  duration_ms: 81.317735
  type: 'test'
  location: '/tmp/e5-node-nYROpa/E5-ROUTE-DETAIL-PERMISSION-red/artifacts/mariana-textil/case.test.cjs:69751:27'
  failureType: 'testCodeFailure'
  error: |-
    E5-ROUTE-DETAIL-PERMISSION
    
    false !== true
    
  code: 'ERR_ASSERTION'
  name: 'AssertionError'
  expected: true
  actual: false
  operator: 'strictEqual'
  stack: |-
    TestContext.<anonymous> (/tmp/e5-node-nYROpa/E5-ROUTE-DETAIL-PERMISSION-red/artifacts/mariana-textil/case.test.cjs:69754:25)
    Test.runInAsyncScope (node:async_hooks:214:14)
    Test.run (node:internal/test_runner/test:1106:25)
    async startSubtestAfterBootstrap (node:internal/test_runner/harness:358:3)
  ...
1..1
# tests 1
# suites 0
# pass 0
# fail 1
# cancelled 0
# skipped 0
# todo 0
# duration_ms 2504.314378
