TAP version 13
# Subtest: E5-SCOPE-CACHE-ROLE
not ok 1 - E5-SCOPE-CACHE-ROLE
  ---
  duration_ms: 63.012923
  type: 'test'
  location: '/tmp/e5-node-nYROpa/E5-SCOPE-CACHE-ROLE-red/artifacts/mariana-textil/case.test.cjs:69502:27'
  failureType: 'testCodeFailure'
  error: 'E5-SCOPE-CACHE-ROLE'
  code: 'ERR_ASSERTION'
  name: 'AssertionError'
  expected:
    0: '/api/e5/cobros'
    1:
      ubicacionId: 2
      clienteId: 7
      limit: 20
    2: '10:2:operativo'
  actual:
    0: '/api/e5/cobros'
    1:
      ubicacionId: 2
      clienteId: 7
      limit: 20
    2: '10:2:operativo'
  operator: 'notDeepStrictEqual'
  stack: |-
    TestContext.<anonymous> (/tmp/e5-node-nYROpa/E5-SCOPE-CACHE-ROLE-red/artifacts/mariana-textil/case.test.cjs:69510:25)
    Test.runInAsyncScope (node:async_hooks:214:14)
    Test.run (node:internal/test_runner/test:1106:25)
    async startSubtestAfterBootstrap (node:internal/test_runner/harness:358:3)
  ...
1..1
# tests 1
# suites 0
# pass 0
# fail 1
# cancelled 0
# skipped 0
# todo 0
# duration_ms 2508.866782
