TAP version 13
# Subtest: E5-UUID-CHANGED-CONTENT
not ok 1 - E5-UUID-CHANGED-CONTENT
  ---
  duration_ms: 316.113374
  type: 'test'
  location: '/tmp/e5-node-nYROpa/E5-UUID-CHANGED-CONTENT-red/artifacts/mariana-textil/case.test.cjs:69446:27'
  failureType: 'testCodeFailure'
  error: 'E5-UUID-CHANGED-CONTENT'
  code: 'ERR_ASSERTION'
  name: 'AssertionError'
  expected: 'ce48821b-746b-4d9a-b842-9b2b71f87f5c'
  actual: 'ce48821b-746b-4d9a-b842-9b2b71f87f5c'
  operator: 'notStrictEqual'
  stack: |-
    TestContext.<anonymous> (/tmp/e5-node-nYROpa/E5-UUID-CHANGED-CONTENT-red/artifacts/mariana-textil/case.test.cjs:69453:25)
    async Test.run (node:internal/test_runner/test:1113:7)
    async startSubtestAfterBootstrap (node:internal/test_runner/harness:358:3)
  ...
1..1
# tests 1
# suites 0
# pass 0
# fail 1
# cancelled 0
# skipped 0
# todo 0
# duration_ms 2708.769597
