TAP version 13
# Subtest: E5-UUID-NORMALIZED-CONTENT
not ok 1 - E5-UUID-NORMALIZED-CONTENT
  ---
  duration_ms: 279.865359
  type: 'test'
  location: '/tmp/e5-node-nYROpa/E5-UUID-NORMALIZED-CONTENT-red/artifacts/mariana-textil/case.test.cjs:69455:27'
  failureType: 'testCodeFailure'
  error: |-
    E5-UUID-NORMALIZED-CONTENT
    + actual - expected
    
    + '7b5e4e69-67af-48f3-8598-0c139305a1a1'
    - 'fd1027a5-ad54-43c8-8821-0f9b7c983ce8'
    
  code: 'ERR_ASSERTION'
  name: 'AssertionError'
  expected: 'fd1027a5-ad54-43c8-8821-0f9b7c983ce8'
  actual: '7b5e4e69-67af-48f3-8598-0c139305a1a1'
  operator: 'strictEqual'
  stack: |-
    TestContext.<anonymous> (/tmp/e5-node-nYROpa/E5-UUID-NORMALIZED-CONTENT-red/artifacts/mariana-textil/case.test.cjs:69462:25)
    async Test.run (node:internal/test_runner/test:1113:7)
    async startSubtestAfterBootstrap (node:internal/test_runner/harness:358:3)
  ...
1..1
# tests 1
# suites 0
# pass 0
# fail 1
# cancelled 0
# skipped 0
# todo 0
# duration_ms 2666.787061
