TAP version 13
Encountered two children with the same key, `[7,"CONTADOR","F",3,"permissions-v3",["FISCAL_CONCILIAR","FISCAL_LEER"]]`. Keys should be unique so that components maintain their identity across updates. Non-unique keys may cause children to be duplicated and/or omitted — the behavior is unsupported and could change in a future version.
# Subtest: E11-LEGACY-DEEP-DENIED
not ok 1 - E11-LEGACY-DEEP-DENIED
  ---
  duration_ms: 85.70136
  type: 'test'
  location: '/tmp/e11-node-Azp0kr/E11-LEGACY-DEEP-DENIED-red/artifacts/mariana-textil/case.test.cjs:70910:27'
  failureType: 'testCodeFailure'
  error: |-
    E11-LEGACY-DEEP-DENIED
    
    false !== true
    
  code: 'ERR_ASSERTION'
  name: 'AssertionError'
  expected: true
  actual: false
  operator: 'strictEqual'
  stack: |-
    check (/tmp/e11-node-Azp0kr/E11-LEGACY-DEEP-DENIED-red/artifacts/mariana-textil/case.test.cjs:70738:46)
    TestContext.<anonymous> (/tmp/e11-node-Azp0kr/E11-LEGACY-DEEP-DENIED-red/artifacts/mariana-textil/case.test.cjs:70912:3)
    async Test.run (node:internal/test_runner/test:1113:7)
    async startSubtestAfterBootstrap (node:internal/test_runner/harness:358:3)
  ...
1..1
# tests 1
# suites 0
# pass 0
# fail 1
# cancelled 0
# skipped 0
# todo 0
# duration_ms 2419.91379
