TAP version 13
# Subtest: E11-DISABLED-NO-IDENTITY
not ok 1 - E11-DISABLED-NO-IDENTITY
  ---
  duration_ms: 78.623364
  type: 'test'
  location: '/tmp/e11-node-Azp0kr/E11-DISABLED-NO-IDENTITY-red/artifacts/mariana-textil/case.test.cjs:70845:27'
  failureType: 'testCodeFailure'
  error: |-
    E11-DISABLED-NO-IDENTITY
    
    false !== true
    
  code: 'ERR_ASSERTION'
  name: 'AssertionError'
  expected: true
  actual: false
  operator: 'strictEqual'
  stack: |-
    check (/tmp/e11-node-Azp0kr/E11-DISABLED-NO-IDENTITY-red/artifacts/mariana-textil/case.test.cjs:70738:46)
    TestContext.<anonymous> (/tmp/e11-node-Azp0kr/E11-DISABLED-NO-IDENTITY-red/artifacts/mariana-textil/case.test.cjs:70848:3)
    async Test.run (node:internal/test_runner/test:1113:7)
    async startSubtestAfterBootstrap (node:internal/test_runner/harness:358:3)
  ...
1..1
# tests 1
# suites 0
# pass 0
# fail 1
# cancelled 0
# skipped 0
# todo 0
# duration_ms 2448.179257
