✖ notification endpoints preserve calendar dates, authorization, and persistence (449.696012ms)
[05:40:30.953] [32mINFO[39m (1593): [36mrequest completed[39m
    [35mreq[39m: {
      "id": 1,
      "method": "GET",
      "url": "/api/notificaciones"
    }
    [35mres[39m: {
      "statusCode": 200
    }
    [35mresponseTime[39m: 40
[05:40:31.012] [32mINFO[39m (1593): [36mrequest completed[39m
    [35mreq[39m: {
      "id": 2,
      "method": "GET",
      "url": "/api/notificaciones"
    }
    [35mres[39m: {
      "statusCode": 200
    }
    [35mresponseTime[39m: 39
[05:40:31.055] [32mINFO[39m (1593): [36mrequest completed[39m
    [35mreq[39m: {
      "id": 3,
      "method": "POST",
      "url": "/api/notificaciones/1/leer"
    }
    [35mres[39m: {
      "statusCode": 404
    }
    [35mresponseTime[39m: 40
ℹ tests 1
ℹ suites 0
ℹ pass 0
ℹ fail 1
ℹ cancelled 0
ℹ skipped 0
ℹ todo 0
ℹ duration_ms 4525.01905

✖ failing tests:

test at artifacts/api-server/src/lib/notificaciones-credito.test.ts:33:1213
✖ notification endpoints preserve calendar dates, authorization, and persistence (449.696012ms)
  AssertionError [ERR_ASSERTION]: Expected values to be strictly equal:
  
  404 !== 200
  
      at TestContext.<anonymous> (/home/runner/workspace/artifacts/api-server/src/lib/notificaciones-credito.test.ts:230:10)
      at process.processTicksAndRejections (node:internal/process/task_queues:103:5)
      at async Test.run (node:internal/test_runner/test:1113:7)
      at async startSubtestAfterBootstrap (node:internal/test_runner/harness:358:3) {
    generatedMessage: true,
    code: 'ERR_ASSERTION',
    actual: 404,
    expected: 200,
    operator: 'strictEqual',
    diff: 'simple'
  }
