TAP version 13
# Subtest: E5-EXACT-MULTICHARGE
not ok 1 - E5-EXACT-MULTICHARGE
  ---
  duration_ms: 12.35777
  type: 'test'
  location: '/tmp/e5-native-gq7nNs/E5-EXACT-MULTICHARGE/test.mjs:22023:1'
  failureType: 'testCodeFailure'
  error: 'Sin ADMIN se recibe exactamente el saldo de las notas indicadas.'
  code: 'E5_EXACT_REQUIRED'
  stack: |-
    validateReception (file:///tmp/e5-native-gq7nNs/E5-EXACT-MULTICHARGE/test.mjs:8598:11)
    async e5Command (file:///tmp/e5-native-gq7nNs/E5-EXACT-MULTICHARGE/test.mjs:8680:54)
    async Memory.tx (file:///tmp/e5-native-gq7nNs/E5-EXACT-MULTICHARGE/test.mjs:21921:14)
    async TestContext.<anonymous> (file:///tmp/e5-native-gq7nNs/E5-EXACT-MULTICHARGE/test.mjs:22026:13)
    async Test.run (node:internal/test_runner/test:1113:7)
    async startSubtestAfterBootstrap (node:internal/test_runner/harness:358:3)
  ...
1..1
# tests 1
# suites 0
# pass 0
# fail 1
# cancelled 0
# skipped 0
# todo 0
# duration_ms 101.442226

