API_ENTRY=PASS
UI_ENTRY=PASS
API_FILES=12
UI_FILES=11
INPUTS_UNCHANGED=PASS
PREVIOUS_BUNDLES_PRESERVED:
artifacts/api-server/dist
artifacts/api-server/dist-e2-20260927
artifacts/api-server/dist-e2-control-7cb77f8-20260927
artifacts/api-server/dist-e3-20260922
artifacts/api-server/dist-e3-apertura-20260922
artifacts/api-server/dist-e4-20260923
artifacts/api-server/dist-e7-e11-20260923
artifacts/api-server/dist-e9-e7-20260923
artifacts/api-server/dist-e9-e7-e11-20260923
artifacts/api-server/dist-simple-e3-tanda-b-20260923
artifacts/api-server/dist-tanda-b-b0-b1-20260923
artifacts/api-server/dist-tanda-b-off-20260923
artifacts/api-server/dist-tanda-d-20260923
artifacts/mariana-textil/dist
artifacts/mariana-textil/dist-e3-20260922
artifacts/mariana-textil/dist-e3-apertura-20260922
artifacts/mariana-textil/dist-e4-20260923
artifacts/mariana-textil/dist-e7-e11-20260923
artifacts/mariana-textil/dist-e9-e7-20260923
artifacts/mariana-textil/dist-e9-e7-e11-20260923
artifacts/mariana-textil/dist-simple-e3-tanda-b-20260923
artifacts/mariana-textil/dist-tanda-b-b0-b1-20260923
artifacts/mariana-textil/dist-tanda-b-off-20260923
artifacts/mariana-textil/dist-tanda-d-20260923
