TAP version 13
# Subtest: E11-CALENDAR-NO-DEADLINES
not ok 1 - E11-CALENDAR-NO-DEADLINES
  ---
  duration_ms: 3.440362
  type: 'test'
  location: '/tmp/e11-native-m8Wn0j/E11-CALENDAR-NO-DEADLINES-red/test.mjs:37995:1'
  failureType: 'testCodeFailure'
  error: |-
    Expected values to be strictly deep-equal:
    + actual - expected
    
      [
        'estado',
        'finExclusivo',
        'inicio',
        'obligatorio',
        'tipo',
        'ultimaConciliacionId',
    +   'vencimiento',
        'zona'
      ]
    
  code: 'ERR_ASSERTION'
  name: 'AssertionError'
  expected:
    0: 'estado'
    1: 'finExclusivo'
    2: 'inicio'
    3: 'obligatorio'
    4: 'tipo'
    5: 'ultimaConciliacionId'
    6: 'zona'
  actual:
    0: 'estado'
    1: 'finExclusivo'
    2: 'inicio'
    3: 'obligatorio'
    4: 'tipo'
    5: 'ultimaConciliacionId'
    6: 'vencimiento'
    7: 'zona'
  operator: 'deepStrictEqual'
  stack: |-
    TestContext.<anonymous> (file:///tmp/e11-native-m8Wn0j/E11-CALENDAR-NO-DEADLINES-red/test.mjs:37997:11)
    Test.runInAsyncScope (node:async_hooks:214:14)
    Test.run (node:internal/test_runner/test:1106:25)
    Test.start (node:internal/test_runner/test:1003:17)
    startSubtestAfterBootstrap (node:internal/test_runner/harness:358:17)
  ...
1..1
# tests 1
# suites 0
# pass 0
# fail 1
# cancelled 0
# skipped 0
# todo 0
# duration_ms 89.587893

