TAP version 13
# Subtest: E11-ADVANCE-CALENDAR
not ok 1 - E11-ADVANCE-CALENDAR
  ---
  duration_ms: 3.750494
  type: 'test'
  location: '/tmp/e11-native-m8Wn0j/E11-ADVANCE-CALENDAR-red/test.mjs:38013:1'
  failureType: 'testCodeFailure'
  error: |-
    Expected values to be strictly equal:
    + actual - expected
    
    + '2024-03-01'
    - '2024-02-29'
             ^
    
  code: 'ERR_ASSERTION'
  name: 'AssertionError'
  expected: '2024-02-29'
  actual: '2024-03-01'
  operator: 'strictEqual'
  stack: |-
    TestContext.<anonymous> (file:///tmp/e11-native-m8Wn0j/E11-ADVANCE-CALENDAR-red/test.mjs:38014:11)
    Test.runInAsyncScope (node:async_hooks:214:14)
    Test.run (node:internal/test_runner/test:1106:25)
    Test.start (node:internal/test_runner/test:1003:17)
    startSubtestAfterBootstrap (node:internal/test_runner/harness:358:17)
  ...
1..1
# tests 1
# suites 0
# pass 0
# fail 1
# cancelled 0
# skipped 0
# todo 0
# duration_ms 115.719617

