TAP version 13
# Subtest: E11-REPLAY-DIFFERENT-BODY-DENIED
not ok 1 - E11-REPLAY-DIFFERENT-BODY-DENIED
  ---
  duration_ms: 6.058091
  type: 'test'
  location: '/tmp/e11-native-m8Wn0j/E11-REPLAY-DIFFERENT-BODY-DENIED-red/test.mjs:38079:1'
  failureType: 'testCodeFailure'
  error: 'Missing expected rejection.'
  code: 'ERR_ASSERTION'
  name: 'AssertionError'
  expected: [Function (anonymous)]
  operator: 'rejects'
  stack: |-
    async TestContext.<anonymous> (file:///tmp/e11-native-m8Wn0j/E11-REPLAY-DIFFERENT-BODY-DENIED-red/test.mjs:38081:3)
    async Test.run (node:internal/test_runner/test:1113:7)
    async startSubtestAfterBootstrap (node:internal/test_runner/harness:358:3)
  ...
1..1
# tests 1
# suites 0
# pass 0
# fail 1
# cancelled 0
# skipped 0
# todo 0
# duration_ms 125.025324

