TAP version 13
# Subtest: E11-PAGINATION-LIMIT
not ok 1 - E11-PAGINATION-LIMIT
  ---
  duration_ms: 4.098302
  type: 'test'
  location: '/tmp/e11-native-m8Wn0j/E11-PAGINATION-LIMIT-red/test.mjs:38050:1'
  failureType: 'testCodeFailure'
  error: |-
    Expected values to be strictly deep-equal:
    + actual - expected
    
      [
        1,
    +   2,
    +   3
      ]
    
  code: 'ERR_ASSERTION'
  name: 'AssertionError'
  expected:
    0: 1
  actual:
    0: 1
    1: 2
    2: 3
  operator: 'deepStrictEqual'
  stack: |-
    TestContext.<anonymous> (file:///tmp/e11-native-m8Wn0j/E11-PAGINATION-LIMIT-red/test.mjs:38052:11)
    Test.runInAsyncScope (node:async_hooks:214:14)
    Test.run (node:internal/test_runner/test:1106:25)
    Test.start (node:internal/test_runner/test:1003:17)
    startSubtestAfterBootstrap (node:internal/test_runner/harness:358:17)
  ...
1..1
# tests 1
# suites 0
# pass 0
# fail 1
# cancelled 0
# skipped 0
# todo 0
# duration_ms 81.8174

