TAP version 13
# Subtest: E11-REPLAY-LOCK-NAMESPACE
not ok 1 - E11-REPLAY-LOCK-NAMESPACE
  ---
  duration_ms: 3.753302
  type: 'test'
  location: '/tmp/e11-native-m8Wn0j/E11-REPLAY-LOCK-NAMESPACE-red/test.mjs:38055:1'
  failureType: 'testCodeFailure'
  error: |-
    Expected values to be strictly equal:
    
    false !== true
    
  code: 'ERR_ASSERTION'
  name: 'AssertionError'
  expected: true
  actual: false
  operator: 'strictEqual'
  stack: |-
    TestContext.<anonymous> (file:///tmp/e11-native-m8Wn0j/E11-REPLAY-LOCK-NAMESPACE-red/test.mjs:38059:11)
    async Test.run (node:internal/test_runner/test:1113:7)
    async startSubtestAfterBootstrap (node:internal/test_runner/harness:358:3)
  ...
1..1
# tests 1
# suites 0
# pass 0
# fail 1
# cancelled 0
# skipped 0
# todo 0
# duration_ms 79.939623

