TAP version 13
# Subtest: E11-RANGE-NONEMPTY
not ok 1 - E11-RANGE-NONEMPTY
  ---
  duration_ms: 3.828077
  type: 'test'
  location: '/tmp/e11-native-m8Wn0j/E11-RANGE-NONEMPTY-red/test.mjs:38009:1'
  failureType: 'testCodeFailure'
  error: 'Missing expected exception.'
  code: 'ERR_ASSERTION'
  name: 'AssertionError'
  expected: [Function (anonymous)]
  operator: 'throws'
  stack: |-
    TestContext.<anonymous> (file:///tmp/e11-native-m8Wn0j/E11-RANGE-NONEMPTY-red/test.mjs:38011:11)
    Test.runInAsyncScope (node:async_hooks:214:14)
    Test.run (node:internal/test_runner/test:1106:25)
    Test.start (node:internal/test_runner/test:1003:17)
    startSubtestAfterBootstrap (node:internal/test_runner/harness:358:17)
  ...
1..1
# tests 1
# suites 0
# pass 0
# fail 1
# cancelled 0
# skipped 0
# todo 0
# duration_ms 172.257561

