[05:59:25.950] [32mINFO[39m (6372): [36mrequest completed[39m
    [35mreq[39m: {
      "id": 1,
      "method": "GET",
      "url": "/api/inventario/kardex"
    }
    [35mres[39m: {
      "statusCode": 200
    }
    [35mresponseTime[39m: 36
[05:59:25.982] [32mINFO[39m (6372): [36mrequest completed[39m
    [35mreq[39m: {
      "id": 2,
      "method": "GET",
      "url": "/api/inventario/kardex"
    }
    [35mres[39m: {
      "statusCode": 200
    }
    [35mresponseTime[39m: 22
[05:59:26.002] [32mINFO[39m (6372): [36mrequest completed[39m
    [35mreq[39m: {
      "id": 3,
      "method": "GET",
      "url": "/api/inventario/kardex"
    }
    [35mres[39m: {
      "statusCode": 200
    }
    [35mresponseTime[39m: 18
[05:59:26.039] [32mINFO[39m (6372): [36mrequest completed[39m
    [35mreq[39m: {
      "id": 4,
      "method": "GET",
      "url": "/api/inventario/kardex"
    }
    [35mres[39m: {
      "statusCode": 200
    }
    [35mresponseTime[39m: 35
[05:59:26.054] [32mINFO[39m (6372): [36mrequest completed[39m
    [35mreq[39m: {
      "id": 5,
      "method": "GET",
      "url": "/api/inventario/kardex"
    }
    [35mres[39m: {
      "statusCode": 200
    }
    [35mresponseTime[39m: 13
[05:59:26.067] [32mINFO[39m (6372): [36mrequest completed[39m
    [35mreq[39m: {
      "id": 6,
      "method": "GET",
      "url": "/api/inventario/kardex"
    }
    [35mres[39m: {
      "statusCode": 200
    }
    [35mresponseTime[39m: 11
[05:59:26.081] [32mINFO[39m (6372): [36mrequest completed[39m
    [35mreq[39m: {
      "id": 7,
      "method": "GET",
      "url": "/api/inventario/kardex"
    }
    [35mres[39m: {
      "statusCode": 200
    }
    [35mresponseTime[39m: 12
[05:59:26.092] [32mINFO[39m (6372): [36mrequest completed[39m
    [35mreq[39m: {
      "id": 8,
      "method": "GET",
      "url": "/api/inventario/kardex"
    }
    [35mres[39m: {
      "statusCode": 200
    }
    [35mresponseTime[39m: 9
✔ history covers types, order, pagination, search, documents and safe fields (379.387589ms)
[05:59:26.100] [33mWARN[39m (6372): [36mInvalid API request[39m
    [35mreq[39m: {
      "id": 9,
      "method": "GET",
      "url": "/api/inventario/kardex"
    }
    [35missues[39m: [
      {
        "code": "invalid_string",
        "path": "desde"
      }
    ]
[05:59:26.101] [32mINFO[39m (6372): [36mrequest completed[39m
    [35mreq[39m: {
      "id": 9,
      "method": "GET",
      "url": "/api/inventario/kardex"
    }
    [35mres[39m: {
      "statusCode": 400
    }
    [35mresponseTime[39m: 8
[05:59:26.119] [32mINFO[39m (6372): [36mrequest completed[39m
    [35mreq[39m: {
      "id": 10,
      "method": "GET",
      "url": "/api/inventario/kardex"
    }
    [35mres[39m: {
      "statusCode": 200
    }
    [35mresponseTime[39m: 15
[05:59:26.137] [32mINFO[39m (6372): [36mrequest completed[39m
    [35mreq[39m: {
      "id": 11,
      "method": "GET",
      "url": "/api/inventario/kardex"
    }
    [35mres[39m: {
      "statusCode": 200
    }
    [35mresponseTime[39m: 16
[05:59:26.146] [32mINFO[39m (6372): [36mrequest completed[39m
    [35mreq[39m: {
      "id": 12,
      "method": "GET",
      "url": "/api/inventario/kardex"
    }
    [35mres[39m: {
      "statusCode": 403
    }
    [35mresponseTime[39m: 8
[05:59:26.167] [32mINFO[39m (6372): [36mrequest completed[39m
    [35mreq[39m: {
      "id": 13,
      "method": "GET",
      "url": "/api/inventario/kardex/filtros"
    }
    [35mres[39m: {
      "statusCode": 200
    }
    [35mresponseTime[39m: 20
✔ scope, inactive policy and filter metadata are enforced (82.8805ms)
[05:59:26.184] [32mINFO[39m (6372): [36mrequest completed[39m
    [35mreq[39m: {
      "id": 14,
      "method": "GET",
      "url": "/api/inventario/kardex"
    }
    [35mres[39m: {
      "statusCode": 200
    }
    [35mresponseTime[39m: 16
[05:59:26.242] [32mINFO[39m (6372): [36mrequest completed[39m
    [35mreq[39m: {
      "id": 15,
      "method": "GET",
      "url": "/api/inventario/kardex/exportar"
    }
    [35mres[39m: {
      "statusCode": 200
    }
    [35mresponseTime[39m: 56
✔ XLSX export is a real filtered workbook without sensitive columns (82.641664ms)
ℹ tests 3
ℹ suites 0
ℹ pass 3
ℹ fail 0
ℹ cancelled 0
ℹ skipped 0
ℹ todo 0
ℹ duration_ms 3310.891116
