workflow: artifacts/api-server: API Server
status: RUNNING
run_id: IKlntr_9Y3ZkcuUSO1jaG
timestamp: 2026-09-23T18:23:31.539Z

[18:22:27.160] WARN (33784): Inspection boot: schema initializers, purchase backfill and stock-minimum monitor are paused; no startup maintenance will run.
[18:22:27.164] INFO (33784): Server listening
    port: 8080
[18:22:27.328] INFO (33784): request completed
    req: {
      "id": 1,
      "method": "GET",
      "url": "/"
    }
    res: {
      "statusCode": 404
    }
    responseTime: 4
[18:22:34.220] INFO (33784): request completed
    req: {
      "id": 2,
      "method": "GET",
      "url": "/api/healthz"
    }
    res: {
      "statusCode": 200
    }
    responseTime: 6
[18:22:40.323] INFO (33784): request completed
    req: {
      "id": 3,
      "method": "GET",
      "url": "/"
    }
    res: {
      "statusCode": 404
    }
    responseTime: 0
[18:22:41.712] INFO (33784): request completed
    req: {
      "id": 4,
      "method": "GET",
      "url": "/api/auth/me"
    }
    res: {
      "statusCode": 401
    }
    responseTime: 2
[18:22:42.790] INFO (33784): request completed
    req: {
      "id": 5,
      "method": "GET",
      "url": "/api/auth/me"
    }
    res: {
      "statusCode": 401
    }
    responseTime: 1
