TAP version 13
# Subtest: E5-ALLOCATION-NO-DUPLICATE
not ok 1 - E5-ALLOCATION-NO-DUPLICATE
  ---
  duration_ms: 3.024674
  type: 'test'
  location: '/tmp/e5-native-KLQzS2/E5-ALLOCATION-NO-DUPLICATE/test.mjs:22042:1'
  failureType: 'testCodeFailure'
  error: 'Missing expected exception.'
  code: 'ERR_ASSERTION'
  name: 'AssertionError'
  expected: [Function (anonymous)]
  operator: 'throws'
  stack: |-
    TestContext.<anonymous> (file:///tmp/e5-native-KLQzS2/E5-ALLOCATION-NO-DUPLICATE/test.mjs:22043:11)
    Test.runInAsyncScope (node:async_hooks:214:14)
    Test.run (node:internal/test_runner/test:1106:25)
    Test.start (node:internal/test_runner/test:1003:17)
    startSubtestAfterBootstrap (node:internal/test_runner/harness:358:17)
  ...
1..1
# tests 1
# suites 0
# pass 0
# fail 1
# cancelled 0
# skipped 0
# todo 0
# duration_ms 110.772734

