TAP version 13
# Subtest: E5-EXACT-MULTICHARGE
not ok 1 - E5-EXACT-MULTICHARGE
  ---
  duration_ms: 14.856304
  type: 'test'
  location: '/tmp/e5-native-KLQzS2/E5-EXACT-MULTICHARGE/test.mjs:22023:1'
  failureType: 'testCodeFailure'
  error: |-
    Got unwanted rejection.
    Actual message: "Sin ADMIN se recibe exactamente el saldo de las notas indicadas."
  code: 'ERR_ASSERTION'
  name: 'AssertionError'
  actual:
    status: 400
  error: 'Sin ADMIN se recibe exactamente el saldo de las notas indicadas.'
  code: 'E5_EXACT_REQUIRED'
  stack: |-
    validateReception (file:///tmp/e5-native-KLQzS2/E5-EXACT-MULTICHARGE/test.mjs:8598:11)
    async e5Command (file:///tmp/e5-native-KLQzS2/E5-EXACT-MULTICHARGE/test.mjs:8680:54)
    async Memory.tx (file:///tmp/e5-native-KLQzS2/E5-EXACT-MULTICHARGE/test.mjs:21921:14)
    async file:///tmp/e5-native-KLQzS2/E5-EXACT-MULTICHARGE/test.mjs:22028:9
    async waitForActual (node:assert:646:5)
    async strict.doesNotReject (node:assert:789:33)
    async TestContext.<anonymous> (file:///tmp/e5-native-KLQzS2/E5-EXACT-MULTICHARGE/test.mjs:22027:3)
    async Test.run (node:internal/test_runner/test:1113:7)
    async startSubtestAfterBootstrap (node:internal/test_runner/harness:358:3)
  operator: 'doesNotReject'
  stack: |-
    async TestContext.<anonymous> (file:///tmp/e5-native-KLQzS2/E5-EXACT-MULTICHARGE/test.mjs:22027:3)
    async Test.run (node:internal/test_runner/test:1113:7)
    async startSubtestAfterBootstrap (node:internal/test_runner/harness:358:3)
  ...
1..1
# tests 1
# suites 0
# pass 0
# fail 1
# cancelled 0
# skipped 0
# todo 0
# duration_ms 105.115902

