TAP version 13
# Subtest: E5-OFF-AVAILABILITY
not ok 1 - E5-OFF-AVAILABILITY
  ---
  duration_ms: 1.950961
  type: 'test'
  location: '/tmp/e5-native-KLQzS2/E5-OFF-AVAILABILITY/test.mjs:22005:1'
  failureType: 'testCodeFailure'
  error: 'Failed'
  code: 'ERR_ASSERTION'
  name: 'AssertionError'
  operator: 'fail'
  stack: |-
    Object.status (file:///tmp/e5-native-KLQzS2/E5-OFF-AVAILABILITY/test.mjs:22010:15)
    e5OffBoundary (file:///tmp/e5-native-KLQzS2/E5-OFF-AVAILABILITY/test.mjs:9535:7)
    TestContext.<anonymous> (file:///tmp/e5-native-KLQzS2/E5-OFF-AVAILABILITY/test.mjs:22007:3)
    Test.runInAsyncScope (node:async_hooks:214:14)
    Test.run (node:internal/test_runner/test:1106:25)
    Test.start (node:internal/test_runner/test:1003:17)
    startSubtestAfterBootstrap (node:internal/test_runner/harness:358:17)
  ...
1..1
# tests 1
# suites 0
# pass 0
# fail 1
# cancelled 0
# skipped 0
# todo 0
# duration_ms 89.906655

