✔ compras y reportes respetan PROPIA y las compras usan fecha de recepción (5064.584459ms)
[05:40:02.134] [32mINFO[39m (1106): [36mrequest completed[39m
    [35mreq[39m: {
      "id": 1,
      "method": "GET",
      "url": "/api/proveedores/1/compras"
    }
    [35mres[39m: {
      "statusCode": 200
    }
    [35mresponseTime[39m: 47
[05:40:02.169] [32mINFO[39m (1106): [36mrequest completed[39m
    [35mreq[39m: {
      "id": 2,
      "method": "GET",
      "url": "/api/proveedores/1/compras/1"
    }
    [35mres[39m: {
      "statusCode": 200
    }
    [35mresponseTime[39m: 21
[05:40:02.185] [32mINFO[39m (1106): [36mrequest completed[39m
    [35mreq[39m: {
      "id": 3,
      "method": "GET",
      "url": "/api/proveedores/1/compras/2"
    }
    [35mres[39m: {
      "statusCode": 404
    }
    [35mresponseTime[39m: 14
[05:40:02.257] [32mINFO[39m (1106): [36mrequest completed[39m
    [35mreq[39m: {
      "id": 4,
      "method": "GET",
      "url": "/api/reportes/catalogos"
    }
    [35mres[39m: {
      "statusCode": 200
    }
    [35mresponseTime[39m: 57
ℹ tests 1
ℹ suites 0
ℹ pass 1
ℹ fail 0
ℹ cancelled 0
ℹ skipped 0
ℹ todo 0
ℹ duration_ms 6814.419224
